ARM GAS  C:\Users\skipi\AppData\Local\Temp\cc4taK2y.s 			page 1


   1              		.cpu cortex-m7
   2              		.eabi_attribute 28, 1
   3              		.eabi_attribute 20, 1
   4              		.eabi_attribute 21, 1
   5              		.eabi_attribute 23, 3
   6              		.eabi_attribute 24, 1
   7              		.eabi_attribute 25, 1
   8              		.eabi_attribute 26, 1
   9              		.eabi_attribute 30, 4
  10              		.eabi_attribute 34, 1
  11              		.eabi_attribute 18, 4
  12              		.file	"iir.cpp"
  13              		.text
  14              	.Ltext0:
  15              		.cfi_sections	.debug_frame
  16              		.section	.text._ZN3IIRC2Ev,"ax",%progbits
  17              		.align	1
  18              		.global	_ZN3IIRC2Ev
  19              		.arch armv7e-m
  20              		.syntax unified
  21              		.thumb
  22              		.thumb_func
  23              		.fpu fpv5-d16
  25              	_ZN3IIRC2Ev:
  26              	.LVL0:
  27              	.LFB562:
  28              		.file 1 "../libs/PoliTeKDSP/Utilities/DataFilter/IIR/iir.cpp"
   1:../libs/PoliTeKDSP/Utilities/DataFilter/IIR/iir.cpp **** #include "iir.h"
   2:../libs/PoliTeKDSP/Utilities/DataFilter/IIR/iir.cpp **** #include <string.h>
   3:../libs/PoliTeKDSP/Utilities/DataFilter/IIR/iir.cpp **** 
   4:../libs/PoliTeKDSP/Utilities/DataFilter/IIR/iir.cpp **** IIR::IIR() {}
  29              		.loc 1 4 1 view -0
  30              		.cfi_startproc
  31              		@ args = 0, pretend = 0, frame = 0
  32              		@ frame_needed = 0, uses_anonymous_args = 0
  33              		.loc 1 4 1 is_stmt 0 view .LVU1
  34 0000 2DE9F843 		push	{r3, r4, r5, r6, r7, r8, r9, lr}
  35              		.cfi_def_cfa_offset 32
  36              		.cfi_offset 3, -32
  37              		.cfi_offset 4, -28
  38              		.cfi_offset 5, -24
  39              		.cfi_offset 6, -20
  40              		.cfi_offset 7, -16
  41              		.cfi_offset 8, -12
  42              		.cfi_offset 9, -8
  43              		.cfi_offset 14, -4
  44              	.LBB2:
  45              		.loc 1 4 10 view .LVU2
  46 0004 2A4C     		ldr	r4, .L2
  47              	.LBE2:
  48              		.loc 1 4 1 view .LVU3
  49 0006 0546     		mov	r5, r0
  50              	.LBB3:
  51              		.loc 1 4 10 view .LVU4
  52 0008 031D     		adds	r3, r0, #4
  53 000a 4FF00008 		mov	r8, #0
  54 000e 04F11807 		add	r7, r4, #24
ARM GAS  C:\Users\skipi\AppData\Local\Temp\cc4taK2y.s 			page 2


  55 0012 05F12406 		add	r6, r5, #36
  56 0016 4FF01009 		mov	r9, #16
  57 001a 94E80700 		ldm	r4, {r0, r1, r2}
  58              	.LVL1:
  59              		.loc 1 4 10 view .LVU5
  60 001e 83E80700 		stm	r3, {r0, r1, r2}
  61 0022 04F10C02 		add	r2, r4, #12
  62 0026 05F11003 		add	r3, r5, #16
  63 002a 07CA     		ldm	r2, {r0, r1, r2}
  64 002c 83E80700 		stm	r3, {r0, r1, r2}
  65 0030 0FCF     		ldmia	r7!, {r0, r1, r2, r3}
  66 0032 C5F81C80 		str	r8, [r5, #28]	@ float
  67 0036 C5F82080 		str	r8, [r5, #32]	@ float
  68 003a 0FC6     		stmia	r6!, {r0, r1, r2, r3}
  69 003c 3B68     		ldr	r3, [r7]
  70 003e 04F12C07 		add	r7, r4, #44
  71 0042 3360     		str	r3, [r6]
  72 0044 05F13806 		add	r6, r5, #56
  73 0048 0FCF     		ldmia	r7!, {r0, r1, r2, r3}
  74 004a 0FC6     		stmia	r6!, {r0, r1, r2, r3}
  75 004c 3B68     		ldr	r3, [r7]
  76 004e 4A46     		mov	r2, r9
  77 0050 0021     		movs	r1, #0
  78 0052 05F14C00 		add	r0, r5, #76
  79 0056 3360     		str	r3, [r6]
  80 0058 04F15807 		add	r7, r4, #88
  81 005c FFF7FEFF 		bl	memset
  82              	.LVL2:
  83 0060 04F14002 		add	r2, r4, #64
  84 0064 05F15C03 		add	r3, r5, #92
  85 0068 05F17C06 		add	r6, r5, #124
  86 006c 07CA     		ldm	r2, {r0, r1, r2}
  87 006e 83E80700 		stm	r3, {r0, r1, r2}
  88 0072 04F14C02 		add	r2, r4, #76
  89 0076 05F16803 		add	r3, r5, #104
  90 007a 6C34     		adds	r4, r4, #108
  91 007c 07CA     		ldm	r2, {r0, r1, r2}
  92 007e 83E80700 		stm	r3, {r0, r1, r2}
  93 0082 0FCF     		ldmia	r7!, {r0, r1, r2, r3}
  94 0084 C5F87480 		str	r8, [r5, #116]	@ float
  95 0088 C5F87880 		str	r8, [r5, #120]	@ float
  96 008c 0FC6     		stmia	r6!, {r0, r1, r2, r3}
  97 008e 3B68     		ldr	r3, [r7]
  98 0090 3360     		str	r3, [r6]
  99 0092 05F19006 		add	r6, r5, #144
 100 0096 0FCC     		ldmia	r4!, {r0, r1, r2, r3}
 101 0098 0FC6     		stmia	r6!, {r0, r1, r2, r3}
 102 009a 2368     		ldr	r3, [r4]
 103 009c 4A46     		mov	r2, r9
 104 009e 0021     		movs	r1, #0
 105 00a0 05F1A400 		add	r0, r5, #164
 106 00a4 3360     		str	r3, [r6]
 107 00a6 FFF7FEFF 		bl	memset
 108              	.LVL3:
 109              	.LBE3:
 110              		.loc 1 4 13 view .LVU6
 111 00aa 2846     		mov	r0, r5
ARM GAS  C:\Users\skipi\AppData\Local\Temp\cc4taK2y.s 			page 3


 112 00ac BDE8F883 		pop	{r3, r4, r5, r6, r7, r8, r9, pc}
 113              	.LVL4:
 114              	.L3:
 115              		.loc 1 4 13 view .LVU7
 116              		.align	2
 117              	.L2:
 118 00b0 00000000 		.word	.LANCHOR0
 119              		.cfi_endproc
 120              	.LFE562:
 122              		.global	_ZN3IIRC1Ev
 123              		.thumb_set _ZN3IIRC1Ev,_ZN3IIRC2Ev
 124              		.section	.text._ZN3IIRD2Ev,"ax",%progbits
 125              		.align	1
 126              		.global	_ZN3IIRD2Ev
 127              		.syntax unified
 128              		.thumb
 129              		.thumb_func
 130              		.fpu fpv5-d16
 132              	_ZN3IIRD2Ev:
 133              	.LVL5:
 134              	.LFB565:
   5:../libs/PoliTeKDSP/Utilities/DataFilter/IIR/iir.cpp **** IIR::~IIR() {}
 135              		.loc 1 5 1 is_stmt 1 view -0
 136              		.cfi_startproc
 137              		@ args = 0, pretend = 0, frame = 0
 138              		@ frame_needed = 0, uses_anonymous_args = 0
 139              		@ link register save eliminated.
 140              		.loc 1 5 14 is_stmt 0 view .LVU9
 141 0000 7047     		bx	lr
 142              		.cfi_endproc
 143              	.LFE565:
 145              		.global	_ZN3IIRD1Ev
 146              		.thumb_set _ZN3IIRD1Ev,_ZN3IIRD2Ev
 147              		.section	.text._ZN3IIR4InitENS_10FilterTypeE,"ax",%progbits
 148              		.align	1
 149              		.global	_ZN3IIR4InitENS_10FilterTypeE
 150              		.syntax unified
 151              		.thumb
 152              		.thumb_func
 153              		.fpu fpv5-d16
 155              	_ZN3IIR4InitENS_10FilterTypeE:
 156              	.LVL6:
 157              	.LFB567:
   6:../libs/PoliTeKDSP/Utilities/DataFilter/IIR/iir.cpp **** 
   7:../libs/PoliTeKDSP/Utilities/DataFilter/IIR/iir.cpp **** void IIR::Init(FilterType filter_type) {
 158              		.loc 1 7 40 is_stmt 1 view -0
 159              		.cfi_startproc
 160              		@ args = 0, pretend = 0, frame = 0
 161              		@ frame_needed = 0, uses_anonymous_args = 0
   8:../libs/PoliTeKDSP/Utilities/DataFilter/IIR/iir.cpp ****     _filterType = filter_type;
 162              		.loc 1 8 5 view .LVU11
   7:../libs/PoliTeKDSP/Utilities/DataFilter/IIR/iir.cpp ****     _filterType = filter_type;
 163              		.loc 1 7 40 is_stmt 0 view .LVU12
 164 0000 38B5     		push	{r3, r4, r5, lr}
 165              		.cfi_def_cfa_offset 16
 166              		.cfi_offset 3, -16
 167              		.cfi_offset 4, -12
ARM GAS  C:\Users\skipi\AppData\Local\Temp\cc4taK2y.s 			page 4


 168              		.cfi_offset 5, -8
 169              		.cfi_offset 14, -4
   9:../libs/PoliTeKDSP/Utilities/DataFilter/IIR/iir.cpp **** 
  10:../libs/PoliTeKDSP/Utilities/DataFilter/IIR/iir.cpp ****     // Reset di tutti i buffer per sicurezza
  11:../libs/PoliTeKDSP/Utilities/DataFilter/IIR/iir.cpp ****     memset(_Butter_buff, 0, sizeof(_Butter_buff));
 170              		.loc 1 11 11 view .LVU13
 171 0002 0025     		movs	r5, #0
   8:../libs/PoliTeKDSP/Utilities/DataFilter/IIR/iir.cpp **** 
 172              		.loc 1 8 17 view .LVU14
 173 0004 0346     		mov	r3, r0
   7:../libs/PoliTeKDSP/Utilities/DataFilter/IIR/iir.cpp ****     _filterType = filter_type;
 174              		.loc 1 7 40 view .LVU15
 175 0006 0446     		mov	r4, r0
  12:../libs/PoliTeKDSP/Utilities/DataFilter/IIR/iir.cpp ****     memset(_Butter4_buff, 0, sizeof(_Butter4_buff));
 176              		.loc 1 12 11 view .LVU16
 177 0008 1022     		movs	r2, #16
   8:../libs/PoliTeKDSP/Utilities/DataFilter/IIR/iir.cpp **** 
 178              		.loc 1 8 17 view .LVU17
 179 000a 03F81C1B 		strb	r1, [r3], #28
  11:../libs/PoliTeKDSP/Utilities/DataFilter/IIR/iir.cpp ****     memset(_Butter4_buff, 0, sizeof(_Butter4_buff));
 180              		.loc 1 11 5 is_stmt 1 view .LVU18
 181              		.loc 1 12 11 is_stmt 0 view .LVU19
 182 000e 4C30     		adds	r0, r0, #76
 183              	.LVL7:
  11:../libs/PoliTeKDSP/Utilities/DataFilter/IIR/iir.cpp ****     memset(_Butter4_buff, 0, sizeof(_Butter4_buff));
 184              		.loc 1 11 11 view .LVU20
 185 0010 40F8305C 		str	r5, [r0, #-48]	@ unaligned
 186              		.loc 1 12 11 view .LVU21
 187 0014 2946     		mov	r1, r5
 188              	.LVL8:
  11:../libs/PoliTeKDSP/Utilities/DataFilter/IIR/iir.cpp ****     memset(_Butter4_buff, 0, sizeof(_Butter4_buff));
 189              		.loc 1 11 11 view .LVU22
 190 0016 5D60     		str	r5, [r3, #4]	@ unaligned
 191              		.loc 1 12 5 is_stmt 1 view .LVU23
 192              		.loc 1 12 11 is_stmt 0 view .LVU24
 193 0018 FFF7FEFF 		bl	memset
 194              	.LVL9:
  13:../libs/PoliTeKDSP/Utilities/DataFilter/IIR/iir.cpp ****     memset(_Bessel_buff, 0, sizeof(_Bessel_buff));
 195              		.loc 1 13 5 is_stmt 1 view .LVU25
  14:../libs/PoliTeKDSP/Utilities/DataFilter/IIR/iir.cpp ****     memset(_Bessel4_buff, 0, sizeof(_Bessel4_buff));
 196              		.loc 1 14 11 is_stmt 0 view .LVU26
 197 001c 2946     		mov	r1, r5
 198 001e 04F1A400 		add	r0, r4, #164
  13:../libs/PoliTeKDSP/Utilities/DataFilter/IIR/iir.cpp ****     memset(_Bessel_buff, 0, sizeof(_Bessel_buff));
 199              		.loc 1 13 11 view .LVU27
 200 0022 6567     		str	r5, [r4, #116]	@ unaligned
 201 0024 A567     		str	r5, [r4, #120]	@ unaligned
 202              		.loc 1 14 5 is_stmt 1 view .LVU28
 203              		.loc 1 14 11 is_stmt 0 view .LVU29
 204 0026 1022     		movs	r2, #16
  15:../libs/PoliTeKDSP/Utilities/DataFilter/IIR/iir.cpp **** }
 205              		.loc 1 15 1 view .LVU30
 206 0028 BDE83840 		pop	{r3, r4, r5, lr}
 207              		.cfi_restore 14
 208              		.cfi_restore 5
 209              		.cfi_restore 4
 210              		.cfi_restore 3
ARM GAS  C:\Users\skipi\AppData\Local\Temp\cc4taK2y.s 			page 5


 211              		.cfi_def_cfa_offset 0
 212              	.LVL10:
  14:../libs/PoliTeKDSP/Utilities/DataFilter/IIR/iir.cpp ****     memset(_Bessel4_buff, 0, sizeof(_Bessel4_buff));
 213              		.loc 1 14 11 view .LVU31
 214 002c FFF7FEBF 		b	memset
 215              	.LVL11:
  14:../libs/PoliTeKDSP/Utilities/DataFilter/IIR/iir.cpp ****     memset(_Bessel4_buff, 0, sizeof(_Bessel4_buff));
 216              		.loc 1 14 11 view .LVU32
 217              		.cfi_endproc
 218              	.LFE567:
 220              		.section	.text._ZN3IIR7ProcessEf,"ax",%progbits
 221              		.align	1
 222              		.global	_ZN3IIR7ProcessEf
 223              		.syntax unified
 224              		.thumb
 225              		.thumb_func
 226              		.fpu fpv5-d16
 228              	_ZN3IIR7ProcessEf:
 229              	.LVL12:
 230              	.LFB568:
  16:../libs/PoliTeKDSP/Utilities/DataFilter/IIR/iir.cpp **** 
  17:../libs/PoliTeKDSP/Utilities/DataFilter/IIR/iir.cpp **** float IIR::Process(float in) {
 231              		.loc 1 17 30 is_stmt 1 view -0
 232              		.cfi_startproc
 233              		@ args = 0, pretend = 0, frame = 0
 234              		@ frame_needed = 0, uses_anonymous_args = 0
 235              		@ link register save eliminated.
  18:../libs/PoliTeKDSP/Utilities/DataFilter/IIR/iir.cpp ****     float out = 0.0f;
 236              		.loc 1 18 5 view .LVU34
  19:../libs/PoliTeKDSP/Utilities/DataFilter/IIR/iir.cpp ****     float wn = 0.0f;
 237              		.loc 1 19 5 view .LVU35
  20:../libs/PoliTeKDSP/Utilities/DataFilter/IIR/iir.cpp **** 
  21:../libs/PoliTeKDSP/Utilities/DataFilter/IIR/iir.cpp ****     switch (_filterType) {
 238              		.loc 1 21 5 view .LVU36
 239 0000 0378     		ldrb	r3, [r0]	@ zero_extendqisi2
 240 0002 032B     		cmp	r3, #3
 241 0004 00F2B080 		bhi	.L13
 242 0008 DFE803F0 		tbb	[pc, r3]
 243              	.L9:
 244 000c 58       		.byte	(.L12-.L9)/2
 245 000d 77       		.byte	(.L11-.L9)/2
 246 000e 02       		.byte	(.L10-.L9)/2
 247 000f 21       		.byte	(.L8-.L9)/2
 248              		.p2align 1
 249              	.L10:
  22:../libs/PoliTeKDSP/Utilities/DataFilter/IIR/iir.cpp ****         case BUTTERWORTH2:
 250              		.loc 1 22 9 view .LVU37
  23:../libs/PoliTeKDSP/Utilities/DataFilter/IIR/iir.cpp ****             wn = in - (_butter_a[1] * _Butter_buff[0] + _butter_a[2] * _Butter_buff[1]);
 251              		.loc 1 23 13 view .LVU38
 252              		.loc 1 23 86 is_stmt 0 view .LVU39
 253 0010 D0ED086A 		vldr.32	s13, [r0, #32]
 254              		.loc 1 23 70 view .LVU40
 255 0014 D0ED067A 		vldr.32	s15, [r0, #24]
 256              		.loc 1 23 53 view .LVU41
 257 0018 90ED077A 		vldr.32	s14, [r0, #28]
 258              		.loc 1 23 70 view .LVU42
 259 001c 66EEA77A 		vmul.f32	s15, s13, s15
ARM GAS  C:\Users\skipi\AppData\Local\Temp\cc4taK2y.s 			page 6


 260              		.loc 1 23 55 view .LVU43
 261 0020 90ED056A 		vldr.32	s12, [r0, #20]
  24:../libs/PoliTeKDSP/Utilities/DataFilter/IIR/iir.cpp ****             out = _butter_b[0] * wn + _butter_b[1] * _Butter_buff[0] + _butter_b[2] * _Butter_buff[
  25:../libs/PoliTeKDSP/Utilities/DataFilter/IIR/iir.cpp ****             _Butter_buff[1] = _Butter_buff[0];
 262              		.loc 1 25 29 view .LVU44
 263 0024 80ED087A 		vstr.32	s14, [r0, #32]
  23:../libs/PoliTeKDSP/Utilities/DataFilter/IIR/iir.cpp ****             wn = in - (_butter_a[1] * _Butter_buff[0] + _butter_a[2] * _Butter_buff[1]);
 264              		.loc 1 23 55 view .LVU45
 265 0028 E6EE077A 		vfma.f32	s15, s12, s14
  24:../libs/PoliTeKDSP/Utilities/DataFilter/IIR/iir.cpp ****             out = _butter_b[0] * wn + _butter_b[1] * _Butter_buff[0] + _butter_b[2] * _Butter_buff[
 266              		.loc 1 24 37 view .LVU46
 267 002c 90ED016A 		vldr.32	s12, [r0, #4]
  23:../libs/PoliTeKDSP/Utilities/DataFilter/IIR/iir.cpp ****             wn = in - (_butter_a[1] * _Butter_buff[0] + _butter_a[2] * _Butter_buff[1]);
 268              		.loc 1 23 16 view .LVU47
 269 0030 70EE677A 		vsub.f32	s15, s0, s15
 270              	.LVL13:
  24:../libs/PoliTeKDSP/Utilities/DataFilter/IIR/iir.cpp ****             out = _butter_b[0] * wn + _butter_b[1] * _Butter_buff[0] + _butter_b[2] * _Butter_buff[
 271              		.loc 1 24 13 is_stmt 1 view .LVU48
  24:../libs/PoliTeKDSP/Utilities/DataFilter/IIR/iir.cpp ****             out = _butter_b[0] * wn + _butter_b[1] * _Butter_buff[0] + _butter_b[2] * _Butter_buff[
 272              		.loc 1 24 52 is_stmt 0 view .LVU49
 273 0034 90ED020A 		vldr.32	s0, [r0, #8]
 274              	.LVL14:
  24:../libs/PoliTeKDSP/Utilities/DataFilter/IIR/iir.cpp ****             out = _butter_b[0] * wn + _butter_b[1] * _Butter_buff[0] + _butter_b[2] * _Butter_buff[
 275              		.loc 1 24 52 view .LVU50
 276 0038 27EE000A 		vmul.f32	s0, s14, s0
  26:../libs/PoliTeKDSP/Utilities/DataFilter/IIR/iir.cpp ****             _Butter_buff[0] = wn;
 277              		.loc 1 26 29 view .LVU51
 278 003c C0ED077A 		vstr.32	s15, [r0, #28]
  24:../libs/PoliTeKDSP/Utilities/DataFilter/IIR/iir.cpp ****             out = _butter_b[0] * wn + _butter_b[1] * _Butter_buff[0] + _butter_b[2] * _Butter_buff[
 279              		.loc 1 24 37 view .LVU52
 280 0040 A6EE270A 		vfma.f32	s0, s12, s15
  24:../libs/PoliTeKDSP/Utilities/DataFilter/IIR/iir.cpp ****             out = _butter_b[0] * wn + _butter_b[1] * _Butter_buff[0] + _butter_b[2] * _Butter_buff[
 281              		.loc 1 24 17 view .LVU53
 282 0044 90ED036A 		vldr.32	s12, [r0, #12]
 283 0048 A6EE860A 		vfma.f32	s0, s13, s12
 284              	.LVL15:
  25:../libs/PoliTeKDSP/Utilities/DataFilter/IIR/iir.cpp ****             _Butter_buff[0] = wn;
 285              		.loc 1 25 13 is_stmt 1 view .LVU54
 286              		.loc 1 26 13 view .LVU55
  27:../libs/PoliTeKDSP/Utilities/DataFilter/IIR/iir.cpp ****             break;
 287              		.loc 1 27 13 view .LVU56
 288 004c 7047     		bx	lr
 289              	.LVL16:
 290              	.L8:
  28:../libs/PoliTeKDSP/Utilities/DataFilter/IIR/iir.cpp **** 
  29:../libs/PoliTeKDSP/Utilities/DataFilter/IIR/iir.cpp ****         case BUTTERWORTH4:
 291              		.loc 1 29 9 view .LVU57
  30:../libs/PoliTeKDSP/Utilities/DataFilter/IIR/iir.cpp ****             wn = in - (_butter4_a[1] * _Butter4_buff[0] + _butter4_a[2] * _Butter4_buff[1] + 
 292              		.loc 1 30 13 view .LVU58
 293              		.loc 1 30 90 is_stmt 0 view .LVU59
 294 004e 90ED146A 		vldr.32	s12, [r0, #80]
 295              		.loc 1 30 73 view .LVU60
 296 0052 D0ED107A 		vldr.32	s15, [r0, #64]
 297              		.loc 1 30 55 view .LVU61
 298 0056 D0ED136A 		vldr.32	s13, [r0, #76]
 299              		.loc 1 30 73 view .LVU62
 300 005a 66EE277A 		vmul.f32	s15, s12, s15
ARM GAS  C:\Users\skipi\AppData\Local\Temp\cc4taK2y.s 			page 7


 301              		.loc 1 30 57 view .LVU63
 302 005e 90ED0F7A 		vldr.32	s14, [r0, #60]
  31:../libs/PoliTeKDSP/Utilities/DataFilter/IIR/iir.cpp ****                        _butter4_a[3] * _Butter4_buff[2] + _butter4_a[4] * _Butter4_buff[3]);
 303              		.loc 1 31 55 view .LVU64
 304 0062 D0ED155A 		vldr.32	s11, [r0, #84]
 305              		.loc 1 31 90 view .LVU65
 306 0066 90ED165A 		vldr.32	s10, [r0, #88]
  30:../libs/PoliTeKDSP/Utilities/DataFilter/IIR/iir.cpp ****             wn = in - (_butter4_a[1] * _Butter4_buff[0] + _butter4_a[2] * _Butter4_buff[1] + 
 307              		.loc 1 30 57 view .LVU66
 308 006a E7EE267A 		vfma.f32	s15, s14, s13
  30:../libs/PoliTeKDSP/Utilities/DataFilter/IIR/iir.cpp ****             wn = in - (_butter4_a[1] * _Butter4_buff[0] + _butter4_a[2] * _Butter4_buff[1] + 
 309              		.loc 1 30 92 view .LVU67
 310 006e 90ED117A 		vldr.32	s14, [r0, #68]
 311              		.loc 1 31 57 view .LVU68
 312 0072 D0ED124A 		vldr.32	s9, [r0, #72]
  32:../libs/PoliTeKDSP/Utilities/DataFilter/IIR/iir.cpp ****             out = _butter4_b[0] * wn + _butter4_b[1] * _Butter4_buff[0] + _butter4_b[2] * _Butter4_
  33:../libs/PoliTeKDSP/Utilities/DataFilter/IIR/iir.cpp ****                   _butter4_b[3] * _Butter4_buff[2] + _butter4_b[4] * _Butter4_buff[3];
  34:../libs/PoliTeKDSP/Utilities/DataFilter/IIR/iir.cpp ****             _Butter4_buff[3] = _Butter4_buff[2];
 313              		.loc 1 34 30 view .LVU69
 314 0076 C0ED165A 		vstr.32	s11, [r0, #88]
  35:../libs/PoliTeKDSP/Utilities/DataFilter/IIR/iir.cpp ****             _Butter4_buff[2] = _Butter4_buff[1];
 315              		.loc 1 35 30 view .LVU70
 316 007a 80ED156A 		vstr.32	s12, [r0, #84]
  36:../libs/PoliTeKDSP/Utilities/DataFilter/IIR/iir.cpp ****             _Butter4_buff[1] = _Butter4_buff[0];
 317              		.loc 1 36 30 view .LVU71
 318 007e C0ED146A 		vstr.32	s13, [r0, #80]
  30:../libs/PoliTeKDSP/Utilities/DataFilter/IIR/iir.cpp ****                        _butter4_a[3] * _Butter4_buff[2] + _butter4_a[4] * _Butter4_buff[3]);
 319              		.loc 1 30 92 view .LVU72
 320 0082 E7EE257A 		vfma.f32	s15, s14, s11
  32:../libs/PoliTeKDSP/Utilities/DataFilter/IIR/iir.cpp ****                   _butter4_b[3] * _Butter4_buff[2] + _butter4_b[4] * _Butter4_buff[3];
 321              		.loc 1 32 38 view .LVU73
 322 0086 90ED097A 		vldr.32	s14, [r0, #36]
  31:../libs/PoliTeKDSP/Utilities/DataFilter/IIR/iir.cpp ****             out = _butter4_b[0] * wn + _butter4_b[1] * _Butter4_buff[0] + _butter4_b[2] * _Butter4_
 323              		.loc 1 31 57 view .LVU74
 324 008a E4EE857A 		vfma.f32	s15, s9, s10
  30:../libs/PoliTeKDSP/Utilities/DataFilter/IIR/iir.cpp ****                        _butter4_a[3] * _Butter4_buff[2] + _butter4_a[4] * _Butter4_buff[3]);
 325              		.loc 1 30 16 view .LVU75
 326 008e 70EE677A 		vsub.f32	s15, s0, s15
 327              	.LVL17:
  32:../libs/PoliTeKDSP/Utilities/DataFilter/IIR/iir.cpp ****                   _butter4_b[3] * _Butter4_buff[2] + _butter4_b[4] * _Butter4_buff[3];
 328              		.loc 1 32 13 is_stmt 1 view .LVU76
  32:../libs/PoliTeKDSP/Utilities/DataFilter/IIR/iir.cpp ****                   _butter4_b[3] * _Butter4_buff[2] + _butter4_b[4] * _Butter4_buff[3];
 329              		.loc 1 32 54 is_stmt 0 view .LVU77
 330 0092 90ED0A0A 		vldr.32	s0, [r0, #40]
 331              	.LVL18:
  32:../libs/PoliTeKDSP/Utilities/DataFilter/IIR/iir.cpp ****                   _butter4_b[3] * _Butter4_buff[2] + _butter4_b[4] * _Butter4_buff[3];
 332              		.loc 1 32 54 view .LVU78
 333 0096 26EE800A 		vmul.f32	s0, s13, s0
  37:../libs/PoliTeKDSP/Utilities/DataFilter/IIR/iir.cpp ****             _Butter4_buff[0] = wn;
 334              		.loc 1 37 30 view .LVU79
 335 009a C0ED137A 		vstr.32	s15, [r0, #76]
  32:../libs/PoliTeKDSP/Utilities/DataFilter/IIR/iir.cpp ****                   _butter4_b[3] * _Butter4_buff[2] + _butter4_b[4] * _Butter4_buff[3];
 336              		.loc 1 32 38 view .LVU80
 337 009e A7EE270A 		vfma.f32	s0, s14, s15
  32:../libs/PoliTeKDSP/Utilities/DataFilter/IIR/iir.cpp ****                   _butter4_b[3] * _Butter4_buff[2] + _butter4_b[4] * _Butter4_buff[3];
 338              		.loc 1 32 73 view .LVU81
 339 00a2 90ED0B7A 		vldr.32	s14, [r0, #44]
ARM GAS  C:\Users\skipi\AppData\Local\Temp\cc4taK2y.s 			page 8


 340 00a6 A6EE070A 		vfma.f32	s0, s12, s14
  32:../libs/PoliTeKDSP/Utilities/DataFilter/IIR/iir.cpp ****                   _butter4_b[3] * _Butter4_buff[2] + _butter4_b[4] * _Butter4_buff[3];
 341              		.loc 1 32 108 view .LVU82
 342 00aa 90ED0C7A 		vldr.32	s14, [r0, #48]
 343 00ae A5EE870A 		vfma.f32	s0, s11, s14
  32:../libs/PoliTeKDSP/Utilities/DataFilter/IIR/iir.cpp ****                   _butter4_b[3] * _Butter4_buff[2] + _butter4_b[4] * _Butter4_buff[3];
 344              		.loc 1 32 17 view .LVU83
 345 00b2 90ED0D7A 		vldr.32	s14, [r0, #52]
 346 00b6 A5EE070A 		vfma.f32	s0, s10, s14
 347              	.LVL19:
  34:../libs/PoliTeKDSP/Utilities/DataFilter/IIR/iir.cpp ****             _Butter4_buff[2] = _Butter4_buff[1];
 348              		.loc 1 34 13 is_stmt 1 view .LVU84
  35:../libs/PoliTeKDSP/Utilities/DataFilter/IIR/iir.cpp ****             _Butter4_buff[1] = _Butter4_buff[0];
 349              		.loc 1 35 13 view .LVU85
  36:../libs/PoliTeKDSP/Utilities/DataFilter/IIR/iir.cpp ****             _Butter4_buff[0] = wn;
 350              		.loc 1 36 13 view .LVU86
 351              		.loc 1 37 13 view .LVU87
  38:../libs/PoliTeKDSP/Utilities/DataFilter/IIR/iir.cpp ****             break;
 352              		.loc 1 38 13 view .LVU88
 353 00ba 7047     		bx	lr
 354              	.LVL20:
 355              	.L12:
  39:../libs/PoliTeKDSP/Utilities/DataFilter/IIR/iir.cpp **** 
  40:../libs/PoliTeKDSP/Utilities/DataFilter/IIR/iir.cpp ****         case BESSEL2:
 356              		.loc 1 40 9 view .LVU89
  41:../libs/PoliTeKDSP/Utilities/DataFilter/IIR/iir.cpp ****             wn = in - (_bessel_a[1] * _Bessel_buff[0] + _bessel_a[2] * _Bessel_buff[1]);
 357              		.loc 1 41 13 view .LVU90
 358              		.loc 1 41 86 is_stmt 0 view .LVU91
 359 00bc D0ED1E6A 		vldr.32	s13, [r0, #120]
 360              		.loc 1 41 70 view .LVU92
 361 00c0 D0ED1C7A 		vldr.32	s15, [r0, #112]
 362              		.loc 1 41 53 view .LVU93
 363 00c4 90ED1D7A 		vldr.32	s14, [r0, #116]
 364              		.loc 1 41 70 view .LVU94
 365 00c8 66EEA77A 		vmul.f32	s15, s13, s15
 366              		.loc 1 41 55 view .LVU95
 367 00cc 90ED1B6A 		vldr.32	s12, [r0, #108]
  42:../libs/PoliTeKDSP/Utilities/DataFilter/IIR/iir.cpp ****             out = _bessel_b[0] * wn + _bessel_b[1] * _Bessel_buff[0] + _bessel_b[2] * _Bessel_buff[
  43:../libs/PoliTeKDSP/Utilities/DataFilter/IIR/iir.cpp ****             _Bessel_buff[1] = _Bessel_buff[0];
 368              		.loc 1 43 29 view .LVU96
 369 00d0 80ED1E7A 		vstr.32	s14, [r0, #120]
  41:../libs/PoliTeKDSP/Utilities/DataFilter/IIR/iir.cpp ****             wn = in - (_bessel_a[1] * _Bessel_buff[0] + _bessel_a[2] * _Bessel_buff[1]);
 370              		.loc 1 41 55 view .LVU97
 371 00d4 E6EE077A 		vfma.f32	s15, s12, s14
  42:../libs/PoliTeKDSP/Utilities/DataFilter/IIR/iir.cpp ****             out = _bessel_b[0] * wn + _bessel_b[1] * _Bessel_buff[0] + _bessel_b[2] * _Bessel_buff[
 372              		.loc 1 42 37 view .LVU98
 373 00d8 90ED176A 		vldr.32	s12, [r0, #92]
  41:../libs/PoliTeKDSP/Utilities/DataFilter/IIR/iir.cpp ****             wn = in - (_bessel_a[1] * _Bessel_buff[0] + _bessel_a[2] * _Bessel_buff[1]);
 374              		.loc 1 41 16 view .LVU99
 375 00dc 70EE677A 		vsub.f32	s15, s0, s15
 376              	.LVL21:
  42:../libs/PoliTeKDSP/Utilities/DataFilter/IIR/iir.cpp ****             out = _bessel_b[0] * wn + _bessel_b[1] * _Bessel_buff[0] + _bessel_b[2] * _Bessel_buff[
 377              		.loc 1 42 13 is_stmt 1 view .LVU100
  42:../libs/PoliTeKDSP/Utilities/DataFilter/IIR/iir.cpp ****             out = _bessel_b[0] * wn + _bessel_b[1] * _Bessel_buff[0] + _bessel_b[2] * _Bessel_buff[
 378              		.loc 1 42 52 is_stmt 0 view .LVU101
 379 00e0 90ED180A 		vldr.32	s0, [r0, #96]
 380              	.LVL22:
ARM GAS  C:\Users\skipi\AppData\Local\Temp\cc4taK2y.s 			page 9


  42:../libs/PoliTeKDSP/Utilities/DataFilter/IIR/iir.cpp ****             out = _bessel_b[0] * wn + _bessel_b[1] * _Bessel_buff[0] + _bessel_b[2] * _Bessel_buff[
 381              		.loc 1 42 52 view .LVU102
 382 00e4 27EE000A 		vmul.f32	s0, s14, s0
  44:../libs/PoliTeKDSP/Utilities/DataFilter/IIR/iir.cpp ****             _Bessel_buff[0] = wn;
 383              		.loc 1 44 29 view .LVU103
 384 00e8 C0ED1D7A 		vstr.32	s15, [r0, #116]
  42:../libs/PoliTeKDSP/Utilities/DataFilter/IIR/iir.cpp ****             out = _bessel_b[0] * wn + _bessel_b[1] * _Bessel_buff[0] + _bessel_b[2] * _Bessel_buff[
 385              		.loc 1 42 37 view .LVU104
 386 00ec A6EE270A 		vfma.f32	s0, s12, s15
  42:../libs/PoliTeKDSP/Utilities/DataFilter/IIR/iir.cpp ****             out = _bessel_b[0] * wn + _bessel_b[1] * _Bessel_buff[0] + _bessel_b[2] * _Bessel_buff[
 387              		.loc 1 42 17 view .LVU105
 388 00f0 90ED196A 		vldr.32	s12, [r0, #100]
 389 00f4 A6EE860A 		vfma.f32	s0, s13, s12
 390              	.LVL23:
  43:../libs/PoliTeKDSP/Utilities/DataFilter/IIR/iir.cpp ****             _Bessel_buff[0] = wn;
 391              		.loc 1 43 13 is_stmt 1 view .LVU106
 392              		.loc 1 44 13 view .LVU107
  45:../libs/PoliTeKDSP/Utilities/DataFilter/IIR/iir.cpp ****             break;
 393              		.loc 1 45 13 view .LVU108
 394 00f8 7047     		bx	lr
 395              	.LVL24:
 396              	.L11:
  46:../libs/PoliTeKDSP/Utilities/DataFilter/IIR/iir.cpp **** 
  47:../libs/PoliTeKDSP/Utilities/DataFilter/IIR/iir.cpp ****         case BESSEL4:
 397              		.loc 1 47 9 view .LVU109
  48:../libs/PoliTeKDSP/Utilities/DataFilter/IIR/iir.cpp ****             wn = in - (_bessel4_a[1] * _Bessel4_buff[0] + _bessel4_a[2] * _Bessel4_buff[1] + 
 398              		.loc 1 48 13 view .LVU110
 399              		.loc 1 48 90 is_stmt 0 view .LVU111
 400 00fa D0ED2A6A 		vldr.32	s13, [r0, #168]
 401              		.loc 1 48 73 view .LVU112
 402 00fe D0ED267A 		vldr.32	s15, [r0, #152]
 403              		.loc 1 48 55 view .LVU113
 404 0102 90ED297A 		vldr.32	s14, [r0, #164]
 405              		.loc 1 48 73 view .LVU114
 406 0106 66EEA77A 		vmul.f32	s15, s13, s15
 407              		.loc 1 48 57 view .LVU115
 408 010a 90ED256A 		vldr.32	s12, [r0, #148]
 409              		.loc 1 48 92 view .LVU116
 410 010e D0ED275A 		vldr.32	s11, [r0, #156]
  49:../libs/PoliTeKDSP/Utilities/DataFilter/IIR/iir.cpp ****                        _bessel4_a[3] * _Bessel4_buff[2] + _bessel4_a[4] * _Bessel4_buff[3]);
 411              		.loc 1 49 57 view .LVU117
 412 0112 90ED285A 		vldr.32	s10, [r0, #160]
  48:../libs/PoliTeKDSP/Utilities/DataFilter/IIR/iir.cpp ****             wn = in - (_bessel4_a[1] * _Bessel4_buff[0] + _bessel4_a[2] * _Bessel4_buff[1] + 
 413              		.loc 1 48 57 view .LVU118
 414 0116 E6EE077A 		vfma.f32	s15, s12, s14
 415              		.loc 1 49 55 view .LVU119
 416 011a 90ED2B6A 		vldr.32	s12, [r0, #172]
  50:../libs/PoliTeKDSP/Utilities/DataFilter/IIR/iir.cpp ****             out = _bessel4_b[0] * wn + _bessel4_b[1] * _Bessel4_buff[0] + _bessel4_b[2] * _Bessel4_
  51:../libs/PoliTeKDSP/Utilities/DataFilter/IIR/iir.cpp ****                   _bessel4_b[3] * _Bessel4_buff[2] + _bessel4_b[4] * _Bessel4_buff[3];
  52:../libs/PoliTeKDSP/Utilities/DataFilter/IIR/iir.cpp ****             _Bessel4_buff[3] = _Bessel4_buff[2];
  53:../libs/PoliTeKDSP/Utilities/DataFilter/IIR/iir.cpp ****             _Bessel4_buff[2] = _Bessel4_buff[1];
  54:../libs/PoliTeKDSP/Utilities/DataFilter/IIR/iir.cpp ****             _Bessel4_buff[1] = _Bessel4_buff[0];
 417              		.loc 1 54 30 view .LVU120
 418 011e 80ED2A7A 		vstr.32	s14, [r0, #168]
  53:../libs/PoliTeKDSP/Utilities/DataFilter/IIR/iir.cpp ****             _Bessel4_buff[1] = _Bessel4_buff[0];
 419              		.loc 1 53 30 view .LVU121
 420 0122 C0ED2B6A 		vstr.32	s13, [r0, #172]
ARM GAS  C:\Users\skipi\AppData\Local\Temp\cc4taK2y.s 			page 10


  48:../libs/PoliTeKDSP/Utilities/DataFilter/IIR/iir.cpp ****                        _bessel4_a[3] * _Bessel4_buff[2] + _bessel4_a[4] * _Bessel4_buff[3]);
 421              		.loc 1 48 92 view .LVU122
 422 0126 E5EE867A 		vfma.f32	s15, s11, s12
  49:../libs/PoliTeKDSP/Utilities/DataFilter/IIR/iir.cpp ****             out = _bessel4_b[0] * wn + _bessel4_b[1] * _Bessel4_buff[0] + _bessel4_b[2] * _Bessel4_
 423              		.loc 1 49 90 view .LVU123
 424 012a D0ED2C5A 		vldr.32	s11, [r0, #176]
  52:../libs/PoliTeKDSP/Utilities/DataFilter/IIR/iir.cpp ****             _Bessel4_buff[2] = _Bessel4_buff[1];
 425              		.loc 1 52 30 view .LVU124
 426 012e 80ED2C6A 		vstr.32	s12, [r0, #176]
  49:../libs/PoliTeKDSP/Utilities/DataFilter/IIR/iir.cpp ****             out = _bessel4_b[0] * wn + _bessel4_b[1] * _Bessel4_buff[0] + _bessel4_b[2] * _Bessel4_
 427              		.loc 1 49 57 view .LVU125
 428 0132 E5EE257A 		vfma.f32	s15, s10, s11
  50:../libs/PoliTeKDSP/Utilities/DataFilter/IIR/iir.cpp ****                   _bessel4_b[3] * _Bessel4_buff[2] + _bessel4_b[4] * _Bessel4_buff[3];
 429              		.loc 1 50 38 view .LVU126
 430 0136 90ED1F5A 		vldr.32	s10, [r0, #124]
  48:../libs/PoliTeKDSP/Utilities/DataFilter/IIR/iir.cpp ****                        _bessel4_a[3] * _Bessel4_buff[2] + _bessel4_a[4] * _Bessel4_buff[3]);
 431              		.loc 1 48 16 view .LVU127
 432 013a 70EE677A 		vsub.f32	s15, s0, s15
 433              	.LVL25:
  50:../libs/PoliTeKDSP/Utilities/DataFilter/IIR/iir.cpp ****                   _bessel4_b[3] * _Bessel4_buff[2] + _bessel4_b[4] * _Bessel4_buff[3];
 434              		.loc 1 50 13 is_stmt 1 view .LVU128
  50:../libs/PoliTeKDSP/Utilities/DataFilter/IIR/iir.cpp ****                   _bessel4_b[3] * _Bessel4_buff[2] + _bessel4_b[4] * _Bessel4_buff[3];
 435              		.loc 1 50 54 is_stmt 0 view .LVU129
 436 013e 90ED200A 		vldr.32	s0, [r0, #128]
 437              	.LVL26:
  50:../libs/PoliTeKDSP/Utilities/DataFilter/IIR/iir.cpp ****                   _bessel4_b[3] * _Bessel4_buff[2] + _bessel4_b[4] * _Bessel4_buff[3];
 438              		.loc 1 50 54 view .LVU130
 439 0142 27EE000A 		vmul.f32	s0, s14, s0
  55:../libs/PoliTeKDSP/Utilities/DataFilter/IIR/iir.cpp ****             _Bessel4_buff[0] = wn;
 440              		.loc 1 55 30 view .LVU131
 441 0146 C0ED297A 		vstr.32	s15, [r0, #164]
  50:../libs/PoliTeKDSP/Utilities/DataFilter/IIR/iir.cpp ****                   _bessel4_b[3] * _Bessel4_buff[2] + _bessel4_b[4] * _Bessel4_buff[3];
 442              		.loc 1 50 38 view .LVU132
 443 014a A5EE270A 		vfma.f32	s0, s10, s15
  50:../libs/PoliTeKDSP/Utilities/DataFilter/IIR/iir.cpp ****                   _bessel4_b[3] * _Bessel4_buff[2] + _bessel4_b[4] * _Bessel4_buff[3];
 444              		.loc 1 50 73 view .LVU133
 445 014e 90ED215A 		vldr.32	s10, [r0, #132]
 446 0152 A6EE850A 		vfma.f32	s0, s13, s10
  50:../libs/PoliTeKDSP/Utilities/DataFilter/IIR/iir.cpp ****                   _bessel4_b[3] * _Bessel4_buff[2] + _bessel4_b[4] * _Bessel4_buff[3];
 447              		.loc 1 50 108 view .LVU134
 448 0156 90ED225A 		vldr.32	s10, [r0, #136]
 449 015a A6EE050A 		vfma.f32	s0, s12, s10
  50:../libs/PoliTeKDSP/Utilities/DataFilter/IIR/iir.cpp ****                   _bessel4_b[3] * _Bessel4_buff[2] + _bessel4_b[4] * _Bessel4_buff[3];
 450              		.loc 1 50 17 view .LVU135
 451 015e 90ED235A 		vldr.32	s10, [r0, #140]
 452 0162 A5EE850A 		vfma.f32	s0, s11, s10
 453              	.LVL27:
  52:../libs/PoliTeKDSP/Utilities/DataFilter/IIR/iir.cpp ****             _Bessel4_buff[2] = _Bessel4_buff[1];
 454              		.loc 1 52 13 is_stmt 1 view .LVU136
  53:../libs/PoliTeKDSP/Utilities/DataFilter/IIR/iir.cpp ****             _Bessel4_buff[1] = _Bessel4_buff[0];
 455              		.loc 1 53 13 view .LVU137
  54:../libs/PoliTeKDSP/Utilities/DataFilter/IIR/iir.cpp ****             _Bessel4_buff[0] = wn;
 456              		.loc 1 54 13 view .LVU138
 457              		.loc 1 55 13 view .LVU139
  56:../libs/PoliTeKDSP/Utilities/DataFilter/IIR/iir.cpp ****             break;
 458              		.loc 1 56 13 view .LVU140
 459 0166 7047     		bx	lr
ARM GAS  C:\Users\skipi\AppData\Local\Temp\cc4taK2y.s 			page 11


 460              	.LVL28:
 461              	.L13:
  21:../libs/PoliTeKDSP/Utilities/DataFilter/IIR/iir.cpp ****         case BUTTERWORTH2:
 462              		.loc 1 21 13 is_stmt 0 view .LVU141
 463 0168 9FED010A 		vldr.32	s0, .L14
 464              	.LVL29:
  57:../libs/PoliTeKDSP/Utilities/DataFilter/IIR/iir.cpp ****     }
  58:../libs/PoliTeKDSP/Utilities/DataFilter/IIR/iir.cpp ****     return out;
 465              		.loc 1 58 5 is_stmt 1 view .LVU142
  59:../libs/PoliTeKDSP/Utilities/DataFilter/IIR/iir.cpp **** }...
 466              		.loc 1 59 1 is_stmt 0 view .LVU143
 467 016c 7047     		bx	lr
 468              	.L15:
 469 016e 00BF     		.align	2
 470              	.L14:
 471 0170 00000000 		.word	0
 472              		.cfi_endproc
 473              	.LFE568:
 475              		.section	.rodata
 476              		.align	2
 477              		.set	.LANCHOR0,. + 0
 478              	.LC0:
 479 0000 35607A3F 		.word	1064984629
 480 0004 3560FA3F 		.word	1073373237
 481 0008 35607A3F 		.word	1064984629
 482              	.LC1:
 483 000c 0000803F 		.word	1065353216
 484 0010 6350FA3F 		.word	1073369187
 485 0014 0CE0743F 		.word	1064624140
 486              	.LC2:
 487 0018 4AB4753F 		.word	1064678474
 488 001c 4AB47540 		.word	1081455690
 489 0020 3747B840 		.word	1085818679
 490 0024 4AB47540 		.word	1081455690
 491 0028 4AB4753F 		.word	1064678474
 492              	.LC3:
 493 002c 0000803F 		.word	1065353216
 494 0030 01BF7A40 		.word	1081786113
 495 0034 F839B840 		.word	1085815288
 496 0038 91A97040 		.word	1081125265
 497 003c 94D26B3F 		.word	1064030868
 498              	.LC4:
 499 0040 4596CA3E 		.word	1053464133
 500 0044 45964A3F 		.word	1061852741
 501 0048 4596CA3E 		.word	1053464133
 502              	.LC5:
 503 004c 0000803F 		.word	1065353216
 504 0050 06A1ED3E 		.word	1055760646
 505 0054 35E0F23D 		.word	1039327285
 506              	.LC6:
 507 0058 DB432E3E 		.word	1043219419
 508 005c DC432E3F 		.word	1059996636
 509 0060 E5B2823F 		.word	1065530085
 510 0064 DC432E3F 		.word	1059996636
 511 0068 DB432E3E 		.word	1043219419
 512              	.LC7:
 513 006c 0000803F 		.word	1065353216
ARM GAS  C:\Users\skipi\AppData\Local\Temp\cc4taK2y.s 			page 12


 514 0070 1D727B3F 		.word	1065054749
 515 0074 7DDD133F 		.word	1058266493
 516 0078 B0F3153E 		.word	1041626032
 517 007c 165D883C 		.word	1015569686
 518              		.text
 519              	.Letext0:
 520              		.file 2 "c:\\program files\\daisytoolchain\\arm-none-eabi\\include\\machine\\_default_types.h"
 521              		.file 3 "c:\\program files\\daisytoolchain\\arm-none-eabi\\include\\sys\\_stdint.h"
 522              		.file 4 "c:\\program files\\daisytoolchain\\arm-none-eabi\\include\\stdint.h"
 523              		.file 5 "c:\\program files\\daisytoolchain\\arm-none-eabi\\include\\c++\\10.2.1\\cmath"
 524              		.file 6 "c:\\program files\\daisytoolchain\\arm-none-eabi\\include\\c++\\10.2.1\\bits\\std_abs.h"
 525              		.file 7 "c:\\program files\\daisytoolchain\\arm-none-eabi\\include\\c++\\10.2.1\\cstdint"
 526              		.file 8 "c:\\program files\\daisytoolchain\\arm-none-eabi\\include\\c++\\10.2.1\\arm-none-eabi\\th
 527              		.file 9 "c:\\program files\\daisytoolchain\\arm-none-eabi\\include\\math.h"
 528              		.file 10 "c:\\program files\\daisytoolchain\\arm-none-eabi\\include\\c++\\10.2.1\\math.h"
 529              		.file 11 "../libs/PoliTeKDSP/Utilities/DataFilter/IIR/iir.h"
 530              		.file 12 "<built-in>"
ARM GAS  C:\Users\skipi\AppData\Local\Temp\cc4taK2y.s 			page 13


DEFINED SYMBOLS
                            *ABS*:00000000 iir.cpp
C:\Users\skipi\AppData\Local\Temp\cc4taK2y.s:17     .text._ZN3IIRC2Ev:00000000 $t
C:\Users\skipi\AppData\Local\Temp\cc4taK2y.s:25     .text._ZN3IIRC2Ev:00000000 _ZN3IIRC2Ev
C:\Users\skipi\AppData\Local\Temp\cc4taK2y.s:118    .text._ZN3IIRC2Ev:000000b0 $d
C:\Users\skipi\AppData\Local\Temp\cc4taK2y.s:25     .text._ZN3IIRC2Ev:00000000 _ZN3IIRC1Ev
C:\Users\skipi\AppData\Local\Temp\cc4taK2y.s:125    .text._ZN3IIRD2Ev:00000000 $t
C:\Users\skipi\AppData\Local\Temp\cc4taK2y.s:132    .text._ZN3IIRD2Ev:00000000 _ZN3IIRD2Ev
C:\Users\skipi\AppData\Local\Temp\cc4taK2y.s:132    .text._ZN3IIRD2Ev:00000000 _ZN3IIRD1Ev
C:\Users\skipi\AppData\Local\Temp\cc4taK2y.s:148    .text._ZN3IIR4InitENS_10FilterTypeE:00000000 $t
C:\Users\skipi\AppData\Local\Temp\cc4taK2y.s:155    .text._ZN3IIR4InitENS_10FilterTypeE:00000000 _ZN3IIR4InitENS_10FilterTypeE
C:\Users\skipi\AppData\Local\Temp\cc4taK2y.s:221    .text._ZN3IIR7ProcessEf:00000000 $t
C:\Users\skipi\AppData\Local\Temp\cc4taK2y.s:228    .text._ZN3IIR7ProcessEf:00000000 _ZN3IIR7ProcessEf
C:\Users\skipi\AppData\Local\Temp\cc4taK2y.s:244    .text._ZN3IIR7ProcessEf:0000000c $d
C:\Users\skipi\AppData\Local\Temp\cc4taK2y.s:248    .text._ZN3IIR7ProcessEf:00000010 $t
C:\Users\skipi\AppData\Local\Temp\cc4taK2y.s:471    .text._ZN3IIR7ProcessEf:00000170 $d
C:\Users\skipi\AppData\Local\Temp\cc4taK2y.s:476    .rodata:00000000 $d

UNDEFINED SYMBOLS
memset
