ARM GAS  C:\Users\skipi\AppData\Local\Temp\ccFBILfM.s 			page 1


   1              		.cpu cortex-m7
   2              		.eabi_attribute 28, 1
   3              		.eabi_attribute 20, 1
   4              		.eabi_attribute 21, 1
   5              		.eabi_attribute 23, 3
   6              		.eabi_attribute 24, 1
   7              		.eabi_attribute 25, 1
   8              		.eabi_attribute 26, 1
   9              		.eabi_attribute 30, 4
  10              		.eabi_attribute 34, 1
  11              		.eabi_attribute 18, 4
  12              		.file	"MenuManager.cpp"
  13              		.text
  14              	.Ltext0:
  15              		.cfi_sections	.debug_frame
  16              		.section	.text._ZN11MenuManager4InitEv,"ax",%progbits
  17              		.align	1
  18              		.global	_ZN11MenuManager4InitEv
  19              		.arch armv7e-m
  20              		.syntax unified
  21              		.thumb
  22              		.thumb_func
  23              		.fpu fpv5-d16
  25              	_ZN11MenuManager4InitEv:
  26              	.LVL0:
  27              	.LFB5081:
  28              		.file 1 "Display/MenuManager.cpp"
   1:Display/MenuManager.cpp **** #include "MenuManager.h"
   2:Display/MenuManager.cpp **** 
   3:Display/MenuManager.cpp **** 
   4:Display/MenuManager.cpp **** void MenuManager::Init() {
  29              		.loc 1 4 26 view -0
  30              		.cfi_startproc
  31              		@ args = 0, pretend = 0, frame = 0
  32              		@ frame_needed = 0, uses_anonymous_args = 0
   5:Display/MenuManager.cpp ****     _lastInteractionTime = daisy::System::GetNow();
  33              		.loc 1 5 5 view .LVU1
   4:Display/MenuManager.cpp ****     _lastInteractionTime = daisy::System::GetNow();
  34              		.loc 1 4 26 is_stmt 0 view .LVU2
  35 0000 10B5     		push	{r4, lr}
  36              		.cfi_def_cfa_offset 8
  37              		.cfi_offset 4, -8
  38              		.cfi_offset 14, -4
   4:Display/MenuManager.cpp ****     _lastInteractionTime = daisy::System::GetNow();
  39              		.loc 1 4 26 view .LVU3
  40 0002 0446     		mov	r4, r0
  41              		.loc 1 5 49 view .LVU4
  42 0004 FFF7FEFF 		bl	_ZN5daisy6System6GetNowEv
  43              	.LVL1:
   6:Display/MenuManager.cpp **** 
   7:Display/MenuManager.cpp ****     _current_state = PLAYMODE;
   8:Display/MenuManager.cpp ****     _cursor_state = PLAYMODE;
   9:Display/MenuManager.cpp **** 
  10:Display/MenuManager.cpp ****     _outData.delta = 50.0f;
  44              		.loc 1 10 20 view .LVU5
  45 0008 094A     		ldr	r2, .L2
   7:Display/MenuManager.cpp ****     _cursor_state = PLAYMODE;
ARM GAS  C:\Users\skipi\AppData\Local\Temp\ccFBILfM.s 			page 2


  46              		.loc 1 7 20 view .LVU6
  47 000a 0023     		movs	r3, #0
   5:Display/MenuManager.cpp **** 
  48              		.loc 1 5 26 view .LVU7
  49 000c 2063     		str	r0, [r4, #48]
   7:Display/MenuManager.cpp ****     _cursor_state = PLAYMODE;
  50              		.loc 1 7 5 is_stmt 1 view .LVU8
   8:Display/MenuManager.cpp **** 
  51              		.loc 1 8 5 view .LVU9
  52              		.loc 1 10 20 is_stmt 0 view .LVU10
  53 000e A260     		str	r2, [r4, #8]	@ float
  11:Display/MenuManager.cpp ****     _outData.curve = 1.0f;
  54              		.loc 1 11 20 view .LVU11
  55 0010 4FF07E52 		mov	r2, #1065353216
   7:Display/MenuManager.cpp ****     _cursor_state = PLAYMODE;
  56              		.loc 1 7 20 view .LVU12
  57 0014 2380     		strh	r3, [r4]	@ movhi
  10:Display/MenuManager.cpp ****     _outData.curve = 1.0f;
  58              		.loc 1 10 5 is_stmt 1 view .LVU13
  59              		.loc 1 11 5 view .LVU14
  60              		.loc 1 11 20 is_stmt 0 view .LVU15
  61 0016 E260     		str	r2, [r4, #12]	@ float
  12:Display/MenuManager.cpp ****     _outData.root = 0;
  62              		.loc 1 12 5 is_stmt 1 view .LVU16
  13:Display/MenuManager.cpp ****     _outData.scale = 0;
  14:Display/MenuManager.cpp ****     _outData.hysteresis = 2;
  63              		.loc 1 14 25 is_stmt 0 view .LVU17
  64 0018 0222     		movs	r2, #2
  12:Display/MenuManager.cpp ****     _outData.root = 0;
  65              		.loc 1 12 19 view .LVU18
  66 001a 2361     		str	r3, [r4, #16]
  13:Display/MenuManager.cpp ****     _outData.scale = 0;
  67              		.loc 1 13 5 is_stmt 1 view .LVU19
  13:Display/MenuManager.cpp ****     _outData.scale = 0;
  68              		.loc 1 13 20 is_stmt 0 view .LVU20
  69 001c E361     		str	r3, [r4, #28]
  70              		.loc 1 14 5 is_stmt 1 view .LVU21
  15:Display/MenuManager.cpp ****     _outData.filter_type = 0;  
  16:Display/MenuManager.cpp ****     _outData.octave = 4;
  17:Display/MenuManager.cpp ****     _outData.preset = 0;
  71              		.loc 1 17 21 is_stmt 0 view .LVU22
  72 001e E362     		str	r3, [r4, #44]
  15:Display/MenuManager.cpp ****     _outData.filter_type = 0;  
  73              		.loc 1 15 26 view .LVU23
  74 0020 C4E90523 		strd	r2, r3, [r4, #20]
  16:Display/MenuManager.cpp ****     _outData.preset = 0;
  75              		.loc 1 16 5 is_stmt 1 view .LVU24
  16:Display/MenuManager.cpp ****     _outData.preset = 0;
  76              		.loc 1 16 21 is_stmt 0 view .LVU25
  77 0024 0422     		movs	r2, #4
  18:Display/MenuManager.cpp ****     _outData.touchths_value = 1;
  78              		.loc 1 18 29 view .LVU26
  79 0026 0123     		movs	r3, #1
  16:Display/MenuManager.cpp ****     _outData.preset = 0;
  80              		.loc 1 16 21 view .LVU27
  81 0028 2262     		str	r2, [r4, #32]
  17:Display/MenuManager.cpp ****     _outData.touchths_value = 1;
ARM GAS  C:\Users\skipi\AppData\Local\Temp\ccFBILfM.s 			page 3


  82              		.loc 1 17 5 is_stmt 1 view .LVU28
  83              		.loc 1 18 5 view .LVU29
  19:Display/MenuManager.cpp ****     _outData.relths_value = 1;
  84              		.loc 1 19 27 is_stmt 0 view .LVU30
  85 002a C4E90933 		strd	r3, r3, [r4, #36]
  20:Display/MenuManager.cpp **** }
  86              		.loc 1 20 1 view .LVU31
  87 002e 10BD     		pop	{r4, pc}
  88              	.LVL2:
  89              	.L3:
  90              		.loc 1 20 1 view .LVU32
  91              		.align	2
  92              	.L2:
  93 0030 00004842 		.word	1112014848
  94              		.cfi_endproc
  95              	.LFE5081:
  97              		.section	.text._ZN11MenuManager11StateUpdateEv,"ax",%progbits
  98              		.align	1
  99              		.global	_ZN11MenuManager11StateUpdateEv
 100              		.syntax unified
 101              		.thumb
 102              		.thumb_func
 103              		.fpu fpv5-d16
 105              	_ZN11MenuManager11StateUpdateEv:
 106              	.LVL3:
 107              	.LFB5082:
  21:Display/MenuManager.cpp **** 
  22:Display/MenuManager.cpp **** void MenuManager::StateUpdate() {
 108              		.loc 1 22 33 is_stmt 1 view -0
 109              		.cfi_startproc
 110              		@ args = 0, pretend = 0, frame = 0
 111              		@ frame_needed = 0, uses_anonymous_args = 0
  23:Display/MenuManager.cpp ****     _lastInteractionTime = daisy::System::GetNow(); 
 112              		.loc 1 23 5 view .LVU34
  22:Display/MenuManager.cpp ****     _lastInteractionTime = daisy::System::GetNow(); 
 113              		.loc 1 22 33 is_stmt 0 view .LVU35
 114 0000 10B5     		push	{r4, lr}
 115              		.cfi_def_cfa_offset 8
 116              		.cfi_offset 4, -8
 117              		.cfi_offset 14, -4
  22:Display/MenuManager.cpp ****     _lastInteractionTime = daisy::System::GetNow(); 
 118              		.loc 1 22 33 view .LVU36
 119 0002 0446     		mov	r4, r0
 120              		.loc 1 23 49 view .LVU37
 121 0004 FFF7FEFF 		bl	_ZN5daisy6System6GetNowEv
 122              	.LVL4:
  24:Display/MenuManager.cpp ****     
  25:Display/MenuManager.cpp ****     // 1. Uscita dal PLAYMODE
  26:Display/MenuManager.cpp ****     if (_current_state == PLAYMODE) {
 123              		.loc 1 26 9 view .LVU38
 124 0008 2378     		ldrb	r3, [r4]	@ zero_extendqisi2
  23:Display/MenuManager.cpp ****     
 125              		.loc 1 23 26 view .LVU39
 126 000a 2063     		str	r0, [r4, #48]
 127              		.loc 1 26 5 is_stmt 1 view .LVU40
 128 000c 1BB9     		cbnz	r3, .L5
  27:Display/MenuManager.cpp ****         _current_state = MAIN_MENU;
ARM GAS  C:\Users\skipi\AppData\Local\Temp\ccFBILfM.s 			page 4


 129              		.loc 1 27 9 view .LVU41
  28:Display/MenuManager.cpp ****         _cursor_state = CALIBRATION_HUB; // Inizializza sulla prima voce del menu
 130              		.loc 1 28 9 view .LVU42
  27:Display/MenuManager.cpp ****         _current_state = MAIN_MENU;
 131              		.loc 1 27 24 is_stmt 0 view .LVU43
 132 000e 40F20123 		movw	r3, #513
 133              	.L18:
 134              	.LBB2:
 135              	.LBB3:
  29:Display/MenuManager.cpp ****         return;
  30:Display/MenuManager.cpp ****     }
  31:Display/MenuManager.cpp **** 
  32:Display/MenuManager.cpp ****     // 2. USCITA DALLE FOGLIE (Conferma modifica e torna al genitore)
  33:Display/MenuManager.cpp ****     // Se stiamo modificando un valore, il click ci riporta all'Hub di appartenenza.
  34:Display/MenuManager.cpp ****     // _cursor_state non viene toccato, così il cursore resta sull'icona appena modificata.
  35:Display/MenuManager.cpp ****     if (_current_state == DELTA || _current_state == CURVE || _current_state == HYSTERESIS || _curr
  36:Display/MenuManager.cpp ****         _current_state = CALIBRATION_HUB;
  37:Display/MenuManager.cpp ****         return; 
  38:Display/MenuManager.cpp ****     }
  39:Display/MenuManager.cpp ****     if (_current_state == ROOT || _current_state == SCALE || _current_state == OCTAVE) {
  40:Display/MenuManager.cpp ****         _current_state = SCALES_HUB;
  41:Display/MenuManager.cpp ****         return;
  42:Display/MenuManager.cpp ****     }
  43:Display/MenuManager.cpp ****     if (_current_state == TOUCHTHS_VALUE || _current_state == RELTHS_VALUE) {
  44:Display/MenuManager.cpp ****         _current_state = THRESHOLDS_HUB;
  45:Display/MenuManager.cpp ****         return;
  46:Display/MenuManager.cpp ****     }
  47:Display/MenuManager.cpp ****     if (_current_state == PRESETS_HUB) { // Gestito come foglia del Main Menu
  48:Display/MenuManager.cpp ****         _current_state = MAIN_MENU;
  49:Display/MenuManager.cpp ****         return;
  50:Display/MenuManager.cpp ****     }
  51:Display/MenuManager.cpp **** 
  52:Display/MenuManager.cpp ****     // 3. GESTIONE DEL TASTO BACK (Torna alla schermata precedente)
  53:Display/MenuManager.cpp ****     if (_cursor_state == BACK) {
  54:Display/MenuManager.cpp ****         if (_current_state == MAIN_MENU) {
  55:Display/MenuManager.cpp ****             _current_state = PLAYMODE;
 136              		.loc 1 55 28 view .LVU44
 137 0012 2380     		strh	r3, [r4]	@ movhi
 138 0014 04E0     		b	.L4
 139              	.L5:
 140              		.loc 1 55 28 view .LVU45
 141              	.LBE3:
 142              	.LBE2:
  35:Display/MenuManager.cpp ****         _current_state = CALIBRATION_HUB;
 143              		.loc 1 35 5 is_stmt 1 view .LVU46
 144 0016 9A1F     		subs	r2, r3, #6
 145 0018 032A     		cmp	r2, #3
 146 001a 02D8     		bhi	.L7
  36:Display/MenuManager.cpp ****         return; 
 147              		.loc 1 36 9 view .LVU47
  36:Display/MenuManager.cpp ****         return; 
 148              		.loc 1 36 24 is_stmt 0 view .LVU48
 149 001c 0223     		movs	r3, #2
 150              	.L20:
  40:Display/MenuManager.cpp ****         return;
 151              		.loc 1 40 24 view .LVU49
 152 001e 2370     		strb	r3, [r4]
ARM GAS  C:\Users\skipi\AppData\Local\Temp\ccFBILfM.s 			page 5


  41:Display/MenuManager.cpp ****     }
 153              		.loc 1 41 9 is_stmt 1 view .LVU50
 154              	.L4:
  56:Display/MenuManager.cpp ****             _cursor_state = PLAYMODE;
  57:Display/MenuManager.cpp ****         } 
  58:Display/MenuManager.cpp ****         else if (_current_state == CALIBRATION_HUB || _current_state == SCALES_HUB) {
  59:Display/MenuManager.cpp ****             MenuState previous_hub = _current_state; 
  60:Display/MenuManager.cpp ****             _current_state = MAIN_MENU;
  61:Display/MenuManager.cpp ****             _cursor_state = previous_hub; // Lascia il cursore sull'Hub da cui siamo appena usciti
  62:Display/MenuManager.cpp ****         } 
  63:Display/MenuManager.cpp ****         else if (_current_state == THRESHOLDS_HUB) {
  64:Display/MenuManager.cpp ****             _current_state = CALIBRATION_HUB; 
  65:Display/MenuManager.cpp ****             _cursor_state = THRESHOLDS_HUB;
  66:Display/MenuManager.cpp ****         }
  67:Display/MenuManager.cpp ****         return;
  68:Display/MenuManager.cpp ****     }
  69:Display/MenuManager.cpp **** 
  70:Display/MenuManager.cpp ****     // 4. TRANSIZIONE NORMALE: Entriamo in un Hub o iniziamo a modificare una Foglia
  71:Display/MenuManager.cpp ****     _current_state = _cursor_state;
  72:Display/MenuManager.cpp **** 
  73:Display/MenuManager.cpp ****     // 5. INIZIALIZZAZIONE CURSORE (Solo quando apriamo un nuovo Hub)
  74:Display/MenuManager.cpp ****     if (_current_state == CALIBRATION_HUB) _cursor_state = DELTA;
  75:Display/MenuManager.cpp ****     else if (_current_state == SCALES_HUB) _cursor_state = ROOT;
  76:Display/MenuManager.cpp ****     else if (_current_state == THRESHOLDS_HUB) _cursor_state = TOUCHTHS_VALUE;
  77:Display/MenuManager.cpp **** }
 155              		.loc 1 77 1 is_stmt 0 view .LVU51
 156 0020 10BD     		pop	{r4, pc}
 157              	.LVL5:
 158              	.L7:
  39:Display/MenuManager.cpp ****         _current_state = SCALES_HUB;
 159              		.loc 1 39 5 is_stmt 1 view .LVU52
 160 0022 A3F10A02 		sub	r2, r3, #10
 161 0026 022A     		cmp	r2, #2
 162 0028 01D8     		bhi	.L8
  40:Display/MenuManager.cpp ****         return;
 163              		.loc 1 40 9 view .LVU53
  40:Display/MenuManager.cpp ****         return;
 164              		.loc 1 40 24 is_stmt 0 view .LVU54
 165 002a 0323     		movs	r3, #3
 166 002c F7E7     		b	.L20
 167              	.L8:
  43:Display/MenuManager.cpp ****         _current_state = THRESHOLDS_HUB;
 168              		.loc 1 43 5 is_stmt 1 view .LVU55
 169 002e A3F10D02 		sub	r2, r3, #13
 170 0032 012A     		cmp	r2, #1
 171 0034 01D8     		bhi	.L9
  44:Display/MenuManager.cpp ****         return;
 172              		.loc 1 44 9 view .LVU56
  44:Display/MenuManager.cpp ****         return;
 173              		.loc 1 44 24 is_stmt 0 view .LVU57
 174 0036 0523     		movs	r3, #5
 175 0038 F1E7     		b	.L20
 176              	.L9:
  47:Display/MenuManager.cpp ****         _current_state = MAIN_MENU;
 177              		.loc 1 47 5 is_stmt 1 view .LVU58
 178 003a 042B     		cmp	r3, #4
 179 003c 01D1     		bne	.L10
ARM GAS  C:\Users\skipi\AppData\Local\Temp\ccFBILfM.s 			page 6


  48:Display/MenuManager.cpp ****         return;
 180              		.loc 1 48 9 view .LVU59
  48:Display/MenuManager.cpp ****         return;
 181              		.loc 1 48 24 is_stmt 0 view .LVU60
 182 003e 0123     		movs	r3, #1
 183 0040 EDE7     		b	.L20
 184              	.L10:
  53:Display/MenuManager.cpp ****         if (_current_state == MAIN_MENU) {
 185              		.loc 1 53 5 is_stmt 1 view .LVU61
 186              	.LBB10:
  53:Display/MenuManager.cpp ****         if (_current_state == MAIN_MENU) {
 187              		.loc 1 53 9 is_stmt 0 view .LVU62
 188 0042 6278     		ldrb	r2, [r4, #1]	@ zero_extendqisi2
  53:Display/MenuManager.cpp ****         if (_current_state == MAIN_MENU) {
 189              		.loc 1 53 5 view .LVU63
 190 0044 0F2A     		cmp	r2, #15
 191 0046 0FD1     		bne	.L11
 192              	.LBE10:
  54:Display/MenuManager.cpp ****             _current_state = PLAYMODE;
 193              		.loc 1 54 9 is_stmt 1 view .LVU64
 194              	.LBB11:
 195              	.LBB7:
 196 0048 012B     		cmp	r3, #1
 197 004a 01D1     		bne	.L12
  55:Display/MenuManager.cpp ****             _cursor_state = PLAYMODE;
 198              		.loc 1 55 13 view .LVU65
  56:Display/MenuManager.cpp ****         } 
 199              		.loc 1 56 13 view .LVU66
  55:Display/MenuManager.cpp ****             _cursor_state = PLAYMODE;
 200              		.loc 1 55 28 is_stmt 0 view .LVU67
 201 004c 0023     		movs	r3, #0
 202 004e E0E7     		b	.L18
 203              	.L12:
 204              	.LBE7:
 205              	.LBE11:
  58:Display/MenuManager.cpp ****             MenuState previous_hub = _current_state; 
 206              		.loc 1 58 14 is_stmt 1 view .LVU68
 207              	.LBB12:
 208              	.LBB8:
 209              	.LBB4:
 210 0050 9A1E     		subs	r2, r3, #2
 211 0052 012A     		cmp	r2, #1
 212 0054 03D8     		bhi	.L13
 213              	.LBB5:
  59:Display/MenuManager.cpp ****             _current_state = MAIN_MENU;
 214              		.loc 1 59 13 view .LVU69
 215              	.LVL6:
  60:Display/MenuManager.cpp ****             _cursor_state = previous_hub; // Lascia il cursore sull'Hub da cui siamo appena usciti
 216              		.loc 1 60 13 view .LVU70
  60:Display/MenuManager.cpp ****             _cursor_state = previous_hub; // Lascia il cursore sull'Hub da cui siamo appena usciti
 217              		.loc 1 60 28 is_stmt 0 view .LVU71
 218 0056 0122     		movs	r2, #1
 219 0058 2270     		strb	r2, [r4]
  61:Display/MenuManager.cpp ****         } 
 220              		.loc 1 61 13 is_stmt 1 view .LVU72
 221              	.LVL7:
 222              	.L19:
ARM GAS  C:\Users\skipi\AppData\Local\Temp\ccFBILfM.s 			page 7


  61:Display/MenuManager.cpp ****         } 
 223              		.loc 1 61 13 is_stmt 0 view .LVU73
 224              	.LBE5:
 225              	.LBE4:
 226              	.LBE8:
 227              	.LBE12:
  76:Display/MenuManager.cpp **** }
 228              		.loc 1 76 62 discriminator 1 view .LVU74
 229 005a 6370     		strb	r3, [r4, #1]
 230 005c E0E7     		b	.L4
 231              	.L13:
 232              	.LBB13:
 233              	.LBB9:
 234              	.LBB6:
  63:Display/MenuManager.cpp ****             _current_state = CALIBRATION_HUB; 
 235              		.loc 1 63 14 is_stmt 1 view .LVU75
 236 005e 052B     		cmp	r3, #5
 237 0060 DED1     		bne	.L4
  64:Display/MenuManager.cpp ****             _cursor_state = THRESHOLDS_HUB;
 238              		.loc 1 64 13 view .LVU76
  65:Display/MenuManager.cpp ****         }
 239              		.loc 1 65 13 view .LVU77
  64:Display/MenuManager.cpp ****             _cursor_state = THRESHOLDS_HUB;
 240              		.loc 1 64 28 is_stmt 0 view .LVU78
 241 0062 40F20253 		movw	r3, #1282
 242 0066 D4E7     		b	.L18
 243              	.L11:
 244              	.LBE6:
 245              	.LBE9:
 246              	.LBE13:
  71:Display/MenuManager.cpp **** 
 247              		.loc 1 71 5 is_stmt 1 view .LVU79
  74:Display/MenuManager.cpp ****     else if (_current_state == SCALES_HUB) _cursor_state = ROOT;
 248              		.loc 1 74 5 is_stmt 0 view .LVU80
 249 0068 022A     		cmp	r2, #2
  71:Display/MenuManager.cpp **** 
 250              		.loc 1 71 20 view .LVU81
 251 006a 2270     		strb	r2, [r4]
  74:Display/MenuManager.cpp ****     else if (_current_state == SCALES_HUB) _cursor_state = ROOT;
 252              		.loc 1 74 5 is_stmt 1 view .LVU82
 253 006c 01D1     		bne	.L15
  74:Display/MenuManager.cpp ****     else if (_current_state == SCALES_HUB) _cursor_state = ROOT;
 254              		.loc 1 74 44 discriminator 1 view .LVU83
  74:Display/MenuManager.cpp ****     else if (_current_state == SCALES_HUB) _cursor_state = ROOT;
 255              		.loc 1 74 58 is_stmt 0 discriminator 1 view .LVU84
 256 006e 0723     		movs	r3, #7
 257 0070 F3E7     		b	.L19
 258              	.L15:
  75:Display/MenuManager.cpp ****     else if (_current_state == THRESHOLDS_HUB) _cursor_state = TOUCHTHS_VALUE;
 259              		.loc 1 75 10 is_stmt 1 view .LVU85
 260 0072 032A     		cmp	r2, #3
 261 0074 01D1     		bne	.L16
  75:Display/MenuManager.cpp ****     else if (_current_state == THRESHOLDS_HUB) _cursor_state = TOUCHTHS_VALUE;
 262              		.loc 1 75 44 discriminator 1 view .LVU86
  75:Display/MenuManager.cpp ****     else if (_current_state == THRESHOLDS_HUB) _cursor_state = TOUCHTHS_VALUE;
 263              		.loc 1 75 58 is_stmt 0 discriminator 1 view .LVU87
 264 0076 0A23     		movs	r3, #10
ARM GAS  C:\Users\skipi\AppData\Local\Temp\ccFBILfM.s 			page 8


 265 0078 EFE7     		b	.L19
 266              	.L16:
  76:Display/MenuManager.cpp **** }
 267              		.loc 1 76 10 is_stmt 1 view .LVU88
 268 007a 052A     		cmp	r2, #5
 269 007c D0D1     		bne	.L4
  76:Display/MenuManager.cpp **** }
 270              		.loc 1 76 48 discriminator 1 view .LVU89
  76:Display/MenuManager.cpp **** }
 271              		.loc 1 76 62 is_stmt 0 discriminator 1 view .LVU90
 272 007e 0D23     		movs	r3, #13
 273 0080 EBE7     		b	.L19
 274              		.cfi_endproc
 275              	.LFE5082:
 277              		.section	.text._ZN11MenuManager11IsLeafStateEv,"ax",%progbits
 278              		.align	1
 279              		.global	_ZN11MenuManager11IsLeafStateEv
 280              		.syntax unified
 281              		.thumb
 282              		.thumb_func
 283              		.fpu fpv5-d16
 285              	_ZN11MenuManager11IsLeafStateEv:
 286              	.LVL8:
 287              	.LFB5083:
  78:Display/MenuManager.cpp **** 
  79:Display/MenuManager.cpp **** bool MenuManager::IsLeafState() {
 288              		.loc 1 79 33 is_stmt 1 view -0
 289              		.cfi_startproc
 290              		@ args = 0, pretend = 0, frame = 0
 291              		@ frame_needed = 0, uses_anonymous_args = 0
 292              		@ link register save eliminated.
  80:Display/MenuManager.cpp ****     return (_current_state == DELTA || _current_state == CURVE || 
 293              		.loc 1 80 5 view .LVU92
 294              		.loc 1 80 13 is_stmt 0 view .LVU93
 295 0000 0078     		ldrb	r0, [r0]	@ zero_extendqisi2
 296              	.LVL9:
  81:Display/MenuManager.cpp ****             _current_state == HYSTERESIS || _current_state == FILTER_TYPE ||
  82:Display/MenuManager.cpp ****             _current_state == ROOT || _current_state == SCALE || 
  83:Display/MenuManager.cpp ****             _current_state == OCTAVE || _current_state == TOUCHTHS_VALUE || 
  84:Display/MenuManager.cpp ****             _current_state == RELTHS_VALUE || _current_state == PRESETS_HUB );
 297              		.loc 1 84 44 view .LVU94
 298 0002 831F     		subs	r3, r0, #6
 299 0004 082B     		cmp	r3, #8
 300 0006 03D9     		bls	.L23
 301              		.loc 1 84 44 discriminator 2 view .LVU95
 302 0008 031F     		subs	r3, r0, #4
 303 000a 5842     		rsbs	r0, r3, #0
 304 000c 5841     		adcs	r0, r0, r3
 305 000e 7047     		bx	lr
 306              	.L23:
 307              		.loc 1 84 44 view .LVU96
 308 0010 0120     		movs	r0, #1
  85:Display/MenuManager.cpp **** }
 309              		.loc 1 85 1 view .LVU97
 310 0012 7047     		bx	lr
 311              		.cfi_endproc
 312              	.LFE5083:
ARM GAS  C:\Users\skipi\AppData\Local\Temp\ccFBILfM.s 			page 9


 314              		.section	.text._ZN11MenuManager12CursorUpdateEi,"ax",%progbits
 315              		.align	1
 316              		.global	_ZN11MenuManager12CursorUpdateEi
 317              		.syntax unified
 318              		.thumb
 319              		.thumb_func
 320              		.fpu fpv5-d16
 322              	_ZN11MenuManager12CursorUpdateEi:
 323              	.LVL10:
 324              	.LFB5084:
  86:Display/MenuManager.cpp **** 
  87:Display/MenuManager.cpp **** 
  88:Display/MenuManager.cpp **** MenuManager::MenuState MenuManager::CursorUpdate(int rotation) {   
 325              		.loc 1 88 64 is_stmt 1 view -0
 326              		.cfi_startproc
 327              		@ args = 0, pretend = 0, frame = 0
 328              		@ frame_needed = 0, uses_anonymous_args = 0
  89:Display/MenuManager.cpp ****     _lastInteractionTime = daisy::System::GetNow(); 
 329              		.loc 1 89 5 view .LVU99
  88:Display/MenuManager.cpp ****     _lastInteractionTime = daisy::System::GetNow(); 
 330              		.loc 1 88 64 is_stmt 0 view .LVU100
 331 0000 38B5     		push	{r3, r4, r5, lr}
 332              		.cfi_def_cfa_offset 16
 333              		.cfi_offset 3, -16
 334              		.cfi_offset 4, -12
 335              		.cfi_offset 5, -8
 336              		.cfi_offset 14, -4
  88:Display/MenuManager.cpp ****     _lastInteractionTime = daisy::System::GetNow(); 
 337              		.loc 1 88 64 view .LVU101
 338 0002 0446     		mov	r4, r0
 339 0004 0D46     		mov	r5, r1
 340              		.loc 1 89 49 view .LVU102
 341 0006 FFF7FEFF 		bl	_ZN5daisy6System6GetNowEv
 342              	.LVL11:
  90:Display/MenuManager.cpp ****     switch (_current_state)
 343              		.loc 1 90 13 view .LVU103
 344 000a 2278     		ldrb	r2, [r4]	@ zero_extendqisi2
  89:Display/MenuManager.cpp ****     _lastInteractionTime = daisy::System::GetNow(); 
 345              		.loc 1 89 26 view .LVU104
 346 000c 2063     		str	r0, [r4, #48]
 347              		.loc 1 90 5 is_stmt 1 view .LVU105
 348 000e 531E     		subs	r3, r2, #1
 349 0010 042B     		cmp	r3, #4
 350 0012 20D8     		bhi	.L25
 351 0014 DFE803F0 		tbb	[pc, r3]
 352              	.L27:
 353 0018 03       		.byte	(.L30-.L27)/2
 354 0019 26       		.byte	(.L29-.L27)/2
 355 001a 4C       		.byte	(.L28-.L27)/2
 356 001b 1F       		.byte	(.L25-.L27)/2
 357 001c 66       		.byte	(.L26-.L27)/2
 358 001d 00       		.p2align 1
 359              	.L30:
  91:Display/MenuManager.cpp ****     {
  92:Display/MenuManager.cpp ****     case PLAYMODE:
  93:Display/MenuManager.cpp ****         // In PLAYMODE, the cursor state does not change with rotation
  94:Display/MenuManager.cpp ****         break;
ARM GAS  C:\Users\skipi\AppData\Local\Temp\ccFBILfM.s 			page 10


  95:Display/MenuManager.cpp ****     case MAIN_MENU:
 360              		.loc 1 95 5 view .LVU106
  96:Display/MenuManager.cpp ****         if (rotation > 0) {
 361              		.loc 1 96 9 view .LVU107
 362 001e 002D     		cmp	r5, #0
  97:Display/MenuManager.cpp ****             if (_cursor_state == CALIBRATION_HUB) _cursor_state = SCALES_HUB;
 363              		.loc 1 97 17 is_stmt 0 view .LVU108
 364 0020 6378     		ldrb	r3, [r4, #1]	@ zero_extendqisi2
  96:Display/MenuManager.cpp ****         if (rotation > 0) {
 365              		.loc 1 96 9 view .LVU109
 366 0022 10DD     		ble	.L31
 367              		.loc 1 97 13 is_stmt 1 view .LVU110
 368 0024 022B     		cmp	r3, #2
 369 0026 02D1     		bne	.L32
 370              	.L36:
 371              		.loc 1 97 51 discriminator 1 view .LVU111
 372              		.loc 1 97 65 is_stmt 0 discriminator 1 view .LVU112
 373 0028 0323     		movs	r3, #3
 374              	.L123:
  98:Display/MenuManager.cpp ****             else if (_cursor_state == SCALES_HUB) _cursor_state = PRESETS_HUB;
  99:Display/MenuManager.cpp ****             else if (_cursor_state == PRESETS_HUB) _cursor_state = BACK;
 100:Display/MenuManager.cpp ****             else if (_cursor_state == BACK) _cursor_state = CALIBRATION_HUB;
 101:Display/MenuManager.cpp ****         } else {
 102:Display/MenuManager.cpp ****             if (_cursor_state == BACK) _cursor_state = PRESETS_HUB;                  
 103:Display/MenuManager.cpp ****             else if (_cursor_state == PRESETS_HUB) _cursor_state = SCALES_HUB;                     
 104:Display/MenuManager.cpp ****             else if (_cursor_state == SCALES_HUB) _cursor_state = CALIBRATION_HUB;
 105:Display/MenuManager.cpp ****             else if (_cursor_state == CALIBRATION_HUB) _cursor_state = BACK;
 106:Display/MenuManager.cpp ****         }
 107:Display/MenuManager.cpp ****         break;
 108:Display/MenuManager.cpp ****     case CALIBRATION_HUB:
 109:Display/MenuManager.cpp ****         if (rotation > 0) {
 110:Display/MenuManager.cpp ****             if (_cursor_state == DELTA)                _cursor_state = CURVE;
 111:Display/MenuManager.cpp ****             else if (_cursor_state == CURVE)           _cursor_state = HYSTERESIS;
 112:Display/MenuManager.cpp ****             else if (_cursor_state == HYSTERESIS)      _cursor_state = FILTER_TYPE; 
 113:Display/MenuManager.cpp ****             else if (_cursor_state == FILTER_TYPE)     _cursor_state = THRESHOLDS_HUB;
 114:Display/MenuManager.cpp ****             else if (_cursor_state == THRESHOLDS_HUB)  _cursor_state = BACK;       
 115:Display/MenuManager.cpp ****             else if (_cursor_state == BACK)            _cursor_state = DELTA;
 116:Display/MenuManager.cpp ****         } else {
 117:Display/MenuManager.cpp ****             if (_cursor_state == DELTA)                _cursor_state = BACK;
 118:Display/MenuManager.cpp ****             else if (_cursor_state == CURVE)           _cursor_state = DELTA;
 119:Display/MenuManager.cpp ****             else if (_cursor_state == HYSTERESIS)      _cursor_state = CURVE;
 120:Display/MenuManager.cpp ****             else if (_cursor_state == FILTER_TYPE)     _cursor_state = HYSTERESIS;
 121:Display/MenuManager.cpp ****             else if (_cursor_state == THRESHOLDS_HUB)  _cursor_state = FILTER_TYPE;
 122:Display/MenuManager.cpp ****             else if (_cursor_state == BACK)            _cursor_state = THRESHOLDS_HUB; 
 123:Display/MenuManager.cpp ****         }
 124:Display/MenuManager.cpp ****         break;
 125:Display/MenuManager.cpp ****     case SCALES_HUB:
 126:Display/MenuManager.cpp ****         if (rotation > 0) {
 127:Display/MenuManager.cpp ****             if (_cursor_state == ROOT) _cursor_state = SCALE;
 128:Display/MenuManager.cpp ****             else if (_cursor_state == SCALE) _cursor_state = OCTAVE;
 129:Display/MenuManager.cpp ****             else if (_cursor_state == OCTAVE) _cursor_state = BACK;
 130:Display/MenuManager.cpp ****             else if (_cursor_state == BACK) _cursor_state = ROOT;
 131:Display/MenuManager.cpp ****         } else {
 132:Display/MenuManager.cpp ****             if (_cursor_state == ROOT) _cursor_state = BACK;
 133:Display/MenuManager.cpp ****             else if (_cursor_state == SCALE) _cursor_state = ROOT;
 134:Display/MenuManager.cpp ****             else if (_cursor_state == OCTAVE) _cursor_state = SCALE;
 135:Display/MenuManager.cpp ****             else if (_cursor_state == BACK) _cursor_state = OCTAVE;
ARM GAS  C:\Users\skipi\AppData\Local\Temp\ccFBILfM.s 			page 11


 136:Display/MenuManager.cpp ****         }
 137:Display/MenuManager.cpp ****         break;
 138:Display/MenuManager.cpp ****     case THRESHOLDS_HUB:
 139:Display/MenuManager.cpp ****         if (rotation > 0) {
 140:Display/MenuManager.cpp ****             if (_cursor_state == TOUCHTHS_VALUE) _cursor_state = RELTHS_VALUE;
 141:Display/MenuManager.cpp ****             else if (_cursor_state == RELTHS_VALUE) _cursor_state = BACK;
 142:Display/MenuManager.cpp ****             else if (_cursor_state == BACK) _cursor_state = TOUCHTHS_VALUE;
 375              		.loc 1 142 59 discriminator 1 view .LVU113
 376 002a 6370     		strb	r3, [r4, #1]
 377 002c 13E0     		b	.L25
 378              	.L32:
  98:Display/MenuManager.cpp ****             else if (_cursor_state == SCALES_HUB) _cursor_state = PRESETS_HUB;
 379              		.loc 1 98 18 is_stmt 1 view .LVU114
 380 002e 032B     		cmp	r3, #3
 381 0030 01D1     		bne	.L33
 382              	.L35:
  98:Display/MenuManager.cpp ****             else if (_cursor_state == SCALES_HUB) _cursor_state = PRESETS_HUB;
 383              		.loc 1 98 51 discriminator 1 view .LVU115
  98:Display/MenuManager.cpp ****             else if (_cursor_state == SCALES_HUB) _cursor_state = PRESETS_HUB;
 384              		.loc 1 98 65 is_stmt 0 discriminator 1 view .LVU116
 385 0032 0423     		movs	r3, #4
 386 0034 F9E7     		b	.L123
 387              	.L33:
  99:Display/MenuManager.cpp ****             else if (_cursor_state == BACK) _cursor_state = CALIBRATION_HUB;
 388              		.loc 1 99 18 is_stmt 1 view .LVU117
 389 0036 042B     		cmp	r3, #4
 390 0038 01D1     		bne	.L34
 391              	.L38:
  99:Display/MenuManager.cpp ****             else if (_cursor_state == BACK) _cursor_state = CALIBRATION_HUB;
 392              		.loc 1 99 52 discriminator 1 view .LVU118
  99:Display/MenuManager.cpp ****             else if (_cursor_state == BACK) _cursor_state = CALIBRATION_HUB;
 393              		.loc 1 99 66 is_stmt 0 discriminator 1 view .LVU119
 394 003a 0F23     		movs	r3, #15
 395 003c F5E7     		b	.L123
 396              	.L34:
 100:Display/MenuManager.cpp ****         } else {
 397              		.loc 1 100 18 is_stmt 1 view .LVU120
 398 003e 0F2B     		cmp	r3, #15
 399 0040 09D1     		bne	.L25
 400              	.L37:
 100:Display/MenuManager.cpp ****         } else {
 401              		.loc 1 100 45 discriminator 1 view .LVU121
 100:Display/MenuManager.cpp ****         } else {
 402              		.loc 1 100 59 is_stmt 0 discriminator 1 view .LVU122
 403 0042 0223     		movs	r3, #2
 404 0044 F1E7     		b	.L123
 405              	.L31:
 102:Display/MenuManager.cpp ****             else if (_cursor_state == PRESETS_HUB) _cursor_state = SCALES_HUB;                     
 406              		.loc 1 102 13 is_stmt 1 view .LVU123
 407 0046 0F2B     		cmp	r3, #15
 408 0048 F3D0     		beq	.L35
 103:Display/MenuManager.cpp ****             else if (_cursor_state == SCALES_HUB) _cursor_state = CALIBRATION_HUB;
 409              		.loc 1 103 18 view .LVU124
 410 004a 042B     		cmp	r3, #4
 411 004c ECD0     		beq	.L36
 104:Display/MenuManager.cpp ****             else if (_cursor_state == CALIBRATION_HUB) _cursor_state = BACK;
 412              		.loc 1 104 18 view .LVU125
ARM GAS  C:\Users\skipi\AppData\Local\Temp\ccFBILfM.s 			page 12


 413 004e 032B     		cmp	r3, #3
 414 0050 F7D0     		beq	.L37
 105:Display/MenuManager.cpp ****         }
 415              		.loc 1 105 18 view .LVU126
 416 0052 022B     		cmp	r3, #2
 417 0054 F1D0     		beq	.L38
 418              	.L25:
 143:Display/MenuManager.cpp ****         } else {
 144:Display/MenuManager.cpp ****             if (_cursor_state == TOUCHTHS_VALUE) _cursor_state = BACK;
 145:Display/MenuManager.cpp ****             else if (_cursor_state == RELTHS_VALUE) _cursor_state = TOUCHTHS_VALUE;
 146:Display/MenuManager.cpp ****             else if (_cursor_state == BACK) _cursor_state = RELTHS_VALUE;
 147:Display/MenuManager.cpp ****         }
 148:Display/MenuManager.cpp ****         break;
 149:Display/MenuManager.cpp ****     default:
 150:Display/MenuManager.cpp ****         break;
 151:Display/MenuManager.cpp ****     }
 152:Display/MenuManager.cpp **** 
 153:Display/MenuManager.cpp ****     if (_current_state == DELTA || _current_state == CURVE || _current_state == HYSTERESIS || _curr
 419              		.loc 1 153 5 view .LVU127
 420 0056 931F     		subs	r3, r2, #6
 421 0058 032B     		cmp	r3, #3
 422 005a 57D8     		bhi	.L59
 423              		.loc 1 153 126 discriminator 1 view .LVU128
 424              		.loc 1 153 140 is_stmt 0 discriminator 1 view .LVU129
 425 005c 0223     		movs	r3, #2
 426              	.L124:
 154:Display/MenuManager.cpp ****     if (_current_state == ROOT || _current_state == SCALE || _current_state == OCTAVE) _cursor_stat
 155:Display/MenuManager.cpp ****     if (_current_state == TOUCHTHS_VALUE || _current_state == RELTHS_VALUE) _cursor_state = THRESHO
 156:Display/MenuManager.cpp ****     if (_current_state == PRESETS_HUB) _cursor_state = MAIN_MENU; 
 427              		.loc 1 156 54 discriminator 1 view .LVU130
 428 005e 6370     		strb	r3, [r4, #1]
 429              	.L60:
 157:Display/MenuManager.cpp **** 
 158:Display/MenuManager.cpp **** 
 159:Display/MenuManager.cpp ****     return _cursor_state;
 430              		.loc 1 159 5 is_stmt 1 view .LVU131
 160:Display/MenuManager.cpp **** }
 431              		.loc 1 160 1 is_stmt 0 view .LVU132
 432 0060 6078     		ldrb	r0, [r4, #1]	@ zero_extendqisi2
 433 0062 38BD     		pop	{r3, r4, r5, pc}
 434              	.LVL12:
 435              	.L29:
 108:Display/MenuManager.cpp ****         if (rotation > 0) {
 436              		.loc 1 108 5 is_stmt 1 view .LVU133
 109:Display/MenuManager.cpp ****             if (_cursor_state == DELTA)                _cursor_state = CURVE;
 437              		.loc 1 109 9 view .LVU134
 438 0064 002D     		cmp	r5, #0
  97:Display/MenuManager.cpp ****             else if (_cursor_state == SCALES_HUB) _cursor_state = PRESETS_HUB;
 439              		.loc 1 97 17 is_stmt 0 view .LVU135
 440 0066 6378     		ldrb	r3, [r4, #1]	@ zero_extendqisi2
 109:Display/MenuManager.cpp ****             if (_cursor_state == DELTA)                _cursor_state = CURVE;
 441              		.loc 1 109 9 view .LVU136
 442 0068 15DD     		ble	.L39
 110:Display/MenuManager.cpp ****             else if (_cursor_state == CURVE)           _cursor_state = HYSTERESIS;
 443              		.loc 1 110 13 is_stmt 1 view .LVU137
 444 006a 072B     		cmp	r3, #7
 445 006c 01D1     		bne	.L40
ARM GAS  C:\Users\skipi\AppData\Local\Temp\ccFBILfM.s 			page 13


 446              	.L45:
 110:Display/MenuManager.cpp ****             else if (_cursor_state == CURVE)           _cursor_state = HYSTERESIS;
 447              		.loc 1 110 56 discriminator 1 view .LVU138
 110:Display/MenuManager.cpp ****             else if (_cursor_state == CURVE)           _cursor_state = HYSTERESIS;
 448              		.loc 1 110 70 is_stmt 0 discriminator 1 view .LVU139
 449 006e 0623     		movs	r3, #6
 450 0070 DBE7     		b	.L123
 451              	.L40:
 111:Display/MenuManager.cpp ****             else if (_cursor_state == HYSTERESIS)      _cursor_state = FILTER_TYPE; 
 452              		.loc 1 111 18 is_stmt 1 view .LVU140
 453 0072 062B     		cmp	r3, #6
 454 0074 01D1     		bne	.L41
 455              	.L46:
 111:Display/MenuManager.cpp ****             else if (_cursor_state == HYSTERESIS)      _cursor_state = FILTER_TYPE; 
 456              		.loc 1 111 56 discriminator 1 view .LVU141
 111:Display/MenuManager.cpp ****             else if (_cursor_state == HYSTERESIS)      _cursor_state = FILTER_TYPE; 
 457              		.loc 1 111 70 is_stmt 0 discriminator 1 view .LVU142
 458 0076 0823     		movs	r3, #8
 459 0078 D7E7     		b	.L123
 460              	.L41:
 112:Display/MenuManager.cpp ****             else if (_cursor_state == FILTER_TYPE)     _cursor_state = THRESHOLDS_HUB;
 461              		.loc 1 112 18 is_stmt 1 view .LVU143
 462 007a 082B     		cmp	r3, #8
 463 007c 01D1     		bne	.L42
 464              	.L47:
 112:Display/MenuManager.cpp ****             else if (_cursor_state == FILTER_TYPE)     _cursor_state = THRESHOLDS_HUB;
 465              		.loc 1 112 56 discriminator 1 view .LVU144
 112:Display/MenuManager.cpp ****             else if (_cursor_state == FILTER_TYPE)     _cursor_state = THRESHOLDS_HUB;
 466              		.loc 1 112 70 is_stmt 0 discriminator 1 view .LVU145
 467 007e 0923     		movs	r3, #9
 468 0080 D3E7     		b	.L123
 469              	.L42:
 113:Display/MenuManager.cpp ****             else if (_cursor_state == THRESHOLDS_HUB)  _cursor_state = BACK;       
 470              		.loc 1 113 18 is_stmt 1 view .LVU146
 471 0082 092B     		cmp	r3, #9
 472 0084 01D1     		bne	.L43
 473              	.L48:
 113:Display/MenuManager.cpp ****             else if (_cursor_state == THRESHOLDS_HUB)  _cursor_state = BACK;       
 474              		.loc 1 113 56 discriminator 1 view .LVU147
 113:Display/MenuManager.cpp ****             else if (_cursor_state == THRESHOLDS_HUB)  _cursor_state = BACK;       
 475              		.loc 1 113 70 is_stmt 0 discriminator 1 view .LVU148
 476 0086 0523     		movs	r3, #5
 477 0088 CFE7     		b	.L123
 478              	.L43:
 114:Display/MenuManager.cpp ****             else if (_cursor_state == BACK)            _cursor_state = DELTA;
 479              		.loc 1 114 18 is_stmt 1 view .LVU149
 480 008a 052B     		cmp	r3, #5
 481 008c D5D0     		beq	.L38
 115:Display/MenuManager.cpp ****         } else {
 482              		.loc 1 115 18 view .LVU150
 483 008e 0F2B     		cmp	r3, #15
 484 0090 E1D1     		bne	.L25
 485              	.L44:
 115:Display/MenuManager.cpp ****         } else {
 486              		.loc 1 115 56 discriminator 1 view .LVU151
 115:Display/MenuManager.cpp ****         } else {
 487              		.loc 1 115 70 is_stmt 0 discriminator 1 view .LVU152
ARM GAS  C:\Users\skipi\AppData\Local\Temp\ccFBILfM.s 			page 14


 488 0092 0723     		movs	r3, #7
 489 0094 C9E7     		b	.L123
 490              	.L39:
 117:Display/MenuManager.cpp ****             else if (_cursor_state == CURVE)           _cursor_state = DELTA;
 491              		.loc 1 117 13 is_stmt 1 view .LVU153
 492 0096 072B     		cmp	r3, #7
 493 0098 CFD0     		beq	.L38
 118:Display/MenuManager.cpp ****             else if (_cursor_state == HYSTERESIS)      _cursor_state = CURVE;
 494              		.loc 1 118 18 view .LVU154
 495 009a 062B     		cmp	r3, #6
 496 009c F9D0     		beq	.L44
 119:Display/MenuManager.cpp ****             else if (_cursor_state == FILTER_TYPE)     _cursor_state = HYSTERESIS;
 497              		.loc 1 119 18 view .LVU155
 498 009e 082B     		cmp	r3, #8
 499 00a0 E5D0     		beq	.L45
 120:Display/MenuManager.cpp ****             else if (_cursor_state == THRESHOLDS_HUB)  _cursor_state = FILTER_TYPE;
 500              		.loc 1 120 18 view .LVU156
 501 00a2 092B     		cmp	r3, #9
 502 00a4 E7D0     		beq	.L46
 121:Display/MenuManager.cpp ****             else if (_cursor_state == BACK)            _cursor_state = THRESHOLDS_HUB; 
 503              		.loc 1 121 18 view .LVU157
 504 00a6 052B     		cmp	r3, #5
 505 00a8 E9D0     		beq	.L47
 122:Display/MenuManager.cpp ****         }
 506              		.loc 1 122 18 view .LVU158
 507 00aa 0F2B     		cmp	r3, #15
 508 00ac D3D1     		bne	.L25
 509 00ae EAE7     		b	.L48
 510              	.L28:
 125:Display/MenuManager.cpp ****         if (rotation > 0) {
 511              		.loc 1 125 5 view .LVU159
 126:Display/MenuManager.cpp ****             if (_cursor_state == ROOT) _cursor_state = SCALE;
 512              		.loc 1 126 9 view .LVU160
 513 00b0 002D     		cmp	r5, #0
  97:Display/MenuManager.cpp ****             else if (_cursor_state == SCALES_HUB) _cursor_state = PRESETS_HUB;
 514              		.loc 1 97 17 is_stmt 0 view .LVU161
 515 00b2 6378     		ldrb	r3, [r4, #1]	@ zero_extendqisi2
 126:Display/MenuManager.cpp ****             if (_cursor_state == ROOT) _cursor_state = SCALE;
 516              		.loc 1 126 9 view .LVU162
 517 00b4 0DDD     		ble	.L49
 127:Display/MenuManager.cpp ****             else if (_cursor_state == SCALE) _cursor_state = OCTAVE;
 518              		.loc 1 127 13 is_stmt 1 view .LVU163
 519 00b6 0A2B     		cmp	r3, #10
 520 00b8 01D1     		bne	.L50
 521              	.L53:
 127:Display/MenuManager.cpp ****             else if (_cursor_state == SCALE) _cursor_state = OCTAVE;
 522              		.loc 1 127 40 discriminator 1 view .LVU164
 127:Display/MenuManager.cpp ****             else if (_cursor_state == SCALE) _cursor_state = OCTAVE;
 523              		.loc 1 127 54 is_stmt 0 discriminator 1 view .LVU165
 524 00ba 0B23     		movs	r3, #11
 525 00bc B5E7     		b	.L123
 526              	.L50:
 128:Display/MenuManager.cpp ****             else if (_cursor_state == OCTAVE) _cursor_state = BACK;
 527              		.loc 1 128 18 is_stmt 1 view .LVU166
 528 00be 0B2B     		cmp	r3, #11
 529 00c0 01D1     		bne	.L51
 530              	.L54:
ARM GAS  C:\Users\skipi\AppData\Local\Temp\ccFBILfM.s 			page 15


 128:Display/MenuManager.cpp ****             else if (_cursor_state == OCTAVE) _cursor_state = BACK;
 531              		.loc 1 128 46 discriminator 1 view .LVU167
 128:Display/MenuManager.cpp ****             else if (_cursor_state == OCTAVE) _cursor_state = BACK;
 532              		.loc 1 128 60 is_stmt 0 discriminator 1 view .LVU168
 533 00c2 0C23     		movs	r3, #12
 534 00c4 B1E7     		b	.L123
 535              	.L51:
 129:Display/MenuManager.cpp ****             else if (_cursor_state == BACK) _cursor_state = ROOT;
 536              		.loc 1 129 18 is_stmt 1 view .LVU169
 537 00c6 0C2B     		cmp	r3, #12
 538 00c8 B7D0     		beq	.L38
 130:Display/MenuManager.cpp ****         } else {
 539              		.loc 1 130 18 view .LVU170
 540 00ca 0F2B     		cmp	r3, #15
 541 00cc C3D1     		bne	.L25
 542              	.L52:
 130:Display/MenuManager.cpp ****         } else {
 543              		.loc 1 130 45 discriminator 1 view .LVU171
 130:Display/MenuManager.cpp ****         } else {
 544              		.loc 1 130 59 is_stmt 0 discriminator 1 view .LVU172
 545 00ce 0A23     		movs	r3, #10
 546 00d0 ABE7     		b	.L123
 547              	.L49:
 132:Display/MenuManager.cpp ****             else if (_cursor_state == SCALE) _cursor_state = ROOT;
 548              		.loc 1 132 13 is_stmt 1 view .LVU173
 549 00d2 0A2B     		cmp	r3, #10
 550 00d4 B1D0     		beq	.L38
 133:Display/MenuManager.cpp ****             else if (_cursor_state == OCTAVE) _cursor_state = SCALE;
 551              		.loc 1 133 18 view .LVU174
 552 00d6 0B2B     		cmp	r3, #11
 553 00d8 F9D0     		beq	.L52
 134:Display/MenuManager.cpp ****             else if (_cursor_state == BACK) _cursor_state = OCTAVE;
 554              		.loc 1 134 18 view .LVU175
 555 00da 0C2B     		cmp	r3, #12
 556 00dc EDD0     		beq	.L53
 135:Display/MenuManager.cpp ****         }
 557              		.loc 1 135 18 view .LVU176
 558 00de 0F2B     		cmp	r3, #15
 559 00e0 B9D1     		bne	.L25
 560 00e2 EEE7     		b	.L54
 561              	.L26:
 138:Display/MenuManager.cpp ****         if (rotation > 0) {
 562              		.loc 1 138 5 view .LVU177
 139:Display/MenuManager.cpp ****             if (_cursor_state == TOUCHTHS_VALUE) _cursor_state = RELTHS_VALUE;
 563              		.loc 1 139 9 view .LVU178
 564 00e4 002D     		cmp	r5, #0
  97:Display/MenuManager.cpp ****             else if (_cursor_state == SCALES_HUB) _cursor_state = PRESETS_HUB;
 565              		.loc 1 97 17 is_stmt 0 view .LVU179
 566 00e6 6378     		ldrb	r3, [r4, #1]	@ zero_extendqisi2
 139:Display/MenuManager.cpp ****             if (_cursor_state == TOUCHTHS_VALUE) _cursor_state = RELTHS_VALUE;
 567              		.loc 1 139 9 view .LVU180
 568 00e8 09DD     		ble	.L55
 140:Display/MenuManager.cpp ****             else if (_cursor_state == RELTHS_VALUE) _cursor_state = BACK;
 569              		.loc 1 140 13 is_stmt 1 view .LVU181
 570 00ea 0D2B     		cmp	r3, #13
 571 00ec 01D1     		bne	.L56
 572              	.L58:
ARM GAS  C:\Users\skipi\AppData\Local\Temp\ccFBILfM.s 			page 16


 140:Display/MenuManager.cpp ****             else if (_cursor_state == RELTHS_VALUE) _cursor_state = BACK;
 573              		.loc 1 140 50 discriminator 1 view .LVU182
 140:Display/MenuManager.cpp ****             else if (_cursor_state == RELTHS_VALUE) _cursor_state = BACK;
 574              		.loc 1 140 64 is_stmt 0 discriminator 1 view .LVU183
 575 00ee 0E23     		movs	r3, #14
 576 00f0 9BE7     		b	.L123
 577              	.L56:
 141:Display/MenuManager.cpp ****             else if (_cursor_state == BACK) _cursor_state = TOUCHTHS_VALUE;
 578              		.loc 1 141 18 is_stmt 1 view .LVU184
 579 00f2 0E2B     		cmp	r3, #14
 580 00f4 A1D0     		beq	.L38
 142:Display/MenuManager.cpp ****         } else {
 581              		.loc 1 142 18 view .LVU185
 582 00f6 0F2B     		cmp	r3, #15
 583 00f8 ADD1     		bne	.L25
 584              	.L57:
 142:Display/MenuManager.cpp ****         } else {
 585              		.loc 1 142 45 discriminator 1 view .LVU186
 142:Display/MenuManager.cpp ****         } else {
 586              		.loc 1 142 59 is_stmt 0 discriminator 1 view .LVU187
 587 00fa 0D23     		movs	r3, #13
 588 00fc 95E7     		b	.L123
 589              	.L55:
 144:Display/MenuManager.cpp ****             else if (_cursor_state == RELTHS_VALUE) _cursor_state = TOUCHTHS_VALUE;
 590              		.loc 1 144 13 is_stmt 1 view .LVU188
 591 00fe 0D2B     		cmp	r3, #13
 592 0100 9BD0     		beq	.L38
 145:Display/MenuManager.cpp ****             else if (_cursor_state == BACK) _cursor_state = RELTHS_VALUE;
 593              		.loc 1 145 18 view .LVU189
 594 0102 0E2B     		cmp	r3, #14
 595 0104 F9D0     		beq	.L57
 146:Display/MenuManager.cpp ****         }
 596              		.loc 1 146 18 view .LVU190
 597 0106 0F2B     		cmp	r3, #15
 598 0108 A5D1     		bne	.L25
 599 010a F0E7     		b	.L58
 600              	.L59:
 154:Display/MenuManager.cpp ****     if (_current_state == TOUCHTHS_VALUE || _current_state == RELTHS_VALUE) _cursor_state = THRESHO
 601              		.loc 1 154 5 view .LVU191
 602 010c A2F10A03 		sub	r3, r2, #10
 603 0110 022B     		cmp	r3, #2
 604 0112 01D8     		bhi	.L61
 154:Display/MenuManager.cpp ****     if (_current_state == TOUCHTHS_VALUE || _current_state == RELTHS_VALUE) _cursor_state = THRESHO
 605              		.loc 1 154 88 discriminator 1 view .LVU192
 154:Display/MenuManager.cpp ****     if (_current_state == TOUCHTHS_VALUE || _current_state == RELTHS_VALUE) _cursor_state = THRESHO
 606              		.loc 1 154 102 is_stmt 0 discriminator 1 view .LVU193
 607 0114 0323     		movs	r3, #3
 608 0116 A2E7     		b	.L124
 609              	.L61:
 155:Display/MenuManager.cpp ****     if (_current_state == PRESETS_HUB) _cursor_state = MAIN_MENU; 
 610              		.loc 1 155 5 is_stmt 1 view .LVU194
 611 0118 A2F10D03 		sub	r3, r2, #13
 612 011c 012B     		cmp	r3, #1
 613 011e 01D8     		bhi	.L62
 155:Display/MenuManager.cpp ****     if (_current_state == PRESETS_HUB) _cursor_state = MAIN_MENU; 
 614              		.loc 1 155 77 discriminator 1 view .LVU195
 155:Display/MenuManager.cpp ****     if (_current_state == PRESETS_HUB) _cursor_state = MAIN_MENU; 
ARM GAS  C:\Users\skipi\AppData\Local\Temp\ccFBILfM.s 			page 17


 615              		.loc 1 155 91 is_stmt 0 discriminator 1 view .LVU196
 616 0120 0523     		movs	r3, #5
 617 0122 9CE7     		b	.L124
 618              	.L62:
 156:Display/MenuManager.cpp **** 
 619              		.loc 1 156 5 is_stmt 1 view .LVU197
 620 0124 042A     		cmp	r2, #4
 621 0126 9BD1     		bne	.L60
 156:Display/MenuManager.cpp **** 
 622              		.loc 1 156 40 discriminator 1 view .LVU198
 156:Display/MenuManager.cpp **** 
 623              		.loc 1 156 54 is_stmt 0 discriminator 1 view .LVU199
 624 0128 0123     		movs	r3, #1
 625 012a 98E7     		b	.L124
 626              		.cfi_endproc
 627              	.LFE5084:
 629              		.section	.text._ZN11MenuManager11ValueUpdateEi,"ax",%progbits
 630              		.align	1
 631              		.global	_ZN11MenuManager11ValueUpdateEi
 632              		.syntax unified
 633              		.thumb
 634              		.thumb_func
 635              		.fpu fpv5-d16
 637              	_ZN11MenuManager11ValueUpdateEi:
 638              	.LVL13:
 639              	.LFB5085:
 161:Display/MenuManager.cpp **** 
 162:Display/MenuManager.cpp **** void MenuManager::ValueUpdate(int rotation){
 640              		.loc 1 162 44 is_stmt 1 view -0
 641              		.cfi_startproc
 642              		@ args = 0, pretend = 0, frame = 0
 643              		@ frame_needed = 0, uses_anonymous_args = 0
 163:Display/MenuManager.cpp ****     _lastInteractionTime = daisy::System::GetNow(); 
 644              		.loc 1 163 5 view .LVU201
 162:Display/MenuManager.cpp ****     _lastInteractionTime = daisy::System::GetNow(); 
 645              		.loc 1 162 44 is_stmt 0 view .LVU202
 646 0000 38B5     		push	{r3, r4, r5, lr}
 647              		.cfi_def_cfa_offset 16
 648              		.cfi_offset 3, -16
 649              		.cfi_offset 4, -12
 650              		.cfi_offset 5, -8
 651              		.cfi_offset 14, -4
 162:Display/MenuManager.cpp ****     _lastInteractionTime = daisy::System::GetNow(); 
 652              		.loc 1 162 44 view .LVU203
 653 0002 0446     		mov	r4, r0
 654 0004 0D46     		mov	r5, r1
 655              		.loc 1 163 49 view .LVU204
 656 0006 FFF7FEFF 		bl	_ZN5daisy6System6GetNowEv
 657              	.LVL14:
 658              		.loc 1 163 49 view .LVU205
 659 000a 2378     		ldrb	r3, [r4]	@ zero_extendqisi2
 660              		.loc 1 163 26 view .LVU206
 661 000c 2063     		str	r0, [r4, #48]
 164:Display/MenuManager.cpp ****     switch (_current_state) {
 662              		.loc 1 164 5 is_stmt 1 view .LVU207
 663 000e 043B     		subs	r3, r3, #4
 664 0010 0A2B     		cmp	r3, #10
ARM GAS  C:\Users\skipi\AppData\Local\Temp\ccFBILfM.s 			page 18


 665 0012 1AD8     		bhi	.L125
 666 0014 DFE803F0 		tbb	[pc, r3]
 667              	.L128:
 668 0018 97       		.byte	(.L137-.L128)/2
 669 0019 19       		.byte	(.L125-.L128)/2
 670 001a 25       		.byte	(.L136-.L128)/2
 671 001b 06       		.byte	(.L135-.L128)/2
 672 001c 42       		.byte	(.L134-.L128)/2
 673 001d 4E       		.byte	(.L133-.L128)/2
 674 001e 5A       		.byte	(.L132-.L128)/2
 675 001f 66       		.byte	(.L131-.L128)/2
 676 0020 72       		.byte	(.L130-.L128)/2
 677 0021 7F       		.byte	(.L129-.L128)/2
 678 0022 8B       		.byte	(.L127-.L128)/2
 679 0023 00       		.p2align 1
 680              	.L135:
 165:Display/MenuManager.cpp ****         case DELTA:
 681              		.loc 1 165 9 view .LVU208
 166:Display/MenuManager.cpp ****             _outData.delta += (rotation * 5.0f);
 682              		.loc 1 166 13 view .LVU209
 683              		.loc 1 166 41 is_stmt 0 view .LVU210
 684 0024 07EE905A 		vmov	s15, r5	@ int
 685              		.loc 1 166 28 view .LVU211
 686 0028 B1EE047A 		vmov.f32	s14, #5.0e+0
 687              		.loc 1 166 41 view .LVU212
 688 002c F8EEE76A 		vcvt.f32.s32	s13, s15
 689              		.loc 1 166 28 view .LVU213
 690 0030 D4ED027A 		vldr.32	s15, [r4, #8]
 691 0034 E6EE877A 		vfma.f32	s15, s13, s14
 167:Display/MenuManager.cpp ****             if (_outData.delta < 1.0f) _outData.delta = 1.0f;
 692              		.loc 1 167 13 is_stmt 1 view .LVU214
 693 0038 B7EE007A 		vmov.f32	s14, #1.0e+0
 694 003c F4EEC77A 		vcmpe.f32	s15, s14
 695 0040 F1EE10FA 		vmrs	APSR_nzcv, FPSCR
 696 0044 02D5     		bpl	.L163
 697              		.loc 1 167 40 discriminator 1 view .LVU215
 698              		.loc 1 167 55 is_stmt 0 discriminator 1 view .LVU216
 699 0046 84ED027A 		vstr.32	s14, [r4, #8]
 168:Display/MenuManager.cpp ****             if (_outData.delta > 100.0f) _outData.delta = 100.0f;
 700              		.loc 1 168 13 is_stmt 1 discriminator 1 view .LVU217
 701              	.LVL15:
 702              	.L125:
 169:Display/MenuManager.cpp ****             break;
 170:Display/MenuManager.cpp **** 
 171:Display/MenuManager.cpp ****         case CURVE:
 172:Display/MenuManager.cpp ****             _outData.curve += (rotation * 0.1f);
 173:Display/MenuManager.cpp ****             if (_outData.curve < 0.1f) _outData.curve = 0.1f;
 174:Display/MenuManager.cpp ****             if (_outData.curve > 2.0f) _outData.curve = 2.0f;    
 175:Display/MenuManager.cpp ****             break;
 176:Display/MenuManager.cpp ****         
 177:Display/MenuManager.cpp ****         case HYSTERESIS:
 178:Display/MenuManager.cpp ****             _outData.hysteresis += (rotation * 1);
 179:Display/MenuManager.cpp ****             if (_outData.hysteresis < 0) _outData.hysteresis = 0;
 180:Display/MenuManager.cpp ****             if (_outData.hysteresis > 20) _outData.hysteresis = 20;
 181:Display/MenuManager.cpp ****             break;
 182:Display/MenuManager.cpp ****         
 183:Display/MenuManager.cpp ****         case FILTER_TYPE:                 
ARM GAS  C:\Users\skipi\AppData\Local\Temp\ccFBILfM.s 			page 19


 184:Display/MenuManager.cpp ****             _outData.filter_type += rotation;
 185:Display/MenuManager.cpp ****             if (_outData.filter_type < 0) _outData.filter_type = 0;
 186:Display/MenuManager.cpp ****             if (_outData.filter_type > 3) _outData.filter_type = 3;
 187:Display/MenuManager.cpp ****             break;
 188:Display/MenuManager.cpp **** 
 189:Display/MenuManager.cpp ****         case ROOT:
 190:Display/MenuManager.cpp ****             _outData.root += rotation;
 191:Display/MenuManager.cpp ****             if (_outData.root < 0) _outData.root = 0;
 192:Display/MenuManager.cpp ****             if (_outData.root > 11) _outData.root = 11;
 193:Display/MenuManager.cpp ****             break;
 194:Display/MenuManager.cpp **** 
 195:Display/MenuManager.cpp ****         case SCALE:
 196:Display/MenuManager.cpp ****             _outData.scale += rotation;
 197:Display/MenuManager.cpp ****             if (_outData.scale < 0) _outData.scale = 0;
 198:Display/MenuManager.cpp ****             if (_outData.scale > 6) _outData.scale = 6;
 199:Display/MenuManager.cpp ****             break;
 200:Display/MenuManager.cpp **** 
 201:Display/MenuManager.cpp ****         case OCTAVE:
 202:Display/MenuManager.cpp ****             _outData.octave += rotation;
 203:Display/MenuManager.cpp ****             if (_outData.octave < 1) _outData.octave = 1;
 204:Display/MenuManager.cpp ****             if (_outData.octave > 8) _outData.octave = 8;
 205:Display/MenuManager.cpp ****             break;
 206:Display/MenuManager.cpp **** 
 207:Display/MenuManager.cpp ****         case TOUCHTHS_VALUE:
 208:Display/MenuManager.cpp ****             _outData.touchths_value += rotation;
 209:Display/MenuManager.cpp ****             // check that value fits in an 8 bit register 
 210:Display/MenuManager.cpp ****             if (_outData.touchths_value < 0) _outData.touchths_value = 0;
 211:Display/MenuManager.cpp ****             if (_outData.touchths_value > 255) _outData.touchths_value = 255;
 212:Display/MenuManager.cpp ****             break;
 213:Display/MenuManager.cpp **** 
 214:Display/MenuManager.cpp ****         case RELTHS_VALUE:
 215:Display/MenuManager.cpp ****             _outData.relths_value += rotation;
 216:Display/MenuManager.cpp ****             // check that value fits in an 8 bit register 
 217:Display/MenuManager.cpp ****             if (_outData.relths_value < 0) _outData.relths_value = 0;
 218:Display/MenuManager.cpp ****             if (_outData.relths_value > 255) _outData.relths_value = 255;
 219:Display/MenuManager.cpp ****             break;    
 220:Display/MenuManager.cpp **** 
 221:Display/MenuManager.cpp ****         case PRESETS_HUB:
 222:Display/MenuManager.cpp ****             _outData.preset += rotation;
 223:Display/MenuManager.cpp ****             if (_outData.preset < 0) _outData.preset = 0;
 224:Display/MenuManager.cpp ****             if (_outData.preset > PRESET_NUM - 1 ) _outData.preset = PRESET_NUM - 1; 
 225:Display/MenuManager.cpp ****             break;
 226:Display/MenuManager.cpp **** 
 227:Display/MenuManager.cpp ****         default:
 228:Display/MenuManager.cpp ****             break; 
 229:Display/MenuManager.cpp ****     }
 230:Display/MenuManager.cpp **** }
 703              		.loc 1 230 1 is_stmt 0 view .LVU218
 704 004a 38BD     		pop	{r3, r4, r5, pc}
 705              	.LVL16:
 706              	.L163:
 168:Display/MenuManager.cpp ****             if (_outData.delta > 100.0f) _outData.delta = 100.0f;
 707              		.loc 1 168 13 is_stmt 1 view .LVU219
 708 004c 9FED447A 		vldr.32	s14, .L173
 166:Display/MenuManager.cpp ****             if (_outData.delta < 1.0f) _outData.delta = 1.0f;
 709              		.loc 1 166 28 is_stmt 0 view .LVU220
 710 0050 F4EEC77A 		vcmpe.f32	s15, s14
ARM GAS  C:\Users\skipi\AppData\Local\Temp\ccFBILfM.s 			page 20


 711 0054 F1EE10FA 		vmrs	APSR_nzcv, FPSCR
 712 0058 77FE277A 		vselgt.f32	s15, s14, s15
 713 005c C4ED027A 		vstr.32	s15, [r4, #8]
 714 0060 F3E7     		b	.L125
 715              	.L136:
 171:Display/MenuManager.cpp ****             _outData.curve += (rotation * 0.1f);
 716              		.loc 1 171 9 is_stmt 1 view .LVU221
 172:Display/MenuManager.cpp ****             if (_outData.curve < 0.1f) _outData.curve = 0.1f;
 717              		.loc 1 172 13 view .LVU222
 172:Display/MenuManager.cpp ****             if (_outData.curve < 0.1f) _outData.curve = 0.1f;
 718              		.loc 1 172 41 is_stmt 0 view .LVU223
 719 0062 07EE905A 		vmov	s15, r5	@ int
 172:Display/MenuManager.cpp ****             if (_outData.curve < 0.1f) _outData.curve = 0.1f;
 720              		.loc 1 172 28 view .LVU224
 721 0066 9FED3F7A 		vldr.32	s14, .L173+4
 172:Display/MenuManager.cpp ****             if (_outData.curve < 0.1f) _outData.curve = 0.1f;
 722              		.loc 1 172 41 view .LVU225
 723 006a F8EEE76A 		vcvt.f32.s32	s13, s15
 172:Display/MenuManager.cpp ****             if (_outData.curve < 0.1f) _outData.curve = 0.1f;
 724              		.loc 1 172 28 view .LVU226
 725 006e D4ED037A 		vldr.32	s15, [r4, #12]
 726 0072 E6EE877A 		vfma.f32	s15, s13, s14
 173:Display/MenuManager.cpp ****             if (_outData.curve > 2.0f) _outData.curve = 2.0f;    
 727              		.loc 1 173 13 is_stmt 1 view .LVU227
 728 0076 F4EEC77A 		vcmpe.f32	s15, s14
 729 007a F1EE10FA 		vmrs	APSR_nzcv, FPSCR
 730 007e 02D5     		bpl	.L164
 173:Display/MenuManager.cpp ****             if (_outData.curve > 2.0f) _outData.curve = 2.0f;    
 731              		.loc 1 173 40 discriminator 1 view .LVU228
 173:Display/MenuManager.cpp ****             if (_outData.curve > 2.0f) _outData.curve = 2.0f;    
 732              		.loc 1 173 55 is_stmt 0 discriminator 1 view .LVU229
 733 0080 84ED037A 		vstr.32	s14, [r4, #12]
 174:Display/MenuManager.cpp ****             break;
 734              		.loc 1 174 13 is_stmt 1 discriminator 1 view .LVU230
 735 0084 E1E7     		b	.L125
 736              	.L164:
 174:Display/MenuManager.cpp ****             break;
 737              		.loc 1 174 13 view .LVU231
 738 0086 B0EE007A 		vmov.f32	s14, #2.0e+0
 172:Display/MenuManager.cpp ****             if (_outData.curve < 0.1f) _outData.curve = 0.1f;
 739              		.loc 1 172 28 is_stmt 0 view .LVU232
 740 008a F4EEC77A 		vcmpe.f32	s15, s14
 741 008e F1EE10FA 		vmrs	APSR_nzcv, FPSCR
 742 0092 77FE277A 		vselgt.f32	s15, s14, s15
 743 0096 C4ED037A 		vstr.32	s15, [r4, #12]
 744 009a D6E7     		b	.L125
 745              	.L134:
 177:Display/MenuManager.cpp ****             _outData.hysteresis += (rotation * 1);
 746              		.loc 1 177 9 is_stmt 1 view .LVU233
 178:Display/MenuManager.cpp ****             if (_outData.hysteresis < 0) _outData.hysteresis = 0;
 747              		.loc 1 178 13 view .LVU234
 179:Display/MenuManager.cpp ****             if (_outData.hysteresis > 20) _outData.hysteresis = 20;
 748              		.loc 1 179 13 view .LVU235
 178:Display/MenuManager.cpp ****             if (_outData.hysteresis < 0) _outData.hysteresis = 0;
 749              		.loc 1 178 33 is_stmt 0 view .LVU236
 750 009c 6169     		ldr	r1, [r4, #20]
 179:Display/MenuManager.cpp ****             if (_outData.hysteresis > 20) _outData.hysteresis = 20;
ARM GAS  C:\Users\skipi\AppData\Local\Temp\ccFBILfM.s 			page 21


 751              		.loc 1 179 13 view .LVU237
 752 009e 6918     		adds	r1, r5, r1
 753 00a0 02D5     		bpl	.L145
 179:Display/MenuManager.cpp ****             if (_outData.hysteresis > 20) _outData.hysteresis = 20;
 754              		.loc 1 179 42 is_stmt 1 discriminator 1 view .LVU238
 179:Display/MenuManager.cpp ****             if (_outData.hysteresis > 20) _outData.hysteresis = 20;
 755              		.loc 1 179 62 is_stmt 0 discriminator 1 view .LVU239
 756 00a2 0023     		movs	r3, #0
 757              	.L166:
 180:Display/MenuManager.cpp ****             break;
 758              		.loc 1 180 63 discriminator 1 view .LVU240
 759 00a4 6361     		str	r3, [r4, #20]
 760 00a6 D0E7     		b	.L125
 761              	.L145:
 180:Display/MenuManager.cpp ****             break;
 762              		.loc 1 180 13 is_stmt 1 view .LVU241
 763 00a8 1429     		cmp	r1, #20
 764 00aa 01DC     		bgt	.L146
 178:Display/MenuManager.cpp ****             if (_outData.hysteresis < 0) _outData.hysteresis = 0;
 765              		.loc 1 178 33 is_stmt 0 view .LVU242
 766 00ac 6161     		str	r1, [r4, #20]
 767 00ae CCE7     		b	.L125
 768              	.L146:
 180:Display/MenuManager.cpp ****             break;
 769              		.loc 1 180 43 is_stmt 1 discriminator 1 view .LVU243
 180:Display/MenuManager.cpp ****             break;
 770              		.loc 1 180 63 is_stmt 0 discriminator 1 view .LVU244
 771 00b0 1423     		movs	r3, #20
 772 00b2 F7E7     		b	.L166
 773              	.L133:
 183:Display/MenuManager.cpp ****             _outData.filter_type += rotation;
 774              		.loc 1 183 9 is_stmt 1 view .LVU245
 184:Display/MenuManager.cpp ****             if (_outData.filter_type < 0) _outData.filter_type = 0;
 775              		.loc 1 184 13 view .LVU246
 185:Display/MenuManager.cpp ****             if (_outData.filter_type > 3) _outData.filter_type = 3;
 776              		.loc 1 185 13 view .LVU247
 184:Display/MenuManager.cpp ****             if (_outData.filter_type < 0) _outData.filter_type = 0;
 777              		.loc 1 184 34 is_stmt 0 view .LVU248
 778 00b4 A169     		ldr	r1, [r4, #24]
 185:Display/MenuManager.cpp ****             if (_outData.filter_type > 3) _outData.filter_type = 3;
 779              		.loc 1 185 13 view .LVU249
 780 00b6 6918     		adds	r1, r5, r1
 781 00b8 02D5     		bpl	.L147
 185:Display/MenuManager.cpp ****             if (_outData.filter_type > 3) _outData.filter_type = 3;
 782              		.loc 1 185 43 is_stmt 1 discriminator 1 view .LVU250
 185:Display/MenuManager.cpp ****             if (_outData.filter_type > 3) _outData.filter_type = 3;
 783              		.loc 1 185 64 is_stmt 0 discriminator 1 view .LVU251
 784 00ba 0023     		movs	r3, #0
 785              	.L168:
 186:Display/MenuManager.cpp ****             break;
 786              		.loc 1 186 64 discriminator 1 view .LVU252
 787 00bc A361     		str	r3, [r4, #24]
 788 00be C4E7     		b	.L125
 789              	.L147:
 186:Display/MenuManager.cpp ****             break;
 790              		.loc 1 186 13 is_stmt 1 view .LVU253
 791 00c0 0329     		cmp	r1, #3
ARM GAS  C:\Users\skipi\AppData\Local\Temp\ccFBILfM.s 			page 22


 792 00c2 01DC     		bgt	.L148
 184:Display/MenuManager.cpp ****             if (_outData.filter_type < 0) _outData.filter_type = 0;
 793              		.loc 1 184 34 is_stmt 0 view .LVU254
 794 00c4 A161     		str	r1, [r4, #24]
 795 00c6 C0E7     		b	.L125
 796              	.L148:
 186:Display/MenuManager.cpp ****             break;
 797              		.loc 1 186 43 is_stmt 1 discriminator 1 view .LVU255
 186:Display/MenuManager.cpp ****             break;
 798              		.loc 1 186 64 is_stmt 0 discriminator 1 view .LVU256
 799 00c8 0323     		movs	r3, #3
 800 00ca F7E7     		b	.L168
 801              	.L132:
 189:Display/MenuManager.cpp ****             _outData.root += rotation;
 802              		.loc 1 189 9 is_stmt 1 view .LVU257
 190:Display/MenuManager.cpp ****             if (_outData.root < 0) _outData.root = 0;
 803              		.loc 1 190 13 view .LVU258
 191:Display/MenuManager.cpp ****             if (_outData.root > 11) _outData.root = 11;
 804              		.loc 1 191 13 view .LVU259
 190:Display/MenuManager.cpp ****             if (_outData.root < 0) _outData.root = 0;
 805              		.loc 1 190 27 is_stmt 0 view .LVU260
 806 00cc 2169     		ldr	r1, [r4, #16]
 191:Display/MenuManager.cpp ****             if (_outData.root > 11) _outData.root = 11;
 807              		.loc 1 191 13 view .LVU261
 808 00ce 6918     		adds	r1, r5, r1
 809 00d0 02D5     		bpl	.L149
 191:Display/MenuManager.cpp ****             if (_outData.root > 11) _outData.root = 11;
 810              		.loc 1 191 36 is_stmt 1 discriminator 1 view .LVU262
 191:Display/MenuManager.cpp ****             if (_outData.root > 11) _outData.root = 11;
 811              		.loc 1 191 50 is_stmt 0 discriminator 1 view .LVU263
 812 00d2 0023     		movs	r3, #0
 813              	.L169:
 192:Display/MenuManager.cpp ****             break;
 814              		.loc 1 192 51 discriminator 1 view .LVU264
 815 00d4 2361     		str	r3, [r4, #16]
 816 00d6 B8E7     		b	.L125
 817              	.L149:
 192:Display/MenuManager.cpp ****             break;
 818              		.loc 1 192 13 is_stmt 1 view .LVU265
 819 00d8 0B29     		cmp	r1, #11
 820 00da 01DC     		bgt	.L150
 190:Display/MenuManager.cpp ****             if (_outData.root < 0) _outData.root = 0;
 821              		.loc 1 190 27 is_stmt 0 view .LVU266
 822 00dc 2161     		str	r1, [r4, #16]
 823 00de B4E7     		b	.L125
 824              	.L150:
 192:Display/MenuManager.cpp ****             break;
 825              		.loc 1 192 37 is_stmt 1 discriminator 1 view .LVU267
 192:Display/MenuManager.cpp ****             break;
 826              		.loc 1 192 51 is_stmt 0 discriminator 1 view .LVU268
 827 00e0 0B23     		movs	r3, #11
 828 00e2 F7E7     		b	.L169
 829              	.L131:
 195:Display/MenuManager.cpp ****             _outData.scale += rotation;
 830              		.loc 1 195 9 is_stmt 1 view .LVU269
 196:Display/MenuManager.cpp ****             if (_outData.scale < 0) _outData.scale = 0;
 831              		.loc 1 196 13 view .LVU270
ARM GAS  C:\Users\skipi\AppData\Local\Temp\ccFBILfM.s 			page 23


 197:Display/MenuManager.cpp ****             if (_outData.scale > 6) _outData.scale = 6;
 832              		.loc 1 197 13 view .LVU271
 196:Display/MenuManager.cpp ****             if (_outData.scale < 0) _outData.scale = 0;
 833              		.loc 1 196 28 is_stmt 0 view .LVU272
 834 00e4 E169     		ldr	r1, [r4, #28]
 197:Display/MenuManager.cpp ****             if (_outData.scale > 6) _outData.scale = 6;
 835              		.loc 1 197 13 view .LVU273
 836 00e6 6918     		adds	r1, r5, r1
 837 00e8 02D5     		bpl	.L151
 197:Display/MenuManager.cpp ****             if (_outData.scale > 6) _outData.scale = 6;
 838              		.loc 1 197 37 is_stmt 1 discriminator 1 view .LVU274
 197:Display/MenuManager.cpp ****             if (_outData.scale > 6) _outData.scale = 6;
 839              		.loc 1 197 52 is_stmt 0 discriminator 1 view .LVU275
 840 00ea 0023     		movs	r3, #0
 841              	.L171:
 198:Display/MenuManager.cpp ****             break;
 842              		.loc 1 198 52 discriminator 1 view .LVU276
 843 00ec E361     		str	r3, [r4, #28]
 844 00ee ACE7     		b	.L125
 845              	.L151:
 198:Display/MenuManager.cpp ****             break;
 846              		.loc 1 198 13 is_stmt 1 view .LVU277
 847 00f0 0629     		cmp	r1, #6
 848 00f2 01DC     		bgt	.L152
 196:Display/MenuManager.cpp ****             if (_outData.scale < 0) _outData.scale = 0;
 849              		.loc 1 196 28 is_stmt 0 view .LVU278
 850 00f4 E161     		str	r1, [r4, #28]
 851 00f6 A8E7     		b	.L125
 852              	.L152:
 198:Display/MenuManager.cpp ****             break;
 853              		.loc 1 198 37 is_stmt 1 discriminator 1 view .LVU279
 198:Display/MenuManager.cpp ****             break;
 854              		.loc 1 198 52 is_stmt 0 discriminator 1 view .LVU280
 855 00f8 0623     		movs	r3, #6
 856 00fa F7E7     		b	.L171
 857              	.L130:
 201:Display/MenuManager.cpp ****             _outData.octave += rotation;
 858              		.loc 1 201 9 is_stmt 1 view .LVU281
 202:Display/MenuManager.cpp ****             if (_outData.octave < 1) _outData.octave = 1;
 859              		.loc 1 202 13 view .LVU282
 202:Display/MenuManager.cpp ****             if (_outData.octave < 1) _outData.octave = 1;
 860              		.loc 1 202 29 is_stmt 0 view .LVU283
 861 00fc 216A     		ldr	r1, [r4, #32]
 862 00fe 0D44     		add	r5, r5, r1
 863              	.LVL17:
 203:Display/MenuManager.cpp ****             if (_outData.octave > 8) _outData.octave = 8;
 864              		.loc 1 203 13 is_stmt 1 view .LVU284
 865 0100 002D     		cmp	r5, #0
 866 0102 02DC     		bgt	.L153
 203:Display/MenuManager.cpp ****             if (_outData.octave > 8) _outData.octave = 8;
 867              		.loc 1 203 38 discriminator 1 view .LVU285
 203:Display/MenuManager.cpp ****             if (_outData.octave > 8) _outData.octave = 8;
 868              		.loc 1 203 54 is_stmt 0 discriminator 1 view .LVU286
 869 0104 0123     		movs	r3, #1
 870              	.L172:
 204:Display/MenuManager.cpp ****             break;
 871              		.loc 1 204 54 discriminator 1 view .LVU287
ARM GAS  C:\Users\skipi\AppData\Local\Temp\ccFBILfM.s 			page 24


 872 0106 2362     		str	r3, [r4, #32]
 873 0108 9FE7     		b	.L125
 874              	.L153:
 204:Display/MenuManager.cpp ****             break;
 875              		.loc 1 204 13 is_stmt 1 view .LVU288
 876 010a 082D     		cmp	r5, #8
 877 010c 01DC     		bgt	.L154
 202:Display/MenuManager.cpp ****             if (_outData.octave < 1) _outData.octave = 1;
 878              		.loc 1 202 29 is_stmt 0 view .LVU289
 879 010e 2562     		str	r5, [r4, #32]
 880 0110 9BE7     		b	.L125
 881              	.L154:
 204:Display/MenuManager.cpp ****             break;
 882              		.loc 1 204 38 is_stmt 1 discriminator 1 view .LVU290
 204:Display/MenuManager.cpp ****             break;
 883              		.loc 1 204 54 is_stmt 0 discriminator 1 view .LVU291
 884 0112 0823     		movs	r3, #8
 885 0114 F7E7     		b	.L172
 886              	.LVL18:
 887              	.L129:
 207:Display/MenuManager.cpp ****             _outData.touchths_value += rotation;
 888              		.loc 1 207 9 is_stmt 1 view .LVU292
 208:Display/MenuManager.cpp ****             // check that value fits in an 8 bit register 
 889              		.loc 1 208 13 view .LVU293
 210:Display/MenuManager.cpp ****             if (_outData.touchths_value > 255) _outData.touchths_value = 255;
 890              		.loc 1 210 13 view .LVU294
 208:Display/MenuManager.cpp ****             // check that value fits in an 8 bit register 
 891              		.loc 1 208 37 is_stmt 0 view .LVU295
 892 0116 616A     		ldr	r1, [r4, #36]
 210:Display/MenuManager.cpp ****             if (_outData.touchths_value > 255) _outData.touchths_value = 255;
 893              		.loc 1 210 13 view .LVU296
 894 0118 6918     		adds	r1, r5, r1
 895 011a 02D5     		bpl	.L155
 210:Display/MenuManager.cpp ****             if (_outData.touchths_value > 255) _outData.touchths_value = 255;
 896              		.loc 1 210 46 is_stmt 1 discriminator 1 view .LVU297
 210:Display/MenuManager.cpp ****             if (_outData.touchths_value > 255) _outData.touchths_value = 255;
 897              		.loc 1 210 70 is_stmt 0 discriminator 1 view .LVU298
 898 011c 0023     		movs	r3, #0
 899              	.L170:
 211:Display/MenuManager.cpp ****             break;
 900              		.loc 1 211 72 discriminator 1 view .LVU299
 901 011e 6362     		str	r3, [r4, #36]
 902 0120 93E7     		b	.L125
 903              	.L155:
 211:Display/MenuManager.cpp ****             break;
 904              		.loc 1 211 13 is_stmt 1 view .LVU300
 905 0122 FF29     		cmp	r1, #255
 906 0124 01DC     		bgt	.L156
 208:Display/MenuManager.cpp ****             // check that value fits in an 8 bit register 
 907              		.loc 1 208 37 is_stmt 0 view .LVU301
 908 0126 6162     		str	r1, [r4, #36]
 909 0128 8FE7     		b	.L125
 910              	.L156:
 211:Display/MenuManager.cpp ****             break;
 911              		.loc 1 211 48 is_stmt 1 discriminator 1 view .LVU302
 211:Display/MenuManager.cpp ****             break;
 912              		.loc 1 211 72 is_stmt 0 discriminator 1 view .LVU303
ARM GAS  C:\Users\skipi\AppData\Local\Temp\ccFBILfM.s 			page 25


 913 012a FF23     		movs	r3, #255
 914 012c F7E7     		b	.L170
 915              	.L127:
 214:Display/MenuManager.cpp ****             _outData.relths_value += rotation;
 916              		.loc 1 214 9 is_stmt 1 view .LVU304
 215:Display/MenuManager.cpp ****             // check that value fits in an 8 bit register 
 917              		.loc 1 215 13 view .LVU305
 217:Display/MenuManager.cpp ****             if (_outData.relths_value > 255) _outData.relths_value = 255;
 918              		.loc 1 217 13 view .LVU306
 215:Display/MenuManager.cpp ****             // check that value fits in an 8 bit register 
 919              		.loc 1 215 35 is_stmt 0 view .LVU307
 920 012e A16A     		ldr	r1, [r4, #40]
 217:Display/MenuManager.cpp ****             if (_outData.relths_value > 255) _outData.relths_value = 255;
 921              		.loc 1 217 13 view .LVU308
 922 0130 6918     		adds	r1, r5, r1
 923 0132 02D5     		bpl	.L157
 217:Display/MenuManager.cpp ****             if (_outData.relths_value > 255) _outData.relths_value = 255;
 924              		.loc 1 217 44 is_stmt 1 discriminator 1 view .LVU309
 217:Display/MenuManager.cpp ****             if (_outData.relths_value > 255) _outData.relths_value = 255;
 925              		.loc 1 217 66 is_stmt 0 discriminator 1 view .LVU310
 926 0134 0023     		movs	r3, #0
 927              	.L167:
 218:Display/MenuManager.cpp ****             break;    
 928              		.loc 1 218 68 discriminator 1 view .LVU311
 929 0136 A362     		str	r3, [r4, #40]
 930 0138 87E7     		b	.L125
 931              	.L157:
 218:Display/MenuManager.cpp ****             break;    
 932              		.loc 1 218 13 is_stmt 1 view .LVU312
 933 013a FF29     		cmp	r1, #255
 934 013c 01DC     		bgt	.L158
 215:Display/MenuManager.cpp ****             // check that value fits in an 8 bit register 
 935              		.loc 1 215 35 is_stmt 0 view .LVU313
 936 013e A162     		str	r1, [r4, #40]
 937 0140 83E7     		b	.L125
 938              	.L158:
 218:Display/MenuManager.cpp ****             break;    
 939              		.loc 1 218 46 is_stmt 1 discriminator 1 view .LVU314
 218:Display/MenuManager.cpp ****             break;    
 940              		.loc 1 218 68 is_stmt 0 discriminator 1 view .LVU315
 941 0142 FF23     		movs	r3, #255
 942 0144 F7E7     		b	.L167
 943              	.L137:
 221:Display/MenuManager.cpp ****             _outData.preset += rotation;
 944              		.loc 1 221 9 is_stmt 1 view .LVU316
 222:Display/MenuManager.cpp ****             if (_outData.preset < 0) _outData.preset = 0;
 945              		.loc 1 222 13 view .LVU317
 223:Display/MenuManager.cpp ****             if (_outData.preset > PRESET_NUM - 1 ) _outData.preset = PRESET_NUM - 1; 
 946              		.loc 1 223 13 view .LVU318
 222:Display/MenuManager.cpp ****             if (_outData.preset < 0) _outData.preset = 0;
 947              		.loc 1 222 29 is_stmt 0 view .LVU319
 948 0146 E16A     		ldr	r1, [r4, #44]
 223:Display/MenuManager.cpp ****             if (_outData.preset > PRESET_NUM - 1 ) _outData.preset = PRESET_NUM - 1; 
 949              		.loc 1 223 13 view .LVU320
 950 0148 6D18     		adds	r5, r5, r1
 951              	.LVL19:
 223:Display/MenuManager.cpp ****             if (_outData.preset > PRESET_NUM - 1 ) _outData.preset = PRESET_NUM - 1; 
ARM GAS  C:\Users\skipi\AppData\Local\Temp\ccFBILfM.s 			page 26


 952              		.loc 1 223 13 view .LVU321
 953 014a 02D5     		bpl	.L159
 223:Display/MenuManager.cpp ****             if (_outData.preset > PRESET_NUM - 1 ) _outData.preset = PRESET_NUM - 1; 
 954              		.loc 1 223 38 is_stmt 1 discriminator 1 view .LVU322
 223:Display/MenuManager.cpp ****             if (_outData.preset > PRESET_NUM - 1 ) _outData.preset = PRESET_NUM - 1; 
 955              		.loc 1 223 54 is_stmt 0 discriminator 1 view .LVU323
 956 014c 0023     		movs	r3, #0
 957              	.L165:
 224:Display/MenuManager.cpp ****             break;
 958              		.loc 1 224 68 discriminator 1 view .LVU324
 959 014e E362     		str	r3, [r4, #44]
 960              		.loc 1 230 1 discriminator 1 view .LVU325
 961 0150 7BE7     		b	.L125
 962              	.L159:
 224:Display/MenuManager.cpp ****             break;
 963              		.loc 1 224 13 is_stmt 1 view .LVU326
 964 0152 0F2D     		cmp	r5, #15
 965 0154 01DC     		bgt	.L160
 222:Display/MenuManager.cpp ****             if (_outData.preset < 0) _outData.preset = 0;
 966              		.loc 1 222 29 is_stmt 0 view .LVU327
 967 0156 E562     		str	r5, [r4, #44]
 968 0158 77E7     		b	.L125
 969              	.L160:
 224:Display/MenuManager.cpp ****             break;
 970              		.loc 1 224 52 is_stmt 1 discriminator 1 view .LVU328
 224:Display/MenuManager.cpp ****             break;
 971              		.loc 1 224 68 is_stmt 0 discriminator 1 view .LVU329
 972 015a 0F23     		movs	r3, #15
 973 015c F7E7     		b	.L165
 974              	.L174:
 975 015e 00BF     		.align	2
 976              	.L173:
 977 0160 0000C842 		.word	1120403456
 978 0164 CDCCCC3D 		.word	1036831949
 979              		.cfi_endproc
 980              	.LFE5085:
 982              		.section	.text._ZN11MenuManager11MenuTimeoutEm,"ax",%progbits
 983              		.align	1
 984              		.global	_ZN11MenuManager11MenuTimeoutEm
 985              		.syntax unified
 986              		.thumb
 987              		.thumb_func
 988              		.fpu fpv5-d16
 990              	_ZN11MenuManager11MenuTimeoutEm:
 991              	.LVL20:
 992              	.LFB5086:
 231:Display/MenuManager.cpp **** 
 232:Display/MenuManager.cpp ****     
 233:Display/MenuManager.cpp **** 
 234:Display/MenuManager.cpp **** 
 235:Display/MenuManager.cpp **** void MenuManager::MenuTimeout(uint32_t currentTime) {
 993              		.loc 1 235 53 is_stmt 1 view -0
 994              		.cfi_startproc
 995              		@ args = 0, pretend = 0, frame = 0
 996              		@ frame_needed = 0, uses_anonymous_args = 0
 997              		@ link register save eliminated.
 236:Display/MenuManager.cpp ****     if (_current_state != PLAYMODE && (currentTime - _lastInteractionTime >= 5000)) {
ARM GAS  C:\Users\skipi\AppData\Local\Temp\ccFBILfM.s 			page 27


 998              		.loc 1 236 5 view .LVU331
 999 0000 0378     		ldrb	r3, [r0]	@ zero_extendqisi2
 1000 0002 4BB1     		cbz	r3, .L175
 1001              		.loc 1 236 52 is_stmt 0 discriminator 1 view .LVU332
 1002 0004 036B     		ldr	r3, [r0, #48]
 1003              		.loc 1 236 36 discriminator 1 view .LVU333
 1004 0006 41F28732 		movw	r2, #4999
 1005              		.loc 1 236 52 discriminator 1 view .LVU334
 1006 000a CB1A     		subs	r3, r1, r3
 1007              		.loc 1 236 36 discriminator 1 view .LVU335
 1008 000c 9342     		cmp	r3, r2
 237:Display/MenuManager.cpp ****         _lastInteractionTime = currentTime;
 1009              		.loc 1 237 9 is_stmt 1 discriminator 1 view .LVU336
 238:Display/MenuManager.cpp ****         _current_state = PLAYMODE;
 1010              		.loc 1 238 24 is_stmt 0 discriminator 1 view .LVU337
 1011 000e 82BF     		ittt	hi
 1012 0010 4FF48073 		movhi	r3, #256
 237:Display/MenuManager.cpp ****         _lastInteractionTime = currentTime;
 1013              		.loc 1 237 30 discriminator 1 view .LVU338
 1014 0014 0163     		strhi	r1, [r0, #48]
 1015              		.loc 1 238 9 is_stmt 1 discriminator 1 view .LVU339
 239:Display/MenuManager.cpp ****         
 240:Display/MenuManager.cpp ****         _cursor_state = MAIN_MENU;
 1016              		.loc 1 240 9 discriminator 1 view .LVU340
 238:Display/MenuManager.cpp ****         _current_state = PLAYMODE;
 1017              		.loc 1 238 24 is_stmt 0 discriminator 1 view .LVU341
 1018 0016 0380     		strhhi	r3, [r0]	@ movhi
 1019              	.L175:
 241:Display/MenuManager.cpp ****     }
 242:Display/MenuManager.cpp **** }
 1020              		.loc 1 242 1 view .LVU342
 1021 0018 7047     		bx	lr
 1022              		.cfi_endproc
 1023              	.LFE5086:
 1025              		.section	.text._ZN11MenuManager7GetDataEv,"ax",%progbits
 1026              		.align	1
 1027              		.global	_ZN11MenuManager7GetDataEv
 1028              		.syntax unified
 1029              		.thumb
 1030              		.thumb_func
 1031              		.fpu fpv5-d16
 1033              	_ZN11MenuManager7GetDataEv:
 1034              	.LVL21:
 1035              	.LFB5087:
 243:Display/MenuManager.cpp **** 
 244:Display/MenuManager.cpp **** MenuManager::MenuData MenuManager::GetData() {
 1036              		.loc 1 244 46 is_stmt 1 view -0
 1037              		.cfi_startproc
 1038              		@ args = 0, pretend = 0, frame = 0
 1039              		@ frame_needed = 0, uses_anonymous_args = 0
 245:Display/MenuManager.cpp ****     _outData.current_state = _current_state;
 1040              		.loc 1 245 5 view .LVU344
 246:Display/MenuManager.cpp ****     _outData.cursor_state = _cursor_state;
 1041              		.loc 1 246 5 view .LVU345
 244:Display/MenuManager.cpp ****     _outData.current_state = _current_state;
 1042              		.loc 1 244 46 is_stmt 0 view .LVU346
 1043 0000 70B5     		push	{r4, r5, r6, lr}
ARM GAS  C:\Users\skipi\AppData\Local\Temp\ccFBILfM.s 			page 28


 1044              		.cfi_def_cfa_offset 16
 1045              		.cfi_offset 4, -16
 1046              		.cfi_offset 5, -12
 1047              		.cfi_offset 6, -8
 1048              		.cfi_offset 14, -4
 245:Display/MenuManager.cpp ****     _outData.current_state = _current_state;
 1049              		.loc 1 245 28 view .LVU347
 1050 0002 0B88     		ldrh	r3, [r1]
 1051 0004 0C46     		mov	r4, r1
 244:Display/MenuManager.cpp ****     _outData.current_state = _current_state;
 1052              		.loc 1 244 46 view .LVU348
 1053 0006 0646     		mov	r6, r0
 247:Display/MenuManager.cpp ****     return _outData;
 1054              		.loc 1 247 12 view .LVU349
 1055 0008 0546     		mov	r5, r0
 245:Display/MenuManager.cpp ****     _outData.cursor_state = _cursor_state;
 1056              		.loc 1 245 28 view .LVU350
 1057 000a 24F8043F 		strh	r3, [r4, #4]!	@ movhi
 1058              		.loc 1 247 5 is_stmt 1 view .LVU351
 1059              		.loc 1 247 12 is_stmt 0 view .LVU352
 1060 000e 0FCC     		ldmia	r4!, {r0, r1, r2, r3}
 1061              	.LVL22:
 1062              		.loc 1 247 12 view .LVU353
 1063 0010 0FC5     		stmia	r5!, {r0, r1, r2, r3}
 1064              	.LVL23:
 1065              		.loc 1 247 12 view .LVU354
 1066 0012 0FCC     		ldmia	r4!, {r0, r1, r2, r3}
 1067              	.LVL24:
 1068              		.loc 1 247 12 view .LVU355
 1069 0014 0FC5     		stmia	r5!, {r0, r1, r2, r3}
 1070 0016 94E80700 		ldm	r4, {r0, r1, r2}
 1071 001a 85E80700 		stm	r5, {r0, r1, r2}
 248:Display/MenuManager.cpp **** }...
 1072              		.loc 1 248 1 view .LVU356
 1073 001e 3046     		mov	r0, r6
 1074 0020 70BD     		pop	{r4, r5, r6, pc}
 1075              		.loc 1 248 1 view .LVU357
 1076              		.cfi_endproc
 1077              	.LFE5087:
 1079              		.text
 1080              	.Letext0:
 1081              		.file 2 "c:\\program files\\daisytoolchain\\arm-none-eabi\\include\\machine\\_default_types.h"
 1082              		.file 3 "c:\\program files\\daisytoolchain\\arm-none-eabi\\include\\sys\\_stdint.h"
 1083              		.file 4 "c:\\program files\\daisytoolchain\\arm-none-eabi\\include\\stdint.h"
 1084              		.file 5 "c:\\program files\\daisytoolchain\\lib\\gcc\\arm-none-eabi\\10.2.1\\include\\stddef.h"
 1085              		.file 6 "c:\\program files\\daisytoolchain\\arm-none-eabi\\include\\c++\\10.2.1\\cmath"
 1086              		.file 7 "c:\\program files\\daisytoolchain\\arm-none-eabi\\include\\c++\\10.2.1\\bits\\std_abs.h"
 1087              		.file 8 "c:\\program files\\daisytoolchain\\arm-none-eabi\\include\\c++\\10.2.1\\cstdlib"
 1088              		.file 9 "c:\\program files\\daisytoolchain\\arm-none-eabi\\include\\c++\\10.2.1\\cstdint"
 1089              		.file 10 "c:\\program files\\daisytoolchain\\arm-none-eabi\\include\\c++\\10.2.1\\type_traits"
 1090              		.file 11 "c:\\program files\\daisytoolchain\\arm-none-eabi\\include\\c++\\10.2.1\\debug\\debug.h"
 1091              		.file 12 "c:\\program files\\daisytoolchain\\arm-none-eabi\\include\\c++\\10.2.1\\arm-none-eabi\\t
 1092              		.file 13 "c:\\program files\\daisytoolchain\\arm-none-eabi\\include\\c++\\10.2.1\\bits\\algorithmf
 1093              		.file 14 "c:\\program files\\daisytoolchain\\arm-none-eabi\\include\\c++\\10.2.1\\bits\\stl_pair.h
 1094              		.file 15 "c:\\program files\\daisytoolchain\\arm-none-eabi\\include\\c++\\10.2.1\\bits\\exception_
 1095              		.file 16 "c:\\program files\\daisytoolchain\\arm-none-eabi\\include\\c++\\10.2.1\\cstdarg"
 1096              		.file 17 "c:\\program files\\daisytoolchain\\arm-none-eabi\\include\\c++\\10.2.1\\cstdio"
ARM GAS  C:\Users\skipi\AppData\Local\Temp\ccFBILfM.s 			page 29


 1097              		.file 18 "c:\\program files\\daisytoolchain\\arm-none-eabi\\include\\c++\\10.2.1\\cstring"
 1098              		.file 19 "c:\\program files\\daisytoolchain\\arm-none-eabi\\include\\c++\\10.2.1\\cstddef"
 1099              		.file 20 "c:\\program files\\daisytoolchain\\arm-none-eabi\\include\\c++\\10.2.1\\cwchar"
 1100              		.file 21 "c:\\program files\\daisytoolchain\\arm-none-eabi\\include\\c++\\10.2.1\\clocale"
 1101              		.file 22 "c:\\program files\\daisytoolchain\\arm-none-eabi\\include\\c++\\10.2.1\\bits\\basic_stri
 1102              		.file 23 "c:\\program files\\daisytoolchain\\arm-none-eabi\\include\\c++\\10.2.1\\bits\\stl_tempbu
 1103              		.file 24 "c:\\program files\\daisytoolchain\\arm-none-eabi\\include\\c++\\10.2.1\\bits\\predefined
 1104              		.file 25 "c:\\program files\\daisytoolchain\\arm-none-eabi\\include\\sys\\_types.h"
 1105              		.file 26 "c:\\program files\\daisytoolchain\\arm-none-eabi\\include\\sys\\reent.h"
 1106              		.file 27 "c:\\program files\\daisytoolchain\\arm-none-eabi\\include\\sys\\lock.h"
 1107              		.file 28 "c:\\program files\\daisytoolchain\\arm-none-eabi\\include\\math.h"
 1108              		.file 29 "c:\\program files\\daisytoolchain\\arm-none-eabi\\include\\stdlib.h"
 1109              		.file 30 "c:\\program files\\daisytoolchain\\arm-none-eabi\\include\\c++\\10.2.1\\math.h"
 1110              		.file 31 "c:\\program files\\daisytoolchain\\arm-none-eabi\\include\\c++\\10.2.1\\stdlib.h"
 1111              		.file 32 "../libs/PoliTeKDSP/libs/libDaisy/src/daisy_core.h"
 1112              		.file 33 "../libs/PoliTeKDSP/libs/libDaisy/src/per/tim.h"
 1113              		.file 34 "../libs/PoliTeKDSP/libs/libDaisy/src/sys/system.h"
 1114              		.file 35 "../libs/PoliTeKDSP/libs/libDaisy/src/dev/max11300.h"
 1115              		.file 36 "../libs/PoliTeKDSP/libs/libDaisy/src/dev/sr_595.h"
 1116              		.file 37 "../libs/PoliTeKDSP/libs/libDaisy/src/util/wav_format.h"
 1117              		.file 38 "c:\\program files\\daisytoolchain\\lib\\gcc\\arm-none-eabi\\10.2.1\\include\\stdarg.h"
 1118              		.file 39 "c:\\program files\\daisytoolchain\\arm-none-eabi\\include\\stdio.h"
 1119              		.file 40 "c:\\program files\\daisytoolchain\\arm-none-eabi\\include\\string.h"
 1120              		.file 41 "../libs/PoliTeKDSP/libs/libDaisy/Middlewares/Third_Party/FatFs/src/integer.h"
 1121              		.file 42 "../libs/PoliTeKDSP/libs/libDaisy/Middlewares/Third_Party/FatFs/src/ff.h"
 1122              		.file 43 "c:\\program files\\daisytoolchain\\arm-none-eabi\\include\\wchar.h"
 1123              		.file 44 "c:\\program files\\daisytoolchain\\arm-none-eabi\\include\\locale.h"
 1124              		.file 45 "../libs/PoliTeKDSP/libs/DaisySP/Source/Utility/dsp.h"
 1125              		.file 46 "Display/../PSP/../../libs/PoliTeKDSP/Oscillators/oscillator.h"
 1126              		.file 47 "Display/MenuManager.h"
 1127              		.file 48 "<built-in>"
ARM GAS  C:\Users\skipi\AppData\Local\Temp\ccFBILfM.s 			page 30


DEFINED SYMBOLS
                            *ABS*:00000000 MenuManager.cpp
C:\Users\skipi\AppData\Local\Temp\ccFBILfM.s:17     .text._ZN11MenuManager4InitEv:00000000 $t
C:\Users\skipi\AppData\Local\Temp\ccFBILfM.s:25     .text._ZN11MenuManager4InitEv:00000000 _ZN11MenuManager4InitEv
C:\Users\skipi\AppData\Local\Temp\ccFBILfM.s:93     .text._ZN11MenuManager4InitEv:00000030 $d
C:\Users\skipi\AppData\Local\Temp\ccFBILfM.s:98     .text._ZN11MenuManager11StateUpdateEv:00000000 $t
C:\Users\skipi\AppData\Local\Temp\ccFBILfM.s:105    .text._ZN11MenuManager11StateUpdateEv:00000000 _ZN11MenuManager11StateUpdateEv
C:\Users\skipi\AppData\Local\Temp\ccFBILfM.s:278    .text._ZN11MenuManager11IsLeafStateEv:00000000 $t
C:\Users\skipi\AppData\Local\Temp\ccFBILfM.s:285    .text._ZN11MenuManager11IsLeafStateEv:00000000 _ZN11MenuManager11IsLeafStateEv
C:\Users\skipi\AppData\Local\Temp\ccFBILfM.s:315    .text._ZN11MenuManager12CursorUpdateEi:00000000 $t
C:\Users\skipi\AppData\Local\Temp\ccFBILfM.s:322    .text._ZN11MenuManager12CursorUpdateEi:00000000 _ZN11MenuManager12CursorUpdateEi
C:\Users\skipi\AppData\Local\Temp\ccFBILfM.s:353    .text._ZN11MenuManager12CursorUpdateEi:00000018 $d
C:\Users\skipi\AppData\Local\Temp\ccFBILfM.s:630    .text._ZN11MenuManager11ValueUpdateEi:00000000 $t
C:\Users\skipi\AppData\Local\Temp\ccFBILfM.s:637    .text._ZN11MenuManager11ValueUpdateEi:00000000 _ZN11MenuManager11ValueUpdateEi
C:\Users\skipi\AppData\Local\Temp\ccFBILfM.s:668    .text._ZN11MenuManager11ValueUpdateEi:00000018 $d
C:\Users\skipi\AppData\Local\Temp\ccFBILfM.s:977    .text._ZN11MenuManager11ValueUpdateEi:00000160 $d
C:\Users\skipi\AppData\Local\Temp\ccFBILfM.s:983    .text._ZN11MenuManager11MenuTimeoutEm:00000000 $t
C:\Users\skipi\AppData\Local\Temp\ccFBILfM.s:990    .text._ZN11MenuManager11MenuTimeoutEm:00000000 _ZN11MenuManager11MenuTimeoutEm
C:\Users\skipi\AppData\Local\Temp\ccFBILfM.s:1026   .text._ZN11MenuManager7GetDataEv:00000000 $t
C:\Users\skipi\AppData\Local\Temp\ccFBILfM.s:1033   .text._ZN11MenuManager7GetDataEv:00000000 _ZN11MenuManager7GetDataEv
C:\Users\skipi\AppData\Local\Temp\ccFBILfM.s:358    .text._ZN11MenuManager12CursorUpdateEi:0000001d $d
C:\Users\skipi\AppData\Local\Temp\ccFBILfM.s:358    .text._ZN11MenuManager12CursorUpdateEi:0000001e $t
C:\Users\skipi\AppData\Local\Temp\ccFBILfM.s:679    .text._ZN11MenuManager11ValueUpdateEi:00000023 $d
C:\Users\skipi\AppData\Local\Temp\ccFBILfM.s:679    .text._ZN11MenuManager11ValueUpdateEi:00000024 $t

UNDEFINED SYMBOLS
_ZN5daisy6System6GetNowEv
