ARM GAS  C:\Users\skipi\AppData\Local\Temp\cc7OibPR.s 			page 1


   1              		.cpu cortex-m7
   2              		.eabi_attribute 28, 1
   3              		.eabi_attribute 20, 1
   4              		.eabi_attribute 21, 1
   5              		.eabi_attribute 23, 3
   6              		.eabi_attribute 24, 1
   7              		.eabi_attribute 25, 1
   8              		.eabi_attribute 26, 1
   9              		.eabi_attribute 30, 4
  10              		.eabi_attribute 34, 1
  11              		.eabi_attribute 18, 4
  12              		.file	"MF.cpp"
  13              		.text
  14              	.Ltext0:
  15              		.cfi_sections	.debug_frame
  16              		.section	.text._ZN2MFC2Ev,"ax",%progbits
  17              		.align	1
  18              		.global	_ZN2MFC2Ev
  19              		.arch armv7e-m
  20              		.syntax unified
  21              		.thumb
  22              		.thumb_func
  23              		.fpu fpv5-d16
  25              	_ZN2MFC2Ev:
  26              	.LVL0:
  27              	.LFB5067:
  28              		.file 1 "../libs/PoliTeKDSP/Utilities/DataFilter/MF/MF.cpp"
   1:../libs/PoliTeKDSP/Utilities/DataFilter/MF/MF.cpp **** #include "../../libs/libDaisy/src/daisy_seed.h"
   2:../libs/PoliTeKDSP/Utilities/DataFilter/MF/MF.cpp **** #include "../../libs/DaisySP/Source/daisysp.h"
   3:../libs/PoliTeKDSP/Utilities/DataFilter/MF/MF.cpp **** #include "MF.h"
   4:../libs/PoliTeKDSP/Utilities/DataFilter/MF/MF.cpp **** 
   5:../libs/PoliTeKDSP/Utilities/DataFilter/MF/MF.cpp **** MF::MF() {}
  29              		.loc 1 5 1 view -0
  30              		.cfi_startproc
  31              		@ args = 0, pretend = 0, frame = 0
  32              		@ frame_needed = 0, uses_anonymous_args = 0
  33              	.LBB2:
  34              		.loc 1 5 8 is_stmt 0 view .LVU1
  35 0000 054B     		ldr	r3, .L2
  36 0002 1422     		movs	r2, #20
  37 0004 0021     		movs	r1, #0
  38              	.LBE2:
  39              		.loc 1 5 1 view .LVU2
  40 0006 10B5     		push	{r4, lr}
  41              		.cfi_def_cfa_offset 8
  42              		.cfi_offset 4, -8
  43              		.cfi_offset 14, -4
  44              		.loc 1 5 1 view .LVU3
  45 0008 0446     		mov	r4, r0
  46              	.LBB3:
  47              		.loc 1 5 8 view .LVU4
  48 000a 40F8043B 		str	r3, [r0], #4	@ float
  49              	.LVL1:
  50              		.loc 1 5 8 view .LVU5
  51 000e FFF7FEFF 		bl	memset
  52              	.LVL2:
  53              	.LBE3:
ARM GAS  C:\Users\skipi\AppData\Local\Temp\cc7OibPR.s 			page 2


  54              		.loc 1 5 11 view .LVU6
  55 0012 2046     		mov	r0, r4
  56 0014 10BD     		pop	{r4, pc}
  57              	.LVL3:
  58              	.L3:
  59              		.loc 1 5 11 view .LVU7
  60 0016 00BF     		.align	2
  61              	.L2:
  62 0018 0000C842 		.word	1120403456
  63              		.cfi_endproc
  64              	.LFE5067:
  66              		.global	_ZN2MFC1Ev
  67              		.thumb_set _ZN2MFC1Ev,_ZN2MFC2Ev
  68              		.section	.text._ZN2MFD2Ev,"ax",%progbits
  69              		.align	1
  70              		.global	_ZN2MFD2Ev
  71              		.syntax unified
  72              		.thumb
  73              		.thumb_func
  74              		.fpu fpv5-d16
  76              	_ZN2MFD2Ev:
  77              	.LVL4:
  78              	.LFB5070:
   6:../libs/PoliTeKDSP/Utilities/DataFilter/MF/MF.cpp **** MF::~MF() {}
  79              		.loc 1 6 1 is_stmt 1 view -0
  80              		.cfi_startproc
  81              		@ args = 0, pretend = 0, frame = 0
  82              		@ frame_needed = 0, uses_anonymous_args = 0
  83              		@ link register save eliminated.
  84              		.loc 1 6 12 is_stmt 0 view .LVU9
  85 0000 7047     		bx	lr
  86              		.cfi_endproc
  87              	.LFE5070:
  89              		.global	_ZN2MFD1Ev
  90              		.thumb_set _ZN2MFD1Ev,_ZN2MFD2Ev
  91              		.section	.text._ZN2MF4InitEv,"ax",%progbits
  92              		.align	1
  93              		.global	_ZN2MF4InitEv
  94              		.syntax unified
  95              		.thumb
  96              		.thumb_func
  97              		.fpu fpv5-d16
  99              	_ZN2MF4InitEv:
 100              	.LVL5:
 101              	.LFB5072:
   7:../libs/PoliTeKDSP/Utilities/DataFilter/MF/MF.cpp **** 
   8:../libs/PoliTeKDSP/Utilities/DataFilter/MF/MF.cpp **** void MF::Init() {
 102              		.loc 1 8 17 is_stmt 1 view -0
 103              		.cfi_startproc
 104              		@ args = 0, pretend = 0, frame = 0
 105              		@ frame_needed = 0, uses_anonymous_args = 0
 106              		@ link register save eliminated.
   9:../libs/PoliTeKDSP/Utilities/DataFilter/MF/MF.cpp ****     for (int i = 0; i < _ORDER ; i++) {
 107              		.loc 1 9 5 view .LVU11
 108              	.LBB4:
 109              		.loc 1 9 23 view .LVU12
  10:../libs/PoliTeKDSP/Utilities/DataFilter/MF/MF.cpp ****         _buff[i] = 0.0f;
ARM GAS  C:\Users\skipi\AppData\Local\Temp\cc7OibPR.s 			page 3


 110              		.loc 1 10 9 view .LVU13
 111              		.loc 1 10 18 is_stmt 0 view .LVU14
 112 0000 0023     		movs	r3, #0
 113 0002 4360     		str	r3, [r0, #4]	@ float
   9:../libs/PoliTeKDSP/Utilities/DataFilter/MF/MF.cpp ****     for (int i = 0; i < _ORDER ; i++) {
 114              		.loc 1 9 5 is_stmt 1 view .LVU15
 115              	.LVL6:
   9:../libs/PoliTeKDSP/Utilities/DataFilter/MF/MF.cpp ****     for (int i = 0; i < _ORDER ; i++) {
 116              		.loc 1 9 23 view .LVU16
 117              		.loc 1 10 9 view .LVU17
 118              		.loc 1 10 18 is_stmt 0 view .LVU18
 119 0004 8360     		str	r3, [r0, #8]	@ float
   9:../libs/PoliTeKDSP/Utilities/DataFilter/MF/MF.cpp ****     for (int i = 0; i < _ORDER ; i++) {
 120              		.loc 1 9 5 is_stmt 1 view .LVU19
 121              	.LVL7:
   9:../libs/PoliTeKDSP/Utilities/DataFilter/MF/MF.cpp ****     for (int i = 0; i < _ORDER ; i++) {
 122              		.loc 1 9 23 view .LVU20
 123              		.loc 1 10 9 view .LVU21
 124              		.loc 1 10 18 is_stmt 0 view .LVU22
 125 0006 C360     		str	r3, [r0, #12]	@ float
   9:../libs/PoliTeKDSP/Utilities/DataFilter/MF/MF.cpp ****     for (int i = 0; i < _ORDER ; i++) {
 126              		.loc 1 9 5 is_stmt 1 view .LVU23
 127              	.LVL8:
   9:../libs/PoliTeKDSP/Utilities/DataFilter/MF/MF.cpp ****     for (int i = 0; i < _ORDER ; i++) {
 128              		.loc 1 9 23 view .LVU24
 129              		.loc 1 10 9 view .LVU25
 130              		.loc 1 10 18 is_stmt 0 view .LVU26
 131 0008 0361     		str	r3, [r0, #16]	@ float
   9:../libs/PoliTeKDSP/Utilities/DataFilter/MF/MF.cpp ****     for (int i = 0; i < _ORDER ; i++) {
 132              		.loc 1 9 5 is_stmt 1 view .LVU27
 133              	.LVL9:
   9:../libs/PoliTeKDSP/Utilities/DataFilter/MF/MF.cpp ****     for (int i = 0; i < _ORDER ; i++) {
 134              		.loc 1 9 23 view .LVU28
 135              		.loc 1 10 9 view .LVU29
 136              		.loc 1 10 18 is_stmt 0 view .LVU30
 137 000a 4361     		str	r3, [r0, #20]	@ float
   9:../libs/PoliTeKDSP/Utilities/DataFilter/MF/MF.cpp ****     for (int i = 0; i < _ORDER ; i++) {
 138              		.loc 1 9 5 is_stmt 1 view .LVU31
 139              	.LVL10:
   9:../libs/PoliTeKDSP/Utilities/DataFilter/MF/MF.cpp ****     for (int i = 0; i < _ORDER ; i++) {
 140              		.loc 1 9 23 view .LVU32
 141              	.LBE4:
  11:../libs/PoliTeKDSP/Utilities/DataFilter/MF/MF.cpp ****     }
  12:../libs/PoliTeKDSP/Utilities/DataFilter/MF/MF.cpp **** }
 142              		.loc 1 12 1 is_stmt 0 view .LVU33
 143 000c 7047     		bx	lr
 144              		.cfi_endproc
 145              	.LFE5072:
 147              		.section	.text._ZN2MF7ProcessEf,"ax",%progbits
 148              		.align	1
 149              		.global	_ZN2MF7ProcessEf
 150              		.syntax unified
 151              		.thumb
 152              		.thumb_func
 153              		.fpu fpv5-d16
 155              	_ZN2MF7ProcessEf:
 156              	.LVL11:
ARM GAS  C:\Users\skipi\AppData\Local\Temp\cc7OibPR.s 			page 4


 157              	.LFB5073:
  13:../libs/PoliTeKDSP/Utilities/DataFilter/MF/MF.cpp **** 
  14:../libs/PoliTeKDSP/Utilities/DataFilter/MF/MF.cpp **** float MF::Process(float in) {
 158              		.loc 1 14 29 is_stmt 1 view -0
 159              		.cfi_startproc
 160              		@ args = 0, pretend = 0, frame = 24
 161              		@ frame_needed = 0, uses_anonymous_args = 0
  15:../libs/PoliTeKDSP/Utilities/DataFilter/MF/MF.cpp ****     for (int i = _ORDER - 1; i > 0; i--) {
 162              		.loc 1 15 5 view .LVU35
 163              	.LBB5:
 164              		.loc 1 15 32 view .LVU36
  16:../libs/PoliTeKDSP/Utilities/DataFilter/MF/MF.cpp ****         _buff[i] = _buff[i - 1];
 165              		.loc 1 16 9 view .LVU37
 166              		.loc 1 16 18 is_stmt 0 view .LVU38
 167 0000 0369     		ldr	r3, [r0, #16]	@ float
 168              	.LBE5:
  17:../libs/PoliTeKDSP/Utilities/DataFilter/MF/MF.cpp ****     }
  18:../libs/PoliTeKDSP/Utilities/DataFilter/MF/MF.cpp ****     _buff[0] = in; 
 169              		.loc 1 18 14 view .LVU39
 170 0002 0246     		mov	r2, r0
  14:../libs/PoliTeKDSP/Utilities/DataFilter/MF/MF.cpp ****     for (int i = _ORDER - 1; i > 0; i--) {
 171              		.loc 1 14 29 view .LVU40
 172 0004 30B5     		push	{r4, r5, lr}
 173              		.cfi_def_cfa_offset 12
 174              		.cfi_offset 4, -12
 175              		.cfi_offset 5, -8
 176              		.cfi_offset 14, -4
 177              	.LBB6:
  16:../libs/PoliTeKDSP/Utilities/DataFilter/MF/MF.cpp ****         _buff[i] = _buff[i - 1];
 178              		.loc 1 16 18 view .LVU41
 179 0006 4361     		str	r3, [r0, #20]	@ float
  15:../libs/PoliTeKDSP/Utilities/DataFilter/MF/MF.cpp ****         _buff[i] = _buff[i - 1];
 180              		.loc 1 15 5 is_stmt 1 view .LVU42
 181              	.LVL12:
  15:../libs/PoliTeKDSP/Utilities/DataFilter/MF/MF.cpp ****         _buff[i] = _buff[i - 1];
 182              		.loc 1 15 32 view .LVU43
  16:../libs/PoliTeKDSP/Utilities/DataFilter/MF/MF.cpp ****     }
 183              		.loc 1 16 9 view .LVU44
 184              	.LBE6:
  14:../libs/PoliTeKDSP/Utilities/DataFilter/MF/MF.cpp ****     for (int i = _ORDER - 1; i > 0; i--) {
 185              		.loc 1 14 29 is_stmt 0 view .LVU45
 186 0008 87B0     		sub	sp, sp, #28
 187              		.cfi_def_cfa_offset 40
 188              	.LBB7:
  16:../libs/PoliTeKDSP/Utilities/DataFilter/MF/MF.cpp ****     }
 189              		.loc 1 16 18 view .LVU46
 190 000a C368     		ldr	r3, [r0, #12]	@ float
 191              	.LBE7:
 192              		.loc 1 18 14 view .LVU47
 193 000c 0432     		adds	r2, r2, #4
 194              	.LBB8:
  19:../libs/PoliTeKDSP/Utilities/DataFilter/MF/MF.cpp ****     
  20:../libs/PoliTeKDSP/Utilities/DataFilter/MF/MF.cpp ****     float tempBuffer[_ORDER];
  21:../libs/PoliTeKDSP/Utilities/DataFilter/MF/MF.cpp ****     
  22:../libs/PoliTeKDSP/Utilities/DataFilter/MF/MF.cpp ****    for (int i = 0; i < _ORDER ; i++) {
  23:../libs/PoliTeKDSP/Utilities/DataFilter/MF/MF.cpp ****         tempBuffer[i] = _buff[i];
 195              		.loc 1 23 23 view .LVU48
ARM GAS  C:\Users\skipi\AppData\Local\Temp\cc7OibPR.s 			page 5


 196 000e 01AC     		add	r4, sp, #4
 197              	.LBE8:
 198              	.LBB9:
  16:../libs/PoliTeKDSP/Utilities/DataFilter/MF/MF.cpp ****     }
 199              		.loc 1 16 18 view .LVU49
 200 0010 0361     		str	r3, [r0, #16]	@ float
  15:../libs/PoliTeKDSP/Utilities/DataFilter/MF/MF.cpp ****         _buff[i] = _buff[i - 1];
 201              		.loc 1 15 5 is_stmt 1 view .LVU50
 202              	.LVL13:
  15:../libs/PoliTeKDSP/Utilities/DataFilter/MF/MF.cpp ****         _buff[i] = _buff[i - 1];
 203              		.loc 1 15 32 view .LVU51
  16:../libs/PoliTeKDSP/Utilities/DataFilter/MF/MF.cpp ****     }
 204              		.loc 1 16 9 view .LVU52
  16:../libs/PoliTeKDSP/Utilities/DataFilter/MF/MF.cpp ****     }
 205              		.loc 1 16 18 is_stmt 0 view .LVU53
 206 0012 8368     		ldr	r3, [r0, #8]	@ float
 207 0014 C360     		str	r3, [r0, #12]	@ float
  15:../libs/PoliTeKDSP/Utilities/DataFilter/MF/MF.cpp ****         _buff[i] = _buff[i - 1];
 208              		.loc 1 15 5 is_stmt 1 view .LVU54
 209              	.LVL14:
  15:../libs/PoliTeKDSP/Utilities/DataFilter/MF/MF.cpp ****         _buff[i] = _buff[i - 1];
 210              		.loc 1 15 32 view .LVU55
  16:../libs/PoliTeKDSP/Utilities/DataFilter/MF/MF.cpp ****     }
 211              		.loc 1 16 9 view .LVU56
  16:../libs/PoliTeKDSP/Utilities/DataFilter/MF/MF.cpp ****     }
 212              		.loc 1 16 18 is_stmt 0 view .LVU57
 213 0016 4368     		ldr	r3, [r0, #4]	@ float
 214              	.LBE9:
  18:../libs/PoliTeKDSP/Utilities/DataFilter/MF/MF.cpp ****     
 215              		.loc 1 18 14 view .LVU58
 216 0018 80ED010A 		vstr.32	s0, [r0, #4]
 217              	.LBB10:
  16:../libs/PoliTeKDSP/Utilities/DataFilter/MF/MF.cpp ****     }
 218              		.loc 1 16 18 view .LVU59
 219 001c 8360     		str	r3, [r0, #8]	@ float
  15:../libs/PoliTeKDSP/Utilities/DataFilter/MF/MF.cpp ****         _buff[i] = _buff[i - 1];
 220              		.loc 1 15 5 is_stmt 1 view .LVU60
 221              	.LVL15:
  15:../libs/PoliTeKDSP/Utilities/DataFilter/MF/MF.cpp ****         _buff[i] = _buff[i - 1];
 222              		.loc 1 15 32 view .LVU61
 223              	.LBE10:
  18:../libs/PoliTeKDSP/Utilities/DataFilter/MF/MF.cpp ****     
 224              		.loc 1 18 5 view .LVU62
  20:../libs/PoliTeKDSP/Utilities/DataFilter/MF/MF.cpp ****     
 225              		.loc 1 20 5 view .LVU63
  22:../libs/PoliTeKDSP/Utilities/DataFilter/MF/MF.cpp ****         tempBuffer[i] = _buff[i];
 226              		.loc 1 22 4 view .LVU64
 227              	.LBB11:
  22:../libs/PoliTeKDSP/Utilities/DataFilter/MF/MF.cpp ****         tempBuffer[i] = _buff[i];
 228              		.loc 1 22 22 view .LVU65
 229              		.loc 1 23 23 is_stmt 0 view .LVU66
 230 001e 00F11403 		add	r3, r0, #20
 231              	.LVL16:
 232              	.L7:
 233              		.loc 1 23 23 view .LVU67
 234 0022 1068     		ldr	r0, [r2]	@ unaligned
 235 0024 0832     		adds	r2, r2, #8
ARM GAS  C:\Users\skipi\AppData\Local\Temp\cc7OibPR.s 			page 6


 236 0026 52F8041C 		ldr	r1, [r2, #-4]	@ unaligned
 237 002a 2546     		mov	r5, r4
 238 002c 9A42     		cmp	r2, r3
 239 002e 03C5     		stmia	r5!, {r0, r1}
 240 0030 2C46     		mov	r4, r5
 241 0032 F6D1     		bne	.L7
 242 0034 1068     		ldr	r0, [r2]	@ unaligned
 243 0036 02A9     		add	r1, sp, #8
 244 0038 0022     		movs	r2, #0
 245 003a 2860     		str	r0, [r5]
 246              	.LVL17:
 247              	.L11:
 248              		.loc 1 23 23 view .LVU68
 249              	.LBE11:
 250              	.LBB12:
 251              	.LBB13:
  24:../libs/PoliTeKDSP/Utilities/DataFilter/MF/MF.cpp ****     }
  25:../libs/PoliTeKDSP/Utilities/DataFilter/MF/MF.cpp ****     
  26:../libs/PoliTeKDSP/Utilities/DataFilter/MF/MF.cpp ****     for (int i = 1; i < _ORDER; i++) {
  27:../libs/PoliTeKDSP/Utilities/DataFilter/MF/MF.cpp ****         float key = tempBuffer[i];
 252              		.loc 1 27 9 is_stmt 1 view .LVU69
 253              		.loc 1 27 15 is_stmt 0 view .LVU70
 254 003c F1EC017A 		vldmia.32	r1!, {s15}
 255              	.LVL18:
  28:../libs/PoliTeKDSP/Utilities/DataFilter/MF/MF.cpp ****         int j = i - 1;
 256              		.loc 1 28 9 is_stmt 1 view .LVU71
 257              		.loc 1 28 13 is_stmt 0 view .LVU72
 258 0040 1346     		mov	r3, r2
 259              	.LVL19:
  29:../libs/PoliTeKDSP/Utilities/DataFilter/MF/MF.cpp ****         while (j >= 0 && tempBuffer[j] > key) {
 260              		.loc 1 29 9 is_stmt 1 view .LVU73
 261              		.loc 1 29 23 view .LVU74
  28:../libs/PoliTeKDSP/Utilities/DataFilter/MF/MF.cpp ****         int j = i - 1;
 262              		.loc 1 28 13 is_stmt 0 view .LVU75
 263 0042 0846     		mov	r0, r1
 264              	.LVL20:
 265              	.L10:
 266              		.loc 1 29 38 discriminator 1 view .LVU76
 267 0044 10ED027A 		vldr.32	s14, [r0, #-8]
 268              		.loc 1 29 23 discriminator 1 view .LVU77
 269 0048 B4EEE77A 		vcmpe.f32	s14, s15
 270 004c F1EE10FA 		vmrs	APSR_nzcv, FPSCR
 271 0050 03DD     		ble	.L8
  30:../libs/PoliTeKDSP/Utilities/DataFilter/MF/MF.cpp ****             tempBuffer[j + 1] = tempBuffer[j];
 272              		.loc 1 30 13 is_stmt 1 view .LVU78
  29:../libs/PoliTeKDSP/Utilities/DataFilter/MF/MF.cpp ****         while (j >= 0 && tempBuffer[j] > key) {
 273              		.loc 1 29 23 is_stmt 0 view .LVU79
 274 0052 013B     		subs	r3, r3, #1
 275              	.LVL21:
 276              		.loc 1 30 31 view .LVU80
 277 0054 20ED017A 		vstmdb.32	r0!, {s14}
  31:../libs/PoliTeKDSP/Utilities/DataFilter/MF/MF.cpp ****             j = j - 1;
 278              		.loc 1 31 13 is_stmt 1 view .LVU81
  29:../libs/PoliTeKDSP/Utilities/DataFilter/MF/MF.cpp ****         while (j >= 0 && tempBuffer[j] > key) {
 279              		.loc 1 29 23 is_stmt 0 view .LVU82
 280 0058 F4D2     		bcs	.L10
 281              	.LVL22:
ARM GAS  C:\Users\skipi\AppData\Local\Temp\cc7OibPR.s 			page 7


 282              	.L8:
  32:../libs/PoliTeKDSP/Utilities/DataFilter/MF/MF.cpp ****         }
  33:../libs/PoliTeKDSP/Utilities/DataFilter/MF/MF.cpp ****         tempBuffer[j + 1] = key;
 283              		.loc 1 33 9 is_stmt 1 discriminator 2 view .LVU83
 284              		.loc 1 33 27 is_stmt 0 discriminator 2 view .LVU84
 285 005a 06A8     		add	r0, sp, #24
 286              	.LBE13:
  26:../libs/PoliTeKDSP/Utilities/DataFilter/MF/MF.cpp ****         float key = tempBuffer[i];
 287              		.loc 1 26 23 discriminator 2 view .LVU85
 288 005c 0132     		adds	r2, r2, #1
 289              	.LVL23:
 290              	.LBB14:
 291              		.loc 1 33 27 discriminator 2 view .LVU86
 292 005e 00EB8303 		add	r3, r0, r3, lsl #2
 293              	.LBE14:
  26:../libs/PoliTeKDSP/Utilities/DataFilter/MF/MF.cpp ****         float key = tempBuffer[i];
 294              		.loc 1 26 23 discriminator 2 view .LVU87
 295 0062 042A     		cmp	r2, #4
 296              	.LBB15:
 297              		.loc 1 33 27 discriminator 2 view .LVU88
 298 0064 43ED047A 		vstr.32	s15, [r3, #-16]
 299              	.LBE15:
  26:../libs/PoliTeKDSP/Utilities/DataFilter/MF/MF.cpp ****         float key = tempBuffer[i];
 300              		.loc 1 26 5 is_stmt 1 discriminator 2 view .LVU89
 301              	.LVL24:
  26:../libs/PoliTeKDSP/Utilities/DataFilter/MF/MF.cpp ****         float key = tempBuffer[i];
 302              		.loc 1 26 23 discriminator 2 view .LVU90
 303 0068 E8D1     		bne	.L11
  26:../libs/PoliTeKDSP/Utilities/DataFilter/MF/MF.cpp ****         float key = tempBuffer[i];
 304              		.loc 1 26 23 is_stmt 0 discriminator 2 view .LVU91
 305              	.LBE12:
  34:../libs/PoliTeKDSP/Utilities/DataFilter/MF/MF.cpp ****     }
  35:../libs/PoliTeKDSP/Utilities/DataFilter/MF/MF.cpp **** 
  36:../libs/PoliTeKDSP/Utilities/DataFilter/MF/MF.cpp ****     return tempBuffer[_ORDER / 2];
 306              		.loc 1 36 5 is_stmt 1 view .LVU92
  37:../libs/PoliTeKDSP/Utilities/DataFilter/MF/MF.cpp **** }...
 307              		.loc 1 37 1 is_stmt 0 view .LVU93
 308 006a 9DED030A 		vldr.32	s0, [sp, #12]
 309              	.LVL25:
 310              		.loc 1 37 1 view .LVU94
 311 006e 07B0     		add	sp, sp, #28
 312              		.cfi_def_cfa_offset 12
 313              		@ sp needed
 314 0070 30BD     		pop	{r4, r5, pc}
 315              		.cfi_endproc
 316              	.LFE5073:
 318              		.text
 319              	.Letext0:
 320              		.file 2 "c:\\program files\\daisytoolchain\\arm-none-eabi\\include\\machine\\_default_types.h"
 321              		.file 3 "c:\\program files\\daisytoolchain\\arm-none-eabi\\include\\sys\\_stdint.h"
 322              		.file 4 "c:\\program files\\daisytoolchain\\arm-none-eabi\\include\\stdint.h"
 323              		.file 5 "c:\\program files\\daisytoolchain\\lib\\gcc\\arm-none-eabi\\10.2.1\\include\\stddef.h"
 324              		.file 6 "c:\\program files\\daisytoolchain\\arm-none-eabi\\include\\c++\\10.2.1\\cmath"
 325              		.file 7 "c:\\program files\\daisytoolchain\\arm-none-eabi\\include\\c++\\10.2.1\\bits\\std_abs.h"
 326              		.file 8 "c:\\program files\\daisytoolchain\\arm-none-eabi\\include\\c++\\10.2.1\\cstdlib"
 327              		.file 9 "c:\\program files\\daisytoolchain\\arm-none-eabi\\include\\c++\\10.2.1\\cstdint"
 328              		.file 10 "c:\\program files\\daisytoolchain\\arm-none-eabi\\include\\c++\\10.2.1\\type_traits"
ARM GAS  C:\Users\skipi\AppData\Local\Temp\cc7OibPR.s 			page 8


 329              		.file 11 "c:\\program files\\daisytoolchain\\arm-none-eabi\\include\\c++\\10.2.1\\debug\\debug.h"
 330              		.file 12 "c:\\program files\\daisytoolchain\\arm-none-eabi\\include\\c++\\10.2.1\\arm-none-eabi\\t
 331              		.file 13 "c:\\program files\\daisytoolchain\\arm-none-eabi\\include\\c++\\10.2.1\\bits\\algorithmf
 332              		.file 14 "c:\\program files\\daisytoolchain\\arm-none-eabi\\include\\c++\\10.2.1\\bits\\stl_pair.h
 333              		.file 15 "c:\\program files\\daisytoolchain\\arm-none-eabi\\include\\c++\\10.2.1\\bits\\exception_
 334              		.file 16 "c:\\program files\\daisytoolchain\\arm-none-eabi\\include\\c++\\10.2.1\\cstdarg"
 335              		.file 17 "c:\\program files\\daisytoolchain\\arm-none-eabi\\include\\c++\\10.2.1\\cstdio"
 336              		.file 18 "c:\\program files\\daisytoolchain\\arm-none-eabi\\include\\c++\\10.2.1\\cstring"
 337              		.file 19 "c:\\program files\\daisytoolchain\\arm-none-eabi\\include\\c++\\10.2.1\\cstddef"
 338              		.file 20 "c:\\program files\\daisytoolchain\\arm-none-eabi\\include\\c++\\10.2.1\\cwchar"
 339              		.file 21 "c:\\program files\\daisytoolchain\\arm-none-eabi\\include\\c++\\10.2.1\\clocale"
 340              		.file 22 "c:\\program files\\daisytoolchain\\arm-none-eabi\\include\\c++\\10.2.1\\bits\\basic_stri
 341              		.file 23 "c:\\program files\\daisytoolchain\\arm-none-eabi\\include\\c++\\10.2.1\\bits\\stl_tempbu
 342              		.file 24 "c:\\program files\\daisytoolchain\\arm-none-eabi\\include\\c++\\10.2.1\\bits\\predefined
 343              		.file 25 "c:\\program files\\daisytoolchain\\arm-none-eabi\\include\\sys\\_types.h"
 344              		.file 26 "c:\\program files\\daisytoolchain\\arm-none-eabi\\include\\sys\\reent.h"
 345              		.file 27 "c:\\program files\\daisytoolchain\\arm-none-eabi\\include\\sys\\lock.h"
 346              		.file 28 "c:\\program files\\daisytoolchain\\arm-none-eabi\\include\\math.h"
 347              		.file 29 "c:\\program files\\daisytoolchain\\arm-none-eabi\\include\\stdlib.h"
 348              		.file 30 "c:\\program files\\daisytoolchain\\arm-none-eabi\\include\\c++\\10.2.1\\math.h"
 349              		.file 31 "c:\\program files\\daisytoolchain\\arm-none-eabi\\include\\c++\\10.2.1\\stdlib.h"
 350              		.file 32 "../libs/PoliTeKDSP/libs/libDaisy/../../libs/libDaisy/src/daisy_core.h"
 351              		.file 33 "../libs/PoliTeKDSP/libs/libDaisy/../../libs/libDaisy/src/dev/max11300.h"
 352              		.file 34 "../libs/PoliTeKDSP/libs/libDaisy/../../libs/libDaisy/src/dev/sr_595.h"
 353              		.file 35 "../libs/PoliTeKDSP/libs/libDaisy/src/util/wav_format.h"
 354              		.file 36 "../libs/PoliTeKDSP/libs/libDaisy/../../libs/libDaisy/src/daisy_seed.h"
 355              		.file 37 "c:\\program files\\daisytoolchain\\lib\\gcc\\arm-none-eabi\\10.2.1\\include\\stdarg.h"
 356              		.file 38 "c:\\program files\\daisytoolchain\\arm-none-eabi\\include\\stdio.h"
 357              		.file 39 "c:\\program files\\daisytoolchain\\arm-none-eabi\\include\\string.h"
 358              		.file 40 "../libs/PoliTeKDSP/libs/libDaisy/Middlewares/Third_Party/FatFs/src/integer.h"
 359              		.file 41 "../libs/PoliTeKDSP/libs/libDaisy/Middlewares/Third_Party/FatFs/src/ff.h"
 360              		.file 42 "../libs/PoliTeKDSP/libs/libDaisy/../../libs/DaisySP/Source/Control/adenv.h"
 361              		.file 43 "../libs/PoliTeKDSP/libs/DaisySP/Source/Utility/dsp.h"
 362              		.file 44 "c:\\program files\\daisytoolchain\\arm-none-eabi\\include\\wchar.h"
 363              		.file 45 "c:\\program files\\daisytoolchain\\arm-none-eabi\\include\\locale.h"
 364              		.file 46 "../libs/PoliTeKDSP/Utilities/DataFilter/MF/MF.h"
 365              		.file 47 "<built-in>"
ARM GAS  C:\Users\skipi\AppData\Local\Temp\cc7OibPR.s 			page 9


DEFINED SYMBOLS
                            *ABS*:00000000 MF.cpp
C:\Users\skipi\AppData\Local\Temp\cc7OibPR.s:17     .text._ZN2MFC2Ev:00000000 $t
C:\Users\skipi\AppData\Local\Temp\cc7OibPR.s:25     .text._ZN2MFC2Ev:00000000 _ZN2MFC2Ev
C:\Users\skipi\AppData\Local\Temp\cc7OibPR.s:62     .text._ZN2MFC2Ev:00000018 $d
C:\Users\skipi\AppData\Local\Temp\cc7OibPR.s:25     .text._ZN2MFC2Ev:00000000 _ZN2MFC1Ev
C:\Users\skipi\AppData\Local\Temp\cc7OibPR.s:69     .text._ZN2MFD2Ev:00000000 $t
C:\Users\skipi\AppData\Local\Temp\cc7OibPR.s:76     .text._ZN2MFD2Ev:00000000 _ZN2MFD2Ev
C:\Users\skipi\AppData\Local\Temp\cc7OibPR.s:76     .text._ZN2MFD2Ev:00000000 _ZN2MFD1Ev
C:\Users\skipi\AppData\Local\Temp\cc7OibPR.s:92     .text._ZN2MF4InitEv:00000000 $t
C:\Users\skipi\AppData\Local\Temp\cc7OibPR.s:99     .text._ZN2MF4InitEv:00000000 _ZN2MF4InitEv
C:\Users\skipi\AppData\Local\Temp\cc7OibPR.s:148    .text._ZN2MF7ProcessEf:00000000 $t
C:\Users\skipi\AppData\Local\Temp\cc7OibPR.s:155    .text._ZN2MF7ProcessEf:00000000 _ZN2MF7ProcessEf

UNDEFINED SYMBOLS
memset
