Archive member included to satisfy reference by file (symbol)

../libs/PoliTeKDSP/libs/libDaisy/build\libdaisy.a(daisy_seed.o)
                              build/main.o (daisy::DaisySeed::GetPin(unsigned char))
../libs/PoliTeKDSP/libs/libDaisy/build\libdaisy.a(codec_ak4556.o)
                              ../libs/PoliTeKDSP/libs/libDaisy/build\libdaisy.a(daisy_seed.o) (daisy::Ak4556::Init(daisy::Pin))
../libs/PoliTeKDSP/libs/libDaisy/build\libdaisy.a(codec_wm8731.o)
                              ../libs/PoliTeKDSP/libs/libDaisy/build\libdaisy.a(daisy_seed.o) (daisy::Wm8731::Init(daisy::Wm8731::Config const&, daisy::I2CHandle))
../libs/PoliTeKDSP/libs/libDaisy/build\libdaisy.a(sdram.o)
                              ../libs/PoliTeKDSP/libs/libDaisy/build\libdaisy.a(daisy_seed.o) (SdramHandle::Init())
../libs/PoliTeKDSP/libs/libDaisy/build\libdaisy.a(audio.o)
                              ../libs/PoliTeKDSP/libs/libDaisy/build\libdaisy.a(daisy_seed.o) (daisy::AudioHandle::Init(daisy::AudioHandle::Config const&, daisy::SaiHandle))
../libs/PoliTeKDSP/libs/libDaisy/build\libdaisy.a(encoder.o)
                              build/main.o (daisy::Encoder::Init(daisy::Pin, daisy::Pin, daisy::Pin, float))
../libs/PoliTeKDSP/libs/libDaisy/build\libdaisy.a(logger.o)
                              build/main.o (daisy::Logger<(daisy::LoggerDestination)1>::PrintLine(char const*, ...))
../libs/PoliTeKDSP/libs/libDaisy/build\libdaisy.a(switch.o)
                              ../libs/PoliTeKDSP/libs/libDaisy/build\libdaisy.a(encoder.o) (daisy::Switch::Init(daisy::Pin, float))
../libs/PoliTeKDSP/libs/libDaisy/build\libdaisy.a(usb.o)
                              ../libs/PoliTeKDSP/libs/libDaisy/build\libdaisy.a(logger.o) (daisy::UsbHandle::Init(daisy::UsbHandle::UsbPeriph))
../libs/PoliTeKDSP/libs/libDaisy/build\libdaisy.a(gpio.o)
                              ../libs/PoliTeKDSP/libs/libDaisy/build\libdaisy.a(daisy_seed.o) (daisy::GPIO::Init(daisy::GPIO::Config const&))
../libs/PoliTeKDSP/libs/libDaisy/build\libdaisy.a(i2c.o)
                              build/main.o (daisy::I2CHandle::Init(daisy::I2CHandle::Config const&))
../libs/PoliTeKDSP/libs/libDaisy/build\libdaisy.a(qspi.o)
                              ../libs/PoliTeKDSP/libs/libDaisy/build\libdaisy.a(daisy_seed.o) (daisy::QSPIHandle::Init(daisy::QSPIHandle::Config const&))
../libs/PoliTeKDSP/libs/libDaisy/build\libdaisy.a(sai.o)
                              ../libs/PoliTeKDSP/libs/libDaisy/build\libdaisy.a(daisy_seed.o) (daisy::SaiHandle::Init(daisy::SaiHandle::Config const&))
../libs/PoliTeKDSP/libs/libDaisy/build\libdaisy.a(system.o)
                              ../libs/PoliTeKDSP/libs/libDaisy/build\libdaisy.a(daisy_seed.o) (daisy::System::DeInit())
../libs/PoliTeKDSP/libs/libDaisy/build\libdaisy.a(system_stm32h7xx.o)
                              build/startup_stm32h750xx.o (SystemInit)
../libs/PoliTeKDSP/libs/libDaisy/build\libdaisy.a(usbd_cdc_if.o)
                              ../libs/PoliTeKDSP/libs/libDaisy/build\libdaisy.a(usb.o) (CDC_Transmit_FS)
../libs/PoliTeKDSP/libs/libDaisy/build\libdaisy.a(usbd_conf.o)
                              ../libs/PoliTeKDSP/libs/libDaisy/build\libdaisy.a(system.o) (hpcd_USB_OTG_HS)
../libs/PoliTeKDSP/libs/libDaisy/build\libdaisy.a(usbd_desc.o)
                              ../libs/PoliTeKDSP/libs/libDaisy/build\libdaisy.a(usb.o) (HS_Desc)
../libs/PoliTeKDSP/libs/libDaisy/build\libdaisy.a(usbh_conf.o)
                              ../libs/PoliTeKDSP/libs/libDaisy/build\libdaisy.a(system.o) (hhcd_USB_OTG_HS)
../libs/PoliTeKDSP/libs/libDaisy/build\libdaisy.a(oled_fonts.o)
                              build/displayHandler.o (Font_11x18)
../libs/PoliTeKDSP/libs/libDaisy/build\libdaisy.a(stm32h7xx_hal.o)
                              ../libs/PoliTeKDSP/libs/libDaisy/build\libdaisy.a(system.o) (HAL_Init)
../libs/PoliTeKDSP/libs/libDaisy/build\libdaisy.a(stm32h7xx_hal_cortex.o)
                              ../libs/PoliTeKDSP/libs/libDaisy/build\libdaisy.a(stm32h7xx_hal.o) (HAL_NVIC_SetPriorityGrouping)
../libs/PoliTeKDSP/libs/libDaisy/build\libdaisy.a(stm32h7xx_hal_dma.o)
                              ../libs/PoliTeKDSP/libs/libDaisy/build\libdaisy.a(i2c.o) (HAL_DMA_Init)
../libs/PoliTeKDSP/libs/libDaisy/build\libdaisy.a(stm32h7xx_hal_gpio.o)
                              ../libs/PoliTeKDSP/libs/libDaisy/build\libdaisy.a(sdram.o) (HAL_GPIO_Init)
../libs/PoliTeKDSP/libs/libDaisy/build\libdaisy.a(stm32h7xx_hal_hcd.o)
                              ../libs/PoliTeKDSP/libs/libDaisy/build\libdaisy.a(usbh_conf.o) (HAL_HCD_HC_Init)
../libs/PoliTeKDSP/libs/libDaisy/build\libdaisy.a(stm32h7xx_hal_i2c.o)
                              ../libs/PoliTeKDSP/libs/libDaisy/build\libdaisy.a(i2c.o) (HAL_I2C_Init)
../libs/PoliTeKDSP/libs/libDaisy/build\libdaisy.a(stm32h7xx_hal_i2c_ex.o)
                              ../libs/PoliTeKDSP/libs/libDaisy/build\libdaisy.a(i2c.o) (HAL_I2CEx_ConfigAnalogFilter)
[...]
Memory Configuration

Name             Origin             Length             Attributes
FLASH            0x08000000         0x00020000         xr
DTCMRAM          0x20000000         0x00020000         xrw
SRAM             0x24000000         0x00080000         xrw
RAM_D2           0x30000000         0x00048000         xrw
RAM_D3           0x38000000         0x00010000         xrw
BACKUP_SRAM      0x38800000         0x00001000         xrw
ITCMRAM          0x00000000         0x00010000         xrw
SDRAM            0xc0000000         0x04000000         xrw
QSPIFLASH        0x90000000         0x00800000         xr
*default*        0x00000000         0xffffffff

Linker script and memory map

LOAD c:/program files/daisytoolchain/bin/../lib/gcc/arm-none-eabi/10.2.1/thumb/v7e-m+dp/hard/crti.o
LOAD c:/program files/daisytoolchain/bin/../lib/gcc/arm-none-eabi/10.2.1/thumb/v7e-m+dp/hard/crtbegin.o
LOAD c:/program files/daisytoolchain/bin/../lib/gcc/arm-none-eabi/10.2.1/../../../../arm-none-eabi/lib/thumb/v7e-m+dp/hard/crt0.o
LOAD build/startup_stm32h750xx.o
LOAD build/main.o
LOAD build/displayHandler.o
LOAD build/MenuManager.o
LOAD build/PlantConditioner.o
LOAD build/AudioEngine.o
LOAD build/MF.o
LOAD build/iir.o
LOAD ../libs/PoliTeKDSP/libs/libDaisy/build\libdaisy.a
LOAD c:/program files/daisytoolchain/bin/../lib/gcc/arm-none-eabi/10.2.1/../../../../arm-none-eabi/lib/thumb/v7e-m+dp/hard\libnosys.a
LOAD ../libs/PoliTeKDSP/libs/DaisySP/build\libdaisysp.a
LOAD ../libs/PoliTeKDSP/libs/DaisySP/DaisySP-LGPL/build\libdaisysp-lgpl.a
LOAD c:/program files/daisytoolchain/bin/../lib/gcc/arm-none-eabi/10.2.1/../../../../arm-none-eabi/lib/thumb/v7e-m+dp/hard\libstdc++_nano.a
LOAD c:/program files/daisytoolchain/bin/../lib/gcc/arm-none-eabi/10.2.1/../../../../arm-none-eabi/lib/thumb/v7e-m+dp/hard\libm.a
LOAD c:/program files/daisytoolchain/bin/../lib/gcc/arm-none-eabi/10.2.1/../../../../arm-none-eabi/lib/thumb/v7e-m+dp/hard\libc_nano.a
START GROUP
LOAD c:/program files/daisytoolchain/bin/../lib/gcc/arm-none-eabi/10.2.1/thumb/v7e-m+dp/hard\libgcc.a
LOAD c:/program files/daisytoolchain/bin/../lib/gcc/arm-none-eabi/10.2.1/../../../../arm-none-eabi/lib/thumb/v7e-m+dp/hard\libc_nano.a
END GROUP
START GROUP
LOAD c:/program files/daisytoolchain/bin/../lib/gcc/arm-none-eabi/10.2.1/thumb/v7e-m+dp/hard\libgcc.a
LOAD c:/program files/daisytoolchain/bin/../lib/gcc/arm-none-eabi/10.2.1/../../../../arm-none-eabi/lib/thumb/v7e-m+dp/hard\libc_nano.a
LOAD c:/program files/daisytoolchain/bin/../lib/gcc/arm-none-eabi/10.2.1/../../../../arm-none-eabi/lib/thumb/v7e-m+dp/hard\libnosys.a
END GROUP
START GROUP
LOAD c:/program files/daisytoolchain/bin/../lib/gcc/arm-none-eabi/10.2.1/thumb/v7e-m+dp/hard\libgcc.a
LOAD c:/program files/daisytoolchain/bin/../lib/gcc/arm-none-eabi/10.2.1/../../../../arm-none-eabi/lib/thumb/v7e-m+dp/hard\libc_nano.a
LOAD c:/program files/daisytoolchain/bin/../lib/gcc/arm-none-eabi/10.2.1/../../../../arm-none-eabi/lib/thumb/v7e-m+dp/hard\libnosys.a
END GROUP
LOAD c:/program files/daisytoolchain/bin/../lib/gcc/arm-none-eabi/10.2.1/thumb/v7e-m+dp/hard/crtend.o
LOAD c:/program files/daisytoolchain/bin/../lib/gcc/arm-none-eabi/10.2.1/thumb/v7e-m+dp/hard/crtn.o
                0x20020000                _estack = 0x20020000

.isr_vector     0x08000000      0x298
                0x08000000                . = ALIGN (0x4)
 *(.isr_vector)
 .isr_vector    0x08000000      0x298 build/startup_stm32h750xx.o
                0x08000000                g_pfnVectors
                0x08000298                . = ALIGN (0x4)

.text           0x080002a0    0x1b5f0
                0x080002a0                . = ALIGN (0x4)
                0x080002a0                _stext = .
 *(.text)
 .text          0x080002a0       0x40 c:/program files/daisytoolchain/bin/../lib/gcc/arm-none-eabi/10.2.1/thumb/v7e-m+dp/hard/crtbegin.o
 .text          0x080002e0       0xa0 c:/program files/daisytoolchain/bin/../lib/gcc/arm-none-eabi/10.2.1/../../../../arm-none-eabi/lib/thumb/v7e-m+dp/hard\libc_nano.a(lib_a-memchr.o)
                0x080002e0                memchr
 .text          0x08000380      0x378 c:/program files/daisytoolchain/bin/../lib/gcc/arm-none-eabi/10.2.1/thumb/v7e-m+dp/hard\libgcc.a(_arm_addsubdf3.o)
                0x08000380                __aeabi_drsub
                0x08000388                __aeabi_dsub
                0x08000388                __subdf3
                0x0800038c                __aeabi_dadd
                0x0800038c                __adddf3
                0x08000604                __floatunsidf
                0x08000604                __aeabi_ui2d
                0x08000624                __floatsidf
                0x08000624                __aeabi_i2d
                0x08000648                __aeabi_f2d
                0x08000648                __extendsfdf2
                0x0800068c                __floatundidf
                0x0800068c                __aeabi_ul2d
                0x0800069c                __floatdidf
                0x0800069c                __aeabi_l2d
 .text          0x080006f8       0x30 c:/program files/daisytoolchain/bin/../lib/gcc/arm-none-eabi/10.2.1/thumb/v7e-m+dp/hard\libgcc.a(_aeabi_uldivmod.o)
                0x080006f8                __aeabi_uldivmod
 .text          0x08000728      0x2d0 c:/program files/daisytoolchain/bin/../lib/gcc/arm-none-eabi/10.2.1/thumb/v7e-m+dp/hard\libgcc.a(_udivmoddi4.o)
                0x08000728                __udivmoddi4
 .text          0x080009f8        0x4 c:/program files/daisytoolchain/bin/../lib/gcc/arm-none-eabi/10.2.1/thumb/v7e-m+dp/hard\libgcc.a(_dvmd_tls.o)
                0x080009f8                __aeabi_idiv0
                0x080009f8                __aeabi_ldiv0
 *(.text*)
 .text.Default_Handler
                0x080009fc        0xc build/startup_stm32h750xx.o
                0x080009fc                RTC_Alarm_IRQHandler
                0x080009fc                HASH_RNG_IRQHandler
                0x080009fc                EXTI2_IRQHandler
                0x080009fc                TIM8_CC_IRQHandler
                0x080009fc                HRTIM1_Master_IRQHandler
                0x080009fc                DebugMon_Handler
                0x080009fc                TIM1_CC_IRQHandler
                0x080009fc                BDMA_Channel6_IRQHandler
                0x080009fc                DMA2_Stream5_IRQHandler
                0x080009fc                HRTIM1_FLT_IRQHandler
                0x080009fc                JPEG_IRQHandler
                0x080009fc                BDMA_Channel1_IRQHandler
                0x080009fc                HRTIM1_TIMD_IRQHandler
                0x080009fc                TAMP_STAMP_IRQHandler
                0x080009fc                PendSV_Handler
                0x080009fc                NMI_Handler
                0x080009fc                EXTI3_IRQHandler
                0x080009fc                LPTIM4_IRQHandler
                0x080009fc                TIM8_TRG_COM_TIM14_IRQHandler
                0x080009fc                LPTIM2_IRQHandler
                0x080009fc                DFSDM1_FLT1_IRQHandler
                0x080009fc                DMAMUX2_OVR_IRQHandler
                0x080009fc                TIM8_UP_TIM13_IRQHandler
                0x080009fc                I2C3_ER_IRQHandler
                0x080009fc                DFSDM1_FLT2_IRQHandler
                0x080009fc                MDMA_IRQHandler
                0x080009fc                LPTIM3_IRQHandler
                0x080009fc                HSEM1_IRQHandler
                0x080009fc                EXTI0_IRQHandler
                0x080009fc                DMA1_Stream2_IRQHandler
                0x080009fc                FPU_IRQHandler
                0x080009fc                OTG_HS_WKUP_IRQHandler
                0x080009fc                FDCAN1_IT1_IRQHandler
                0x080009fc                UsageFault_Handler
                0x080009fc                LTDC_ER_IRQHandler
                0x080009fc                HRTIM1_TIME_IRQHandler
                0x080009fc                TIM6_DAC_IRQHandler
                0x080009fc                DCMI_IRQHandler
                0x080009fc                HRTIM1_TIMC_IRQHandler
                0x080009fc                SAI2_IRQHandler
                0x080009fc                DFSDM1_FLT3_IRQHandler
                0x080009fc                TIM17_IRQHandler
                0x080009fc                CRYP_IRQHandler
                0x080009fc                BDMA_Channel7_IRQHandler
                0x080009fc                LPTIM5_IRQHandler
                0x080009fc                ADC3_IRQHandler
                0x080009fc                DMA2_Stream0_IRQHandler
                0x080009fc                BDMA_Channel2_IRQHandler
                0x080009fc                DMAMUX1_OVR_IRQHandler
                0x080009fc                TIM16_IRQHandler
                0x080009fc                BDMA_Channel5_IRQHandler
                0x080009fc                RCC_IRQHandler
                0x080009fc                TIM8_BRK_TIM12_IRQHandler
                0x080009fc                TIM1_TRG_COM_IRQHandler
                0x080009fc                Default_Handler
                0x080009fc                ECC_IRQHandler
                0x080009fc                CEC_IRQHandler
                0x080009fc                EXTI15_10_IRQHandler
                0x080009fc                BDMA_Channel0_IRQHandler
                0x080009fc                ADC_IRQHandler
                0x080009fc                DMA1_Stream7_IRQHandler
                0x080009fc                HRTIM1_TIMA_IRQHandler
                0x080009fc                TIM7_IRQHandler
                0x080009fc                SDMMC1_IRQHandler
                0x080009fc                DMA2_Stream7_IRQHandler
                0x080009fc                TIM15_IRQHandler
                0x080009fc                PVD_AVD_IRQHandler
                0x080009fc                EXTI9_5_IRQHandler
                0x080009fc                RTC_WKUP_IRQHandler
                0x080009fc                LTDC_IRQHandler
                0x080009fc                SAI3_IRQHandler
                0x080009fc                ETH_WKUP_IRQHandler
                0x080009fc                SPDIF_RX_IRQHandler
                0x080009fc                MemManage_Handler
                0x080009fc                SVC_Handler
                0x080009fc                CRS_IRQHandler
                0x080009fc                EXTI4_IRQHandler
                0x080009fc                HRTIM1_TIMB_IRQHandler
                0x080009fc                FDCAN2_IT1_IRQHandler
                0x080009fc                ETH_IRQHandler
                0x080009fc                TIM1_UP_IRQHandler
                0x080009fc                BDMA_Channel4_IRQHandler
                0x080009fc                WWDG_IRQHandler
                0x080009fc                SPI6_IRQHandler
                0x080009fc                I2C4_EV_IRQHandler
                0x080009fc                MDIOS_IRQHandler
                0x080009fc                FDCAN2_IT0_IRQHandler
                0x080009fc                FDCAN1_IT0_IRQHandler
                0x080009fc                OTG_FS_WKUP_IRQHandler
                0x080009fc                DMA2D_IRQHandler
                0x080009fc                TIM1_BRK_IRQHandler
                0x080009fc                EXTI1_IRQHandler
                0x080009fc                SDMMC2_IRQHandler
                0x080009fc                BDMA_Channel3_IRQHandler
                0x080009fc                MDIOS_WKUP_IRQHandler
                0x080009fc                DFSDM1_FLT0_IRQHandler
                0x080009fc                SAI4_IRQHandler
                0x080009fc                I2C2_ER_IRQHandler
                0x080009fc                DMA2_Stream1_IRQHandler
                0x080009fc                FLASH_IRQHandler
                0x080009fc                BusFault_Handler
                0x080009fc                WAKEUP_PIN_IRQHandler
                0x080009fc                I2C1_ER_IRQHandler
                0x080009fc                FMC_IRQHandler
                0x080009fc                FDCAN_CAL_IRQHandler
                0x080009fc                SWPMI1_IRQHandler
                0x080009fc                COMP1_IRQHandler
                0x080009fc                LPTIM1_IRQHandler
                0x080009fc                I2C4_ER_IRQHandler
                0x080009fc                DMA2_Stream6_IRQHandler
                0x080009fc                SAI1_IRQHandler
 .text.Reset_Handler
                0x08000a08       0x44 build/startup_stm32h750xx.o
                0x08000a08                Reset_Handler
 .text._ZN5daisy7EncoderD2Ev
                0x08000a4c        0x4 build/main.o
                0x08000a4c                daisy::Encoder::~Encoder()
                0x08000a4c                daisy::Encoder::~Encoder()
 .text._ZN5daisy9DaisySeedD2Ev
                0x08000a50        0x4 build/main.o
                0x08000a50                daisy::DaisySeed::~DaisySeed()
                0x08000a50                daisy::DaisySeed::~DaisySeed()
 .text._ZN5daisy11OledDisplayINS_13SSD130xDriverILj128ELj64ENS_19SSD130xI2CTransportEEEED2Ev
                0x08000a54        0x4 build/main.o
                0x08000a54                daisy::OledDisplay<daisy::SSD130xDriver<128u, 64u, daisy::SSD130xI2CTransport> >::~OledDisplay()
                0x08000a54                daisy::OledDisplay<daisy::SSD130xDriver<128u, 64u, daisy::SSD130xI2CTransport> >::~OledDisplay()
 .text._ZNK5daisy11OledDisplayINS_13SSD130xDriverILj128ELj64ENS_19SSD130xI2CTransportEEEE6HeightEv
                0x08000a58        0x4 build/main.o
                0x08000a58                daisy::OledDisplay<daisy::SSD130xDriver<128u, 64u, daisy::SSD130xI2CTransport> >::Height() const
 .text._ZNK5daisy11OledDisplayINS_13SSD130xDriverILj128ELj64ENS_19SSD130xI2CTransportEEEE5WidthEv
                0x08000a5c        0x4 build/main.o
                0x08000a5c                daisy::OledDisplay<daisy::SSD130xDriver<128u, 64u, daisy::SSD130xI2CTransport> >::Width() const
 .text._ZN5daisy11OledDisplayINS_13SSD130xDriverILj128ELj64ENS_19SSD130xI2CTransportEEEE4FillEb
                0x08000a60       0x10 build/main.o
                0x08000a60                daisy::OledDisplay<daisy::SSD130xDriver<128u, 64u, daisy::SSD130xI2CTransport> >::Fill(bool)
 .text._ZN5daisy11OledDisplayINS_13SSD130xDriverILj128ELj64ENS_19SSD130xI2CTransportEEEE14UpdateFinishedEv
                0x08000a70        0x4 build/main.o
                0x08000a70                daisy::OledDisplay<daisy::SSD130xDriver<128u, 64u, daisy::SSD130xI2CTransport> >::UpdateFinished()
 .text._Z13AudioCallbackPKPKfPPfj
                0x08000a74       0x78 build/main.o
                0x08000a74                AudioCallback(float const* const*, float**, unsigned int)
 .text._ZN5daisy11OledDisplayINS_13SSD130xDriverILj128ELj64ENS_19SSD130xI2CTransportEEEED0Ev
                0x08000aec       0x10 build/main.o
                0x08000aec                daisy::OledDisplay<daisy::SSD130xDriver<128u, 64u, daisy::SSD130xI2CTransport> >::~OledDisplay()
 .text._ZN5daisy11OledDisplayINS_13SSD130xDriverILj128ELj64ENS_19SSD130xI2CTransportEEEE6UpdateEv
                0x08000afc       0xac build/main.o
                0x08000afc                daisy::OledDisplay<daisy::SSD130xDriver<128u, 64u, daisy::SSD130xI2CTransport> >::Update()
 .text._ZN5daisy25OneBitGraphicsDisplayImplINS_11OledDisplayINS_13SSD130xDriverILj128ELj64ENS_19SSD130xI2CTransportEEEEEE11WriteStringEPKc7FontDefb
                0x08000ba8      0x1c0 build/main.o
                0x08000ba8                daisy::OneBitGraphicsDisplayImpl<daisy::OledDisplay<daisy::SSD130xDriver<128u, 64u, daisy::SSD130xI2CTransport> > >::WriteString(char const*, FontDef, bool)
 .text._ZN5daisy25OneBitGraphicsDisplayImplINS_11OledDisplayINS_13SSD130xDriverILj128ELj64ENS_19SSD130xI2CTransportEEEEEE9WriteCharEc7FontDefb
                0x08000d68      0x1a0 build/main.o
                0x08000d68                daisy::OneBitGraphicsDisplayImpl<daisy::OledDisplay<daisy::SSD130xDriver<128u, 64u, daisy::SSD130xI2CTransport> > >::WriteChar(char, FontDef, bool)
 .text._ZN5daisy25OneBitGraphicsDisplayImplINS_11OledDisplayINS_13SSD130xDriverILj128ELj64ENS_19SSD130xI2CTransportEEEEEE18WriteStringAlignedEPKcRK7FontDefNS_9RectangleENS_9AlignmentEb
                0x08000f08      0x3f0 build/main.o
                0x08000f08                daisy::OneBitGraphicsDisplayImpl<daisy::OledDisplay<daisy::SSD130xDriver<128u, 64u, daisy::SSD130xI2CTransport> > >::WriteStringAligned(char const*, FontDef const&, daisy::Rectangle, daisy::Alignment, bool)
 .text._ZN5daisy11OledDisplayINS_13SSD130xDriverILj128ELj64ENS_19SSD130xI2CTransportEEEE9DrawPixelEjjb
                0x080012f8       0x44 build/main.o
                0x080012f8                daisy::OledDisplay<daisy::SSD130xDriver<128u, 64u, daisy::SSD130xI2CTransport> >::DrawPixel(unsigned int, unsigned int, bool)
 .text._ZN5daisy25OneBitGraphicsDisplayImplINS_11OledDisplayINS_13SSD130xDriverILj128ELj64ENS_19SSD130xI2CTransportEEEEEE8DrawLineEjjjjb
                0x0800133c       0xfc build/main.o
                0x0800133c                daisy::OneBitGraphicsDisplayImpl<daisy::OledDisplay<daisy::SSD130xDriver<128u, 64u, daisy::SSD130xI2CTransport> > >::DrawLine(unsigned int, unsigned int, unsigned int, unsigned int, bool)
 .text._ZN5daisy25OneBitGraphicsDisplayImplINS_11OledDisplayINS_13SSD130xDriverILj128ELj64ENS_19SSD130xI2CTransportEEEEEE7DrawArcEjjjiib
                0x08001438      0x478 build/main.o
                0x08001438                daisy::OneBitGraphicsDisplayImpl<daisy::OledDisplay<daisy::SSD130xDriver<128u, 64u, daisy::SSD130xI2CTransport> > >::DrawArc(unsigned int, unsigned int, unsigned int, int, int, bool)
 .text._ZN5daisy25OneBitGraphicsDisplayImplINS_11OledDisplayINS_13SSD130xDriverILj128ELj64ENS_19SSD130xI2CTransportEEEEEE8DrawRectEjjjjbb
                0x080018b0      0x418 build/main.o
                0x080018b0                daisy::OneBitGraphicsDisplayImpl<daisy::OledDisplay<daisy::SSD130xDriver<128u, 64u, daisy::SSD130xI2CTransport> > >::DrawRect(unsigned int, unsigned int, unsigned int, unsigned int, bool, bool)
 .text._ZN5daisy13SSD130xDriverILj128ELj64ENS_19SSD130xI2CTransportEE4InitENS2_6ConfigE
                0x08001cc8      0x250 build/main.o
                0x08001cc8                daisy::SSD130xDriver<128u, 64u, daisy::SSD130xI2CTransport>::Init(daisy::SSD130xDriver<128u, 64u, daisy::SSD130xI2CTransport>::Config)
 .text.startup.main
                0x08001f18      0x2c4 build/main.o
                0x08001f18                main
 .text.startup._GLOBAL__sub_I_hw
                0x080021dc       0xd8 build/main.o
 .text._ZN14DisplayHandlerC2EPN5daisy11OledDisplayINS0_13SSD130xDriverILj128ELj64ENS0_19SSD130xI2CTransportEEEEEb
                0x080022b4       0x54 build/displayHandler.o
                0x080022b4                DisplayHandler::DisplayHandler(daisy::OledDisplay<daisy::SSD130xDriver<128u, 64u, daisy::SSD130xI2CTransport> >*, bool)
                0x080022b4                DisplayHandler::DisplayHandler(daisy::OledDisplay<daisy::SSD130xDriver<128u, 64u, daisy::SSD130xI2CTransport> >*, bool)
 .text._ZN14DisplayHandler8SetStateE12DisplayState
                0x08002308       0x30 build/displayHandler.o
                0x08002308                DisplayHandler::SetState(DisplayState)
 .text._ZN14DisplayHandler15pushAudioSampleEf
                0x08002338       0x20 build/displayHandler.o
                0x08002338                DisplayHandler::pushAudioSample(float)
 .text._ZN14DisplayHandler11findTriggerEv
                0x08002358       0x88 build/displayHandler.o
                0x08002358                DisplayHandler::findTrigger()
 .text._ZN14DisplayHandler12drawWaveFormEv
                0x080023e0      0x1c0 build/displayHandler.o
                0x080023e0                DisplayHandler::drawWaveForm()
 .text._ZN14DisplayHandler9SetYscaleEi
                0x080025a0        0x8 build/displayHandler.o
                0x080025a0                DisplayHandler::SetYscale(int)
 .text._ZN14DisplayHandler17drawStandbyScreenEv
                0x080025a8       0x5c build/displayHandler.o
                0x080025a8                DisplayHandler::drawStandbyScreen()
 .text._ZN14DisplayHandler6UpdateEv
                0x08002604       0xd0 build/displayHandler.o
                0x08002604                DisplayHandler::Update()
 .text._ZN14DisplayHandler12DrawMainMenuEi
                0x080026d4      0x240 build/displayHandler.o
                0x080026d4                DisplayHandler::DrawMainMenu(int)
 .text._ZN11MenuManager4InitEv
                0x08002914       0x28 build/MenuManager.o
                0x08002914                MenuManager::Init()
 .text._ZN11MenuManager15StateTransitionEbib
                0x0800293c      0x240 build/MenuManager.o
                0x0800293c                MenuManager::StateTransition(bool, int, bool)
 .text._ZN16PlantConditionerC2Ev
                0x08002b7c      0x15c build/PlantConditioner.o
                0x08002b7c                PlantConditioner::PlantConditioner()
                0x08002b7c                PlantConditioner::PlantConditioner()
 .text._ZN16PlantConditionerD2Ev
                0x08002cd8       0x18 build/PlantConditioner.o
                0x08002cd8                PlantConditioner::~PlantConditioner()
                0x08002cd8                PlantConditioner::~PlantConditioner()
 .text._ZN16PlantConditioner4InitEN3IIR10FilterTypeEPN5daisy9DaisySeedE
                0x08002cf0      0xce4 build/PlantConditioner.o
                0x08002cf0                PlantConditioner::Init(IIR::FilterType, daisy::DaisySeed*)
 .text._ZN16PlantConditioner8setScaleENS_5NotesENS_9ScaleTypeE
                0x080039d4      0x250 build/PlantConditioner.o
                0x080039d4                PlantConditioner::setScale(PlantConditioner::Notes, PlantConditioner::ScaleType)
 .text._ZN16PlantConditioner9setOctaveEh
                0x08003c24        0x8 build/PlantConditioner.o
                0x08003c24                PlantConditioner::setOctave(unsigned char)
 .text._ZN16PlantConditioner7ProcessEv
                0x08003c2c      0x1f8 build/PlantConditioner.o
                0x08003c2c                PlantConditioner::Process()
 .text._ZN16PlantConditioner8setCurveEf
                0x08003e24       0x58 build/PlantConditioner.o
                0x08003e24                PlantConditioner::setCurve(float)
 .text._ZN16PlantConditioner8setDeltaEf
                0x08003e7c       0x74 build/PlantConditioner.o
                0x08003e7c                PlantConditioner::setDelta(float)
 .text._ZN11AudioEngineC2Ev
                0x08003ef0       0x80 build/AudioEngine.o
                0x08003ef0                AudioEngine::AudioEngine()
                0x08003ef0                AudioEngine::AudioEngine()
 .text._ZN11AudioEngineD2Ev
                0x08003f70        0x4 build/AudioEngine.o
                0x08003f70                AudioEngine::~AudioEngine()
                0x08003f70                AudioEngine::~AudioEngine()
 .text._ZN11AudioEngine9SetPresetE11SynthPreset
                0x08003f74      0x560 build/AudioEngine.o
                0x08003f74                AudioEngine::SetPreset(SynthPreset)
 .text._ZN11AudioEngine4InitEf
                0x080044d4      0x138 build/AudioEngine.o
                0x080044d4                AudioEngine::Init(float)
 .text._ZN11AudioEngine6UpdateE14ControlsStruct
                0x0800460c       0x50 build/AudioEngine.o
                0x0800460c                AudioEngine::Update(ControlsStruct)
 .text._ZN11AudioEngine7ProcessEv
                0x0800465c      0x114 build/AudioEngine.o
                0x0800465c                AudioEngine::Process()
 .text._ZN2MFC2Ev
                0x08004770       0x1c build/MF.o
                0x08004770                MF::MF()
                0x08004770                MF::MF()
 .text._ZN2MFD2Ev
                0x0800478c        0x4 build/MF.o
                0x0800478c                MF::~MF()
                0x0800478c                MF::~MF()
 .text._ZN2MF4InitEv
                0x08004790       0x10 build/MF.o
                0x08004790                MF::Init()
 .text._ZN2MF7ProcessEf
                0x080047a0       0x6c build/MF.o
                0x080047a0                MF::Process(float)
 .text._ZN3IIRC2Ev
                0x0800480c       0x60 build/iir.o
                0x0800480c                IIR::IIR()
                0x0800480c                IIR::IIR()
 .text._ZN3IIRD2Ev
                0x0800486c        0x4 build/iir.o
                0x0800486c                IIR::~IIR()
                0x0800486c                IIR::~IIR()
 .text._ZN3IIR4InitENS_10FilterTypeE
                0x08004870       0x10 build/iir.o
                0x08004870                IIR::Init(IIR::FilterType)
 .text._ZN3IIR7ProcessEf
                0x08004880       0x98 build/iir.o
                0x08004880                IIR::Process(float)
 .text._ZN5daisy9DaisySeed6GetPinEh
                0x08004918       0x2c ../libs/PoliTeKDSP/libs/libDaisy/build\libdaisy.a(daisy_seed.o)
                0x08004918                daisy::DaisySeed::GetPin(unsigned char)
 .text._ZN5daisy9DaisySeed7DelayMsEj
                0x08004944        0x8 ../libs/PoliTeKDSP/libs/libDaisy/build\libdaisy.a(daisy_seed.o)
                0x08004944                daisy::DaisySeed::DelayMs(unsigned int)
 .text._ZN5daisy9DaisySeed10StartAudioEPFvPKPKfPPfjE
                0x0800494c        0x8 ../libs/PoliTeKDSP/libs/libDaisy/build\libdaisy.a(daisy_seed.o)
                0x0800494c                daisy::DaisySeed::StartAudio(void (*)(float const* const*, float**, unsigned int))
 .text._ZN5daisy9DaisySeed15AudioSampleRateEv
                0x08004954        0x8 ../libs/PoliTeKDSP/libs/libDaisy/build\libdaisy.a(daisy_seed.o)
                0x08004954                daisy::DaisySeed::AudioSampleRate()
 .text._ZN5daisy9DaisySeed6SetLedEb
                0x0800495c        0x8 ../libs/PoliTeKDSP/libs/libDaisy/build\libdaisy.a(daisy_seed.o)
                0x0800495c                daisy::DaisySeed::SetLed(bool)
 .text._ZN5daisy9DaisySeed17CheckBoardVersionEv
                0x08004964       0x6c ../libs/PoliTeKDSP/libs/libDaisy/build\libdaisy.a(daisy_seed.o)
                0x08004964                daisy::DaisySeed::CheckBoardVersion()
 .text._ZN5daisy9DaisySeed14ConfigureAudioEv
                0x080049d0      0x110 ../libs/PoliTeKDSP/libs/libDaisy/build\libdaisy.a(daisy_seed.o)
                0x080049d0                daisy::DaisySeed::ConfigureAudio()
 .text._ZN5daisy9DaisySeed4InitEb
                0x08004ae0      0x104 ../libs/PoliTeKDSP/libs/libDaisy/build\libdaisy.a(daisy_seed.o)
                0x08004ae0                daisy::DaisySeed::Init(bool)
 .text._ZN5daisy6Ak45564InitENS_3PinE
                0x08004be4       0x44 ../libs/PoliTeKDSP/libs/libDaisy/build\libdaisy.a(codec_ak4556.o)
                0x08004be4                daisy::Ak4556::Init(daisy::Pin)
 .text._ZN5daisy6Wm873120WriteControlRegisterEht
                0x08004c28       0x3c ../libs/PoliTeKDSP/libs/libDaisy/build\libdaisy.a(codec_wm8731.o)
                0x08004c28                daisy::Wm8731::WriteControlRegister(unsigned char, unsigned short)
 .text._ZN5daisy6Wm87314InitERKNS0_6ConfigENS_9I2CHandleE
                0x08004c64      0x1bc ../libs/PoliTeKDSP/libs/libDaisy/build\libdaisy.a(codec_wm8731.o)
                0x08004c64                daisy::Wm8731::Init(daisy::Wm8731::Config const&, daisy::I2CHandle)
 .text._ZN11SdramHandle10DeviceInitEv
                0x08004e20       0x98 ../libs/PoliTeKDSP/libs/libDaisy/build\libdaisy.a(sdram.o)
                0x08004e20                SdramHandle::DeviceInit()
 .text._ZN11SdramHandle4InitEv
                0x08004eb8       0x7c ../libs/PoliTeKDSP/libs/libDaisy/build\libdaisy.a(sdram.o)
                0x08004eb8                SdramHandle::Init()
 .text.HAL_SDRAM_MspInit
                0x08004f34      0x1a8 ../libs/PoliTeKDSP/libs/libDaisy/build\libdaisy.a(sdram.o)
                0x08004f34                HAL_SDRAM_MspInit
 .text._ZN5daisy11AudioHandle4Impl16InternalCallbackEPlS2_j
                0x080050dc      0xbbc ../libs/PoliTeKDSP/libs/libDaisy/build\libdaisy.a(audio.o)
                0x080050dc                daisy::AudioHandle::Impl::InternalCallback(long*, long*, unsigned int)
 .text._ZN5daisy11AudioHandle4InitERKNS0_6ConfigENS_9SaiHandleE
                0x08005c98       0x70 ../libs/PoliTeKDSP/libs/libDaisy/build\libdaisy.a(audio.o)
                0x08005c98                daisy::AudioHandle::Init(daisy::AudioHandle::Config const&, daisy::SaiHandle)
 .text._ZNK5daisy11AudioHandle9GetConfigEv
                0x08005d08        0x8 ../libs/PoliTeKDSP/libs/libDaisy/build\libdaisy.a(audio.o)
                0x08005d08                daisy::AudioHandle::GetConfig() const
 .text._ZN5daisy11AudioHandle13GetSampleRateEv
                0x08005d10        0x8 ../libs/PoliTeKDSP/libs/libDaisy/build\libdaisy.a(audio.o)
                0x08005d10                daisy::AudioHandle::GetSampleRate()
 .text._ZN5daisy11AudioHandle5StartEPFvPKPKfPPfjE
                0x08005d18       0x44 ../libs/PoliTeKDSP/libs/libDaisy/build\libdaisy.a(audio.o)
                0x08005d18                daisy::AudioHandle::Start(void (*)(float const* const*, float**, unsigned int))
 .text.startup._GLOBAL__sub_I__ZN5daisy11AudioHandle4Impl4InitENS0_6ConfigENS_9SaiHandleE
                0x08005d5c       0x24 ../libs/PoliTeKDSP/libs/libDaisy/build\libdaisy.a(audio.o)
 .text._ZN5daisy7Encoder4InitENS_3PinES1_S1_f
                0x08005d80       0x5c ../libs/PoliTeKDSP/libs/libDaisy/build\libdaisy.a(encoder.o)
                0x08005d80                daisy::Encoder::Init(daisy::Pin, daisy::Pin, daisy::Pin, float)
 .text._ZN5daisy7Encoder8DebounceEv
                0x08005ddc       0x7c ../libs/PoliTeKDSP/libs/libDaisy/build\libdaisy.a(encoder.o)
                0x08005ddc                daisy::Encoder::Debounce()
 .text._ZN5daisy9UsbHandleD2Ev
                0x08005e58        0x4 ../libs/PoliTeKDSP/libs/libDaisy/build\libdaisy.a(logger.o)
                0x08005e58                daisy::UsbHandle::~UsbHandle()
                0x08005e58                daisy::UsbHandle::~UsbHandle()
 .text._ZN5daisy6LoggerILNS_17LoggerDestinationE1EE11TransmitBufEv
                0x08005e5c       0x60 ../libs/PoliTeKDSP/libs/libDaisy/build\libdaisy.a(logger.o)
                0x08005e5c                daisy::Logger<(daisy::LoggerDestination)1>::TransmitBuf()
 .text._ZN5daisy6LoggerILNS_17LoggerDestinationE1EE13AppendNewLineEv
                0x08005ebc       0x60 ../libs/PoliTeKDSP/libs/libDaisy/build\libdaisy.a(logger.o)
                0x08005ebc                daisy::Logger<(daisy::LoggerDestination)1>::AppendNewLine()
 .text._ZN5daisy6LoggerILNS_17LoggerDestinationE1EE10PrintLineVEPKcSt9__va_list
                0x08005f1c       0x30 ../libs/PoliTeKDSP/libs/libDaisy/build\libdaisy.a(logger.o)
                0x08005f1c                daisy::Logger<(daisy::LoggerDestination)1>::PrintLineV(char const*, std::__va_list)
 .text._ZN5daisy6LoggerILNS_17LoggerDestinationE1EE9PrintLineEPKcz
                0x08005f4c       0x1c ../libs/PoliTeKDSP/libs/libDaisy/build\libdaisy.a(logger.o)
                0x08005f4c                daisy::Logger<(daisy::LoggerDestination)1>::PrintLine(char const*, ...)
 .text._ZN5daisy6LoggerILNS_17LoggerDestinationE1EE8StartLogEb
                0x08005f68       0x40 ../libs/PoliTeKDSP/libs/libDaisy/build\libdaisy.a(logger.o)
                0x08005f68                daisy::Logger<(daisy::LoggerDestination)1>::StartLog(bool)
 .text.startup._GLOBAL__sub_I__ZN5daisy10LoggerImplILNS_17LoggerDestinationE1EE11usb_handle_E
                0x08005fa8       0x2c ../libs/PoliTeKDSP/libs/libDaisy/build\libdaisy.a(logger.o)
 .text._ZN5daisy6Switch4InitENS_3PinEf
                0x08005fd4       0x30 ../libs/PoliTeKDSP/libs/libDaisy/build\libdaisy.a(switch.o)
                0x08005fd4                daisy::Switch::Init(daisy::Pin, float)
 .text._ZN5daisy6Switch8DebounceEv
                0x08006004       0x54 ../libs/PoliTeKDSP/libs/libDaisy/build\libdaisy.a(switch.o)
                0x08006004                daisy::Switch::Debounce()
 .text.DummyRxCallback
                0x08006058        0x4 ../libs/PoliTeKDSP/libs/libDaisy/build\libdaisy.a(usb.o)
                0x08006058                DummyRxCallback
 .text._ZN5daisy9UsbHandle4InitENS0_9UsbPeriphE
                0x0800605c      0x10c ../libs/PoliTeKDSP/libs/libDaisy/build\libdaisy.a(usb.o)
                0x0800605c                daisy::UsbHandle::Init(daisy::UsbHandle::UsbPeriph)
 .text._ZN5daisy9UsbHandle16TransmitInternalEPhj
                0x08006168       0x14 ../libs/PoliTeKDSP/libs/libDaisy/build\libdaisy.a(usb.o)
                0x08006168                daisy::UsbHandle::TransmitInternal(unsigned char*, unsigned int)
 .text.OTG_FS_EP1_OUT_IRQHandler
                0x0800617c        0xc ../libs/PoliTeKDSP/libs/libDaisy/build\libdaisy.a(usb.o)
                0x0800617c                OTG_FS_EP1_OUT_IRQHandler
 .text.OTG_FS_EP1_IN_IRQHandler
                0x08006188        0xc ../libs/PoliTeKDSP/libs/libDaisy/build\libdaisy.a(usb.o)
                0x08006188                OTG_FS_EP1_IN_IRQHandler
 .text.OTG_FS_IRQHandler
                0x08006194        0xc ../libs/PoliTeKDSP/libs/libDaisy/build\libdaisy.a(usb.o)
                0x08006194                OTG_FS_IRQHandler
 .text._ZN5daisy4GPIO4InitERKNS0_6ConfigE
                0x080061a0      0x1cc ../libs/PoliTeKDSP/libs/libDaisy/build\libdaisy.a(gpio.o)
                0x080061a0                daisy::GPIO::Init(daisy::GPIO::Config const&)
 .text._ZN5daisy4GPIO4InitENS_3PinENS0_4ModeENS0_4PullENS0_5SpeedE
                0x0800636c      0x1cc ../libs/PoliTeKDSP/libs/libDaisy/build\libdaisy.a(gpio.o)
                0x0800636c                daisy::GPIO::Init(daisy::Pin, daisy::GPIO::Mode, daisy::GPIO::Pull, daisy::GPIO::Speed)
 .text._ZN5daisy4GPIO4ReadEv
                0x08006538       0x18 ../libs/PoliTeKDSP/libs/libDaisy/build\libdaisy.a(gpio.o)
                0x08006538                daisy::GPIO::Read()
 .text._ZN5daisy4GPIO5WriteEb
                0x08006550       0x14 ../libs/PoliTeKDSP/libs/libDaisy/build\libdaisy.a(gpio.o)
                0x08006550                daisy::GPIO::Write(bool)
 .text._ZN5daisy9I2CHandle4Impl8InitPinsEv
                0x08006564       0x70 ../libs/PoliTeKDSP/libs/libDaisy/build\libdaisy.a(i2c.o)
                0x08006564                daisy::I2CHandle::Impl::InitPins()
 .text.HAL_I2C_MspInit
                0x080065d4      0x1b4 ../libs/PoliTeKDSP/libs/libDaisy/build\libdaisy.a(i2c.o)
                0x080065d4                HAL_I2C_MspInit
 .text.dsy_i2c_global_init
                0x08006788       0x78 ../libs/PoliTeKDSP/libs/libDaisy/build\libdaisy.a(i2c.o)
                0x08006788                dsy_i2c_global_init
 .text.DMA1_Stream6_IRQHandler
                0x08006800       0x34 ../libs/PoliTeKDSP/libs/libDaisy/build\libdaisy.a(i2c.o)
                0x08006800                DMA1_Stream6_IRQHandler
 .text.I2C1_EV_IRQHandler
                0x08006834        0xc ../libs/PoliTeKDSP/libs/libDaisy/build\libdaisy.a(i2c.o)
                0x08006834                I2C1_EV_IRQHandler
 .text.I2C2_EV_IRQHandler
                0x08006840        0xc ../libs/PoliTeKDSP/libs/libDaisy/build\libdaisy.a(i2c.o)
                0x08006840                I2C2_EV_IRQHandler
 .text.I2C3_EV_IRQHandler
                0x0800684c        0xc ../libs/PoliTeKDSP/libs/libDaisy/build\libdaisy.a(i2c.o)
                0x0800684c                I2C3_EV_IRQHandler
 .text._ZN5daisy9I2CHandle4InitERKNS0_6ConfigE
                0x08006858      0x130 ../libs/PoliTeKDSP/libs/libDaisy/build\libdaisy.a(i2c.o)
                0x08006858                daisy::I2CHandle::Init(daisy::I2CHandle::Config const&)
 .text._ZN5daisy9I2CHandle16TransmitBlockingEtPhtm
                0x08006988       0x50 ../libs/PoliTeKDSP/libs/libDaisy/build\libdaisy.a(i2c.o)
                0x08006988                daisy::I2CHandle::TransmitBlocking(unsigned short, unsigned char*, unsigned short, unsigned long)
 .text._ZN5daisy9I2CHandle17ReadDataAtAddressEtttPhtm
                0x080069d8       0x50 ../libs/PoliTeKDSP/libs/libDaisy/build\libdaisy.a(i2c.o)
                0x080069d8                daisy::I2CHandle::ReadDataAtAddress(unsigned short, unsigned short, unsigned short, unsigned char*, unsigned short, unsigned long)
 .text._ZN5daisy9I2CHandle18WriteDataAtAddressEtttPhtm
                0x08006a28       0x50 ../libs/PoliTeKDSP/libs/libDaisy/build\libdaisy.a(i2c.o)
                0x08006a28                daisy::I2CHandle::WriteDataAtAddress(unsigned short, unsigned short, unsigned short, unsigned char*, unsigned short, unsigned long)
 .text.startup._GLOBAL__sub_I__ZN5daisy9I2CHandle4Impl10GlobalInitEv
                0x08006a78       0x2c ../libs/PoliTeKDSP/libs/libDaisy/build\libdaisy.a(i2c.o)
 .text._ZN5daisy10QSPIHandle4Impl11WriteEnableEv
                0x08006aa4       0x8c ../libs/PoliTeKDSP/libs/libDaisy/build\libdaisy.a(qspi.o)
                0x08006aa4                daisy::QSPIHandle::Impl::WriteEnable()
 .text._ZN5daisy10QSPIHandle4Impl17DummyCyclesConfigENS0_6Config6DeviceE
                0x08006b30      0x118 ../libs/PoliTeKDSP/libs/libDaisy/build\libdaisy.a(qspi.o)
                0x08006b30                daisy::QSPIHandle::Impl::DummyCyclesConfig(daisy::QSPIHandle::Config::Device)
 .text._ZN5daisy10QSPIHandle4Impl10QuadEnableEv
                0x08006c48      0x168 ../libs/PoliTeKDSP/libs/libDaisy/build\libdaisy.a(qspi.o)
                0x08006c48                daisy::QSPIHandle::Impl::QuadEnable()
 .text._ZN5daisy10QSPIHandle4Impl21DefaultStatusRegisterEv
                0x08006db0      0x158 ../libs/PoliTeKDSP/libs/libDaisy/build\libdaisy.a(qspi.o)
                0x08006db0                daisy::QSPIHandle::Impl::DefaultStatusRegister()
 .text._ZN5daisy10QSPIHandle4Impl7PreInitEm
                0x08006f08      0x198 ../libs/PoliTeKDSP/libs/libDaisy/build\libdaisy.a(qspi.o)
                0x08006f08                daisy::QSPIHandle::Impl::PreInit(unsigned long)
 .text._ZN5daisy10QSPIHandle4InitERKNS0_6ConfigE
                0x080070a0      0x1b4 ../libs/PoliTeKDSP/libs/libDaisy/build\libdaisy.a(qspi.o)
                0x080070a0                daisy::QSPIHandle::Init(daisy::QSPIHandle::Config const&)
 .text.HAL_QSPI_MspInit
                0x08007254      0x194 ../libs/PoliTeKDSP/libs/libDaisy/build\libdaisy.a(qspi.o)
                0x08007254                HAL_QSPI_MspInit
 .text.HAL_QSPI_MspDeInit
                0x080073e8       0x7c ../libs/PoliTeKDSP/libs/libDaisy/build\libdaisy.a(qspi.o)
                0x080073e8                HAL_QSPI_MspDeInit
 .text.QUADSPI_IRQHandler
                0x08007464        0xc ../libs/PoliTeKDSP/libs/libDaisy/build\libdaisy.a(qspi.o)
                0x08007464                QUADSPI_IRQHandler
 .text.startup._GLOBAL__sub_I__ZN5daisy10QSPIHandle4Impl7PreInitEm
                0x08007470       0x40 ../libs/PoliTeKDSP/libs/libDaisy/build\libdaisy.a(qspi.o)
 .text._ZN5daisy9SaiHandle4Impl7InitDmaENS1_15PeripheralBlockE
                0x080074b0       0xa0 ../libs/PoliTeKDSP/libs/libDaisy/build\libdaisy.a(sai.o)
                0x080074b0                daisy::SaiHandle::Impl::InitDma(daisy::SaiHandle::Impl::PeripheralBlock)
 .text._ZN5daisy9SaiHandle4Impl8InitPinsEv
                0x08007550       0xbc ../libs/PoliTeKDSP/libs/libDaisy/build\libdaisy.a(sai.o)
                0x08007550                daisy::SaiHandle::Impl::InitPins()
 .text.HAL_SAI_MspInit
                0x0800760c      0x164 ../libs/PoliTeKDSP/libs/libDaisy/build\libdaisy.a(sai.o)
                0x0800760c                HAL_SAI_MspInit
 .text.DMA1_Stream0_IRQHandler
                0x08007770        0xc ../libs/PoliTeKDSP/libs/libDaisy/build\libdaisy.a(sai.o)
                0x08007770                DMA1_Stream0_IRQHandler
 .text.DMA1_Stream1_IRQHandler
                0x0800777c        0xc ../libs/PoliTeKDSP/libs/libDaisy/build\libdaisy.a(sai.o)
                0x0800777c                DMA1_Stream1_IRQHandler
 .text.DMA1_Stream3_IRQHandler
                0x08007788        0xc ../libs/PoliTeKDSP/libs/libDaisy/build\libdaisy.a(sai.o)
                0x08007788                DMA1_Stream3_IRQHandler
 .text.DMA1_Stream4_IRQHandler
                0x08007794        0xc ../libs/PoliTeKDSP/libs/libDaisy/build\libdaisy.a(sai.o)
                0x08007794                DMA1_Stream4_IRQHandler
 .text.HAL_SAI_RxHalfCpltCallback
                0x080077a0       0x78 ../libs/PoliTeKDSP/libs/libDaisy/build\libdaisy.a(sai.o)
                0x080077a0                HAL_SAI_RxHalfCpltCallback
 .text.HAL_SAI_RxCpltCallback
                0x08007818       0x70 ../libs/PoliTeKDSP/libs/libDaisy/build\libdaisy.a(sai.o)
                0x08007818                HAL_SAI_RxCpltCallback
 .text._ZN5daisy9SaiHandle4InitERKNS0_6ConfigE
                0x08007888      0x1f0 ../libs/PoliTeKDSP/libs/libDaisy/build\libdaisy.a(sai.o)
                0x08007888                daisy::SaiHandle::Init(daisy::SaiHandle::Config const&)
 .text._ZNK5daisy9SaiHandle9GetConfigEv
                0x08007a78        0x4 ../libs/PoliTeKDSP/libs/libDaisy/build\libdaisy.a(sai.o)
                0x08007a78                daisy::SaiHandle::GetConfig() const
 .text._ZN5daisy9SaiHandle8StartDmaEPlS1_jPFvS1_S1_jE
                0x08007a7c       0xbc ../libs/PoliTeKDSP/libs/libDaisy/build\libdaisy.a(sai.o)
                0x08007a7c                daisy::SaiHandle::StartDma(long*, long*, unsigned int, void (*)(long*, long*, unsigned int))
 .text._ZN5daisy9SaiHandle13GetSampleRateEv
                0x08007b38       0x24 ../libs/PoliTeKDSP/libs/libDaisy/build\libdaisy.a(sai.o)
                0x08007b38                daisy::SaiHandle::GetSampleRate()
 .text._ZNK5daisy9SaiHandle9GetOffsetEv
                0x08007b5c        0x8 ../libs/PoliTeKDSP/libs/libDaisy/build\libdaisy.a(sai.o)
                0x08007b5c                daisy::SaiHandle::GetOffset() const
 .text.startup._GLOBAL__sub_I__ZN5daisy9SaiHandle4Impl4InitERKNS0_6ConfigE
                0x08007b64       0x20 ../libs/PoliTeKDSP/libs/libDaisy/build\libdaisy.a(sai.o)
 .text._ZN5daisy11TimerHandleD2Ev
                0x08007b84        0x4 ../libs/PoliTeKDSP/libs/libDaisy/build\libdaisy.a(system.o)
                0x08007b84                daisy::TimerHandle::~TimerHandle()
                0x08007b84                daisy::TimerHandle::~TimerHandle()
 .text.SysTick_Handler
                0x08007b88       0x10 ../libs/PoliTeKDSP/libs/libDaisy/build\libdaisy.a(system.o)
                0x08007b88                SysTick_Handler
 .text.OTG_HS_EP1_OUT_IRQHandler
                0x08007b98       0x24 ../libs/PoliTeKDSP/libs/libDaisy/build\libdaisy.a(system.o)
                0x08007b98                OTG_HS_EP1_OUT_IRQHandler
 .text.OTG_HS_EP1_IN_IRQHandler
                0x08007bbc       0x24 ../libs/PoliTeKDSP/libs/libDaisy/build\libdaisy.a(system.o)
                0x08007bbc                OTG_HS_EP1_IN_IRQHandler
 .text.OTG_HS_IRQHandler
                0x08007be0       0x24 ../libs/PoliTeKDSP/libs/libDaisy/build\libdaisy.a(system.o)
                0x08007be0                OTG_HS_IRQHandler
 .text.HardFault_Handler
                0x08007c04       0xe0 ../libs/PoliTeKDSP/libs/libDaisy/build\libdaisy.a(system.o)
                0x08007c04                HardFault_Handler
 .text._ZN5daisy6System6GetNowEv
                0x08007ce4        0x4 ../libs/PoliTeKDSP/libs/libDaisy/build\libdaisy.a(system.o)
                0x08007ce4                daisy::System::GetNow()
 .text._ZN5daisy6System7GetTickEv
                0x08007ce8        0xc ../libs/PoliTeKDSP/libs/libDaisy/build\libdaisy.a(system.o)
                0x08007ce8                daisy::System::GetTick()
 .text._ZN5daisy6System5DelayEm
                0x08007cf4        0x4 ../libs/PoliTeKDSP/libs/libDaisy/build\libdaisy.a(system.o)
                0x08007cf4                daisy::System::Delay(unsigned long)
 .text._ZN5daisy6System20GetBootloaderVersionEv
                0x08007cf8       0x34 ../libs/PoliTeKDSP/libs/libDaisy/build\libdaisy.a(system.o)
                0x08007cf8                daisy::System::GetBootloaderVersion()
 *fill*         0x08007d2c        0x4 
 .text._ZN5daisy6System15ConfigureClocksEv
                0x08007d30      0x1a4 ../libs/PoliTeKDSP/libs/libDaisy/build\libdaisy.a(system.o)
                0x08007d30                daisy::System::ConfigureClocks()
 .text._ZN5daisy6System12ConfigureMpuEv
                0x08007ed4       0x7c ../libs/PoliTeKDSP/libs/libDaisy/build\libdaisy.a(system.o)
                0x08007ed4                daisy::System::ConfigureMpu()
 .text._ZN5daisy6System4InitERKNS0_6ConfigE
                0x08007f50       0xf8 ../libs/PoliTeKDSP/libs/libDaisy/build\libdaisy.a(system.o)
                0x08007f50                daisy::System::Init(daisy::System::Config const&)
 .text._ZN5daisy6System12GetPClk1FreqEv
                0x08008048        0x4 ../libs/PoliTeKDSP/libs/libDaisy/build\libdaisy.a(system.o)
                0x08008048                daisy::System::GetPClk1Freq()
 .text._ZN5daisy6System22GetProgramMemoryRegionEv
                0x0800804c       0x78 ../libs/PoliTeKDSP/libs/libDaisy/build\libdaisy.a(system.o)
                0x0800804c                daisy::System::GetProgramMemoryRegion()
 .text.startup._GLOBAL__sub_I__ZN5daisy9boot_infoE
                0x080080c4       0x1c ../libs/PoliTeKDSP/libs/libDaisy/build\libdaisy.a(system.o)
 .text.SystemInit
                0x080080e0       0x9c ../libs/PoliTeKDSP/libs/libDaisy/build\libdaisy.a(system_stm32h7xx.o)
                0x080080e0                SystemInit
 .text.dummy_rx_callback
                0x0800817c        0x4 ../libs/PoliTeKDSP/libs/libDaisy/build\libdaisy.a(usbd_cdc_if.o)
                0x0800817c                dummy_rx_callback
 .text.CDC_DeInit_FS
                0x08008180        0x4 ../libs/PoliTeKDSP/libs/libDaisy/build\libdaisy.a(usbd_cdc_if.o)
 .text.CDC_Receive_FS
                0x08008184       0x2c ../libs/PoliTeKDSP/libs/libDaisy/build\libdaisy.a(usbd_cdc_if.o)
 .text.CDC_Receive_HS
                0x080081b0       0x2c ../libs/PoliTeKDSP/libs/libDaisy/build\libdaisy.a(usbd_cdc_if.o)
 .text.CDC_Init_FS
                0x080081dc       0x3c ../libs/PoliTeKDSP/libs/libDaisy/build\libdaisy.a(usbd_cdc_if.o)
 .text.CDC_Init_HS
                0x08008218       0x3c ../libs/PoliTeKDSP/libs/libDaisy/build\libdaisy.a(usbd_cdc_if.o)
 .text.CDC_Control_FS
                0x08008254       0x34 ../libs/PoliTeKDSP/libs/libDaisy/build\libdaisy.a(usbd_cdc_if.o)
 .text.CDC_Control_HS
                0x08008288       0x34 ../libs/PoliTeKDSP/libs/libDaisy/build\libdaisy.a(usbd_cdc_if.o)
 .text.CDC_DeInit_HS
                0x080082bc        0x4 ../libs/PoliTeKDSP/libs/libDaisy/build\libdaisy.a(usbd_cdc_if.o)
 .text.CDC_Transmit_FS
                0x080082c0       0x2c ../libs/PoliTeKDSP/libs/libDaisy/build\libdaisy.a(usbd_cdc_if.o)
                0x080082c0                CDC_Transmit_FS
 .text.HAL_PCD_MspInit
                0x080082ec      0x144 ../libs/PoliTeKDSP/libs/libDaisy/build\libdaisy.a(usbd_conf.o)
                0x080082ec                HAL_PCD_MspInit
 .text.HAL_PCD_SetupStageCallback
                0x08008430        0xc ../libs/PoliTeKDSP/libs/libDaisy/build\libdaisy.a(usbd_conf.o)
                0x08008430                HAL_PCD_SetupStageCallback
 .text.HAL_PCD_DataOutStageCallback
                0x0800843c       0x14 ../libs/PoliTeKDSP/libs/libDaisy/build\libdaisy.a(usbd_conf.o)
                0x0800843c                HAL_PCD_DataOutStageCallback
 .text.HAL_PCD_DataInStageCallback
                0x08008450       0x14 ../libs/PoliTeKDSP/libs/libDaisy/build\libdaisy.a(usbd_conf.o)
                0x08008450                HAL_PCD_DataInStageCallback
 .text.HAL_PCD_SOFCallback
                0x08008464        0x8 ../libs/PoliTeKDSP/libs/libDaisy/build\libdaisy.a(usbd_conf.o)
                0x08008464                HAL_PCD_SOFCallback
 .text.HAL_PCD_ResetCallback
                0x0800846c       0x24 ../libs/PoliTeKDSP/libs/libDaisy/build\libdaisy.a(usbd_conf.o)
                0x0800846c                HAL_PCD_ResetCallback
 .text.HAL_PCD_SuspendCallback
                0x08008490       0x30 ../libs/PoliTeKDSP/libs/libDaisy/build\libdaisy.a(usbd_conf.o)
                0x08008490                HAL_PCD_SuspendCallback
 .text.HAL_PCD_ResumeCallback
                0x080084c0        0x8 ../libs/PoliTeKDSP/libs/libDaisy/build\libdaisy.a(usbd_conf.o)
                0x080084c0                HAL_PCD_ResumeCallback
 .text.HAL_PCD_ISOOUTIncompleteCallback
                0x080084c8        0x8 ../libs/PoliTeKDSP/libs/libDaisy/build\libdaisy.a(usbd_conf.o)
                0x080084c8                HAL_PCD_ISOOUTIncompleteCallback
 .text.HAL_PCD_ISOINIncompleteCallback
                0x080084d0        0x8 ../libs/PoliTeKDSP/libs/libDaisy/build\libdaisy.a(usbd_conf.o)
                0x080084d0                HAL_PCD_ISOINIncompleteCallback
 .text.HAL_PCD_ConnectCallback
                0x080084d8        0x8 ../libs/PoliTeKDSP/libs/libDaisy/build\libdaisy.a(usbd_conf.o)
                0x080084d8                HAL_PCD_ConnectCallback
 .text.HAL_PCD_DisconnectCallback
                0x080084e0        0x8 ../libs/PoliTeKDSP/libs/libDaisy/build\libdaisy.a(usbd_conf.o)
                0x080084e0                HAL_PCD_DisconnectCallback
 .text.USBD_LL_Init
                0x080084e8       0xe4 ../libs/PoliTeKDSP/libs/libDaisy/build\libdaisy.a(usbd_conf.o)
                0x080084e8                USBD_LL_Init
 .text.USBD_LL_Start
                0x080085cc       0x1c ../libs/PoliTeKDSP/libs/libDaisy/build\libdaisy.a(usbd_conf.o)
                0x080085cc                USBD_LL_Start
 .text.USBD_LL_OpenEP
                0x080085e8       0x24 ../libs/PoliTeKDSP/libs/libDaisy/build\libdaisy.a(usbd_conf.o)
                0x080085e8                USBD_LL_OpenEP
 .text.USBD_LL_CloseEP
                0x0800860c       0x1c ../libs/PoliTeKDSP/libs/libDaisy/build\libdaisy.a(usbd_conf.o)
                0x0800860c                USBD_LL_CloseEP
 .text.USBD_LL_StallEP
                0x08008628       0x1c ../libs/PoliTeKDSP/libs/libDaisy/build\libdaisy.a(usbd_conf.o)
                0x08008628                USBD_LL_StallEP
 .text.USBD_LL_ClearStallEP
                0x08008644       0x1c ../libs/PoliTeKDSP/libs/libDaisy/build\libdaisy.a(usbd_conf.o)
                0x08008644                USBD_LL_ClearStallEP
 .text.USBD_LL_IsStallEP
                0x08008660       0x28 ../libs/PoliTeKDSP/libs/libDaisy/build\libdaisy.a(usbd_conf.o)
                0x08008660                USBD_LL_IsStallEP
 .text.USBD_LL_SetUSBAddress
                0x08008688       0x1c ../libs/PoliTeKDSP/libs/libDaisy/build\libdaisy.a(usbd_conf.o)
                0x08008688                USBD_LL_SetUSBAddress
 .text.USBD_LL_Transmit
                0x080086a4       0x1c ../libs/PoliTeKDSP/libs/libDaisy/build\libdaisy.a(usbd_conf.o)
                0x080086a4                USBD_LL_Transmit
 .text.USBD_LL_PrepareReceive
                0x080086c0       0x1c ../libs/PoliTeKDSP/libs/libDaisy/build\libdaisy.a(usbd_conf.o)
                0x080086c0                USBD_LL_PrepareReceive
 .text.USBD_LL_GetRxDataSize
                0x080086dc        0x8 ../libs/PoliTeKDSP/libs/libDaisy/build\libdaisy.a(usbd_conf.o)
                0x080086dc                USBD_LL_GetRxDataSize
 .text.USBD_HS_DeviceDescriptor
                0x080086e4        0xc ../libs/PoliTeKDSP/libs/libDaisy/build\libdaisy.a(usbd_desc.o)
                0x080086e4                USBD_HS_DeviceDescriptor
 .text.USBD_FS_DeviceDescriptor
                0x080086f0        0xc ../libs/PoliTeKDSP/libs/libDaisy/build\libdaisy.a(usbd_desc.o)
                0x080086f0                USBD_FS_DeviceDescriptor
 .text.USBD_FS_LangIDStrDescriptor
                0x080086fc        0xc ../libs/PoliTeKDSP/libs/libDaisy/build\libdaisy.a(usbd_desc.o)
                0x080086fc                USBD_FS_LangIDStrDescriptor
 .text.USBD_FS_ManufacturerStrDescriptor
                0x08008708       0x1c ../libs/PoliTeKDSP/libs/libDaisy/build\libdaisy.a(usbd_desc.o)
                0x08008708                USBD_FS_ManufacturerStrDescriptor
 .text.USBD_HS_ProductStrDescriptor
                0x08008724       0x1c ../libs/PoliTeKDSP/libs/libDaisy/build\libdaisy.a(usbd_desc.o)
                0x08008724                USBD_HS_ProductStrDescriptor
 .text.USBD_FS_ConfigStrDescriptor
                0x08008740       0x1c ../libs/PoliTeKDSP/libs/libDaisy/build\libdaisy.a(usbd_desc.o)
                0x08008740                USBD_FS_ConfigStrDescriptor
 .text.USBD_FS_InterfaceStrDescriptor
                0x0800875c       0x1c ../libs/PoliTeKDSP/libs/libDaisy/build\libdaisy.a(usbd_desc.o)
                0x0800875c                USBD_FS_InterfaceStrDescriptor
 .text.USBD_FS_ProductStrDescriptor
                0x08008778       0x1c ../libs/PoliTeKDSP/libs/libDaisy/build\libdaisy.a(usbd_desc.o)
                0x08008778                USBD_FS_ProductStrDescriptor
 .text.USBD_HS_LangIDStrDescriptor
                0x08008794        0xc ../libs/PoliTeKDSP/libs/libDaisy/build\libdaisy.a(usbd_desc.o)
                0x08008794                USBD_HS_LangIDStrDescriptor
 .text.USBD_HS_ManufacturerStrDescriptor
                0x080087a0       0x1c ../libs/PoliTeKDSP/libs/libDaisy/build\libdaisy.a(usbd_desc.o)
                0x080087a0                USBD_HS_ManufacturerStrDescriptor
 .text.USBD_FS_SerialStrDescriptor
                0x080087bc      0x124 ../libs/PoliTeKDSP/libs/libDaisy/build\libdaisy.a(usbd_desc.o)
                0x080087bc                USBD_FS_SerialStrDescriptor
 .text.USBD_HS_SerialStrDescriptor
                0x080088e0      0x124 ../libs/PoliTeKDSP/libs/libDaisy/build\libdaisy.a(usbd_desc.o)
                0x080088e0                USBD_HS_SerialStrDescriptor
 .text.USBD_HS_InterfaceStrDescriptor
                0x08008a04       0x1c ../libs/PoliTeKDSP/libs/libDaisy/build\libdaisy.a(usbd_desc.o)
                0x08008a04                USBD_HS_InterfaceStrDescriptor
 .text.USBD_HS_ConfigStrDescriptor
                0x08008a20       0x1c ../libs/PoliTeKDSP/libs/libDaisy/build\libdaisy.a(usbd_desc.o)
                0x08008a20                USBD_HS_ConfigStrDescriptor
 .text.HAL_HCD_SOF_Callback
                0x08008a3c        0x8 ../libs/PoliTeKDSP/libs/libDaisy/build\libdaisy.a(usbh_conf.o)
                0x08008a3c                HAL_HCD_SOF_Callback
 .text.HAL_HCD_Connect_Callback
                0x08008a44        0x8 ../libs/PoliTeKDSP/libs/libDaisy/build\libdaisy.a(usbh_conf.o)
                0x08008a44                HAL_HCD_Connect_Callback
 .text.HAL_HCD_Disconnect_Callback
                0x08008a4c        0x8 ../libs/PoliTeKDSP/libs/libDaisy/build\libdaisy.a(usbh_conf.o)
                0x08008a4c                HAL_HCD_Disconnect_Callback
 .text.HAL_HCD_HC_NotifyURBChange_Callback
                0x08008a54        0x4 ../libs/PoliTeKDSP/libs/libDaisy/build\libdaisy.a(usbh_conf.o)
                0x08008a54                HAL_HCD_HC_NotifyURBChange_Callback
 .text.HAL_HCD_PortEnabled_Callback
                0x08008a58        0x8 ../libs/PoliTeKDSP/libs/libDaisy/build\libdaisy.a(usbh_conf.o)
                0x08008a58                HAL_HCD_PortEnabled_Callback
 .text.HAL_HCD_PortDisabled_Callback
                0x08008a60        0x8 ../libs/PoliTeKDSP/libs/libDaisy/build\libdaisy.a(usbh_conf.o)
                0x08008a60                HAL_HCD_PortDisabled_Callback
 .text.USBH_LL_Stop
                0x08008a68       0x1c ../libs/PoliTeKDSP/libs/libDaisy/build\libdaisy.a(usbh_conf.o)
                0x08008a68                USBH_LL_Stop
 .text.HAL_MspInit
                0x08008a84        0x4 ../libs/PoliTeKDSP/libs/libDaisy/build\libdaisy.a(stm32h7xx_hal.o)
                0x08008a84                HAL_MspInit
 .text.HAL_InitTick
                0x08008a88       0x4c ../libs/PoliTeKDSP/libs/libDaisy/build\libdaisy.a(stm32h7xx_hal.o)
                0x08008a88                HAL_InitTick
 .text.HAL_Init
                0x08008ad4       0x60 ../libs/PoliTeKDSP/libs/libDaisy/build\libdaisy.a(stm32h7xx_hal.o)
                0x08008ad4                HAL_Init
 .text.HAL_IncTick
                0x08008b34       0x18 ../libs/PoliTeKDSP/libs/libDaisy/build\libdaisy.a(stm32h7xx_hal.o)
                0x08008b34                HAL_IncTick
 .text.HAL_GetTick
                0x08008b4c        0xc ../libs/PoliTeKDSP/libs/libDaisy/build\libdaisy.a(stm32h7xx_hal.o)
                0x08008b4c                HAL_GetTick
 .text.HAL_Delay
                0x08008b58       0x24 ../libs/PoliTeKDSP/libs/libDaisy/build\libdaisy.a(stm32h7xx_hal.o)
                0x08008b58                HAL_Delay
 .text.HAL_GetREVID
                0x08008b7c        0xc ../libs/PoliTeKDSP/libs/libDaisy/build\libdaisy.a(stm32h7xx_hal.o)
                0x08008b7c                HAL_GetREVID
 .text.HAL_NVIC_SetPriorityGrouping
                0x08008b88       0x24 ../libs/PoliTeKDSP/libs/libDaisy/build\libdaisy.a(stm32h7xx_hal_cortex.o)
                0x08008b88                HAL_NVIC_SetPriorityGrouping
 .text.HAL_NVIC_SetPriority
                0x08008bac       0x7c ../libs/PoliTeKDSP/libs/libDaisy/build\libdaisy.a(stm32h7xx_hal_cortex.o)
                0x08008bac                HAL_NVIC_SetPriority
 .text.HAL_NVIC_EnableIRQ
                0x08008c28       0x1c ../libs/PoliTeKDSP/libs/libDaisy/build\libdaisy.a(stm32h7xx_hal_cortex.o)
                0x08008c28                HAL_NVIC_EnableIRQ
 .text.HAL_NVIC_DisableIRQ
                0x08008c44       0x28 ../libs/PoliTeKDSP/libs/libDaisy/build\libdaisy.a(stm32h7xx_hal_cortex.o)
                0x08008c44                HAL_NVIC_DisableIRQ
 .text.HAL_SYSTICK_Config
                0x08008c6c       0x2c ../libs/PoliTeKDSP/libs/libDaisy/build\libdaisy.a(stm32h7xx_hal_cortex.o)
                0x08008c6c                HAL_SYSTICK_Config
 .text.HAL_MPU_Disable
                0x08008c98       0x1c ../libs/PoliTeKDSP/libs/libDaisy/build\libdaisy.a(stm32h7xx_hal_cortex.o)
                0x08008c98                HAL_MPU_Disable
 .text.HAL_MPU_Enable
                0x08008cb4       0x20 ../libs/PoliTeKDSP/libs/libDaisy/build\libdaisy.a(stm32h7xx_hal_cortex.o)
                0x08008cb4                HAL_MPU_Enable
 .text.HAL_MPU_ConfigRegion
                0x08008cd4       0x64 ../libs/PoliTeKDSP/libs/libDaisy/build\libdaisy.a(stm32h7xx_hal_cortex.o)
                0x08008cd4                HAL_MPU_ConfigRegion
 .text.HAL_SYSTICK_Callback
                0x08008d38        0x4 ../libs/PoliTeKDSP/libs/libDaisy/build\libdaisy.a(stm32h7xx_hal_cortex.o)
                0x08008d38                HAL_SYSTICK_Callback
 .text.HAL_SYSTICK_IRQHandler
                0x08008d3c        0x8 ../libs/PoliTeKDSP/libs/libDaisy/build\libdaisy.a(stm32h7xx_hal_cortex.o)
                0x08008d3c                HAL_SYSTICK_IRQHandler
 .text.DMA_CalcBaseAndBitshift
                0x08008d44       0xf4 ../libs/PoliTeKDSP/libs/libDaisy/build\libdaisy.a(stm32h7xx_hal_dma.o)
 .text.DMA_CalcDMAMUXChannelBaseAndMask
                0x08008e38       0xd8 ../libs/PoliTeKDSP/libs/libDaisy/build\libdaisy.a(stm32h7xx_hal_dma.o)
 .text.HAL_DMA_Init
                0x08008f10      0x4dc ../libs/PoliTeKDSP/libs/libDaisy/build\libdaisy.a(stm32h7xx_hal_dma.o)
                0x08008f10                HAL_DMA_Init
 .text.HAL_DMA_Start_IT
                0x080093ec      0x344 ../libs/PoliTeKDSP/libs/libDaisy/build\libdaisy.a(stm32h7xx_hal_dma.o)
                0x080093ec                HAL_DMA_Start_IT
 .text.HAL_DMA_Abort
                0x08009730      0x2f0 ../libs/PoliTeKDSP/libs/libDaisy/build\libdaisy.a(stm32h7xx_hal_dma.o)
                0x08009730                HAL_DMA_Abort
 .text.HAL_DMA_Abort_IT
                0x08009a20      0x194 ../libs/PoliTeKDSP/libs/libDaisy/build\libdaisy.a(stm32h7xx_hal_dma.o)
                0x08009a20                HAL_DMA_Abort_IT
 .text.HAL_DMA_IRQHandler
                0x08009bb4      0x6a0 ../libs/PoliTeKDSP/libs/libDaisy/build\libdaisy.a(stm32h7xx_hal_dma.o)
                0x08009bb4                HAL_DMA_IRQHandler
 .text.HAL_DMA_GetError
                0x0800a254        0x4 ../libs/PoliTeKDSP/libs/libDaisy/build\libdaisy.a(stm32h7xx_hal_dma.o)
                0x0800a254                HAL_DMA_GetError
 .text.HAL_GPIO_Init
                0x0800a258      0x274 ../libs/PoliTeKDSP/libs/libDaisy/build\libdaisy.a(stm32h7xx_hal_gpio.o)
                0x0800a258                HAL_GPIO_Init
 .text.HAL_GPIO_DeInit
                0x0800a4cc      0x190 ../libs/PoliTeKDSP/libs/libDaisy/build\libdaisy.a(stm32h7xx_hal_gpio.o)
                0x0800a4cc                HAL_GPIO_DeInit
 .text.HAL_GPIO_ReadPin
                0x0800a65c        0xc ../libs/PoliTeKDSP/libs/libDaisy/build\libdaisy.a(stm32h7xx_hal_gpio.o)
                0x0800a65c                HAL_GPIO_ReadPin
 .text.HAL_GPIO_WritePin
                0x0800a668        0x8 ../libs/PoliTeKDSP/libs/libDaisy/build\libdaisy.a(stm32h7xx_hal_gpio.o)
                0x0800a668                HAL_GPIO_WritePin
 .text.HAL_HCD_IRQHandler
                0x0800a670      0x8f4 ../libs/PoliTeKDSP/libs/libDaisy/build\libdaisy.a(stm32h7xx_hal_hcd.o)
                0x0800a670                HAL_HCD_IRQHandler
 .text.HAL_HCD_Stop
                0x0800af64       0x28 ../libs/PoliTeKDSP/libs/libDaisy/build\libdaisy.a(stm32h7xx_hal_hcd.o)
                0x0800af64                HAL_HCD_Stop
 .text.I2C_WaitOnTXISFlagUntilTimeout
                0x0800af8c      0x16c ../libs/PoliTeKDSP/libs/libDaisy/build\libdaisy.a(stm32h7xx_hal_i2c.o)
 .text.I2C_WaitOnSTOPFlagUntilTimeout
                0x0800b0f8      0x168 ../libs/PoliTeKDSP/libs/libDaisy/build\libdaisy.a(stm32h7xx_hal_i2c.o)
 .text.HAL_I2C_Init
                0x0800b260       0xac ../libs/PoliTeKDSP/libs/libDaisy/build\libdaisy.a(stm32h7xx_hal_i2c.o)
                0x0800b260                HAL_I2C_Init
 .text.HAL_I2C_Master_Transmit
                0x0800b30c      0x37c ../libs/PoliTeKDSP/libs/libDaisy/build\libdaisy.a(stm32h7xx_hal_i2c.o)
                0x0800b30c                HAL_I2C_Master_Transmit
 .text.HAL_I2C_Slave_Transmit
                0x0800b688      0x254 ../libs/PoliTeKDSP/libs/libDaisy/build\libdaisy.a(stm32h7xx_hal_i2c.o)
                0x0800b688                HAL_I2C_Slave_Transmit
 .text.HAL_I2C_Mem_Write
                0x0800b8dc      0x268 ../libs/PoliTeKDSP/libs/libDaisy/build\libdaisy.a(stm32h7xx_hal_i2c.o)
                0x0800b8dc                HAL_I2C_Mem_Write
 .text.HAL_I2C_Mem_Read
                0x0800bb44      0x2cc ../libs/PoliTeKDSP/libs/libDaisy/build\libdaisy.a(stm32h7xx_hal_i2c.o)
                0x0800bb44                HAL_I2C_Mem_Read
 .text.HAL_I2C_EV_IRQHandler
                0x0800be10       0x10 ../libs/PoliTeKDSP/libs/libDaisy/build\libdaisy.a(stm32h7xx_hal_i2c.o)
                0x0800be10                HAL_I2C_EV_IRQHandler
 .text.HAL_I2C_GetState
                0x0800be20        0x8 ../libs/PoliTeKDSP/libs/libDaisy/build\libdaisy.a(stm32h7xx_hal_i2c.o)
                0x0800be20                HAL_I2C_GetState
 .text.HAL_I2CEx_ConfigAnalogFilter
                0x0800be28       0x54 ../libs/PoliTeKDSP/libs/libDaisy/build\libdaisy.a(stm32h7xx_hal_i2c_ex.o)
                0x0800be28                HAL_I2CEx_ConfigAnalogFilter
 .text.HAL_I2CEx_ConfigDigitalFilter
                0x0800be7c       0x58 ../libs/PoliTeKDSP/libs/libDaisy/build\libdaisy.a(stm32h7xx_hal_i2c_ex.o)
                0x0800be7c                HAL_I2CEx_ConfigDigitalFilter
 .text.HAL_PCD_Init
                0x0800bed4      0x11c ../libs/PoliTeKDSP/libs/libDaisy/build\libdaisy.a(stm32h7xx_hal_pcd.o)
                0x0800bed4                HAL_PCD_Init
 .text.HAL_PCD_Start
                0x0800bff0       0x44 ../libs/PoliTeKDSP/libs/libDaisy/build\libdaisy.a(stm32h7xx_hal_pcd.o)
                0x0800bff0                HAL_PCD_Start
 .text.HAL_PCD_IRQHandler
                0x0800c034      0xb48 ../libs/PoliTeKDSP/libs/libDaisy/build\libdaisy.a(stm32h7xx_hal_pcd.o)
                0x0800c034                HAL_PCD_IRQHandler
 .text.HAL_PCD_SetAddress
                0x0800cb7c       0x2c ../libs/PoliTeKDSP/libs/libDaisy/build\libdaisy.a(stm32h7xx_hal_pcd.o)
                0x0800cb7c                HAL_PCD_SetAddress
 .text.HAL_PCD_EP_Open
                0x0800cba8       0x7c ../libs/PoliTeKDSP/libs/libDaisy/build\libdaisy.a(stm32h7xx_hal_pcd.o)
                0x0800cba8                HAL_PCD_EP_Open
 .text.HAL_PCD_EP_Close
                0x0800cc24       0x6c ../libs/PoliTeKDSP/libs/libDaisy/build\libdaisy.a(stm32h7xx_hal_pcd.o)
                0x0800cc24                HAL_PCD_EP_Close
 .text.HAL_PCD_EP_Receive
                0x0800cc90       0x44 ../libs/PoliTeKDSP/libs/libDaisy/build\libdaisy.a(stm32h7xx_hal_pcd.o)
                0x0800cc90                HAL_PCD_EP_Receive
 .text.HAL_PCD_EP_GetRxCount
                0x0800ccd4       0x14 ../libs/PoliTeKDSP/libs/libDaisy/build\libdaisy.a(stm32h7xx_hal_pcd.o)
                0x0800ccd4                HAL_PCD_EP_GetRxCount
 .text.HAL_PCD_EP_Transmit
                0x0800cce8       0x44 ../libs/PoliTeKDSP/libs/libDaisy/build\libdaisy.a(stm32h7xx_hal_pcd.o)
                0x0800cce8                HAL_PCD_EP_Transmit
 .text.HAL_PCD_EP_SetStall
                0x0800cd2c       0x88 ../libs/PoliTeKDSP/libs/libDaisy/build\libdaisy.a(stm32h7xx_hal_pcd.o)
                0x0800cd2c                HAL_PCD_EP_SetStall
 .text.HAL_PCD_EP_ClrStall
                0x0800cdb4       0x78 ../libs/PoliTeKDSP/libs/libDaisy/build\libdaisy.a(stm32h7xx_hal_pcd.o)
                0x0800cdb4                HAL_PCD_EP_ClrStall
 .text.HAL_PCDEx_SetTxFiFo
                0x0800ce2c       0x54 ../libs/PoliTeKDSP/libs/libDaisy/build\libdaisy.a(stm32h7xx_hal_pcd_ex.o)
                0x0800ce2c                HAL_PCDEx_SetTxFiFo
 .text.HAL_PCDEx_SetRxFiFo
                0x0800ce80        0xc ../libs/PoliTeKDSP/libs/libDaisy/build\libdaisy.a(stm32h7xx_hal_pcd_ex.o)
                0x0800ce80                HAL_PCDEx_SetRxFiFo
 .text.HAL_PCDEx_ActivateLPM
                0x0800ce8c       0x30 ../libs/PoliTeKDSP/libs/libDaisy/build\libdaisy.a(stm32h7xx_hal_pcd_ex.o)
                0x0800ce8c                HAL_PCDEx_ActivateLPM
 .text.HAL_PCDEx_LPM_Callback
                0x0800cebc        0x4 ../libs/PoliTeKDSP/libs/libDaisy/build\libdaisy.a(stm32h7xx_hal_pcd_ex.o)
                0x0800cebc                HAL_PCDEx_LPM_Callback
 .text.HAL_PWREx_ConfigSupply
                0x0800cec0       0x48 ../libs/PoliTeKDSP/libs/libDaisy/build\libdaisy.a(stm32h7xx_hal_pwr_ex.o)
                0x0800cec0                HAL_PWREx_ConfigSupply
 .text.HAL_PWREx_EnableUSBVoltageDetector
                0x0800cf08       0x10 ../libs/PoliTeKDSP/libs/libDaisy/build\libdaisy.a(stm32h7xx_hal_pwr_ex.o)
                0x0800cf08                HAL_PWREx_EnableUSBVoltageDetector
 .text.QSPI_Config
                0x0800cf18      0x174 ../libs/PoliTeKDSP/libs/libDaisy/build\libdaisy.a(stm32h7xx_hal_qspi.o)
 .text.HAL_QSPI_Init
                0x0800d08c       0xb8 ../libs/PoliTeKDSP/libs/libDaisy/build\libdaisy.a(stm32h7xx_hal_qspi.o)
                0x0800d08c                HAL_QSPI_Init
 .text.HAL_QSPI_DeInit
                0x0800d144       0x24 ../libs/PoliTeKDSP/libs/libDaisy/build\libdaisy.a(stm32h7xx_hal_qspi.o)
                0x0800d144                HAL_QSPI_DeInit
 .text.HAL_QSPI_Command
                0x0800d168       0xd4 ../libs/PoliTeKDSP/libs/libDaisy/build\libdaisy.a(stm32h7xx_hal_qspi.o)
                0x0800d168                HAL_QSPI_Command
 .text.HAL_QSPI_Transmit
                0x0800d23c       0xfc ../libs/PoliTeKDSP/libs/libDaisy/build\libdaisy.a(stm32h7xx_hal_qspi.o)
                0x0800d23c                HAL_QSPI_Transmit
 .text.HAL_QSPI_Receive
                0x0800d338      0x108 ../libs/PoliTeKDSP/libs/libDaisy/build\libdaisy.a(stm32h7xx_hal_qspi.o)
                0x0800d338                HAL_QSPI_Receive
 .text.HAL_QSPI_AutoPolling
                0x0800d440       0xf0 ../libs/PoliTeKDSP/libs/libDaisy/build\libdaisy.a(stm32h7xx_hal_qspi.o)
                0x0800d440                HAL_QSPI_AutoPolling
 .text.HAL_QSPI_MemoryMapped
                0x0800d530       0xc0 ../libs/PoliTeKDSP/libs/libDaisy/build\libdaisy.a(stm32h7xx_hal_qspi.o)
                0x0800d530                HAL_QSPI_MemoryMapped
 .text.HAL_QSPI_ErrorCallback
                0x0800d5f0        0x4 ../libs/PoliTeKDSP/libs/libDaisy/build\libdaisy.a(stm32h7xx_hal_qspi.o)
                0x0800d5f0                HAL_QSPI_ErrorCallback
 .text.QSPI_DMAAbortCplt
                0x0800d5f4       0x38 ../libs/PoliTeKDSP/libs/libDaisy/build\libdaisy.a(stm32h7xx_hal_qspi.o)
 .text.HAL_QSPI_AbortCpltCallback
                0x0800d62c        0x4 ../libs/PoliTeKDSP/libs/libDaisy/build\libdaisy.a(stm32h7xx_hal_qspi.o)
                0x0800d62c                HAL_QSPI_AbortCpltCallback
 .text.HAL_QSPI_CmdCpltCallback
                0x0800d630        0x4 ../libs/PoliTeKDSP/libs/libDaisy/build\libdaisy.a(stm32h7xx_hal_qspi.o)
                0x0800d630                HAL_QSPI_CmdCpltCallback
 .text.HAL_QSPI_RxCpltCallback
                0x0800d634        0x4 ../libs/PoliTeKDSP/libs/libDaisy/build\libdaisy.a(stm32h7xx_hal_qspi.o)
                0x0800d634                HAL_QSPI_RxCpltCallback
 .text.HAL_QSPI_TxCpltCallback
                0x0800d638        0x4 ../libs/PoliTeKDSP/libs/libDaisy/build\libdaisy.a(stm32h7xx_hal_qspi.o)
                0x0800d638                HAL_QSPI_TxCpltCallback
 .text.HAL_QSPI_FifoThresholdCallback
                0x0800d63c        0x4 ../libs/PoliTeKDSP/libs/libDaisy/build\libdaisy.a(stm32h7xx_hal_qspi.o)
                0x0800d63c                HAL_QSPI_FifoThresholdCallback
 .text.HAL_QSPI_StatusMatchCallback
                0x0800d640        0x4 ../libs/PoliTeKDSP/libs/libDaisy/build\libdaisy.a(stm32h7xx_hal_qspi.o)
                0x0800d640                HAL_QSPI_StatusMatchCallback
 .text.HAL_QSPI_TimeOutCallback
                0x0800d644        0x4 ../libs/PoliTeKDSP/libs/libDaisy/build\libdaisy.a(stm32h7xx_hal_qspi.o)
                0x0800d644                HAL_QSPI_TimeOutCallback
 .text.HAL_QSPI_IRQHandler
                0x0800d648      0x210 ../libs/PoliTeKDSP/libs/libDaisy/build\libdaisy.a(stm32h7xx_hal_qspi.o)
                0x0800d648                HAL_QSPI_IRQHandler
 .text.HAL_RCC_GetSysClockFreq.part.0
                0x0800d858      0x130 ../libs/PoliTeKDSP/libs/libDaisy/build\libdaisy.a(stm32h7xx_hal_rcc.o)
 .text.HAL_RCC_OscConfig
                0x0800d988      0x5f4 ../libs/PoliTeKDSP/libs/libDaisy/build\libdaisy.a(stm32h7xx_hal_rcc.o)
                0x0800d988                HAL_RCC_OscConfig
 .text.HAL_RCC_GetSysClockFreq
                0x0800df7c      0x140 ../libs/PoliTeKDSP/libs/libDaisy/build\libdaisy.a(stm32h7xx_hal_rcc.o)
                0x0800df7c                HAL_RCC_GetSysClockFreq
 .text.HAL_RCC_ClockConfig
                0x0800e0bc      0x250 ../libs/PoliTeKDSP/libs/libDaisy/build\libdaisy.a(stm32h7xx_hal_rcc.o)
                0x0800e0bc                HAL_RCC_ClockConfig
 .text.HAL_RCC_GetHCLKFreq
                0x0800e30c       0x80 ../libs/PoliTeKDSP/libs/libDaisy/build\libdaisy.a(stm32h7xx_hal_rcc.o)
                0x0800e30c                HAL_RCC_GetHCLKFreq
 .text.HAL_RCC_GetPCLK1Freq
                0x0800e38c       0x90 ../libs/PoliTeKDSP/libs/libDaisy/build\libdaisy.a(stm32h7xx_hal_rcc.o)
                0x0800e38c                HAL_RCC_GetPCLK1Freq
 .text.HAL_RCC_GetPCLK2Freq
                0x0800e41c       0x90 ../libs/PoliTeKDSP/libs/libDaisy/build\libdaisy.a(stm32h7xx_hal_rcc.o)
                0x0800e41c                HAL_RCC_GetPCLK2Freq
 .text.RCCEx_PLL2_Config
                0x0800e4ac       0xf4 ../libs/PoliTeKDSP/libs/libDaisy/build\libdaisy.a(stm32h7xx_hal_rcc_ex.o)
 .text.RCCEx_PLL3_Config
                0x0800e5a0       0xf4 ../libs/PoliTeKDSP/libs/libDaisy/build\libdaisy.a(stm32h7xx_hal_rcc_ex.o)
 .text.HAL_RCCEx_PeriphCLKConfig
                0x0800e694      0xbf8 ../libs/PoliTeKDSP/libs/libDaisy/build\libdaisy.a(stm32h7xx_hal_rcc_ex.o)
                0x0800e694                HAL_RCCEx_PeriphCLKConfig
 .text.HAL_RCCEx_GetD3PCLK1Freq
                0x0800f28c       0x24 ../libs/PoliTeKDSP/libs/libDaisy/build\libdaisy.a(stm32h7xx_hal_rcc_ex.o)
                0x0800f28c                HAL_RCCEx_GetD3PCLK1Freq
 .text.HAL_RCCEx_GetPLL2ClockFreq
                0x0800f2b0      0x17c ../libs/PoliTeKDSP/libs/libDaisy/build\libdaisy.a(stm32h7xx_hal_rcc_ex.o)
                0x0800f2b0                HAL_RCCEx_GetPLL2ClockFreq
 .text.HAL_RCCEx_GetPLL3ClockFreq
                0x0800f42c      0x17c ../libs/PoliTeKDSP/libs/libDaisy/build\libdaisy.a(stm32h7xx_hal_rcc_ex.o)
                0x0800f42c                HAL_RCCEx_GetPLL3ClockFreq
 .text.HAL_RCCEx_GetPLL1ClockFreq
                0x0800f5a8      0x18c ../libs/PoliTeKDSP/libs/libDaisy/build\libdaisy.a(stm32h7xx_hal_rcc_ex.o)
                0x0800f5a8                HAL_RCCEx_GetPLL1ClockFreq
 .text.HAL_RCCEx_GetPeriphCLKFreq
                0x0800f734      0x390 ../libs/PoliTeKDSP/libs/libDaisy/build\libdaisy.a(stm32h7xx_hal_rcc_ex.o)
                0x0800f734                HAL_RCCEx_GetPeriphCLKFreq
 .text.HAL_SAI_Init.part.0
                0x0800fac4      0x390 ../libs/PoliTeKDSP/libs/libDaisy/build\libdaisy.a(stm32h7xx_hal_sai.o)
 .text.HAL_SAI_InitProtocol
                0x0800fe54      0x174 ../libs/PoliTeKDSP/libs/libDaisy/build\libdaisy.a(stm32h7xx_hal_sai.o)
                0x0800fe54                HAL_SAI_InitProtocol
 .text.HAL_SAI_Transmit_DMA
                0x0800ffc8      0x124 ../libs/PoliTeKDSP/libs/libDaisy/build\libdaisy.a(stm32h7xx_hal_sai.o)
                0x0800ffc8                HAL_SAI_Transmit_DMA
 .text.HAL_SAI_Receive_DMA
                0x080100ec       0xd0 ../libs/PoliTeKDSP/libs/libDaisy/build\libdaisy.a(stm32h7xx_hal_sai.o)
                0x080100ec                HAL_SAI_Receive_DMA
 .text.HAL_SAI_TxCpltCallback
                0x080101bc        0x4 ../libs/PoliTeKDSP/libs/libDaisy/build\libdaisy.a(stm32h7xx_hal_sai.o)
                0x080101bc                HAL_SAI_TxCpltCallback
 .text.SAI_DMATxCplt
                0x080101c0       0x64 ../libs/PoliTeKDSP/libs/libDaisy/build\libdaisy.a(stm32h7xx_hal_sai.o)
 .text.HAL_SAI_TxHalfCpltCallback
                0x08010224        0x4 ../libs/PoliTeKDSP/libs/libDaisy/build\libdaisy.a(stm32h7xx_hal_sai.o)
                0x08010224                HAL_SAI_TxHalfCpltCallback
 .text.SAI_DMATxHalfCplt
                0x08010228        0xc ../libs/PoliTeKDSP/libs/libDaisy/build\libdaisy.a(stm32h7xx_hal_sai.o)
 .text.SAI_DMARxCplt
                0x08010234       0x64 ../libs/PoliTeKDSP/libs/libDaisy/build\libdaisy.a(stm32h7xx_hal_sai.o)
 .text.SAI_DMARxHalfCplt
                0x08010298        0xc ../libs/PoliTeKDSP/libs/libDaisy/build\libdaisy.a(stm32h7xx_hal_sai.o)
 .text.HAL_SAI_ErrorCallback
                0x080102a4        0x4 ../libs/PoliTeKDSP/libs/libDaisy/build\libdaisy.a(stm32h7xx_hal_sai.o)
                0x080102a4                HAL_SAI_ErrorCallback
 .text.SAI_DMAError
                0x080102a8       0x6c ../libs/PoliTeKDSP/libs/libDaisy/build\libdaisy.a(stm32h7xx_hal_sai.o)
 .text.HAL_SDRAM_Init
                0x08010314       0x54 ../libs/PoliTeKDSP/libs/libDaisy/build\libdaisy.a(stm32h7xx_hal_sdram.o)
                0x08010314                HAL_SDRAM_Init
 .text.HAL_SDRAM_SendCommand
                0x08010368       0x40 ../libs/PoliTeKDSP/libs/libDaisy/build\libdaisy.a(stm32h7xx_hal_sdram.o)
                0x08010368                HAL_SDRAM_SendCommand
 .text.HAL_SDRAM_ProgramRefreshRate
                0x080103a8       0x30 ../libs/PoliTeKDSP/libs/libDaisy/build\libdaisy.a(stm32h7xx_hal_sdram.o)
                0x080103a8                HAL_SDRAM_ProgramRefreshRate
 .text.FMC_SDRAM_Init
                0x080103d8       0x7c ../libs/PoliTeKDSP/libs/libDaisy/build\libdaisy.a(stm32h7xx_ll_fmc.o)
                0x080103d8                FMC_SDRAM_Init
 .text.FMC_SDRAM_Timing_Init
                0x08010454       0x98 ../libs/PoliTeKDSP/libs/libDaisy/build\libdaisy.a(stm32h7xx_ll_fmc.o)
                0x08010454                FMC_SDRAM_Timing_Init
 .text.FMC_SDRAM_SendCommand
                0x080104ec       0x30 ../libs/PoliTeKDSP/libs/libDaisy/build\libdaisy.a(stm32h7xx_ll_fmc.o)
                0x080104ec                FMC_SDRAM_SendCommand
 .text.FMC_SDRAM_ProgramRefreshRate
                0x0801051c       0x1c ../libs/PoliTeKDSP/libs/libDaisy/build\libdaisy.a(stm32h7xx_ll_fmc.o)
                0x0801051c                FMC_SDRAM_ProgramRefreshRate
 .text.USB_CoreInit
                0x08010538      0x144 ../libs/PoliTeKDSP/libs/libDaisy/build\libdaisy.a(stm32h7xx_ll_usb.o)
                0x08010538                USB_CoreInit
 .text.USB_SetTurnaroundTime
                0x0801067c       0xf4 ../libs/PoliTeKDSP/libs/libDaisy/build\libdaisy.a(stm32h7xx_ll_usb.o)
                0x0801067c                USB_SetTurnaroundTime
 .text.USB_EnableGlobalInt
                0x08010770       0x10 ../libs/PoliTeKDSP/libs/libDaisy/build\libdaisy.a(stm32h7xx_ll_usb.o)
                0x08010770                USB_EnableGlobalInt
 .text.USB_DisableGlobalInt
                0x08010780       0x10 ../libs/PoliTeKDSP/libs/libDaisy/build\libdaisy.a(stm32h7xx_ll_usb.o)
                0x08010780                USB_DisableGlobalInt
 .text.USB_SetCurrentMode
                0x08010790       0x6c ../libs/PoliTeKDSP/libs/libDaisy/build\libdaisy.a(stm32h7xx_ll_usb.o)
                0x08010790                USB_SetCurrentMode
 .text.USB_DevInit
                0x080107fc      0x230 ../libs/PoliTeKDSP/libs/libDaisy/build\libdaisy.a(stm32h7xx_ll_usb.o)
                0x080107fc                USB_DevInit
 .text.USB_FlushTxFifo
                0x08010a2c       0x54 ../libs/PoliTeKDSP/libs/libDaisy/build\libdaisy.a(stm32h7xx_ll_usb.o)
                0x08010a2c                USB_FlushTxFifo
 .text.USB_FlushRxFifo
                0x08010a80       0x50 ../libs/PoliTeKDSP/libs/libDaisy/build\libdaisy.a(stm32h7xx_ll_usb.o)
                0x08010a80                USB_FlushRxFifo
 .text.USB_GetDevSpeed
                0x08010ad0       0x18 ../libs/PoliTeKDSP/libs/libDaisy/build\libdaisy.a(stm32h7xx_ll_usb.o)
                0x08010ad0                USB_GetDevSpeed
 .text.USB_ActivateEndpoint
                0x08010ae8       0x90 ../libs/PoliTeKDSP/libs/libDaisy/build\libdaisy.a(stm32h7xx_ll_usb.o)
                0x08010ae8                USB_ActivateEndpoint
 .text.USB_DeactivateEndpoint
                0x08010b78       0xbc ../libs/PoliTeKDSP/libs/libDaisy/build\libdaisy.a(stm32h7xx_ll_usb.o)
                0x08010b78                USB_DeactivateEndpoint
 .text.USB_EPStartXfer
                0x08010c34      0x288 ../libs/PoliTeKDSP/libs/libDaisy/build\libdaisy.a(stm32h7xx_ll_usb.o)
                0x08010c34                USB_EPStartXfer
 .text.USB_EPStopXfer
                0x08010ebc       0x88 ../libs/PoliTeKDSP/libs/libDaisy/build\libdaisy.a(stm32h7xx_ll_usb.o)
                0x08010ebc                USB_EPStopXfer
 .text.USB_WritePacket
                0x08010f44       0x2c ../libs/PoliTeKDSP/libs/libDaisy/build\libdaisy.a(stm32h7xx_ll_usb.o)
                0x08010f44                USB_WritePacket
 .text.USB_ReadPacket
                0x08010f70       0x4c ../libs/PoliTeKDSP/libs/libDaisy/build\libdaisy.a(stm32h7xx_ll_usb.o)
                0x08010f70                USB_ReadPacket
 .text.USB_EPSetStall
                0x08010fbc       0x68 ../libs/PoliTeKDSP/libs/libDaisy/build\libdaisy.a(stm32h7xx_ll_usb.o)
                0x08010fbc                USB_EPSetStall
 .text.USB_EPClearStall
                0x08011024       0x58 ../libs/PoliTeKDSP/libs/libDaisy/build\libdaisy.a(stm32h7xx_ll_usb.o)
                0x08011024                USB_EPClearStall
 .text.USB_SetDevAddress
                0x0801107c       0x24 ../libs/PoliTeKDSP/libs/libDaisy/build\libdaisy.a(stm32h7xx_ll_usb.o)
                0x0801107c                USB_SetDevAddress
 .text.USB_DevConnect
                0x080110a0       0x20 ../libs/PoliTeKDSP/libs/libDaisy/build\libdaisy.a(stm32h7xx_ll_usb.o)
                0x080110a0                USB_DevConnect
 .text.USB_DevDisconnect
                0x080110c0       0x20 ../libs/PoliTeKDSP/libs/libDaisy/build\libdaisy.a(stm32h7xx_ll_usb.o)
                0x080110c0                USB_DevDisconnect
 .text.USB_ReadInterrupts
                0x080110e0        0x8 ../libs/PoliTeKDSP/libs/libDaisy/build\libdaisy.a(stm32h7xx_ll_usb.o)
                0x080110e0                USB_ReadInterrupts
 .text.USB_ReadChInterrupts
                0x080110e8       0x10 ../libs/PoliTeKDSP/libs/libDaisy/build\libdaisy.a(stm32h7xx_ll_usb.o)
                0x080110e8                USB_ReadChInterrupts
 .text.USB_ReadDevAllOutEpInterrupt
                0x080110f8       0x10 ../libs/PoliTeKDSP/libs/libDaisy/build\libdaisy.a(stm32h7xx_ll_usb.o)
                0x080110f8                USB_ReadDevAllOutEpInterrupt
 .text.USB_ReadDevAllInEpInterrupt
                0x08011108       0x10 ../libs/PoliTeKDSP/libs/libDaisy/build\libdaisy.a(stm32h7xx_ll_usb.o)
                0x08011108                USB_ReadDevAllInEpInterrupt
 .text.USB_ReadDevOutEPInterrupt
                0x08011118       0x14 ../libs/PoliTeKDSP/libs/libDaisy/build\libdaisy.a(stm32h7xx_ll_usb.o)
                0x08011118                USB_ReadDevOutEPInterrupt
 .text.USB_ReadDevInEPInterrupt
                0x0801112c       0x20 ../libs/PoliTeKDSP/libs/libDaisy/build\libdaisy.a(stm32h7xx_ll_usb.o)
                0x0801112c                USB_ReadDevInEPInterrupt
 .text.USB_GetMode
                0x0801114c        0x8 ../libs/PoliTeKDSP/libs/libDaisy/build\libdaisy.a(stm32h7xx_ll_usb.o)
                0x0801114c                USB_GetMode
 .text.USB_ActivateSetup
                0x08011154       0x2c ../libs/PoliTeKDSP/libs/libDaisy/build\libdaisy.a(stm32h7xx_ll_usb.o)
                0x08011154                USB_ActivateSetup
 .text.USB_EP0_OutStart
                0x08011180       0x58 ../libs/PoliTeKDSP/libs/libDaisy/build\libdaisy.a(stm32h7xx_ll_usb.o)
                0x08011180                USB_EP0_OutStart
 .text.USB_InitFSLSPClkSel
                0x080111d8       0x44 ../libs/PoliTeKDSP/libs/libDaisy/build\libdaisy.a(stm32h7xx_ll_usb.o)
                0x080111d8                USB_InitFSLSPClkSel
 .text.USB_HC_ReadInterrupt
                0x0801121c        0x8 ../libs/PoliTeKDSP/libs/libDaisy/build\libdaisy.a(stm32h7xx_ll_usb.o)
                0x0801121c                USB_HC_ReadInterrupt
 .text.USB_HC_Halt
                0x08011224       0xe4 ../libs/PoliTeKDSP/libs/libDaisy/build\libdaisy.a(stm32h7xx_ll_usb.o)
                0x08011224                USB_HC_Halt
 .text.USB_StopHost
                0x08011308      0x1e4 ../libs/PoliTeKDSP/libs/libDaisy/build\libdaisy.a(stm32h7xx_ll_usb.o)
                0x08011308                USB_StopHost
 .text.USBD_CDC_EP0_RxReady
                0x080114ec       0x3c ../libs/PoliTeKDSP/libs/libDaisy/build\libdaisy.a(usbd_cdc.o)
 .text.USBD_CDC_GetFSCfgDesc
                0x08011528       0x24 ../libs/PoliTeKDSP/libs/libDaisy/build\libdaisy.a(usbd_cdc.o)
 .text.USBD_CDC_GetHSCfgDesc
                0x0801154c       0x24 ../libs/PoliTeKDSP/libs/libDaisy/build\libdaisy.a(usbd_cdc.o)
 .text.USBD_CDC_GetOtherSpeedCfgDesc
                0x08011570       0x24 ../libs/PoliTeKDSP/libs/libDaisy/build\libdaisy.a(usbd_cdc.o)
 .text.USBD_CDC_GetDeviceQualifierDescriptor
                0x08011594       0x10 ../libs/PoliTeKDSP/libs/libDaisy/build\libdaisy.a(usbd_cdc.o)
                0x08011594                USBD_CDC_GetDeviceQualifierDescriptor
 .text.USBD_CDC_DataOut
                0x080115a4       0x38 ../libs/PoliTeKDSP/libs/libDaisy/build\libdaisy.a(usbd_cdc.o)
 .text.USBD_CDC_DataIn
                0x080115dc       0x70 ../libs/PoliTeKDSP/libs/libDaisy/build\libdaisy.a(usbd_cdc.o)
 .text.USBD_CDC_Setup
                0x0801164c      0x11c ../libs/PoliTeKDSP/libs/libDaisy/build\libdaisy.a(usbd_cdc.o)
 .text.USBD_CDC_DeInit
                0x08011768       0x5c ../libs/PoliTeKDSP/libs/libDaisy/build\libdaisy.a(usbd_cdc.o)
 .text.USBD_CDC_Init
                0x080117c4       0xd8 ../libs/PoliTeKDSP/libs/libDaisy/build\libdaisy.a(usbd_cdc.o)
 .text.USBD_CDC_RegisterInterface
                0x0801189c       0x18 ../libs/PoliTeKDSP/libs/libDaisy/build\libdaisy.a(usbd_cdc.o)
                0x0801189c                USBD_CDC_RegisterInterface
 .text.USBD_CDC_SetTxBuffer
                0x080118b4       0x1c ../libs/PoliTeKDSP/libs/libDaisy/build\libdaisy.a(usbd_cdc.o)
                0x080118b4                USBD_CDC_SetTxBuffer
 .text.USBD_CDC_SetRxBuffer
                0x080118d0       0x18 ../libs/PoliTeKDSP/libs/libDaisy/build\libdaisy.a(usbd_cdc.o)
                0x080118d0                USBD_CDC_SetRxBuffer
 .text.USBD_CDC_TransmitPacket
                0x080118e8       0x38 ../libs/PoliTeKDSP/libs/libDaisy/build\libdaisy.a(usbd_cdc.o)
                0x080118e8                USBD_CDC_TransmitPacket
 .text.USBD_CDC_ReceivePacket
                0x08011920       0x3c ../libs/PoliTeKDSP/libs/libDaisy/build\libdaisy.a(usbd_cdc.o)
                0x08011920                USBD_CDC_ReceivePacket
 .text.USBD_Init
                0x0801195c       0x48 ../libs/PoliTeKDSP/libs/libDaisy/build\libdaisy.a(usbd_core.o)
                0x0801195c                USBD_Init
 .text.USBD_RegisterClass
                0x080119a4       0x50 ../libs/PoliTeKDSP/libs/libDaisy/build\libdaisy.a(usbd_core.o)
                0x080119a4                USBD_RegisterClass
 .text.USBD_Start
                0x080119f4        0x4 ../libs/PoliTeKDSP/libs/libDaisy/build\libdaisy.a(usbd_core.o)
                0x080119f4                USBD_Start
 .text.USBD_SetClassConfig
                0x080119f8       0x10 ../libs/PoliTeKDSP/libs/libDaisy/build\libdaisy.a(usbd_core.o)
                0x080119f8                USBD_SetClassConfig
 .text.USBD_ClrClassConfig
                0x08011a08       0x14 ../libs/PoliTeKDSP/libs/libDaisy/build\libdaisy.a(usbd_core.o)
                0x08011a08                USBD_ClrClassConfig
 .text.USBD_LL_SetupStage
                0x08011a1c       0x60 ../libs/PoliTeKDSP/libs/libDaisy/build\libdaisy.a(usbd_core.o)
                0x08011a1c                USBD_LL_SetupStage
 .text.USBD_LL_DataOutStage
                0x08011a7c       0x74 ../libs/PoliTeKDSP/libs/libDaisy/build\libdaisy.a(usbd_core.o)
                0x08011a7c                USBD_LL_DataOutStage
 .text.USBD_LL_DataInStage
                0x08011af0       0xc0 ../libs/PoliTeKDSP/libs/libDaisy/build\libdaisy.a(usbd_core.o)
                0x08011af0                USBD_LL_DataInStage
 .text.USBD_LL_Reset
                0x08011bb0       0x5c ../libs/PoliTeKDSP/libs/libDaisy/build\libdaisy.a(usbd_core.o)
                0x08011bb0                USBD_LL_Reset
 .text.USBD_LL_SetSpeed
                0x08011c0c        0x8 ../libs/PoliTeKDSP/libs/libDaisy/build\libdaisy.a(usbd_core.o)
                0x08011c0c                USBD_LL_SetSpeed
 .text.USBD_LL_Suspend
                0x08011c14       0x20 ../libs/PoliTeKDSP/libs/libDaisy/build\libdaisy.a(usbd_core.o)
                0x08011c14                USBD_LL_Suspend
 .text.USBD_LL_Resume
                0x08011c34       0x18 ../libs/PoliTeKDSP/libs/libDaisy/build\libdaisy.a(usbd_core.o)
                0x08011c34                USBD_LL_Resume
 .text.USBD_LL_SOF
                0x08011c4c       0x20 ../libs/PoliTeKDSP/libs/libDaisy/build\libdaisy.a(usbd_core.o)
                0x08011c4c                USBD_LL_SOF
 .text.USBD_LL_IsoINIncomplete
                0x08011c6c       0x2c ../libs/PoliTeKDSP/libs/libDaisy/build\libdaisy.a(usbd_core.o)
                0x08011c6c                USBD_LL_IsoINIncomplete
 .text.USBD_LL_IsoOUTIncomplete
                0x08011c98       0x2c ../libs/PoliTeKDSP/libs/libDaisy/build\libdaisy.a(usbd_core.o)
                0x08011c98                USBD_LL_IsoOUTIncomplete
 .text.USBD_LL_DevConnected
                0x08011cc4        0x4 ../libs/PoliTeKDSP/libs/libDaisy/build\libdaisy.a(usbd_core.o)
                0x08011cc4                USBD_LL_DevConnected
 .text.USBD_LL_DevDisconnected
                0x08011cc8       0x24 ../libs/PoliTeKDSP/libs/libDaisy/build\libdaisy.a(usbd_core.o)
                0x08011cc8                USBD_LL_DevDisconnected
 .text.USBD_CoreFindIF
                0x08011cec        0x4 ../libs/PoliTeKDSP/libs/libDaisy/build\libdaisy.a(usbd_core.o)
                0x08011cec                USBD_CoreFindIF
 .text.USBD_CoreFindEP
                0x08011cf0        0x4 ../libs/PoliTeKDSP/libs/libDaisy/build\libdaisy.a(usbd_core.o)
                0x08011cf0                USBD_CoreFindEP
 .text.USBD_StdDevReq
                0x08011cf4      0x360 ../libs/PoliTeKDSP/libs/libDaisy/build\libdaisy.a(usbd_ctlreq.o)
                0x08011cf4                USBD_StdDevReq
 .text.USBD_StdItfReq
                0x08012054       0x84 ../libs/PoliTeKDSP/libs/libDaisy/build\libdaisy.a(usbd_ctlreq.o)
                0x08012054                USBD_StdItfReq
 .text.USBD_StdEPReq
                0x080120d8      0x160 ../libs/PoliTeKDSP/libs/libDaisy/build\libdaisy.a(usbd_ctlreq.o)
                0x080120d8                USBD_StdEPReq
 .text.USBD_ParseSetupRequest
                0x08012238       0x18 ../libs/PoliTeKDSP/libs/libDaisy/build\libdaisy.a(usbd_ctlreq.o)
                0x08012238                USBD_ParseSetupRequest
 .text.USBD_CtlError
                0x08012250       0x18 ../libs/PoliTeKDSP/libs/libDaisy/build\libdaisy.a(usbd_ctlreq.o)
                0x08012250                USBD_CtlError
 .text.USBD_GetString
                0x08012268       0x54 ../libs/PoliTeKDSP/libs/libDaisy/build\libdaisy.a(usbd_ctlreq.o)
                0x08012268                USBD_GetString
 .text.USBD_CtlSendData
                0x080122bc       0x1c ../libs/PoliTeKDSP/libs/libDaisy/build\libdaisy.a(usbd_ioreq.o)
                0x080122bc                USBD_CtlSendData
 .text.USBD_CtlContinueSendData
                0x080122d8       0x14 ../libs/PoliTeKDSP/libs/libDaisy/build\libdaisy.a(usbd_ioreq.o)
                0x080122d8                USBD_CtlContinueSendData
 .text.USBD_CtlPrepareRx
                0x080122ec       0x1c ../libs/PoliTeKDSP/libs/libDaisy/build\libdaisy.a(usbd_ioreq.o)
                0x080122ec                USBD_CtlPrepareRx
 .text.USBD_CtlContinueRx
                0x08012308       0x14 ../libs/PoliTeKDSP/libs/libDaisy/build\libdaisy.a(usbd_ioreq.o)
                0x08012308                USBD_CtlContinueRx
 .text.USBD_CtlSendStatus
                0x0801231c       0x18 ../libs/PoliTeKDSP/libs/libDaisy/build\libdaisy.a(usbd_ioreq.o)
                0x0801231c                USBD_CtlSendStatus
 .text.USBD_CtlReceiveStatus
                0x08012334       0x18 ../libs/PoliTeKDSP/libs/libDaisy/build\libdaisy.a(usbd_ioreq.o)
                0x08012334                USBD_CtlReceiveStatus
 .text.USBH_LL_IncTimer
                0x0801234c       0x20 ../libs/PoliTeKDSP/libs/libDaisy/build\libdaisy.a(usbh_core.o)
                0x0801234c                USBH_LL_IncTimer
 .text.USBH_LL_PortEnabled
                0x0801236c        0x8 ../libs/PoliTeKDSP/libs/libDaisy/build\libdaisy.a(usbh_core.o)
                0x0801236c                USBH_LL_PortEnabled
 .text.USBH_LL_PortDisabled
                0x08012374        0x8 ../libs/PoliTeKDSP/libs/libDaisy/build\libdaisy.a(usbh_core.o)
                0x08012374                USBH_LL_PortDisabled
 .text.USBH_LL_Connect
                0x0801237c       0x18 ../libs/PoliTeKDSP/libs/libDaisy/build\libdaisy.a(usbh_core.o)
                0x0801237c                USBH_LL_Connect
 .text.USBH_LL_Disconnect
                0x08012394       0x2c ../libs/PoliTeKDSP/libs/libDaisy/build\libdaisy.a(usbh_core.o)
                0x08012394                USBH_LL_Disconnect
 .text.USBH_FreePipe
                0x080123c0       0x18 ../libs/PoliTeKDSP/libs/libDaisy/build\libdaisy.a(usbh_pipes.o)
                0x080123c0                USBH_FreePipe
 .text._ZN5daisy6Random4InitEv
                0x080123d8       0x3c ../libs/PoliTeKDSP/libs/libDaisy/build\libdaisy.a(rng.o)
                0x080123d8                daisy::Random::Init()
 .text._ZN5daisy9SpiHandle4Impl7InitDmaEv
                0x08012414       0xec ../libs/PoliTeKDSP/libs/libDaisy/build\libdaisy.a(spi.o)
                0x08012414                daisy::SpiHandle::Impl::InitDma()
 .text._ZN5daisy9SpiHandle4Impl10StartDmaTxEPhjPFvPvEPFvS3_NS0_6ResultEES3_
                0x08012500       0xc8 ../libs/PoliTeKDSP/libs/libDaisy/build\libdaisy.a(spi.o)
                0x08012500                daisy::SpiHandle::Impl::StartDmaTx(unsigned char*, unsigned int, void (*)(void*), void (*)(void*, daisy::SpiHandle::Result), void*)
 .text._ZN5daisy9SpiHandle4Impl10StartDmaRxEPhjPFvPvEPFvS3_NS0_6ResultEES3_
                0x080125c8       0xc8 ../libs/PoliTeKDSP/libs/libDaisy/build\libdaisy.a(spi.o)
                0x080125c8                daisy::SpiHandle::Impl::StartDmaRx(unsigned char*, unsigned int, void (*)(void*), void (*)(void*, daisy::SpiHandle::Result), void*)
 .text._ZN5daisy9SpiHandle4Impl12StartDmaRxTxEPhS2_jPFvPvEPFvS3_NS0_6ResultEES3_
                0x08012690       0xcc ../libs/PoliTeKDSP/libs/libDaisy/build\libdaisy.a(spi.o)
                0x08012690                daisy::SpiHandle::Impl::StartDmaRxTx(unsigned char*, unsigned char*, unsigned int, void (*)(void*), void (*)(void*, daisy::SpiHandle::Result), void*)
 .text._ZN5daisy9SpiHandle4Impl8InitPinsEv
                0x0801275c      0x25c ../libs/PoliTeKDSP/libs/libDaisy/build\libdaisy.a(spi.o)
                0x0801275c                daisy::SpiHandle::Impl::InitPins()
 .text.HAL_SPI_MspInit
                0x080129b8      0x6e8 ../libs/PoliTeKDSP/libs/libDaisy/build\libdaisy.a(spi.o)