Archive member included to satisfy reference by file (symbol)

../libs/PoliTeKDSP/libs/libDaisy/build\libdaisy.a(stm32h7xx_hal_cortex.o)
                              build/main.o (HAL_NVIC_SetPriority)
../libs/PoliTeKDSP/libs/libDaisy/build\libdaisy.a(daisy_seed.o)
                              build/main.o (daisy::DaisySeed::GetPin(unsigned char))
../libs/PoliTeKDSP/libs/libDaisy/build\libdaisy.a(codec_ak4556.o)
                              ../libs/PoliTeKDSP/libs/libDaisy/build\libdaisy.a(daisy_seed.o) (daisy::Ak4556::Init(daisy::Pin))
../libs/PoliTeKDSP/libs/libDaisy/build\libdaisy.a(codec_wm8731.o)
                              ../libs/PoliTeKDSP/libs/libDaisy/build\libdaisy.a(daisy_seed.o) (daisy::Wm8731::Init(daisy::Wm8731::Config const&, daisy::I2CHandle))
../libs/PoliTeKDSP/libs/libDaisy/build\libdaisy.a(sdram.o)
                              ../libs/PoliTeKDSP/libs/libDaisy/build\libdaisy.a(daisy_seed.o) (SdramHandle::Init())
../libs/PoliTeKDSP/libs/libDaisy/build\libdaisy.a(audio.o)
                              ../libs/PoliTeKDSP/libs/libDaisy/build\libdaisy.a(daisy_seed.o) (daisy::AudioHandle::Init(daisy::AudioHandle::Config const&, daisy::SaiHandle))
../libs/PoliTeKDSP/libs/libDaisy/build\libdaisy.a(encoder.o)
                              build/main.o (daisy::Encoder::Init(daisy::Pin, daisy::Pin, daisy::Pin, float))
../libs/PoliTeKDSP/libs/libDaisy/build\libdaisy.a(logger.o)
                              build/main.o (daisy::Logger<(daisy::LoggerDestination)1>::PrintLine(char const*, ...))
../libs/PoliTeKDSP/libs/libDaisy/build\libdaisy.a(switch.o)
                              ../libs/PoliTeKDSP/libs/libDaisy/build\libdaisy.a(encoder.o) (daisy::Switch::Init(daisy::Pin, float))
../libs/PoliTeKDSP/libs/libDaisy/build\libdaisy.a(usb.o)
                              ../libs/PoliTeKDSP/libs/libDaisy/build\libdaisy.a(logger.o) (daisy::UsbHandle::Init(daisy::UsbHandle::UsbPeriph))
../libs/PoliTeKDSP/libs/libDaisy/build\libdaisy.a(gpio.o)
                              ../libs/PoliTeKDSP/libs/libDaisy/build\libdaisy.a(daisy_seed.o) (daisy::GPIO::Init(daisy::GPIO::Config const&))
../libs/PoliTeKDSP/libs/libDaisy/build\libdaisy.a(i2c.o)
                              build/main.o (daisy::I2CHandle::Init(daisy::I2CHandle::Config const&))
../libs/PoliTeKDSP/libs/libDaisy/build\libdaisy.a(qspi.o)
                              ../libs/PoliTeKDSP/libs/libDaisy/build\libdaisy.a(daisy_seed.o) (daisy::QSPIHandle::Init(daisy::QSPIHandle::Config const&))
../libs/PoliTeKDSP/libs/libDaisy/build\libdaisy.a(sai.o)
                              ../libs/PoliTeKDSP/libs/libDaisy/build\libdaisy.a(daisy_seed.o) (daisy::SaiHandle::Init(daisy::SaiHandle::Config const&))
../libs/PoliTeKDSP/libs/libDaisy/build\libdaisy.a(tim.o)
                              build/main.o (daisy::TimerHandle::Init(daisy::TimerHandle::Config const&))
../libs/PoliTeKDSP/libs/libDaisy/build\libdaisy.a(system.o)
                              ../libs/PoliTeKDSP/libs/libDaisy/build\libdaisy.a(daisy_seed.o) (daisy::System::DeInit())
../libs/PoliTeKDSP/libs/libDaisy/build\libdaisy.a(system_stm32h7xx.o)
                              build/startup_stm32h750xx.o (SystemInit)
../libs/PoliTeKDSP/libs/libDaisy/build\libdaisy.a(usbd_cdc_if.o)
                              ../libs/PoliTeKDSP/libs/libDaisy/build\libdaisy.a(usb.o) (CDC_Transmit_FS)
../libs/PoliTeKDSP/libs/libDaisy/build\libdaisy.a(usbd_conf.o)
                              ../libs/PoliTeKDSP/libs/libDaisy/build\libdaisy.a(system.o) (hpcd_USB_OTG_HS)
../libs/PoliTeKDSP/libs/libDaisy/build\libdaisy.a(usbd_desc.o)
                              ../libs/PoliTeKDSP/libs/libDaisy/build\libdaisy.a(usb.o) (HS_Desc)
../libs/PoliTeKDSP/libs/libDaisy/build\libdaisy.a(usbh_conf.o)
                              ../libs/PoliTeKDSP/libs/libDaisy/build\libdaisy.a(system.o) (hhcd_USB_OTG_HS)
../libs/PoliTeKDSP/libs/libDaisy/build\libdaisy.a(oled_fonts.o)
                              build/displayHandler.o (Font_11x18)
../libs/PoliTeKDSP/libs/libDaisy/build\libdaisy.a(stm32h7xx_hal.o)
                              ../libs/PoliTeKDSP/libs/libDaisy/build\libdaisy.a(system.o) (HAL_Init)
../libs/PoliTeKDSP/libs/libDaisy/build\libdaisy.a(stm32h7xx_hal_dma.o)
                              ../libs/PoliTeKDSP/libs/libDaisy/build\libdaisy.a(i2c.o) (HAL_DMA_Init)
../libs/PoliTeKDSP/libs/libDaisy/build\libdaisy.a(stm32h7xx_hal_gpio.o)
                              ../libs/PoliTeKDSP/libs/libDaisy/build\libdaisy.a(sdram.o) (HAL_GPIO_Init)
../libs/PoliTeKDSP/libs/libDaisy/build\libdaisy.a(stm32h7xx_hal_hcd.o)
                              ../libs/PoliTeKDSP/libs/libDaisy/build\libdaisy.a(usbh_conf.o) (HAL_HCD_HC_Init)
../libs/PoliTeKDSP/libs/libDaisy/build\libdaisy.a(stm32h7xx_hal_i2c.o)
                              ../libs/PoliTeKDSP/libs/libDaisy/build\libdaisy.a(i2c.o) (HAL_I2C_Init)
../libs/PoliTeKDSP/libs/libDaisy/build\libdaisy.a(stm32h7xx_hal_i2c_ex.o)
[...]
Memory Configuration

Name             Origin             Length             Attributes
FLASH            0x08000000         0x00020000         xr
DTCMRAM          0x20000000         0x00020000         xrw
SRAM             0x24000000         0x00080000         xrw
RAM_D2           0x30000000         0x00048000         xrw
RAM_D3           0x38000000         0x00010000         xrw
BACKUP_SRAM      0x38800000         0x00001000         xrw
ITCMRAM          0x00000000         0x00010000         xrw
SDRAM            0xc0000000         0x04000000         xrw
QSPIFLASH        0x90000000         0x00800000         xr
*default*        0x00000000         0xffffffff

Linker script and memory map

LOAD c:/program files/daisytoolchain/bin/../lib/gcc/arm-none-eabi/10.2.1/thumb/v7e-m+dp/hard/crti.o
LOAD c:/program files/daisytoolchain/bin/../lib/gcc/arm-none-eabi/10.2.1/thumb/v7e-m+dp/hard/crtbegin.o
LOAD c:/program files/daisytoolchain/bin/../lib/gcc/arm-none-eabi/10.2.1/../../../../arm-none-eabi/lib/thumb/v7e-m+dp/hard/crt0.o
LOAD build/startup_stm32h750xx.o
LOAD build/main.o
LOAD build/displayHandler.o
LOAD build/MenuManager.o
LOAD build/PlantConditioner.o
LOAD build/AudioEngine.o
LOAD build/MF.o
LOAD build/iir.o
LOAD ../libs/PoliTeKDSP/libs/libDaisy/build\libdaisy.a
LOAD c:/program files/daisytoolchain/bin/../lib/gcc/arm-none-eabi/10.2.1/../../../../arm-none-eabi/lib/thumb/v7e-m+dp/hard\libnosys.a
LOAD ../libs/PoliTeKDSP/libs/DaisySP/build\libdaisysp.a
LOAD ../libs/PoliTeKDSP/libs/DaisySP/DaisySP-LGPL/build\libdaisysp-lgpl.a
LOAD c:/program files/daisytoolchain/bin/../lib/gcc/arm-none-eabi/10.2.1/../../../../arm-none-eabi/lib/thumb/v7e-m+dp/hard\libstdc++_nano.a
LOAD c:/program files/daisytoolchain/bin/../lib/gcc/arm-none-eabi/10.2.1/../../../../arm-none-eabi/lib/thumb/v7e-m+dp/hard\libm.a
LOAD c:/program files/daisytoolchain/bin/../lib/gcc/arm-none-eabi/10.2.1/../../../../arm-none-eabi/lib/thumb/v7e-m+dp/hard\libc_nano.a
START GROUP
LOAD c:/program files/daisytoolchain/bin/../lib/gcc/arm-none-eabi/10.2.1/thumb/v7e-m+dp/hard\libgcc.a
LOAD c:/program files/daisytoolchain/bin/../lib/gcc/arm-none-eabi/10.2.1/../../../../arm-none-eabi/lib/thumb/v7e-m+dp/hard\libc_nano.a
END GROUP
START GROUP
LOAD c:/program files/daisytoolchain/bin/../lib/gcc/arm-none-eabi/10.2.1/thumb/v7e-m+dp/hard\libgcc.a
LOAD c:/program files/daisytoolchain/bin/../lib/gcc/arm-none-eabi/10.2.1/../../../../arm-none-eabi/lib/thumb/v7e-m+dp/hard\libc_nano.a
LOAD c:/program files/daisytoolchain/bin/../lib/gcc/arm-none-eabi/10.2.1/../../../../arm-none-eabi/lib/thumb/v7e-m+dp/hard\libnosys.a
END GROUP
START GROUP
LOAD c:/program files/daisytoolchain/bin/../lib/gcc/arm-none-eabi/10.2.1/thumb/v7e-m+dp/hard\libgcc.a
LOAD c:/program files/daisytoolchain/bin/../lib/gcc/arm-none-eabi/10.2.1/../../../../arm-none-eabi/lib/thumb/v7e-m+dp/hard\libc_nano.a
LOAD c:/program files/daisytoolchain/bin/../lib/gcc/arm-none-eabi/10.2.1/../../../../arm-none-eabi/lib/thumb/v7e-m+dp/hard\libnosys.a
END GROUP
LOAD c:/program files/daisytoolchain/bin/../lib/gcc/arm-none-eabi/10.2.1/thumb/v7e-m+dp/hard/crtend.o
LOAD c:/program files/daisytoolchain/bin/../lib/gcc/arm-none-eabi/10.2.1/thumb/v7e-m+dp/hard/crtn.o
                0x20020000                _estack = 0x20020000

.isr_vector     0x08000000      0x298
                0x08000000                . = ALIGN (0x4)
 *(.isr_vector)
 .isr_vector    0x08000000      0x298 build/startup_stm32h750xx.o
                0x08000000                g_pfnVectors
                0x08000298                . = ALIGN (0x4)

.text           0x080002a0    0x1c8a8
                0x080002a0                . = ALIGN (0x4)
                0x080002a0                _stext = .
 *(.text)
 .text          0x080002a0       0x40 c:/program files/daisytoolchain/bin/../lib/gcc/arm-none-eabi/10.2.1/thumb/v7e-m+dp/hard/crtbegin.o
 .text          0x080002e0       0x14 c:/program files/daisytoolchain/bin/../lib/gcc/arm-none-eabi/10.2.1/../../../../arm-none-eabi/lib/thumb/v7e-m+dp/hard\libc_nano.a(lib_a-strcmp.o)
                0x080002e0                strcmp
 *fill*         0x080002f4        0xc 
 .text          0x08000300       0xa0 c:/program files/daisytoolchain/bin/../lib/gcc/arm-none-eabi/10.2.1/../../../../arm-none-eabi/lib/thumb/v7e-m+dp/hard\libc_nano.a(lib_a-memchr.o)
                0x08000300                memchr
 .text          0x080003a0      0x378 c:/program files/daisytoolchain/bin/../lib/gcc/arm-none-eabi/10.2.1/thumb/v7e-m+dp/hard\libgcc.a(_arm_addsubdf3.o)
                0x080003a0                __aeabi_drsub
                0x080003a8                __aeabi_dsub
                0x080003a8                __subdf3
                0x080003ac                __aeabi_dadd
                0x080003ac                __adddf3
                0x08000624                __floatunsidf
                0x08000624                __aeabi_ui2d
                0x08000644                __floatsidf
                0x08000644                __aeabi_i2d
                0x08000668                __aeabi_f2d
                0x08000668                __extendsfdf2
                0x080006ac                __floatundidf
                0x080006ac                __aeabi_ul2d
                0x080006bc                __floatdidf
                0x080006bc                __aeabi_l2d
 .text          0x08000718       0x30 c:/program files/daisytoolchain/bin/../lib/gcc/arm-none-eabi/10.2.1/thumb/v7e-m+dp/hard\libgcc.a(_aeabi_uldivmod.o)
                0x08000718                __aeabi_uldivmod
 .text          0x08000748      0x2d0 c:/program files/daisytoolchain/bin/../lib/gcc/arm-none-eabi/10.2.1/thumb/v7e-m+dp/hard\libgcc.a(_udivmoddi4.o)
                0x08000748                __udivmoddi4
 .text          0x08000a18        0x4 c:/program files/daisytoolchain/bin/../lib/gcc/arm-none-eabi/10.2.1/thumb/v7e-m+dp/hard\libgcc.a(_dvmd_tls.o)
                0x08000a18                __aeabi_idiv0
                0x08000a18                __aeabi_ldiv0
 *(.text*)
 .text.Default_Handler
                0x08000a1c        0xc build/startup_stm32h750xx.o
                0x08000a1c                RTC_Alarm_IRQHandler
                0x08000a1c                HASH_RNG_IRQHandler
                0x08000a1c                EXTI2_IRQHandler
                0x08000a1c                TIM8_CC_IRQHandler
                0x08000a1c                HRTIM1_Master_IRQHandler
                0x08000a1c                DebugMon_Handler
                0x08000a1c                TIM1_CC_IRQHandler
                0x08000a1c                BDMA_Channel6_IRQHandler
                0x08000a1c                DMA2_Stream5_IRQHandler
                0x08000a1c                HRTIM1_FLT_IRQHandler
                0x08000a1c                JPEG_IRQHandler
                0x08000a1c                BDMA_Channel1_IRQHandler
                0x08000a1c                HRTIM1_TIMD_IRQHandler
                0x08000a1c                TAMP_STAMP_IRQHandler
                0x08000a1c                PendSV_Handler
                0x08000a1c                NMI_Handler
                0x08000a1c                EXTI3_IRQHandler
                0x08000a1c                LPTIM4_IRQHandler
                0x08000a1c                TIM8_TRG_COM_TIM14_IRQHandler
                0x08000a1c                LPTIM2_IRQHandler
                0x08000a1c                DFSDM1_FLT1_IRQHandler
                0x08000a1c                DMAMUX2_OVR_IRQHandler
                0x08000a1c                TIM8_UP_TIM13_IRQHandler
                0x08000a1c                I2C3_ER_IRQHandler
                0x08000a1c                DFSDM1_FLT2_IRQHandler
                0x08000a1c                MDMA_IRQHandler
                0x08000a1c                LPTIM3_IRQHandler
                0x08000a1c                HSEM1_IRQHandler
                0x08000a1c                EXTI0_IRQHandler
                0x08000a1c                DMA1_Stream2_IRQHandler
                0x08000a1c                FPU_IRQHandler
                0x08000a1c                OTG_HS_WKUP_IRQHandler
                0x08000a1c                FDCAN1_IT1_IRQHandler
                0x08000a1c                UsageFault_Handler
                0x08000a1c                LTDC_ER_IRQHandler
                0x08000a1c                HRTIM1_TIME_IRQHandler
                0x08000a1c                TIM6_DAC_IRQHandler
                0x08000a1c                DCMI_IRQHandler
                0x08000a1c                HRTIM1_TIMC_IRQHandler
                0x08000a1c                SAI2_IRQHandler
                0x08000a1c                DFSDM1_FLT3_IRQHandler
                0x08000a1c                TIM17_IRQHandler
                0x08000a1c                CRYP_IRQHandler
                0x08000a1c                BDMA_Channel7_IRQHandler
                0x08000a1c                LPTIM5_IRQHandler
                0x08000a1c                ADC3_IRQHandler
                0x08000a1c                DMA2_Stream0_IRQHandler
                0x08000a1c                BDMA_Channel2_IRQHandler
                0x08000a1c                DMAMUX1_OVR_IRQHandler
                0x08000a1c                TIM16_IRQHandler
                0x08000a1c                BDMA_Channel5_IRQHandler
                0x08000a1c                RCC_IRQHandler
                0x08000a1c                TIM8_BRK_TIM12_IRQHandler
                0x08000a1c                TIM1_TRG_COM_IRQHandler
                0x08000a1c                Default_Handler
                0x08000a1c                ECC_IRQHandler
                0x08000a1c                CEC_IRQHandler
                0x08000a1c                EXTI15_10_IRQHandler
                0x08000a1c                BDMA_Channel0_IRQHandler
                0x08000a1c                ADC_IRQHandler
                0x08000a1c                DMA1_Stream7_IRQHandler
                0x08000a1c                HRTIM1_TIMA_IRQHandler
                0x08000a1c                TIM7_IRQHandler
                0x08000a1c                SDMMC1_IRQHandler
                0x08000a1c                DMA2_Stream7_IRQHandler
                0x08000a1c                TIM15_IRQHandler
                0x08000a1c                PVD_AVD_IRQHandler
                0x08000a1c                EXTI9_5_IRQHandler
                0x08000a1c                RTC_WKUP_IRQHandler
                0x08000a1c                LTDC_IRQHandler
                0x08000a1c                SAI3_IRQHandler
                0x08000a1c                ETH_WKUP_IRQHandler
                0x08000a1c                SPDIF_RX_IRQHandler
                0x08000a1c                MemManage_Handler
                0x08000a1c                SVC_Handler
                0x08000a1c                CRS_IRQHandler
                0x08000a1c                EXTI4_IRQHandler
                0x08000a1c                HRTIM1_TIMB_IRQHandler
                0x08000a1c                FDCAN2_IT1_IRQHandler
                0x08000a1c                ETH_IRQHandler
                0x08000a1c                TIM1_UP_IRQHandler
                0x08000a1c                BDMA_Channel4_IRQHandler
                0x08000a1c                WWDG_IRQHandler
                0x08000a1c                SPI6_IRQHandler
                0x08000a1c                I2C4_EV_IRQHandler
                0x08000a1c                MDIOS_IRQHandler
                0x08000a1c                FDCAN2_IT0_IRQHandler
                0x08000a1c                FDCAN1_IT0_IRQHandler
                0x08000a1c                OTG_FS_WKUP_IRQHandler
                0x08000a1c                DMA2D_IRQHandler
                0x08000a1c                TIM1_BRK_IRQHandler
                0x08000a1c                EXTI1_IRQHandler
                0x08000a1c                SDMMC2_IRQHandler
                0x08000a1c                BDMA_Channel3_IRQHandler
                0x08000a1c                MDIOS_WKUP_IRQHandler
                0x08000a1c                DFSDM1_FLT0_IRQHandler
                0x08000a1c                SAI4_IRQHandler
                0x08000a1c                I2C2_ER_IRQHandler
                0x08000a1c                DMA2_Stream1_IRQHandler
                0x08000a1c                FLASH_IRQHandler
                0x08000a1c                BusFault_Handler
                0x08000a1c                WAKEUP_PIN_IRQHandler
                0x08000a1c                I2C1_ER_IRQHandler
                0x08000a1c                FMC_IRQHandler
                0x08000a1c                FDCAN_CAL_IRQHandler
                0x08000a1c                SWPMI1_IRQHandler
                0x08000a1c                COMP1_IRQHandler
                0x08000a1c                LPTIM1_IRQHandler
                0x08000a1c                I2C4_ER_IRQHandler
                0x08000a1c                DMA2_Stream6_IRQHandler
                0x08000a1c                SAI1_IRQHandler
 .text.Reset_Handler
                0x08000a28       0x44 build/startup_stm32h750xx.o
                0x08000a28                Reset_Handler
 .text._ZN5daisy11TimerHandleD2Ev
                0x08000a6c        0x4 build/main.o
                0x08000a6c                daisy::TimerHandle::~TimerHandle()
                0x08000a6c                daisy::TimerHandle::~TimerHandle()
 .text._ZN5daisy7EncoderD2Ev
                0x08000a70        0x4 build/main.o
                0x08000a70                daisy::Encoder::~Encoder()
                0x08000a70                daisy::Encoder::~Encoder()
 .text._ZN5daisy9DaisySeedD2Ev
                0x08000a74        0x4 build/main.o
                0x08000a74                daisy::DaisySeed::~DaisySeed()
                0x08000a74                daisy::DaisySeed::~DaisySeed()
 .text._Z18PlantTimerCallbackPv
                0x08000a78        0xc build/main.o
                0x08000a78                PlantTimerCallback(void*)
 .text._ZN5daisy11OledDisplayINS_13SSD130xDriverILj128ELj64ENS_19SSD130xI2CTransportEEEED2Ev
                0x08000a84        0x4 build/main.o
                0x08000a84                daisy::OledDisplay<daisy::SSD130xDriver<128u, 64u, daisy::SSD130xI2CTransport> >::~OledDisplay()
                0x08000a84                daisy::OledDisplay<daisy::SSD130xDriver<128u, 64u, daisy::SSD130xI2CTransport> >::~OledDisplay()
 .text._ZNK5daisy11OledDisplayINS_13SSD130xDriverILj128ELj64ENS_19SSD130xI2CTransportEEEE6HeightEv
                0x08000a88        0x4 build/main.o
                0x08000a88                daisy::OledDisplay<daisy::SSD130xDriver<128u, 64u, daisy::SSD130xI2CTransport> >::Height() const
 .text._ZNK5daisy11OledDisplayINS_13SSD130xDriverILj128ELj64ENS_19SSD130xI2CTransportEEEE5WidthEv
                0x08000a8c        0x4 build/main.o
                0x08000a8c                daisy::OledDisplay<daisy::SSD130xDriver<128u, 64u, daisy::SSD130xI2CTransport> >::Width() const
 .text._ZN5daisy11OledDisplayINS_13SSD130xDriverILj128ELj64ENS_19SSD130xI2CTransportEEEE4FillEb
                0x08000a90       0x10 build/main.o
                0x08000a90                daisy::OledDisplay<daisy::SSD130xDriver<128u, 64u, daisy::SSD130xI2CTransport> >::Fill(bool)
 .text._ZN5daisy11OledDisplayINS_13SSD130xDriverILj128ELj64ENS_19SSD130xI2CTransportEEEE14UpdateFinishedEv
                0x08000aa0        0x4 build/main.o
                0x08000aa0                daisy::OledDisplay<daisy::SSD130xDriver<128u, 64u, daisy::SSD130xI2CTransport> >::UpdateFinished()
 .text._Z13AudioCallbackPKPKfPPfj
                0x08000aa4       0x58 build/main.o
                0x08000aa4                AudioCallback(float const* const*, float**, unsigned int)
 .text._ZN5daisy11OledDisplayINS_13SSD130xDriverILj128ELj64ENS_19SSD130xI2CTransportEEEED0Ev
                0x08000afc       0x10 build/main.o
                0x08000afc                daisy::OledDisplay<daisy::SSD130xDriver<128u, 64u, daisy::SSD130xI2CTransport> >::~OledDisplay()
 .text._Z20EncoderTimerCallbackPv
                0x08000b0c       0x38 build/main.o
                0x08000b0c                EncoderTimerCallback(void*)
 .text._ZN5daisy11OledDisplayINS_13SSD130xDriverILj128ELj64ENS_19SSD130xI2CTransportEEEE6UpdateEv
                0x08000b44       0xac build/main.o
                0x08000b44                daisy::OledDisplay<daisy::SSD130xDriver<128u, 64u, daisy::SSD130xI2CTransport> >::Update()
 .text._ZN5daisy25OneBitGraphicsDisplayImplINS_11OledDisplayINS_13SSD130xDriverILj128ELj64ENS_19SSD130xI2CTransportEEEEEE11WriteStringEPKc7FontDefb
                0x08000bf0      0x1c0 build/main.o
                0x08000bf0                daisy::OneBitGraphicsDisplayImpl<daisy::OledDisplay<daisy::SSD130xDriver<128u, 64u, daisy::SSD130xI2CTransport> > >::WriteString(char const*, FontDef, bool)
 .text._ZN5daisy25OneBitGraphicsDisplayImplINS_11OledDisplayINS_13SSD130xDriverILj128ELj64ENS_19SSD130xI2CTransportEEEEEE9WriteCharEc7FontDefb
                0x08000db0      0x1a0 build/main.o
                0x08000db0                daisy::OneBitGraphicsDisplayImpl<daisy::OledDisplay<daisy::SSD130xDriver<128u, 64u, daisy::SSD130xI2CTransport> > >::WriteChar(char, FontDef, bool)
 .text._ZN5daisy25OneBitGraphicsDisplayImplINS_11OledDisplayINS_13SSD130xDriverILj128ELj64ENS_19SSD130xI2CTransportEEEEEE18WriteStringAlignedEPKcRK7FontDefNS_9RectangleENS_9AlignmentEb
                0x08000f50      0x3f0 build/main.o
                0x08000f50                daisy::OneBitGraphicsDisplayImpl<daisy::OledDisplay<daisy::SSD130xDriver<128u, 64u, daisy::SSD130xI2CTransport> > >::WriteStringAligned(char const*, FontDef const&, daisy::Rectangle, daisy::Alignment, bool)
 .text._ZN5daisy11OledDisplayINS_13SSD130xDriverILj128ELj64ENS_19SSD130xI2CTransportEEEE9DrawPixelEjjb
                0x08001340       0x44 build/main.o
                0x08001340                daisy::OledDisplay<daisy::SSD130xDriver<128u, 64u, daisy::SSD130xI2CTransport> >::DrawPixel(unsigned int, unsigned int, bool)
 .text._ZN5daisy25OneBitGraphicsDisplayImplINS_11OledDisplayINS_13SSD130xDriverILj128ELj64ENS_19SSD130xI2CTransportEEEEEE8DrawLineEjjjjb
                0x08001384       0xfc build/main.o
                0x08001384                daisy::OneBitGraphicsDisplayImpl<daisy::OledDisplay<daisy::SSD130xDriver<128u, 64u, daisy::SSD130xI2CTransport> > >::DrawLine(unsigned int, unsigned int, unsigned int, unsigned int, bool)
 .text._ZN5daisy25OneBitGraphicsDisplayImplINS_11OledDisplayINS_13SSD130xDriverILj128ELj64ENS_19SSD130xI2CTransportEEEEEE7DrawArcEjjjiib
                0x08001480      0x478 build/main.o
                0x08001480                daisy::OneBitGraphicsDisplayImpl<daisy::OledDisplay<daisy::SSD130xDriver<128u, 64u, daisy::SSD130xI2CTransport> > >::DrawArc(unsigned int, unsigned int, unsigned int, int, int, bool)
 .text._ZN5daisy25OneBitGraphicsDisplayImplINS_11OledDisplayINS_13SSD130xDriverILj128ELj64ENS_19SSD130xI2CTransportEEEEEE8DrawRectEjjjjbb
                0x080018f8      0x418 build/main.o
                0x080018f8                daisy::OneBitGraphicsDisplayImpl<daisy::OledDisplay<daisy::SSD130xDriver<128u, 64u, daisy::SSD130xI2CTransport> > >::DrawRect(unsigned int, unsigned int, unsigned int, unsigned int, bool, bool)
 .text._ZN5daisy13SSD130xDriverILj128ELj64ENS_19SSD130xI2CTransportEE4InitENS2_6ConfigE
                0x08001d10      0x250 build/main.o
                0x08001d10                daisy::SSD130xDriver<128u, 64u, daisy::SSD130xI2CTransport>::Init(daisy::SSD130xDriver<128u, 64u, daisy::SSD130xI2CTransport>::Config)
 .text.startup.main
                0x08001f60      0x59c build/main.o
                0x08001f60                main
 .text.startup._GLOBAL__sub_I_hw
                0x080024fc       0xfc build/main.o
 .text._ZN14DisplayHandlerC2EPN5daisy11OledDisplayINS0_13SSD130xDriverILj128ELj64ENS0_19SSD130xI2CTransportEEEEEb
                0x080025f8       0x58 build/displayHandler.o
                0x080025f8                DisplayHandler::DisplayHandler(daisy::OledDisplay<daisy::SSD130xDriver<128u, 64u, daisy::SSD130xI2CTransport> >*, bool)
                0x080025f8                DisplayHandler::DisplayHandler(daisy::OledDisplay<daisy::SSD130xDriver<128u, 64u, daisy::SSD130xI2CTransport> >*, bool)
 .text._ZN14DisplayHandler8SetStateE12DisplayState
                0x08002650       0x30 build/displayHandler.o
                0x08002650                DisplayHandler::SetState(DisplayState)
 .text._ZN14DisplayHandler14SetStandbyTextEPKc
                0x08002680       0x2c build/displayHandler.o
                0x08002680                DisplayHandler::SetStandbyText(char const*)
 .text._ZN14DisplayHandler15pushAudioSampleEf
                0x080026ac       0x20 build/displayHandler.o
                0x080026ac                DisplayHandler::pushAudioSample(float)
 .text._ZN14DisplayHandler11findTriggerEv
                0x080026cc       0x88 build/displayHandler.o
                0x080026cc                DisplayHandler::findTrigger()
 .text._ZN14DisplayHandler12drawWaveFormEv
                0x08002754      0x1c0 build/displayHandler.o
                0x08002754                DisplayHandler::drawWaveForm()
 .text._ZN14DisplayHandler9SetYscaleEi
                0x08002914        0x8 build/displayHandler.o
                0x08002914                DisplayHandler::SetYscale(int)
 .text._ZN14DisplayHandler17drawStandbyScreenEv
                0x0800291c       0x5c build/displayHandler.o
                0x0800291c                DisplayHandler::drawStandbyScreen()
 .text._ZN14DisplayHandler6UpdateEv
                0x08002978       0xd0 build/displayHandler.o
                0x08002978                DisplayHandler::Update()
 .text._ZN14DisplayHandler12DrawMainMenuEi
                0x08002a48      0x240 build/displayHandler.o
                0x08002a48                DisplayHandler::DrawMainMenu(int)
 .text._ZN14DisplayHandler18DrawCalibrationHubEi
                0x08002c88      0x298 build/displayHandler.o
                0x08002c88                DisplayHandler::DrawCalibrationHub(int)
 .text._ZN14DisplayHandler13DrawScalesHubEi
                0x08002f20      0x240 build/displayHandler.o
                0x08002f20                DisplayHandler::DrawScalesHub(int)
 .text._ZN14DisplayHandler18DrawFloatParameterEPKcf
                0x08003160      0x170 build/displayHandler.o
                0x08003160                DisplayHandler::DrawFloatParameter(char const*, float)
 .text._ZN14DisplayHandler16DrawIntParameterEPKci
                0x080032d0      0x248 build/displayHandler.o
                0x080032d0                DisplayHandler::DrawIntParameter(char const*, int)
 .text._ZN11MenuManager4InitEv
                0x08003518       0x38 build/MenuManager.o
                0x08003518                MenuManager::Init()
 .text._ZN11MenuManager15StateTransitionEbib
                0x08003550      0x2a0 build/MenuManager.o
                0x08003550                MenuManager::StateTransition(bool, int, bool)
 .text._ZN11MenuManager6UpdateEm
                0x080037f0       0x20 build/MenuManager.o
                0x080037f0                MenuManager::Update(unsigned long)
 .text._ZN16PlantConditionerC2Ev
                0x08003810      0x174 build/PlantConditioner.o
                0x08003810                PlantConditioner::PlantConditioner()
                0x08003810                PlantConditioner::PlantConditioner()
 .text._ZN16PlantConditionerD2Ev
                0x08003984       0x30 build/PlantConditioner.o
                0x08003984                PlantConditioner::~PlantConditioner()
                0x08003984                PlantConditioner::~PlantConditioner()
 .text._ZN16PlantConditioner4InitEN3IIR10FilterTypeEPN5daisy9DaisySeedE
                0x080039b4      0xd30 build/PlantConditioner.o
                0x080039b4                PlantConditioner::Init(IIR::FilterType, daisy::DaisySeed*)
 .text._ZN16PlantConditioner9SetFilterEN3IIR10FilterTypeE
                0x080046e4        0x8 build/PlantConditioner.o
                0x080046e4                PlantConditioner::SetFilter(IIR::FilterType)
 .text._ZN16PlantConditioner8setScaleENS_5NotesENS_9ScaleTypeE
                0x080046ec      0x258 build/PlantConditioner.o
                0x080046ec                PlantConditioner::setScale(PlantConditioner::Notes, PlantConditioner::ScaleType)
 .text._ZN16PlantConditioner9setOctaveEh
                0x08004944       0x10 build/PlantConditioner.o
                0x08004944                PlantConditioner::setOctave(unsigned char)
 .text._ZN16PlantConditioner7ProcessEv
                0x08004954      0x23c build/PlantConditioner.o
                0x08004954                PlantConditioner::Process()
 .text._ZN16PlantConditioner8setCurveEf
                0x08004b90       0x58 build/PlantConditioner.o
                0x08004b90                PlantConditioner::setCurve(float)
 .text._ZN16PlantConditioner8setDeltaEf
                0x08004be8       0x74 build/PlantConditioner.o
                0x08004be8                PlantConditioner::setDelta(float)
 .text._ZN16PlantConditioner13setHisteresisEf
                0x08004c5c       0x54 build/PlantConditioner.o
                0x08004c5c                PlantConditioner::setHisteresis(float)
 .text._ZN11AudioEngineC2Ev
                0x08004cb0       0x80 build/AudioEngine.o
                0x08004cb0                AudioEngine::AudioEngine()
                0x08004cb0                AudioEngine::AudioEngine()
 .text._ZN11AudioEngineD2Ev
                0x08004d30        0x4 build/AudioEngine.o
                0x08004d30                AudioEngine::~AudioEngine()
                0x08004d30                AudioEngine::~AudioEngine()
 .text._ZN11AudioEngine9SetPresetE11SynthPreset
                0x08004d34      0x560 build/AudioEngine.o
                0x08004d34                AudioEngine::SetPreset(SynthPreset)
 .text._ZN11AudioEngine4InitEf
                0x08005294      0x138 build/AudioEngine.o
                0x08005294                AudioEngine::Init(float)
 .text._ZN11AudioEngine6UpdateE14ControlsStruct
                0x080053cc       0x50 build/AudioEngine.o
                0x080053cc                AudioEngine::Update(ControlsStruct)
 .text._ZN11AudioEngine7ProcessEv
                0x0800541c      0x114 build/AudioEngine.o
                0x0800541c                AudioEngine::Process()
 .text._ZN2MFC2Ev
                0x08005530       0x1c build/MF.o
                0x08005530                MF::MF()
                0x08005530                MF::MF()
 .text._ZN2MFD2Ev
                0x0800554c        0x4 build/MF.o
                0x0800554c                MF::~MF()
                0x0800554c                MF::~MF()
 .text._ZN2MF4InitEv
                0x08005550       0x10 build/MF.o
                0x08005550                MF::Init()
 .text._ZN2MF7ProcessEf
                0x08005560       0x6c build/MF.o
                0x08005560                MF::Process(float)
 .text._ZN3IIRC2Ev
                0x080055cc       0xe4 build/iir.o
                0x080055cc                IIR::IIR()
                0x080055cc                IIR::IIR()
 .text._ZN3IIRD2Ev
                0x080056b0        0x4 build/iir.o
                0x080056b0                IIR::~IIR()
                0x080056b0                IIR::~IIR()
 .text._ZN3IIR4InitENS_10FilterTypeE
                0x080056b4       0x2c build/iir.o
                0x080056b4                IIR::Init(IIR::FilterType)
 .text._ZN3IIR7ProcessEf
                0x080056e0      0x184 build/iir.o
                0x080056e0                IIR::Process(float)
 .text.HAL_NVIC_SetPriorityGrouping
                0x08005864       0x24 ../libs/PoliTeKDSP/libs/libDaisy/build\libdaisy.a(stm32h7xx_hal_cortex.o)
                0x08005864                HAL_NVIC_SetPriorityGrouping
 .text.HAL_NVIC_SetPriority
                0x08005888       0x7c ../libs/PoliTeKDSP/libs/libDaisy/build\libdaisy.a(stm32h7xx_hal_cortex.o)
                0x08005888                HAL_NVIC_SetPriority
 .text.HAL_NVIC_EnableIRQ
                0x08005904       0x1c ../libs/PoliTeKDSP/libs/libDaisy/build\libdaisy.a(stm32h7xx_hal_cortex.o)
                0x08005904                HAL_NVIC_EnableIRQ
 .text.HAL_NVIC_DisableIRQ
                0x08005920       0x28 ../libs/PoliTeKDSP/libs/libDaisy/build\libdaisy.a(stm32h7xx_hal_cortex.o)
                0x08005920                HAL_NVIC_DisableIRQ
 .text.HAL_NVIC_SystemReset
                0x08005948       0x24 ../libs/PoliTeKDSP/libs/libDaisy/build\libdaisy.a(stm32h7xx_hal_cortex.o)
                0x08005948                HAL_NVIC_SystemReset
 .text.HAL_SYSTICK_Config
                0x0800596c       0x2c ../libs/PoliTeKDSP/libs/libDaisy/build\libdaisy.a(stm32h7xx_hal_cortex.o)
                0x0800596c                HAL_SYSTICK_Config
 .text.HAL_MPU_Disable
                0x08005998       0x1c ../libs/PoliTeKDSP/libs/libDaisy/build\libdaisy.a(stm32h7xx_hal_cortex.o)
                0x08005998                HAL_MPU_Disable
 .text.HAL_MPU_Enable
                0x080059b4       0x20 ../libs/PoliTeKDSP/libs/libDaisy/build\libdaisy.a(stm32h7xx_hal_cortex.o)
                0x080059b4                HAL_MPU_Enable
 .text.HAL_MPU_ConfigRegion
                0x080059d4       0x64 ../libs/PoliTeKDSP/libs/libDaisy/build\libdaisy.a(stm32h7xx_hal_cortex.o)
                0x080059d4                HAL_MPU_ConfigRegion
 .text.HAL_SYSTICK_Callback
                0x08005a38        0x4 ../libs/PoliTeKDSP/libs/libDaisy/build\libdaisy.a(stm32h7xx_hal_cortex.o)
                0x08005a38                HAL_SYSTICK_Callback
 .text.HAL_SYSTICK_IRQHandler
                0x08005a3c        0x8 ../libs/PoliTeKDSP/libs/libDaisy/build\libdaisy.a(stm32h7xx_hal_cortex.o)
                0x08005a3c                HAL_SYSTICK_IRQHandler
 .text._ZN5daisy9DaisySeed6GetPinEh
                0x08005a44       0x2c ../libs/PoliTeKDSP/libs/libDaisy/build\libdaisy.a(daisy_seed.o)
                0x08005a44                daisy::DaisySeed::GetPin(unsigned char)
 .text._ZN5daisy9DaisySeed7DelayMsEj
                0x08005a70        0x8 ../libs/PoliTeKDSP/libs/libDaisy/build\libdaisy.a(daisy_seed.o)
                0x08005a70                daisy::DaisySeed::DelayMs(unsigned int)
 .text._ZN5daisy9DaisySeed10StartAudioEPFvPKPKfPPfjE
                0x08005a78        0x8 ../libs/PoliTeKDSP/libs/libDaisy/build\libdaisy.a(daisy_seed.o)
                0x08005a78                daisy::DaisySeed::StartAudio(void (*)(float const* const*, float**, unsigned int))
 .text._ZN5daisy9DaisySeed15AudioSampleRateEv
                0x08005a80        0x8 ../libs/PoliTeKDSP/libs/libDaisy/build\libdaisy.a(daisy_seed.o)
                0x08005a80                daisy::DaisySeed::AudioSampleRate()
 .text._ZN5daisy9DaisySeed6SetLedEb
                0x08005a88        0x8 ../libs/PoliTeKDSP/libs/libDaisy/build\libdaisy.a(daisy_seed.o)
                0x08005a88                daisy::DaisySeed::SetLed(bool)
 .text._ZN5daisy9DaisySeed17CheckBoardVersionEv
                0x08005a90       0x6c ../libs/PoliTeKDSP/libs/libDaisy/build\libdaisy.a(daisy_seed.o)
                0x08005a90                daisy::DaisySeed::CheckBoardVersion()
 .text._ZN5daisy9DaisySeed14ConfigureAudioEv
                0x08005afc      0x110 ../libs/PoliTeKDSP/libs/libDaisy/build\libdaisy.a(daisy_seed.o)
                0x08005afc                daisy::DaisySeed::ConfigureAudio()
 .text._ZN5daisy9DaisySeed4InitEb
                0x08005c0c      0x104 ../libs/PoliTeKDSP/libs/libDaisy/build\libdaisy.a(daisy_seed.o)
                0x08005c0c                daisy::DaisySeed::Init(bool)
 .text._ZN5daisy6Ak45564InitENS_3PinE
                0x08005d10       0x44 ../libs/PoliTeKDSP/libs/libDaisy/build\libdaisy.a(codec_ak4556.o)
                0x08005d10                daisy::Ak4556::Init(daisy::Pin)
 .text._ZN5daisy6Wm873120WriteControlRegisterEht
                0x08005d54       0x3c ../libs/PoliTeKDSP/libs/libDaisy/build\libdaisy.a(codec_wm8731.o)
                0x08005d54                daisy::Wm8731::WriteControlRegister(unsigned char, unsigned short)
 .text._ZN5daisy6Wm87314InitERKNS0_6ConfigENS_9I2CHandleE
                0x08005d90      0x1bc ../libs/PoliTeKDSP/libs/libDaisy/build\libdaisy.a(codec_wm8731.o)
                0x08005d90                daisy::Wm8731::Init(daisy::Wm8731::Config const&, daisy::I2CHandle)
 .text._ZN11SdramHandle10DeviceInitEv
                0x08005f4c       0x98 ../libs/PoliTeKDSP/libs/libDaisy/build\libdaisy.a(sdram.o)
                0x08005f4c                SdramHandle::DeviceInit()
 .text._ZN11SdramHandle4InitEv
                0x08005fe4       0x7c ../libs/PoliTeKDSP/libs/libDaisy/build\libdaisy.a(sdram.o)
                0x08005fe4                SdramHandle::Init()
 .text.HAL_SDRAM_MspInit
                0x08006060      0x1a8 ../libs/PoliTeKDSP/libs/libDaisy/build\libdaisy.a(sdram.o)
                0x08006060                HAL_SDRAM_MspInit
 .text._ZN5daisy11AudioHandle4Impl16InternalCallbackEPlS2_j
                0x08006208      0xbbc ../libs/PoliTeKDSP/libs/libDaisy/build\libdaisy.a(audio.o)
                0x08006208                daisy::AudioHandle::Impl::InternalCallback(long*, long*, unsigned int)
 .text._ZN5daisy11AudioHandle4InitERKNS0_6ConfigENS_9SaiHandleE
                0x08006dc4       0x70 ../libs/PoliTeKDSP/libs/libDaisy/build\libdaisy.a(audio.o)
                0x08006dc4                daisy::AudioHandle::Init(daisy::AudioHandle::Config const&, daisy::SaiHandle)
 .text._ZNK5daisy11AudioHandle9GetConfigEv
                0x08006e34        0x8 ../libs/PoliTeKDSP/libs/libDaisy/build\libdaisy.a(audio.o)
                0x08006e34                daisy::AudioHandle::GetConfig() const
 .text._ZN5daisy11AudioHandle13GetSampleRateEv
                0x08006e3c        0x8 ../libs/PoliTeKDSP/libs/libDaisy/build\libdaisy.a(audio.o)
                0x08006e3c                daisy::AudioHandle::GetSampleRate()
 .text._ZN5daisy11AudioHandle5StartEPFvPKPKfPPfjE
                0x08006e44       0x44 ../libs/PoliTeKDSP/libs/libDaisy/build\libdaisy.a(audio.o)
                0x08006e44                daisy::AudioHandle::Start(void (*)(float const* const*, float**, unsigned int))
 .text.startup._GLOBAL__sub_I__ZN5daisy11AudioHandle4Impl4InitENS0_6ConfigENS_9SaiHandleE
                0x08006e88       0x24 ../libs/PoliTeKDSP/libs/libDaisy/build\libdaisy.a(audio.o)
 .text._ZN5daisy7Encoder4InitENS_3PinES1_S1_f
                0x08006eac       0x5c ../libs/PoliTeKDSP/libs/libDaisy/build\libdaisy.a(encoder.o)
                0x08006eac                daisy::Encoder::Init(daisy::Pin, daisy::Pin, daisy::Pin, float)
 .text._ZN5daisy7Encoder8DebounceEv
                0x08006f08       0x7c ../libs/PoliTeKDSP/libs/libDaisy/build\libdaisy.a(encoder.o)
                0x08006f08                daisy::Encoder::Debounce()
 .text._ZN5daisy9UsbHandleD2Ev
                0x08006f84        0x4 ../libs/PoliTeKDSP/libs/libDaisy/build\libdaisy.a(logger.o)
                0x08006f84                daisy::UsbHandle::~UsbHandle()
                0x08006f84                daisy::UsbHandle::~UsbHandle()
 .text._ZN5daisy6LoggerILNS_17LoggerDestinationE1EE11TransmitBufEv
                0x08006f88       0x60 ../libs/PoliTeKDSP/libs/libDaisy/build\libdaisy.a(logger.o)
                0x08006f88                daisy::Logger<(daisy::LoggerDestination)1>::TransmitBuf()
 .text._ZN5daisy6LoggerILNS_17LoggerDestinationE1EE13AppendNewLineEv
                0x08006fe8       0x60 ../libs/PoliTeKDSP/libs/libDaisy/build\libdaisy.a(logger.o)
                0x08006fe8                daisy::Logger<(daisy::LoggerDestination)1>::AppendNewLine()
 .text._ZN5daisy6LoggerILNS_17LoggerDestinationE1EE10PrintLineVEPKcSt9__va_list
                0x08007048       0x30 ../libs/PoliTeKDSP/libs/libDaisy/build\libdaisy.a(logger.o)
                0x08007048                daisy::Logger<(daisy::LoggerDestination)1>::PrintLineV(char const*, std::__va_list)
 .text._ZN5daisy6LoggerILNS_17LoggerDestinationE1EE9PrintLineEPKcz
                0x08007078       0x1c ../libs/PoliTeKDSP/libs/libDaisy/build\libdaisy.a(logger.o)
                0x08007078                daisy::Logger<(daisy::LoggerDestination)1>::PrintLine(char const*, ...)
 .text._ZN5daisy6LoggerILNS_17LoggerDestinationE1EE8StartLogEb
                0x08007094       0x40 ../libs/PoliTeKDSP/libs/libDaisy/build\libdaisy.a(logger.o)
                0x08007094                daisy::Logger<(daisy::LoggerDestination)1>::StartLog(bool)
 .text.startup._GLOBAL__sub_I__ZN5daisy10LoggerImplILNS_17LoggerDestinationE1EE11usb_handle_E
                0x080070d4       0x2c ../libs/PoliTeKDSP/libs/libDaisy/build\libdaisy.a(logger.o)
 .text._ZN5daisy6Switch4InitENS_3PinEf
                0x08007100       0x30 ../libs/PoliTeKDSP/libs/libDaisy/build\libdaisy.a(switch.o)
                0x08007100                daisy::Switch::Init(daisy::Pin, float)
 .text._ZN5daisy6Switch8DebounceEv
                0x08007130       0x54 ../libs/PoliTeKDSP/libs/libDaisy/build\libdaisy.a(switch.o)
                0x08007130                daisy::Switch::Debounce()
 .text.DummyRxCallback
                0x08007184        0x4 ../libs/PoliTeKDSP/libs/libDaisy/build\libdaisy.a(usb.o)
                0x08007184                DummyRxCallback
 .text._ZN5daisy9UsbHandle4InitENS0_9UsbPeriphE
                0x08007188      0x10c ../libs/PoliTeKDSP/libs/libDaisy/build\libdaisy.a(usb.o)
                0x08007188                daisy::UsbHandle::Init(daisy::UsbHandle::UsbPeriph)
 .text._ZN5daisy9UsbHandle16TransmitInternalEPhj
                0x08007294       0x14 ../libs/PoliTeKDSP/libs/libDaisy/build\libdaisy.a(usb.o)
                0x08007294                daisy::UsbHandle::TransmitInternal(unsigned char*, unsigned int)
 .text.OTG_FS_EP1_OUT_IRQHandler
                0x080072a8        0xc ../libs/PoliTeKDSP/libs/libDaisy/build\libdaisy.a(usb.o)
                0x080072a8                OTG_FS_EP1_OUT_IRQHandler
 .text.OTG_FS_EP1_IN_IRQHandler
                0x080072b4        0xc ../libs/PoliTeKDSP/libs/libDaisy/build\libdaisy.a(usb.o)
                0x080072b4                OTG_FS_EP1_IN_IRQHandler
 .text.OTG_FS_IRQHandler
                0x080072c0        0xc ../libs/PoliTeKDSP/libs/libDaisy/build\libdaisy.a(usb.o)
                0x080072c0                OTG_FS_IRQHandler
 .text._ZN5daisy4GPIO4InitERKNS0_6ConfigE
                0x080072cc      0x1cc ../libs/PoliTeKDSP/libs/libDaisy/build\libdaisy.a(gpio.o)
                0x080072cc                daisy::GPIO::Init(daisy::GPIO::Config const&)
 .text._ZN5daisy4GPIO4InitENS_3PinENS0_4ModeENS0_4PullENS0_5SpeedE
                0x08007498      0x1cc ../libs/PoliTeKDSP/libs/libDaisy/build\libdaisy.a(gpio.o)
                0x08007498                daisy::GPIO::Init(daisy::Pin, daisy::GPIO::Mode, daisy::GPIO::Pull, daisy::GPIO::Speed)
 .text._ZN5daisy4GPIO4ReadEv
                0x08007664       0x18 ../libs/PoliTeKDSP/libs/libDaisy/build\libdaisy.a(gpio.o)
                0x08007664                daisy::GPIO::Read()
 .text._ZN5daisy4GPIO5WriteEb
                0x0800767c       0x14 ../libs/PoliTeKDSP/libs/libDaisy/build\libdaisy.a(gpio.o)
                0x0800767c                daisy::GPIO::Write(bool)
 .text._ZN5daisy9I2CHandle4Impl8InitPinsEv
                0x08007690       0x70 ../libs/PoliTeKDSP/libs/libDaisy/build\libdaisy.a(i2c.o)
                0x08007690                daisy::I2CHandle::Impl::InitPins()
 .text.HAL_I2C_MspInit
                0x08007700      0x1b4 ../libs/PoliTeKDSP/libs/libDaisy/build\libdaisy.a(i2c.o)
                0x08007700                HAL_I2C_MspInit
 .text.dsy_i2c_global_init
                0x080078b4       0x78 ../libs/PoliTeKDSP/libs/libDaisy/build\libdaisy.a(i2c.o)
                0x080078b4                dsy_i2c_global_init
 .text.DMA1_Stream6_IRQHandler
                0x0800792c       0x34 ../libs/PoliTeKDSP/libs/libDaisy/build\libdaisy.a(i2c.o)
                0x0800792c                DMA1_Stream6_IRQHandler
 .text.I2C1_EV_IRQHandler
                0x08007960        0xc ../libs/PoliTeKDSP/libs/libDaisy/build\libdaisy.a(i2c.o)
                0x08007960                I2C1_EV_IRQHandler
 .text.I2C2_EV_IRQHandler
                0x0800796c        0xc ../libs/PoliTeKDSP/libs/libDaisy/build\libdaisy.a(i2c.o)
                0x0800796c                I2C2_EV_IRQHandler
 .text.I2C3_EV_IRQHandler
                0x08007978        0xc ../libs/PoliTeKDSP/libs/libDaisy/build\libdaisy.a(i2c.o)
                0x08007978                I2C3_EV_IRQHandler
 .text._ZN5daisy9I2CHandle4InitERKNS0_6ConfigE
                0x08007984      0x130 ../libs/PoliTeKDSP/libs/libDaisy/build\libdaisy.a(i2c.o)
                0x08007984                daisy::I2CHandle::Init(daisy::I2CHandle::Config const&)
 .text._ZN5daisy9I2CHandle16TransmitBlockingEtPhtm
                0x08007ab4       0x50 ../libs/PoliTeKDSP/libs/libDaisy/build\libdaisy.a(i2c.o)
                0x08007ab4                daisy::I2CHandle::TransmitBlocking(unsigned short, unsigned char*, unsigned short, unsigned long)
 .text._ZN5daisy9I2CHandle17ReadDataAtAddressEtttPhtm
                0x08007b04       0x50 ../libs/PoliTeKDSP/libs/libDaisy/build\libdaisy.a(i2c.o)
                0x08007b04                daisy::I2CHandle::ReadDataAtAddress(unsigned short, unsigned short, unsigned short, unsigned char*, unsigned short, unsigned long)
 .text._ZN5daisy9I2CHandle18WriteDataAtAddressEtttPhtm
                0x08007b54       0x50 ../libs/PoliTeKDSP/libs/libDaisy/build\libdaisy.a(i2c.o)
                0x08007b54                daisy::I2CHandle::WriteDataAtAddress(unsigned short, unsigned short, unsigned short, unsigned char*, unsigned short, unsigned long)
 .text.startup._GLOBAL__sub_I__ZN5daisy9I2CHandle4Impl10GlobalInitEv
                0x08007ba4       0x2c ../libs/PoliTeKDSP/libs/libDaisy/build\libdaisy.a(i2c.o)
 .text._ZN5daisy10QSPIHandle4Impl11WriteEnableEv
                0x08007bd0       0x8c ../libs/PoliTeKDSP/libs/libDaisy/build\libdaisy.a(qspi.o)
                0x08007bd0                daisy::QSPIHandle::Impl::WriteEnable()
 *fill*         0x08007c5c        0x4 
 .text._ZN5daisy10QSPIHandle4Impl17DummyCyclesConfigENS0_6Config6DeviceE
                0x08007c60      0x118 ../libs/PoliTeKDSP/libs/libDaisy/build\libdaisy.a(qspi.o)
                0x08007c60                daisy::QSPIHandle::Impl::DummyCyclesConfig(daisy::QSPIHandle::Config::Device)
 .text._ZN5daisy10QSPIHandle4Impl10QuadEnableEv
                0x08007d78      0x168 ../libs/PoliTeKDSP/libs/libDaisy/build\libdaisy.a(qspi.o)
                0x08007d78                daisy::QSPIHandle::Impl::QuadEnable()
 .text._ZN5daisy10QSPIHandle4Impl21DefaultStatusRegisterEv
                0x08007ee0      0x158 ../libs/PoliTeKDSP/libs/libDaisy/build\libdaisy.a(qspi.o)
                0x08007ee0                daisy::QSPIHandle::Impl::DefaultStatusRegister()
 .text._ZN5daisy10QSPIHandle4Impl7PreInitEm
                0x08008038      0x198 ../libs/PoliTeKDSP/libs/libDaisy/build\libdaisy.a(qspi.o)
                0x08008038                daisy::QSPIHandle::Impl::PreInit(unsigned long)
 .text._ZN5daisy10QSPIHandle4InitERKNS0_6ConfigE
                0x080081d0      0x1b4 ../libs/PoliTeKDSP/libs/libDaisy/build\libdaisy.a(qspi.o)
                0x080081d0                daisy::QSPIHandle::Init(daisy::QSPIHandle::Config const&)
 .text.HAL_QSPI_MspInit
                0x08008384      0x194 ../libs/PoliTeKDSP/libs/libDaisy/build\libdaisy.a(qspi.o)
                0x08008384                HAL_QSPI_MspInit
 .text.HAL_QSPI_MspDeInit
                0x08008518       0x7c ../libs/PoliTeKDSP/libs/libDaisy/build\libdaisy.a(qspi.o)
                0x08008518                HAL_QSPI_MspDeInit
 .text.QUADSPI_IRQHandler
                0x08008594        0xc ../libs/PoliTeKDSP/libs/libDaisy/build\libdaisy.a(qspi.o)
                0x08008594                QUADSPI_IRQHandler
 .text.startup._GLOBAL__sub_I__ZN5daisy10QSPIHandle4Impl7PreInitEm
                0x080085a0       0x40 ../libs/PoliTeKDSP/libs/libDaisy/build\libdaisy.a(qspi.o)
 .text._ZN5daisy9SaiHandle4Impl7InitDmaENS1_15PeripheralBlockE
                0x080085e0       0xa0 ../libs/PoliTeKDSP/libs/libDaisy/build\libdaisy.a(sai.o)
                0x080085e0                daisy::SaiHandle::Impl::InitDma(daisy::SaiHandle::Impl::PeripheralBlock)
 .text._ZN5daisy9SaiHandle4Impl8InitPinsEv
                0x08008680       0xbc ../libs/PoliTeKDSP/libs/libDaisy/build\libdaisy.a(sai.o)
                0x08008680                daisy::SaiHandle::Impl::InitPins()
 .text.HAL_SAI_MspInit
                0x0800873c      0x164 ../libs/PoliTeKDSP/libs/libDaisy/build\libdaisy.a(sai.o)
                0x0800873c                HAL_SAI_MspInit
 .text.DMA1_Stream0_IRQHandler
                0x080088a0        0xc ../libs/PoliTeKDSP/libs/libDaisy/build\libdaisy.a(sai.o)
                0x080088a0                DMA1_Stream0_IRQHandler
 .text.DMA1_Stream1_IRQHandler
                0x080088ac        0xc ../libs/PoliTeKDSP/libs/libDaisy/build\libdaisy.a(sai.o)
                0x080088ac                DMA1_Stream1_IRQHandler
 .text.DMA1_Stream3_IRQHandler
                0x080088b8        0xc ../libs/PoliTeKDSP/libs/libDaisy/build\libdaisy.a(sai.o)
                0x080088b8                DMA1_Stream3_IRQHandler
 .text.DMA1_Stream4_IRQHandler
                0x080088c4        0xc ../libs/PoliTeKDSP/libs/libDaisy/build\libdaisy.a(sai.o)
                0x080088c4                DMA1_Stream4_IRQHandler
 .text.HAL_SAI_RxHalfCpltCallback
                0x080088d0       0x78 ../libs/PoliTeKDSP/libs/libDaisy/build\libdaisy.a(sai.o)
                0x080088d0                HAL_SAI_RxHalfCpltCallback
 .text.HAL_SAI_RxCpltCallback
                0x08008948       0x70 ../libs/PoliTeKDSP/libs/libDaisy/build\libdaisy.a(sai.o)
                0x08008948                HAL_SAI_RxCpltCallback
 .text._ZN5daisy9SaiHandle4InitERKNS0_6ConfigE
                0x080089b8      0x1f0 ../libs/PoliTeKDSP/libs/libDaisy/build\libdaisy.a(sai.o)
                0x080089b8                daisy::SaiHandle::Init(daisy::SaiHandle::Config const&)
 .text._ZNK5daisy9SaiHandle9GetConfigEv
                0x08008ba8        0x4 ../libs/PoliTeKDSP/libs/libDaisy/build\libdaisy.a(sai.o)
                0x08008ba8                daisy::SaiHandle::GetConfig() const
 .text._ZN5daisy9SaiHandle8StartDmaEPlS1_jPFvS1_S1_jE
                0x08008bac       0xbc ../libs/PoliTeKDSP/libs/libDaisy/build\libdaisy.a(sai.o)
                0x08008bac                daisy::SaiHandle::StartDma(long*, long*, unsigned int, void (*)(long*, long*, unsigned int))
 .text._ZN5daisy9SaiHandle13GetSampleRateEv
                0x08008c68       0x24 ../libs/PoliTeKDSP/libs/libDaisy/build\libdaisy.a(sai.o)
                0x08008c68                daisy::SaiHandle::GetSampleRate()
 .text._ZNK5daisy9SaiHandle9GetOffsetEv
                0x08008c8c        0x8 ../libs/PoliTeKDSP/libs/libDaisy/build\libdaisy.a(sai.o)
                0x08008c8c                daisy::SaiHandle::GetOffset() const
 .text.startup._GLOBAL__sub_I__ZN5daisy9SaiHandle4Impl4InitERKNS0_6ConfigE
                0x08008c94       0x20 ../libs/PoliTeKDSP/libs/libDaisy/build\libdaisy.a(sai.o)
 .text.HAL_TIM_Base_MspInit
                0x08008cb4      0x1e0 ../libs/PoliTeKDSP/libs/libDaisy/build\libdaisy.a(tim.o)
                0x08008cb4                HAL_TIM_Base_MspInit
 .text.HAL_TIM_PeriodElapsedCallback
                0x08008e94       0x44 ../libs/PoliTeKDSP/libs/libDaisy/build\libdaisy.a(tim.o)
                0x08008e94                HAL_TIM_PeriodElapsedCallback
 .text.TIM2_IRQHandler
                0x08008ed8        0xc ../libs/PoliTeKDSP/libs/libDaisy/build\libdaisy.a(tim.o)
                0x08008ed8                TIM2_IRQHandler
 .text.TIM3_IRQHandler
                0x08008ee4        0xc ../libs/PoliTeKDSP/libs/libDaisy/build\libdaisy.a(tim.o)
                0x08008ee4                TIM3_IRQHandler
 .text.TIM4_IRQHandler
                0x08008ef0        0xc ../libs/PoliTeKDSP/libs/libDaisy/build\libdaisy.a(tim.o)
                0x08008ef0                TIM4_IRQHandler
 .text.TIM5_IRQHandler
                0x08008efc        0xc ../libs/PoliTeKDSP/libs/libDaisy/build\libdaisy.a(tim.o)
                0x08008efc                TIM5_IRQHandler
 .text._ZN5daisy11TimerHandle4InitERKNS0_6ConfigE
                0x08008f08       0xd0 ../libs/PoliTeKDSP/libs/libDaisy/build\libdaisy.a(tim.o)
                0x08008f08                daisy::TimerHandle::Init(daisy::TimerHandle::Config const&)
 .text._ZN5daisy11TimerHandle5StartEv
                0x08008fd8       0x24 ../libs/PoliTeKDSP/libs/libDaisy/build\libdaisy.a(tim.o)
                0x08008fd8                daisy::TimerHandle::Start()
 .text._ZN5daisy11TimerHandle12SetPrescalerEm
                0x08008ffc        0xc ../libs/PoliTeKDSP/libs/libDaisy/build\libdaisy.a(tim.o)
                0x08008ffc                daisy::TimerHandle::SetPrescaler(unsigned long)
 .text._ZN5daisy11TimerHandle11SetCallbackEPFvPvES1_
                0x08009008        0xc ../libs/PoliTeKDSP/libs/libDaisy/build\libdaisy.a(tim.o)
                0x08009008                daisy::TimerHandle::SetCallback(void (*)(void*), void*)
 .text.startup._GLOBAL__sub_I__ZN5daisy11TimerHandle4Impl4InitERKNS0_6ConfigE
                0x08009014       0x38 ../libs/PoliTeKDSP/libs/libDaisy/build\libdaisy.a(tim.o)
 .text.SysTick_Handler
                0x0800904c       0x10 ../libs/PoliTeKDSP/libs/libDaisy/build\libdaisy.a(system.o)
                0x0800904c                SysTick_Handler
 .text.OTG_HS_EP1_OUT_IRQHandler
                0x0800905c       0x24 ../libs/PoliTeKDSP/libs/libDaisy/build\libdaisy.a(system.o)
                0x0800905c                OTG_HS_EP1_OUT_IRQHandler
 .text.OTG_HS_EP1_IN_IRQHandler
                0x08009080       0x24 ../libs/PoliTeKDSP/libs/libDaisy/build\libdaisy.a(system.o)
                0x08009080                OTG_HS_EP1_IN_IRQHandler
 .text.OTG_HS_IRQHandler
                0x080090a4       0x24 ../libs/PoliTeKDSP/libs/libDaisy/build\libdaisy.a(system.o)
                0x080090a4                OTG_HS_IRQHandler
 .text.HardFault_Handler
                0x080090c8       0xe0 ../libs/PoliTeKDSP/libs/libDaisy/build\libdaisy.a(system.o)
                0x080090c8                HardFault_Handler
 .text._ZN5daisy6System6GetNowEv
                0x080091a8        0x4 ../libs/PoliTeKDSP/libs/libDaisy/build\libdaisy.a(system.o)
                0x080091a8                daisy::System::GetNow()
 .text._ZN5daisy6System5DelayEm
                0x080091ac        0x4 ../libs/PoliTeKDSP/libs/libDaisy/build\libdaisy.a(system.o)
                0x080091ac                daisy::System::Delay(unsigned long)
 .text._ZN5daisy6System17ResetToBootloaderENS0_14BootloaderModeE
                0x080091b0       0x9c ../libs/PoliTeKDSP/libs/libDaisy/build\libdaisy.a(system.o)
                0x080091b0                daisy::System::ResetToBootloader(daisy::System::BootloaderMode)
 .text._ZN5daisy6System20GetBootloaderVersionEv
                0x0800924c       0x34 ../libs/PoliTeKDSP/libs/libDaisy/build\libdaisy.a(system.o)
                0x0800924c                daisy::System::GetBootloaderVersion()
 .text._ZN5daisy6System15ConfigureClocksEv
                0x08009280      0x1a4 ../libs/PoliTeKDSP/libs/libDaisy/build\libdaisy.a(system.o)
                0x08009280                daisy::System::ConfigureClocks()
 .text._ZN5daisy6System12ConfigureMpuEv
                0x08009424       0x7c ../libs/PoliTeKDSP/libs/libDaisy/build\libdaisy.a(system.o)
                0x08009424                daisy::System::ConfigureMpu()
 .text._ZN5daisy6System4InitERKNS0_6ConfigE
                0x080094a0       0xf8 ../libs/PoliTeKDSP/libs/libDaisy/build\libdaisy.a(system.o)
                0x080094a0                daisy::System::Init(daisy::System::Config const&)
 .text._ZN5daisy6System12GetPClk1FreqEv
                0x08009598        0x4 ../libs/PoliTeKDSP/libs/libDaisy/build\libdaisy.a(system.o)
                0x08009598                daisy::System::GetPClk1Freq()
 .text._ZN5daisy6System12GetPClk2FreqEv
                0x0800959c        0x4 ../libs/PoliTeKDSP/libs/libDaisy/build\libdaisy.a(system.o)
                0x0800959c                daisy::System::GetPClk2Freq()
 .text._ZN5daisy6System22GetProgramMemoryRegionEv
                0x080095a0       0x78 ../libs/PoliTeKDSP/libs/libDaisy/build\libdaisy.a(system.o)
                0x080095a0                daisy::System::GetProgramMemoryRegion()
 .text.startup._GLOBAL__sub_I__ZN5daisy9boot_infoE
                0x08009618       0x1c ../libs/PoliTeKDSP/libs/libDaisy/build\libdaisy.a(system.o)
 .text.SystemInit
                0x08009634       0x9c ../libs/PoliTeKDSP/libs/libDaisy/build\libdaisy.a(system_stm32h7xx.o)
                0x08009634                SystemInit
 .text.dummy_rx_callback
                0x080096d0        0x4 ../libs/PoliTeKDSP/libs/libDaisy/build\libdaisy.a(usbd_cdc_if.o)
                0x080096d0                dummy_rx_callback
 .text.CDC_DeInit_FS
                0x080096d4        0x4 ../libs/PoliTeKDSP/libs/libDaisy/build\libdaisy.a(usbd_cdc_if.o)
 .text.CDC_Receive_FS
                0x080096d8       0x2c ../libs/PoliTeKDSP/libs/libDaisy/build\libdaisy.a(usbd_cdc_if.o)
 .text.CDC_Receive_HS
                0x08009704       0x2c ../libs/PoliTeKDSP/libs/libDaisy/build\libdaisy.a(usbd_cdc_if.o)
 .text.CDC_Init_FS
                0x08009730       0x3c ../libs/PoliTeKDSP/libs/libDaisy/build\libdaisy.a(usbd_cdc_if.o)
 .text.CDC_Init_HS
                0x0800976c       0x3c ../libs/PoliTeKDSP/libs/libDaisy/build\libdaisy.a(usbd_cdc_if.o)
 .text.CDC_Control_FS
                0x080097a8       0x34 ../libs/PoliTeKDSP/libs/libDaisy/build\libdaisy.a(usbd_cdc_if.o)
 .text.CDC_Control_HS
                0x080097dc       0x34 ../libs/PoliTeKDSP/libs/libDaisy/build\libdaisy.a(usbd_cdc_if.o)
 .text.CDC_DeInit_HS
                0x08009810        0x4 ../libs/PoliTeKDSP/libs/libDaisy/build\libdaisy.a(usbd_cdc_if.o)
 .text.CDC_Transmit_FS
                0x08009814       0x2c ../libs/PoliTeKDSP/libs/libDaisy/build\libdaisy.a(usbd_cdc_if.o)
                0x08009814                CDC_Transmit_FS
 .text.HAL_PCD_MspInit
                0x08009840      0x144 ../libs/PoliTeKDSP/libs/libDaisy/build\libdaisy.a(usbd_conf.o)
                0x08009840                HAL_PCD_MspInit
 .text.HAL_PCD_SetupStageCallback
                0x08009984        0xc ../libs/PoliTeKDSP/libs/libDaisy/build\libdaisy.a(usbd_conf.o)
                0x08009984                HAL_PCD_SetupStageCallback
 .text.HAL_PCD_DataOutStageCallback
                0x08009990       0x14 ../libs/PoliTeKDSP/libs/libDaisy/build\libdaisy.a(usbd_conf.o)
                0x08009990                HAL_PCD_DataOutStageCallback
 .text.HAL_PCD_DataInStageCallback
                0x080099a4       0x14 ../libs/PoliTeKDSP/libs/libDaisy/build\libdaisy.a(usbd_conf.o)
                0x080099a4                HAL_PCD_DataInStageCallback
 .text.HAL_PCD_SOFCallback
                0x080099b8        0x8 ../libs/PoliTeKDSP/libs/libDaisy/build\libdaisy.a(usbd_conf.o)
                0x080099b8                HAL_PCD_SOFCallback
 .text.HAL_PCD_ResetCallback
                0x080099c0       0x24 ../libs/PoliTeKDSP/libs/libDaisy/build\libdaisy.a(usbd_conf.o)
                0x080099c0                HAL_PCD_ResetCallback
 .text.HAL_PCD_SuspendCallback
                0x080099e4       0x30 ../libs/PoliTeKDSP/libs/libDaisy/build\libdaisy.a(usbd_conf.o)
                0x080099e4                HAL_PCD_SuspendCallback
 .text.HAL_PCD_ResumeCallback
                0x08009a14        0x8 ../libs/PoliTeKDSP/libs/libDaisy/build\libdaisy.a(usbd_conf.o)
                0x08009a14                HAL_PCD_ResumeCallback
 .text.HAL_PCD_ISOOUTIncompleteCallback
                0x08009a1c        0x8 ../libs/PoliTeKDSP/libs/libDaisy/build\libdaisy.a(usbd_conf.o)
                0x08009a1c                HAL_PCD_ISOOUTIncompleteCallback
 .text.HAL_PCD_ISOINIncompleteCallback
                0x08009a24        0x8 ../libs/PoliTeKDSP/libs/libDaisy/build\libdaisy.a(usbd_conf.o)
                0x08009a24                HAL_PCD_ISOINIncompleteCallback
 .text.HAL_PCD_ConnectCallback
                0x08009a2c        0x8 ../libs/PoliTeKDSP/libs/libDaisy/build\libdaisy.a(usbd_conf.o)
                0x08009a2c                HAL_PCD_ConnectCallback
 .text.HAL_PCD_DisconnectCallback
                0x08009a34        0x8 ../libs/PoliTeKDSP/libs/libDaisy/build\libdaisy.a(usbd_conf.o)
                0x08009a34                HAL_PCD_DisconnectCallback
 .text.USBD_LL_Init
                0x08009a3c       0xe4 ../libs/PoliTeKDSP/libs/libDaisy/build\libdaisy.a(usbd_conf.o)
                0x08009a3c                USBD_LL_Init
 .text.USBD_LL_Start
                0x08009b20       0x1c ../libs/PoliTeKDSP/libs/libDaisy/build\libdaisy.a(usbd_conf.o)
                0x08009b20                USBD_LL_Start
 .text.USBD_LL_OpenEP
                0x08009b3c       0x24 ../libs/PoliTeKDSP/libs/libDaisy/build\libdaisy.a(usbd_conf.o)
                0x08009b3c                USBD_LL_OpenEP
 .text.USBD_LL_CloseEP
                0x08009b60       0x1c ../libs/PoliTeKDSP/libs/libDaisy/build\libdaisy.a(usbd_conf.o)
                0x08009b60                USBD_LL_CloseEP
 .text.USBD_LL_StallEP
                0x08009b7c       0x1c ../libs/PoliTeKDSP/libs/libDaisy/build\libdaisy.a(usbd_conf.o)
                0x08009b7c                USBD_LL_StallEP
 .text.USBD_LL_ClearStallEP
                0x08009b98       0x1c ../libs/PoliTeKDSP/libs/libDaisy/build\libdaisy.a(usbd_conf.o)
                0x08009b98                USBD_LL_ClearStallEP
 .text.USBD_LL_IsStallEP
                0x08009bb4       0x28 ../libs/PoliTeKDSP/libs/libDaisy/build\libdaisy.a(usbd_conf.o)
                0x08009bb4                USBD_LL_IsStallEP
 .text.USBD_LL_SetUSBAddress
                0x08009bdc       0x1c ../libs/PoliTeKDSP/libs/libDaisy/build\libdaisy.a(usbd_conf.o)
                0x08009bdc                USBD_LL_SetUSBAddress
 .text.USBD_LL_Transmit
                0x08009bf8       0x1c ../libs/PoliTeKDSP/libs/libDaisy/build\libdaisy.a(usbd_conf.o)
                0x08009bf8                USBD_LL_Transmit
 .text.USBD_LL_PrepareReceive
                0x08009c14       0x1c ../libs/PoliTeKDSP/libs/libDaisy/build\libdaisy.a(usbd_conf.o)
                0x08009c14                USBD_LL_PrepareReceive
 .text.USBD_LL_GetRxDataSize
                0x08009c30        0x8 ../libs/PoliTeKDSP/libs/libDaisy/build\libdaisy.a(usbd_conf.o)
                0x08009c30                USBD_LL_GetRxDataSize
 .text.USBD_HS_DeviceDescriptor
                0x08009c38        0xc ../libs/PoliTeKDSP/libs/libDaisy/build\libdaisy.a(usbd_desc.o)
                0x08009c38                USBD_HS_DeviceDescriptor
 .text.USBD_FS_DeviceDescriptor
                0x08009c44        0xc ../libs/PoliTeKDSP/libs/libDaisy/build\libdaisy.a(usbd_desc.o)
                0x08009c44                USBD_FS_DeviceDescriptor
 .text.USBD_FS_LangIDStrDescriptor
                0x08009c50        0xc ../libs/PoliTeKDSP/libs/libDaisy/build\libdaisy.a(usbd_desc.o)
                0x08009c50                USBD_FS_LangIDStrDescriptor
 .text.USBD_FS_ManufacturerStrDescriptor
                0x08009c5c       0x1c ../libs/PoliTeKDSP/libs/libDaisy/build\libdaisy.a(usbd_desc.o)
                0x08009c5c                USBD_FS_ManufacturerStrDescriptor
 .text.USBD_HS_ProductStrDescriptor
                0x08009c78       0x1c ../libs/PoliTeKDSP/libs/libDaisy/build\libdaisy.a(usbd_desc.o)
                0x08009c78                USBD_HS_ProductStrDescriptor
 .text.USBD_FS_ConfigStrDescriptor
                0x08009c94       0x1c ../libs/PoliTeKDSP/libs/libDaisy/build\libdaisy.a(usbd_desc.o)
                0x08009c94                USBD_FS_ConfigStrDescriptor
 .text.USBD_FS_InterfaceStrDescriptor
                0x08009cb0       0x1c ../libs/PoliTeKDSP/libs/libDaisy/build\libdaisy.a(usbd_desc.o)
                0x08009cb0                USBD_FS_InterfaceStrDescriptor
 .text.USBD_FS_ProductStrDescriptor
                0x08009ccc       0x1c ../libs/PoliTeKDSP/libs/libDaisy/build\libdaisy.a(usbd_desc.o)
                0x08009ccc                USBD_FS_ProductStrDescriptor
 .text.USBD_HS_LangIDStrDescriptor
                0x08009ce8        0xc ../libs/PoliTeKDSP/libs/libDaisy/build\libdaisy.a(usbd_desc.o)
                0x08009ce8                USBD_HS_LangIDStrDescriptor
 .text.USBD_HS_ManufacturerStrDescriptor
                0x08009cf4       0x1c ../libs/PoliTeKDSP/libs/libDaisy/build\libdaisy.a(usbd_desc.o)
                0x08009cf4                USBD_HS_ManufacturerStrDescriptor
 .text.USBD_FS_SerialStrDescriptor
                0x08009d10      0x124 ../libs/PoliTeKDSP/libs/libDaisy/build\libdaisy.a(usbd_desc.o)
                0x08009d10                USBD_FS_SerialStrDescriptor
 .text.USBD_HS_SerialStrDescriptor
                0x08009e34      0x124 ../libs/PoliTeKDSP/libs/libDaisy/build\libdaisy.a(usbd_desc.o)
                0x08009e34                USBD_HS_SerialStrDescriptor
 .text.USBD_HS_InterfaceStrDescriptor
                0x08009f58       0x1c ../libs/PoliTeKDSP/libs/libDaisy/build\libdaisy.a(usbd_desc.o)
                0x08009f58                USBD_HS_InterfaceStrDescriptor
 .text.USBD_HS_ConfigStrDescriptor
                0x08009f74       0x1c ../libs/PoliTeKDSP/libs/libDaisy/build\libdaisy.a(usbd_desc.o)
                0x08009f74                USBD_HS_ConfigStrDescriptor
 .text.HAL_HCD_SOF_Callback
                0x08009f90        0x8 ../libs/PoliTeKDSP/libs/libDaisy/build\libdaisy.a(usbh_conf.o)
                0x08009f90                HAL_HCD_SOF_Callback
 .text.HAL_HCD_Connect_Callback
                0x08009f98        0x8 ../libs/PoliTeKDSP/libs/libDaisy/build\libdaisy.a(usbh_conf.o)
                0x08009f98                HAL_HCD_Connect_Callback
 .text.HAL_HCD_Disconnect_Callback
                0x08009fa0        0x8 ../libs/PoliTeKDSP/libs/libDaisy/build\libdaisy.a(usbh_conf.o)
                0x08009fa0                HAL_HCD_Disconnect_Callback
 .text.HAL_HCD_HC_NotifyURBChange_Callback
                0x08009fa8        0x4 ../libs/PoliTeKDSP/libs/libDaisy/build\libdaisy.a(usbh_conf.o)
                0x08009fa8                HAL_HCD_HC_NotifyURBChange_Callback
 .text.HAL_HCD_PortEnabled_Callback
                0x08009fac        0x8 ../libs/PoliTeKDSP/libs/libDaisy/build\libdaisy.a(usbh_conf.o)
                0x08009fac                HAL_HCD_PortEnabled_Callback
 .text.HAL_HCD_PortDisabled_Callback
                0x08009fb4        0x8 ../libs/PoliTeKDSP/libs/libDaisy/build\libdaisy.a(usbh_conf.o)
                0x08009fb4                HAL_HCD_PortDisabled_Callback
 .text.USBH_LL_Stop
                0x08009fbc       0x1c ../libs/PoliTeKDSP/libs/libDaisy/build\libdaisy.a(usbh_conf.o)
                0x08009fbc                USBH_LL_Stop
 .text.HAL_MspInit
                0x08009fd8        0x4 ../libs/PoliTeKDSP/libs/libDaisy/build\libdaisy.a(stm32h7xx_hal.o)
                0x08009fd8                HAL_MspInit
 .text.HAL_InitTick
                0x08009fdc       0x4c ../libs/PoliTeKDSP/libs/libDaisy/build\libdaisy.a(stm32h7xx_hal.o)
                0x08009fdc                HAL_InitTick
 .text.HAL_Init
                0x0800a028       0x60 ../libs/PoliTeKDSP/libs/libDaisy/build\libdaisy.a(stm32h7xx_hal.o)
                0x0800a028                HAL_Init
 .text.HAL_IncTick
                0x0800a088       0x18 ../libs/PoliTeKDSP/libs/libDaisy/build\libdaisy.a(stm32h7xx_hal.o)
                0x0800a088                HAL_IncTick
 .text.HAL_GetTick
                0x0800a0a0        0xc ../libs/PoliTeKDSP/libs/libDaisy/build\libdaisy.a(stm32h7xx_hal.o)
                0x0800a0a0                HAL_GetTick
 .text.HAL_Delay
                0x0800a0ac       0x24 ../libs/PoliTeKDSP/libs/libDaisy/build\libdaisy.a(stm32h7xx_hal.o)
                0x0800a0ac                HAL_Delay
 .text.HAL_GetREVID
                0x0800a0d0        0xc ../libs/PoliTeKDSP/libs/libDaisy/build\libdaisy.a(stm32h7xx_hal.o)
                0x0800a0d0                HAL_GetREVID
 .text.DMA_CalcBaseAndBitshift
                0x0800a0dc       0xf4 ../libs/PoliTeKDSP/libs/libDaisy/build\libdaisy.a(stm32h7xx_hal_dma.o)
 .text.DMA_CalcDMAMUXChannelBaseAndMask
                0x0800a1d0       0xd8 ../libs/PoliTeKDSP/libs/libDaisy/build\libdaisy.a(stm32h7xx_hal_dma.o)
 .text.HAL_DMA_Init
                0x0800a2a8      0x4dc ../libs/PoliTeKDSP/libs/libDaisy/build\libdaisy.a(stm32h7xx_hal_dma.o)
                0x0800a2a8                HAL_DMA_Init
 .text.HAL_DMA_Start_IT
                0x0800a784      0x344 ../libs/PoliTeKDSP/libs/libDaisy/build\libdaisy.a(stm32h7xx_hal_dma.o)
                0x0800a784                HAL_DMA_Start_IT
 .text.HAL_DMA_Abort
                0x0800aac8      0x2f0 ../libs/PoliTeKDSP/libs/libDaisy/build\libdaisy.a(stm32h7xx_hal_dma.o)
                0x0800aac8                HAL_DMA_Abort
 .text.HAL_DMA_Abort_IT
                0x0800adb8      0x194 ../libs/PoliTeKDSP/libs/libDaisy/build\libdaisy.a(stm32h7xx_hal_dma.o)
                0x0800adb8                HAL_DMA_Abort_IT
 .text.HAL_DMA_IRQHandler
                0x0800af4c      0x6a0 ../libs/PoliTeKDSP/libs/libDaisy/build\libdaisy.a(stm32h7xx_hal_dma.o)
                0x0800af4c                HAL_DMA_IRQHandler
 .text.HAL_DMA_GetError
                0x0800b5ec        0x4 ../libs/PoliTeKDSP/libs/libDaisy/build\libdaisy.a(stm32h7xx_hal_dma.o)
                0x0800b5ec                HAL_DMA_GetError
 .text.HAL_GPIO_Init
                0x0800b5f0      0x274 ../libs/PoliTeKDSP/libs/libDaisy/build\libdaisy.a(stm32h7xx_hal_gpio.o)
                0x0800b5f0                HAL_GPIO_Init
 .text.HAL_GPIO_DeInit
                0x0800b864      0x190 ../libs/PoliTeKDSP/libs/libDaisy/build\libdaisy.a(stm32h7xx_hal_gpio.o)
                0x0800b864                HAL_GPIO_DeInit
 .text.HAL_GPIO_ReadPin
                0x0800b9f4        0xc ../libs/PoliTeKDSP/libs/libDaisy/build\libdaisy.a(stm32h7xx_hal_gpio.o)
                0x0800b9f4                HAL_GPIO_ReadPin
 .text.HAL_GPIO_WritePin
                0x0800ba00        0x8 ../libs/PoliTeKDSP/libs/libDaisy/build\libdaisy.a(stm32h7xx_hal_gpio.o)
                0x0800ba00                HAL_GPIO_WritePin
 .text.HAL_HCD_IRQHandler
                0x0800ba08      0x8f4 ../libs/PoliTeKDSP/libs/libDaisy/build\libdaisy.a(stm32h7xx_hal_hcd.o)
                0x0800ba08                HAL_HCD_IRQHandler
 .text.HAL_HCD_Stop
                0x0800c2fc       0x28 ../libs/PoliTeKDSP/libs/libDaisy/build\libdaisy.a(stm32h7xx_hal_hcd.o)
                0x0800c2fc                HAL_HCD_Stop
 .text.I2C_WaitOnTXISFlagUntilTimeout
                0x0800c324      0x16c ../libs/PoliTeKDSP/libs/libDaisy/build\libdaisy.a(stm32h7xx_hal_i2c.o)
 .text.I2C_WaitOnSTOPFlagUntilTimeout
                0x0800c490      0x168 ../libs/PoliTeKDSP/libs/libDaisy/build\libdaisy.a(stm32h7xx_hal_i2c.o)
 .text.HAL_I2C_Init
                0x0800c5f8       0xac ../libs/PoliTeKDSP/libs/libDaisy/build\libdaisy.a(stm32h7xx_hal_i2c.o)
                0x0800c5f8                HAL_I2C_Init
 .text.HAL_I2C_Master_Transmit
                0x0800c6a4      0x37c ../libs/PoliTeKDSP/libs/libDaisy/build\libdaisy.a(stm32h7xx_hal_i2c.o)
                0x0800c6a4                HAL_I2C_Master_Transmit
 .text.HAL_I2C_Slave_Transmit
                0x0800ca20      0x254 ../libs/PoliTeKDSP/libs/libDaisy/build\libdaisy.a(stm32h7xx_hal_i2c.o)
                0x0800ca20                HAL_I2C_Slave_Transmit
 .text.HAL_I2C_Mem_Write
                0x0800cc74      0x268 ../libs/PoliTeKDSP/libs/libDaisy/build\libdaisy.a(stm32h7xx_hal_i2c.o)
                0x0800cc74                HAL_I2C_Mem_Write
 .text.HAL_I2C_Mem_Read
                0x0800cedc      0x2cc ../libs/PoliTeKDSP/libs/libDaisy/build\libdaisy.a(stm32h7xx_hal_i2c.o)
                0x0800cedc                HAL_I2C_Mem_Read
 .text.HAL_I2C_EV_IRQHandler
                0x0800d1a8       0x10 ../libs/PoliTeKDSP/libs/libDaisy/build\libdaisy.a(stm32h7xx_hal_i2c.o)
                0x0800d1a8                HAL_I2C_EV_IRQHandler
 .text.HAL_I2C_GetState
                0x0800d1b8        0x8 ../libs/PoliTeKDSP/libs/libDaisy/build\libdaisy.a(stm32h7xx_hal_i2c.o)
                0x0800d1b8                HAL_I2C_GetState
 .text.HAL_I2CEx_ConfigAnalogFilter
                0x0800d1c0       0x54 ../libs/PoliTeKDSP/libs/libDaisy/build\libdaisy.a(stm32h7xx_hal_i2c_ex.o)
                0x0800d1c0                HAL_I2CEx_ConfigAnalogFilter
 .text.HAL_I2CEx_ConfigDigitalFilter
                0x0800d214       0x58 ../libs/PoliTeKDSP/libs/libDaisy/build\libdaisy.a(stm32h7xx_hal_i2c_ex.o)
                0x0800d214                HAL_I2CEx_ConfigDigitalFilter
 .text.HAL_PCD_Init
                0x0800d26c      0x11c ../libs/PoliTeKDSP/libs/libDaisy/build\libdaisy.a(stm32h7xx_hal_pcd.o)
                0x0800d26c                HAL_PCD_Init
 .text.HAL_PCD_Start
                0x0800d388       0x44 ../libs/PoliTeKDSP/libs/libDaisy/build\libdaisy.a(stm32h7xx_hal_pcd.o)
                0x0800d388                HAL_PCD_Start
 .text.HAL_PCD_IRQHandler
                0x0800d3cc      0xb48 ../libs/PoliTeKDSP/libs/libDaisy/build\libdaisy.a(stm32h7xx_hal_pcd.o)
                0x0800d3cc                HAL_PCD_IRQHandler
 .text.HAL_PCD_SetAddress
                0x0800df14       0x2c ../libs/PoliTeKDSP/libs/libDaisy/build\libdaisy.a(stm32h7xx_hal_pcd.o)
                0x0800df14                HAL_PCD_SetAddress
 .text.HAL_PCD_EP_Open
                0x0800df40       0x7c ../libs/PoliTeKDSP/libs/libDaisy/build\libdaisy.a(stm32h7xx_hal_pcd.o)
                0x0800df40                HAL_PCD_EP_Open
 .text.HAL_PCD_EP_Close
                0x0800dfbc       0x6c ../libs/PoliTeKDSP/libs/libDaisy/build\libdaisy.a(stm32h7xx_hal_pcd.o)
                0x0800dfbc                HAL_PCD_EP_Close
 .text.HAL_PCD_EP_Receive
                0x0800e028       0x44 ../libs/PoliTeKDSP/libs/libDaisy/build\libdaisy.a(stm32h7xx_hal_pcd.o)
                0x0800e028                HAL_PCD_EP_Receive
 .text.HAL_PCD_EP_GetRxCount
                0x0800e06c       0x14 ../libs/PoliTeKDSP/libs/libDaisy/build\libdaisy.a(stm32h7xx_hal_pcd.o)
                0x0800e06c                HAL_PCD_EP_GetRxCount
 .text.HAL_PCD_EP_Transmit
                0x0800e080       0x44 ../libs/PoliTeKDSP/libs/libDaisy/build\libdaisy.a(stm32h7xx_hal_pcd.o)
                0x0800e080                HAL_PCD_EP_Transmit
 .text.HAL_PCD_EP_SetStall
                0x0800e0c4       0x88 ../libs/PoliTeKDSP/libs/libDaisy/build\libdaisy.a(stm32h7xx_hal_pcd.o)
                0x0800e0c4                HAL_PCD_EP_SetStall
 .text.HAL_PCD_EP_ClrStall
                0x0800e14c       0x78 ../libs/PoliTeKDSP/libs/libDaisy/build\libdaisy.a(stm32h7xx_hal_pcd.o)
                0x0800e14c                HAL_PCD_EP_ClrStall
 .text.HAL_PCDEx_SetTxFiFo
                0x0800e1c4       0x54 ../libs/PoliTeKDSP/libs/libDaisy/build\libdaisy.a(stm32h7xx_hal_pcd_ex.o)
                0x0800e1c4                HAL_PCDEx_SetTxFiFo
 .text.HAL_PCDEx_SetRxFiFo
                0x0800e218        0xc ../libs/PoliTeKDSP/libs/libDaisy/build\libdaisy.a(stm32h7xx_hal_pcd_ex.o)
                0x0800e218                HAL_PCDEx_SetRxFiFo
 .text.HAL_PCDEx_ActivateLPM
                0x0800e224       0x30 ../libs/PoliTeKDSP/libs/libDaisy/build\libdaisy.a(stm32h7xx_hal_pcd_ex.o)
                0x0800e224                HAL_PCDEx_ActivateLPM
 .text.HAL_PCDEx_LPM_Callback
                0x0800e254        0x4 ../libs/PoliTeKDSP/libs/libDaisy/build\libdaisy.a(stm32h7xx_hal_pcd_ex.o)
                0x0800e254                HAL_PCDEx_LPM_Callback
 .text.HAL_PWREx_ConfigSupply
                0x0800e258       0x48 ../libs/PoliTeKDSP/libs/libDaisy/build\libdaisy.a(stm32h7xx_hal_pwr_ex.o)
                0x0800e258                HAL_PWREx_ConfigSupply
 .text.HAL_PWREx_EnableUSBVoltageDetector
                0x0800e2a0       0x10 ../libs/PoliTeKDSP/libs/libDaisy/build\libdaisy.a(stm32h7xx_hal_pwr_ex.o)
                0x0800e2a0                HAL_PWREx_EnableUSBVoltageDetector
 .text.QSPI_Config
                0x0800e2b0      0x174 ../libs/PoliTeKDSP/libs/libDaisy/build\libdaisy.a(stm32h7xx_hal_qspi.o)
 .text.HAL_QSPI_Init
                0x0800e424       0xb8 ../libs/PoliTeKDSP/libs/libDaisy/build\libdaisy.a(stm32h7xx_hal_qspi.o)
                0x0800e424                HAL_QSPI_Init
 .text.HAL_QSPI_DeInit
                0x0800e4dc       0x24 ../libs/PoliTeKDSP/libs/libDaisy/build\libdaisy.a(stm32h7xx_hal_qspi.o)
                0x0800e4dc                HAL_QSPI_DeInit
 .text.HAL_QSPI_Command
                0x0800e500       0xd4 ../libs/PoliTeKDSP/libs/libDaisy/build\libdaisy.a(stm32h7xx_hal_qspi.o)
                0x0800e500                HAL_QSPI_Command
 .text.HAL_QSPI_Transmit
                0x0800e5d4       0xfc ../libs/PoliTeKDSP/libs/libDaisy/build\libdaisy.a(stm32h7xx_hal_qspi.o)
                0x0800e5d4                HAL_QSPI_Transmit
 .text.HAL_QSPI_Receive
                0x0800e6d0      0x108 ../libs/PoliTeKDSP/libs/libDaisy/build\libdaisy.a(stm32h7xx_hal_qspi.o)
                0x0800e6d0                HAL_QSPI_Receive
 .text.HAL_QSPI_AutoPolling
                0x0800e7d8       0xf0 ../libs/PoliTeKDSP/libs/libDaisy/build\libdaisy.a(stm32h7xx_hal_qspi.o)
                0x0800e7d8                HAL_QSPI_AutoPolling
 .text.HAL_QSPI_MemoryMapped
                0x0800e8c8       0xc0 ../libs/PoliTeKDSP/libs/libDaisy/build\libdaisy.a(stm32h7xx_hal_qspi.o)
                0x0800e8c8                HAL_QSPI_MemoryMapped
 .text.HAL_QSPI_ErrorCallback
                0x0800e988        0x4 ../libs/PoliTeKDSP/libs/libDaisy/build\libdaisy.a(stm32h7xx_hal_qspi.o)
                0x0800e988                HAL_QSPI_ErrorCallback
 .text.QSPI_DMAAbortCplt
                0x0800e98c       0x38 ../libs/PoliTeKDSP/libs/libDaisy/build\libdaisy.a(stm32h7xx_hal_qspi.o)
 .text.HAL_QSPI_AbortCpltCallback
                0x0800e9c4        0x4 ../libs/PoliTeKDSP/libs/libDaisy/build\libdaisy.a(stm32h7xx_hal_qspi.o)
                0x0800e9c4                HAL_QSPI_AbortCpltCallback
 .text.HAL_QSPI_CmdCpltCallback
                0x0800e9c8        0x4 ../libs/PoliTeKDSP/libs/libDaisy/build\libdaisy.a(stm32h7xx_hal_qspi.o)
                0x0800e9c8                HAL_QSPI_CmdCpltCallback
 .text.HAL_QSPI_RxCpltCallback
                0x0800e9cc        0x4 ../libs/PoliTeKDSP/libs/libDaisy/build\libdaisy.a(stm32h7xx_hal_qspi.o)
                0x0800e9cc                HAL_QSPI_RxCpltCallback
 .text.HAL_QSPI_TxCpltCallback
                0x0800e9d0        0x4 ../libs/PoliTeKDSP/libs/libDaisy/build\libdaisy.a(stm32h7xx_hal_qspi.o)
                0x0800e9d0                HAL_QSPI_TxCpltCallback
 .text.HAL_QSPI_FifoThresholdCallback
                0x0800e9d4        0x4 ../libs/PoliTeKDSP/libs/libDaisy/build\libdaisy.a(stm32h7xx_hal_qspi.o)
                0x0800e9d4                HAL_QSPI_FifoThresholdCallback
 .text.HAL_QSPI_StatusMatchCallback
                0x0800e9d8        0x4 ../libs/PoliTeKDSP/libs/libDaisy/build\libdaisy.a(stm32h7xx_hal_qspi.o)
                0x0800e9d8                HAL_QSPI_StatusMatchCallback
 .text.HAL_QSPI_TimeOutCallback
                0x0800e9dc        0x4 ../libs/PoliTeKDSP/libs/libDaisy/build\libdaisy.a(stm32h7xx_hal_qspi.o)
                0x0800e9dc                HAL_QSPI_TimeOutCallback
 .text.HAL_QSPI_IRQHandler
                0x0800e9e0      0x210 ../libs/PoliTeKDSP/libs/libDaisy/build\libdaisy.a(stm32h7xx_hal_qspi.o)
                0x0800e9e0                HAL_QSPI_IRQHandler
 .text.HAL_RCC_GetSysClockFreq.part.0
                0x0800ebf0      0x130 ../libs/PoliTeKDSP/libs/libDaisy/build\libdaisy.a(stm32h7xx_hal_rcc.o)
 .text.HAL_RCC_OscConfig
                0x0800ed20      0x5f4 ../libs/PoliTeKDSP/libs/libDaisy/build\libdaisy.a(stm32h7xx_hal_rcc.o)
                0x0800ed20                HAL_RCC_OscConfig
 .text.HAL_RCC_GetSysClockFreq
                0x0800f314      0x140 ../libs/PoliTeKDSP/libs/libDaisy/build\libdaisy.a(stm32h7xx_hal_rcc.o)
                0x0800f314                HAL_RCC_GetSysClockFreq
 .text.HAL_RCC_ClockConfig
                0x0800f454      0x250 ../libs/PoliTeKDSP/libs/libDaisy/build\libdaisy.a(stm32h7xx_hal_rcc.o)
                0x0800f454                HAL_RCC_ClockConfig
 .text.HAL_RCC_GetHCLKFreq
                0x0800f6a4       0x80 ../libs/PoliTeKDSP/libs/libDaisy/build\libdaisy.a(stm32h7xx_hal_rcc.o)
                0x0800f6a4                HAL_RCC_GetHCLKFreq
 .text.HAL_RCC_GetPCLK1Freq
                0x0800f724       0x90 ../libs/PoliTeKDSP/libs/libDaisy/build\libdaisy.a(stm32h7xx_hal_rcc.o)
                0x0800f724                HAL_RCC_GetPCLK1Freq
 .text.HAL_RCC_GetPCLK2Freq
                0x0800f7b4       0x90 ../libs/PoliTeKDSP/libs/libDaisy/build\libdaisy.a(stm32h7xx_hal_rcc.o)
                0x0800f7b4                HAL_RCC_GetPCLK2Freq
 .text.RCCEx_PLL2_Config
                0x0800f844       0xf4 ../libs/PoliTeKDSP/libs/libDaisy/build\libdaisy.a(stm32h7xx_hal_rcc_ex.o)
 .text.RCCEx_PLL3_Config
                0x0800f938       0xf4 ../libs/PoliTeKDSP/libs/libDaisy/build\libdaisy.a(stm32h7xx_hal_rcc_ex.o)
 .text.HAL_RCCEx_PeriphCLKConfig
                0x0800fa2c      0xbf8 ../libs/PoliTeKDSP/libs/libDaisy/build\libdaisy.a(stm32h7xx_hal_rcc_ex.o)
                0x0800fa2c                HAL_RCCEx_PeriphCLKConfig
 .text.HAL_RCCEx_GetD3PCLK1Freq
                0x08010624       0x24 ../libs/PoliTeKDSP/libs/libDaisy/build\libdaisy.a(stm32h7xx_hal_rcc_ex.o)
                0x08010624                HAL_RCCEx_GetD3PCLK1Freq
 .text.HAL_RCCEx_GetPLL2ClockFreq
                0x08010648      0x17c ../libs/PoliTeKDSP/libs/libDaisy/build\libdaisy.a(stm32h7xx_hal_rcc_ex.o)
                0x08010648                HAL_RCCEx_GetPLL2ClockFreq
 .text.HAL_RCCEx_GetPLL3ClockFreq
                0x080107c4      0x17c ../libs/PoliTeKDSP/libs/libDaisy/build\libdaisy.a(stm32h7xx_hal_rcc_ex.o)
                0x080107c4                HAL_RCCEx_GetPLL3ClockFreq
 .text.HAL_RCCEx_GetPLL1ClockFreq
                0x08010940      0x18c ../libs/PoliTeKDSP/libs/libDaisy/build\libdaisy.a(stm32h7xx_hal_rcc_ex.o)
                0x08010940                HAL_RCCEx_GetPLL1ClockFreq
 .text.HAL_RCCEx_GetPeriphCLKFreq
                0x08010acc      0x390 ../libs/PoliTeKDSP/libs/libDaisy/build\libdaisy.a(stm32h7xx_hal_rcc_ex.o)
                0x08010acc                HAL_RCCEx_GetPeriphCLKFreq
 .text.HAL_SAI_Init.part.0
                0x08010e5c      0x390 ../libs/PoliTeKDSP/libs/libDaisy/build\libdaisy.a(stm32h7xx_hal_sai.o)
 .text.HAL_SAI_InitProtocol
                0x080111ec      0x174 ../libs/PoliTeKDSP/libs/libDaisy/build\libdaisy.a(stm32h7xx_hal_sai.o)
                0x080111ec                HAL_SAI_InitProtocol
 .text.HAL_SAI_Transmit_DMA
                0x08011360      0x124 ../libs/PoliTeKDSP/libs/libDaisy/build\libdaisy.a(stm32h7xx_hal_sai.o)
                0x08011360                HAL_SAI_Transmit_DMA
 .text.HAL_SAI_Receive_DMA
                0x08011484       0xd0 ../libs/PoliTeKDSP/libs/libDaisy/build\libdaisy.a(stm32h7xx_hal_sai.o)
                0x08011484                HAL_SAI_Receive_DMA
 .text.HAL_SAI_TxCpltCallback
                0x08011554        0x4 ../libs/PoliTeKDSP/libs/libDaisy/build\libdaisy.a(stm32h7xx_hal_sai.o)
                0x08011554                HAL_SAI_TxCpltCallback
 .text.SAI_DMATxCplt
                0x08011558       0x64 ../libs/PoliTeKDSP/libs/libDaisy/build\libdaisy.a(stm32h7xx_hal_sai.o)
 .text.HAL_SAI_TxHalfCpltCallback
                0x080115bc        0x4 ../libs/PoliTeKDSP/libs/libDaisy/build\libdaisy.a(stm32h7xx_hal_sai.o)
                0x080115bc                HAL_SAI_TxHalfCpltCallback
 .text.SAI_DMATxHalfCplt
                0x080115c0        0xc ../libs/PoliTeKDSP/libs/libDaisy/build\libdaisy.a(stm32h7xx_hal_sai.o)
 .text.SAI_DMARxCplt
                0x080115cc       0x64 ../libs/PoliTeKDSP/libs/libDaisy/build\libdaisy.a(stm32h7xx_hal_sai.o)
 .text.SAI_DMARxHalfCplt
                0x08011630        0xc ../libs/PoliTeKDSP/libs/libDaisy/build\libdaisy.a(stm32h7xx_hal_sai.o)
 .text.HAL_SAI_ErrorCallback
                0x0801163c        0x4 ../libs/PoliTeKDSP/libs/libDaisy/build\libdaisy.a(stm32h7xx_hal_sai.o)
                0x0801163c                HAL_SAI_ErrorCallback
 .text.SAI_DMAError
                0x08011640       0x6c ../libs/PoliTeKDSP/libs/libDaisy/build\libdaisy.a(stm32h7xx_hal_sai.o)
 .text.HAL_SDRAM_Init
                0x080116ac       0x54 ../libs/PoliTeKDSP/libs/libDaisy/build\libdaisy.a(stm32h7xx_hal_sdram.o)
                0x080116ac                HAL_SDRAM_Init
 .text.HAL_SDRAM_SendCommand
                0x08011700       0x40 ../libs/PoliTeKDSP/libs/libDaisy/build\libdaisy.a(stm32h7xx_hal_sdram.o)
                0x08011700                HAL_SDRAM_SendCommand
 .text.HAL_SDRAM_ProgramRefreshRate
                0x08011740       0x30 ../libs/PoliTeKDSP/libs/libDaisy/build\libdaisy.a(stm32h7xx_hal_sdram.o)
                0x08011740                HAL_SDRAM_ProgramRefreshRate
 .text.HAL_TIM_Base_Init
                0x08011770      0x16c ../libs/PoliTeKDSP/libs/libDaisy/build\libdaisy.a(stm32h7xx_hal_tim.o)
                0x08011770                HAL_TIM_Base_Init
 .text.HAL_TIM_Base_Start
                0x080118dc       0xb0 ../libs/PoliTeKDSP/libs/libDaisy/build\libdaisy.a(stm32h7xx_hal_tim.o)
                0x080118dc                HAL_TIM_Base_Start
 .text.HAL_TIM_Base_Start_IT
                0x0801198c       0xb8 ../libs/PoliTeKDSP/libs/libDaisy/build\libdaisy.a(stm32h7xx_hal_tim.o)
                0x0801198c                HAL_TIM_Base_Start_IT
 .text.HAL_TIM_ConfigClockSource
                0x08011a44      0x198 ../libs/PoliTeKDSP/libs/libDaisy/build\libdaisy.a(stm32h7xx_hal_tim.o)
                0x08011a44                HAL_TIM_ConfigClockSource
 .text.HAL_TIM_OC_DelayElapsedCallback
                0x08011bdc        0x4 ../libs/PoliTeKDSP/libs/libDaisy/build\libdaisy.a(stm32h7xx_hal_tim.o)
                0x08011bdc                HAL_TIM_OC_DelayElapsedCallback
 .text.HAL_TIM_IC_CaptureCallback
                0x08011be0        0x4 ../libs/PoliTeKDSP/libs/libDaisy/build\libdaisy.a(stm32h7xx_hal_tim.o)
                0x08011be0                HAL_TIM_IC_CaptureCallback
 .text.HAL_TIM_PWM_PulseFinishedCallback
                0x08011be4        0x4 ../libs/PoliTeKDSP/libs/libDaisy/build\libdaisy.a(stm32h7xx_hal_tim.o)
                0x08011be4                HAL_TIM_PWM_PulseFinishedCallback
 .text.HAL_TIM_TriggerCallback
                0x08011be8        0x4 ../libs/PoliTeKDSP/libs/libDaisy/build\libdaisy.a(stm32h7xx_hal_tim.o)
                0x08011be8                HAL_TIM_TriggerCallback
 .text.HAL_TIM_IRQHandler
                0x08011bec      0x154 ../libs/PoliTeKDSP/libs/libDaisy/build\libdaisy.a(stm32h7xx_hal_tim.o)
                0x08011bec                HAL_TIM_IRQHandler
 .text.HAL_TIMEx_MasterConfigSynchronization
                0x08011d40       0xb4 ../libs/PoliTeKDSP/libs/libDaisy/build\libdaisy.a(stm32h7xx_hal_tim_ex.o)
                0x08011d40                HAL_TIMEx_MasterConfigSynchronization
 .text.HAL_TIMEx_CommutCallback
                0x08011df4        0x4 ../libs/PoliTeKDSP/libs/libDaisy/build\libdaisy.a(stm32h7xx_hal_tim_ex.o)
                0x08011df4                HAL_TIMEx_CommutCallback
 .text.HAL_TIMEx_BreakCallback
                0x08011df8        0x4 ../libs/PoliTeKDSP/libs/libDaisy/build\libdaisy.a(stm32h7xx_hal_tim_ex.o)
                0x08011df8                HAL_TIMEx_BreakCallback
 .text.HAL_TIMEx_Break2Callback
                0x08011dfc        0x4 ../libs/PoliTeKDSP/libs/libDaisy/build\libdaisy.a(stm32h7xx_hal_tim_ex.o)
                0x08011dfc                HAL_TIMEx_Break2Callback
 .text.FMC_SDRAM_Init
                0x08011e00       0x7c ../libs/PoliTeKDSP/libs/libDaisy/build\libdaisy.a(stm32h7xx_ll_fmc.o)
                0x08011e00                FMC_SDRAM_Init
 .text.FMC_SDRAM_Timing_Init
                0x08011e7c       0x98 ../libs/PoliTeKDSP/libs/libDaisy/build\libdaisy.a(stm32h7xx_ll_fmc.o)
                0x08011e7c                FMC_SDRAM_Timing_Init
 .text.FMC_SDRAM_SendCommand
                0x08011f14       0x30 ../libs/PoliTeKDSP/libs/libDaisy/build\libdaisy.a(stm32h7xx_ll_fmc.o)
                0x08011f14                FMC_SDRAM_SendCommand
 .text.FMC_SDRAM_ProgramRefreshRate
                0x08011f44       0x1c ../libs/PoliTeKDSP/libs/libDaisy/build\libdaisy.a(stm32h7xx_ll_fmc.o)
                0x08011f44                FMC_SDRAM_ProgramRefreshRate
 .text.USB_CoreInit
                0x08011f60      0x144 ../libs/PoliTeKDSP/libs/libDaisy/build\libdaisy.a(stm32h7xx_ll_usb.o)
                0x08011f60                USB_CoreInit
 .text.USB_SetTurnaroundTime
                0x080120a4       0xf4 ../libs/PoliTeKDSP/libs/libDaisy/build\libdaisy.a(stm32h7xx_ll_usb.o)
                0x080120a4                USB_SetTurnaroundTime
 .text.USB_EnableGlobalInt
                0x08012198       0x10 ../libs/PoliTeKDSP/libs/libDaisy/build\libdaisy.a(stm32h7xx_ll_usb.o)
                0x08012198                USB_EnableGlobalInt
 .text.USB_DisableGlobalInt
                0x080121a8       0x10 ../libs/PoliTeKDSP/libs/libDaisy/build\libdaisy.a(stm32h7xx_ll_usb.o)
                0x080121a8                USB_DisableGlobalInt
 .text.USB_SetCurrentMode
                0x080121b8       0x6c ../libs/PoliTeKDSP/libs/libDaisy/build\libdaisy.a(stm32h7xx_ll_usb.o)
                0x080121b8                USB_SetCurrentMode
 .text.USB_DevInit
                0x08012224      0x230 ../libs/PoliTeKDSP/libs/libDaisy/build\libdaisy.a(stm32h7xx_ll_usb.o)
                0x08012224                USB_DevInit
 .text.USB_FlushTxFifo
                0x08012454       0x54 ../libs/PoliTeKDSP/libs/libDaisy/build\libdaisy.a(stm32h7xx_ll_usb.o)
                0x08012454                USB_FlushTxFifo
 .text.USB_FlushRxFifo
                0x080124a8       0x50 ../libs/PoliTeKDSP/libs/libDaisy/build\libdaisy.a(stm32h7xx_ll_usb.o)
                0x080124a8                USB_FlushRxFifo
 .text.USB_GetDevSpeed
                0x080124f8       0x18 ../libs/PoliTeKDSP/libs/libDaisy/build\libdaisy.a(stm32h7xx_ll_usb.o)
                0x080124f8                USB_GetDevSpeed
 .text.USB_ActivateEndpoint
                0x08012510       0x90 ../libs/PoliTeKDSP/libs/libDaisy/build\libdaisy.a(stm32h7xx_ll_usb.o)
                0x08012510                USB_ActivateEndpoint
 .text.USB_DeactivateEndpoint
                0x080125a0       0xbc ../libs/PoliTeKDSP/libs/libDaisy/build\libdaisy.a(stm32h7xx_ll_usb.o)
                0x080125a0                USB_DeactivateEndpoint
 .text.USB_EPStartXfer
                0x0801265c      0x288 ../libs/PoliTeKDSP/libs/libDaisy/build\libdaisy.a(stm32h7xx_ll_usb.o)
                0x0801265c                USB_EPStartXfer
 .text.USB_EPStopXfer
                0x080128e4       0x88 ../libs/PoliTeKDSP/libs/libDaisy/build\libdaisy.a(stm32h7xx_ll_usb.o)
                0x080128e4                USB_EPStopXfer
 .text.USB_WritePacket
                0x0801296c       0x2c ../libs/PoliTeKDSP/libs/libDaisy/build\libdaisy.a(stm32h7xx_ll_usb.o)
                0x0801296c                USB_WritePacket
 .text.USB_ReadPacket
                0x08012998       0x4c ../libs/PoliTeKDSP/libs/libDaisy/build\libdaisy.a(stm32h7xx_ll_usb.o)
                0x08012998                USB_ReadPacket
 .text.USB_EPSetStall
                0x080129e4       0x68 ../libs/PoliTeKDSP/libs/libDaisy/build\libdaisy.a(stm32h7xx_ll_usb.o)
                0x080129e4                USB_EPSetStall
 .text.USB_EPClearStall
                0x08012a4c       0x58 ../libs/PoliTeKDSP/libs/libDaisy/build\libdaisy.a(stm32h7xx_ll_usb.o)
                0x08012a4c                USB_EPClearStall
 .text.USB_SetDevAddress
                0x08012aa4       0x24 ../libs/PoliTeKDSP/libs/libDaisy/build\libdaisy.a(stm32h7xx_ll_usb.o)
                0x08012aa4                USB_SetDevAddress
 .text.USB_DevConnect
                0x08012ac8       0x20 ../libs/PoliTeKDSP/libs/libDaisy/build\libdaisy.a(stm32h7xx_ll_usb.o)
                0x08012ac8                USB_DevConnect
 .text.USB_DevDisconnect
                0x08012ae8       0x20 ../libs/PoliTeKDSP/libs/libDaisy/build\libdaisy.a(stm32h7xx_ll_usb.o)
                0x08012ae8                USB_DevDisconnect
 .text.USB_ReadInterrupts
                0x08012b08        0x8 ../libs/PoliTeKDSP/libs/libDaisy/build\libdaisy.a(stm32h7xx_ll_usb.o)
                0x08012b08                USB_ReadInterrupts
 .text.USB_ReadChInterrupts
                0x08012b10       0x10 ../libs/PoliTeKDSP/libs/libDaisy/build\libdaisy.a(stm32h7xx_ll_usb.o)
                0x08012b10                USB_ReadChInterrupts
 .text.USB_ReadDevAllOutEpInterrupt
                0x08012b20       0x10 ../libs/PoliTeKDSP/libs/libDaisy/build\libdaisy.a(stm32h7xx_ll_usb.o)
                0x08012b20                USB_ReadDevAllOutEpInterrupt
 .text.USB_ReadDevAllInEpInterrupt
                0x08012b30       0x10 ../libs/PoliTeKDSP/libs/libDaisy/build\libdaisy.a(stm32h7xx_ll_usb.o)
                0x08012b30                USB_ReadDevAllInEpInterrupt
 .text.USB_ReadDevOutEPInterrupt
                0x08012b40       0x14 ../libs/PoliTeKDSP/libs/libDaisy/build\libdaisy.a(stm32h7xx_ll_usb.o)
                0x08012b40                USB_ReadDevOutEPInterrupt
 .text.USB_ReadDevInEPInterrupt
                0x08012b54       0x20 ../libs/PoliTeKDSP/libs/libDaisy/build\libdaisy.a(stm32h7xx_ll_usb.o)
                0x08012b54                USB_ReadDevInEPInterrupt
 .text.USB_GetMode
                0x08012b74        0x8 ../libs/PoliTeKDSP/libs/libDaisy/build\libdaisy.a(stm32h7xx_ll_usb.o)
                0x08012b74                USB_GetMode
 .text.USB_ActivateSetup
                0x08012b7c       0x2c ../libs/PoliTeKDSP/libs/libDaisy/build\libdaisy.a(stm32h7xx_ll_usb.o)
                0x08012b7c                USB_ActivateSetup
 .text.USB_EP0_OutStart
                0x08012ba8       0x58 ../libs/PoliTeKDSP/libs/libDaisy/build\libdaisy.a(stm32h7xx_ll_usb.o)
                0x08012ba8                USB_EP0_OutStart
 .text.USB_InitFSLSPClkSel
                0x08012c00       0x44 ../libs/PoliTeKDSP/libs/libDaisy/build\libdaisy.a(stm32h7xx_ll_usb.o)
                0x08012c00                USB_InitFSLSPClkSel
 .text.USB_HC_ReadInterrupt
                0x08012c44        0x8 ../libs/PoliTeKDSP/libs/libDaisy/build\libdaisy.a(stm32h7xx_ll_usb.o)
                0x08012c44                USB_HC_ReadInterrupt
 .text.USB_HC_Halt
                0x08012c4c       0xe4 ../libs/PoliTeKDSP/libs/libDaisy/build\libdaisy.a(stm32h7xx_ll_usb.o)
                0x08012c4c                USB_HC_Halt
 .text.USB_StopHost
                0x08012d30      0x1e4 ../libs/PoliTeKDSP/libs/libDaisy/build\libdaisy.a(stm32h7xx_ll_usb.o)
                0x08012d30                USB_StopHost
 .text.USBD_CDC_EP0_RxReady
                0x08012f14       0x3c ../libs/PoliTeKDSP/libs/libDaisy/build\libdaisy.a(usbd_cdc.o)
 .text.USBD_CDC_GetFSCfgDesc
                0x08012f50       0x24 ../libs/PoliTeKDSP/libs/libDaisy/build\libdaisy.a(usbd_cdc.o)
 .text.USBD_CDC_GetHSCfgDesc
                0x08012f74       0x24 ../libs/PoliTeKDSP/libs/libDaisy/build\libdaisy.a(usbd_cdc.o)
 .text.USBD_CDC_GetOtherSpeedCfgDesc
                0x08012f98       0x24 ../libs/PoliTeKDSP/libs/libDaisy/build\libdaisy.a(usbd_cdc.o)
 .text.USBD_CDC_GetDeviceQualifierDescriptor
                0x08012fbc       0x10 ../libs/PoliTeKDSP/libs/libDaisy/build\libdaisy.a(usbd_cdc.o)
                0x08012fbc                USBD_CDC_GetDeviceQualifierDescriptor
 .text.USBD_CDC_DataOut
                0x08012fcc       0x38 ../libs/PoliTeKDSP/libs/libDaisy/build\libdaisy.a(usbd_cdc.o)
 .text.USBD_CDC_DataIn
                0x08013004       0x70 ../libs/PoliTeKDSP/libs/libDaisy/build\libdaisy.a(usbd_cdc.o)
 .text.USBD_CDC_Setup
                0x08013074      0x11c ../libs/PoliTeKDSP/libs/libDaisy/build\libdaisy.a(usbd_cdc.o)
 .text.USBD_CDC_DeInit
                0x08013190       0x5c ../libs/PoliTeKDSP/libs/libDaisy/build\libdaisy.a(usbd_cdc.o)
 .text.USBD_CDC_Init
                0x080131ec       0xd8 ../libs/PoliTeKDSP/libs/libDaisy/build\libdaisy.a(usbd_cdc.o)
 .text.USBD_CDC_RegisterInterface
                0x080132c4       0x18 ../libs/PoliTeKDSP/libs/libDaisy/build\libdaisy.a(usbd_cdc.o)
                0x080132c4                USBD_CDC_RegisterInterface
 .text.USBD_CDC_SetTxBuffer
                0x080132dc       0x1c ../libs/PoliTeKDSP/libs/libDaisy/build\libdaisy.a(usbd_cdc.o)
                0x080132dc                USBD_CDC_SetTxBuffer
 .text.USBD_CDC_SetRxBuffer
                0x080132f8       0x18 ../libs/PoliTeKDSP/libs/libDaisy/build\libdaisy.a(usbd_cdc.o)
                0x080132f8                USBD_CDC_SetRxBuffer
 .text.USBD_CDC_TransmitPacket
                0x08013310       0x38 ../libs/PoliTeKDSP/libs/libDaisy/build\libdaisy.a(usbd_cdc.o)
                0x08013310                USBD_CDC_TransmitPacket
 .text.USBD_CDC_ReceivePacket
                0x08013348       0x3c ../libs/PoliTeKDSP/libs/libDaisy/build\libdaisy.a(usbd_cdc.o)
                0x08013348                USBD_CDC_ReceivePacket
 .text.USBD_Init
                0x08013384       0x48 ../libs/PoliTeKDSP/libs/libDaisy/build\libdaisy.a(usbd_core.o)
                0x08013384                USBD_Init
 .text.USBD_RegisterClass
                0x080133cc       0x50 ../libs/PoliTeKDSP/libs/libDaisy/build\libdaisy.a(usbd_core.o)
                0x080133cc                USBD_RegisterClass
 .text.USBD_Start
                0x0801341c        0x4 ../libs/PoliTeKDSP/libs/libDaisy/build\libdaisy.a(usbd_core.o)
                0x0801341c                USBD_Start
 .text.USBD_SetClassConfig
                0x08013420       0x10 ../libs/PoliTeKDSP/libs/libDaisy/build\libdaisy.a(usbd_core.o)
                0x08013420                USBD_SetClassConfig
 .text.USBD_ClrClassConfig
                0x08013430       0x14 ../libs/PoliTeKDSP/libs/libDaisy/build\libdaisy.a(usbd_core.o)
                0x08013430                USBD_ClrClassConfig
 .text.USBD_LL_SetupStage
                0x08013444       0x60 ../libs/PoliTeKDSP/libs/libDaisy/build\libdaisy.a(usbd_core.o)
                0x08013444                USBD_LL_SetupStage
 .text.USBD_LL_DataOutStage