Archive member included to satisfy reference by file (symbol)

../../libs/PoliTeKDSP/libs/libDaisy/build\libdaisy.a(daisy_seed.o)
                              build/PlantConditioner.o (daisy::DaisySeed::DelayMs(unsigned int))
../../libs/PoliTeKDSP/libs/libDaisy/build\libdaisy.a(codec_ak4556.o)
                              ../../libs/PoliTeKDSP/libs/libDaisy/build\libdaisy.a(daisy_seed.o) (daisy::Ak4556::Init(daisy::Pin))
../../libs/PoliTeKDSP/libs/libDaisy/build\libdaisy.a(codec_wm8731.o)
                              ../../libs/PoliTeKDSP/libs/libDaisy/build\libdaisy.a(daisy_seed.o) (daisy::Wm8731::Init(daisy::Wm8731::Config const&, daisy::I2CHandle))
../../libs/PoliTeKDSP/libs/libDaisy/build\libdaisy.a(sdram.o)
                              ../../libs/PoliTeKDSP/libs/libDaisy/build\libdaisy.a(daisy_seed.o) (SdramHandle::Init())
../../libs/PoliTeKDSP/libs/libDaisy/build\libdaisy.a(audio.o)
                              ../../libs/PoliTeKDSP/libs/libDaisy/build\libdaisy.a(daisy_seed.o) (daisy::AudioHandle::Init(daisy::AudioHandle::Config const&, daisy::SaiHandle))
../../libs/PoliTeKDSP/libs/libDaisy/build\libdaisy.a(gpio.o)
                              ../../libs/PoliTeKDSP/libs/libDaisy/build\libdaisy.a(daisy_seed.o) (daisy::GPIO::Init(daisy::GPIO::Config const&))
../../libs/PoliTeKDSP/libs/libDaisy/build\libdaisy.a(i2c.o)
                              build/PlantConditioner.o (daisy::I2CHandle::Init(daisy::I2CHandle::Config const&))
../../libs/PoliTeKDSP/libs/libDaisy/build\libdaisy.a(qspi.o)
                              ../../libs/PoliTeKDSP/libs/libDaisy/build\libdaisy.a(daisy_seed.o) (daisy::QSPIHandle::Init(daisy::QSPIHandle::Config const&))
../../libs/PoliTeKDSP/libs/libDaisy/build\libdaisy.a(sai.o)
                              ../../libs/PoliTeKDSP/libs/libDaisy/build\libdaisy.a(daisy_seed.o) (daisy::SaiHandle::Init(daisy::SaiHandle::Config const&))
../../libs/PoliTeKDSP/libs/libDaisy/build\libdaisy.a(system.o)
                              ../../libs/PoliTeKDSP/libs/libDaisy/build\libdaisy.a(daisy_seed.o) (daisy::System::DeInit())
../../libs/PoliTeKDSP/libs/libDaisy/build\libdaisy.a(system_stm32h7xx.o)
                              build/startup_stm32h750xx.o (SystemInit)
../../libs/PoliTeKDSP/libs/libDaisy/build\libdaisy.a(usbd_conf.o)
                              ../../libs/PoliTeKDSP/libs/libDaisy/build\libdaisy.a(system.o) (hpcd_USB_OTG_HS)
../../libs/PoliTeKDSP/libs/libDaisy/build\libdaisy.a(usbh_conf.o)
                              ../../libs/PoliTeKDSP/libs/libDaisy/build\libdaisy.a(system.o) (hhcd_USB_OTG_HS)
../../libs/PoliTeKDSP/libs/libDaisy/build\libdaisy.a(stm32h7xx_hal.o)
                              ../../libs/PoliTeKDSP/libs/libDaisy/build\libdaisy.a(system.o) (HAL_Init)
../../libs/PoliTeKDSP/libs/libDaisy/build\libdaisy.a(stm32h7xx_hal_cortex.o)
                              ../../libs/PoliTeKDSP/libs/libDaisy/build\libdaisy.a(stm32h7xx_hal.o) (HAL_NVIC_SetPriorityGrouping)
../../libs/PoliTeKDSP/libs/libDaisy/build\libdaisy.a(stm32h7xx_hal_dma.o)
                              ../../libs/PoliTeKDSP/libs/libDaisy/build\libdaisy.a(i2c.o) (HAL_DMA_Init)
../../libs/PoliTeKDSP/libs/libDaisy/build\libdaisy.a(stm32h7xx_hal_gpio.o)
                              ../../libs/PoliTeKDSP/libs/libDaisy/build\libdaisy.a(sdram.o) (HAL_GPIO_Init)
../../libs/PoliTeKDSP/libs/libDaisy/build\libdaisy.a(stm32h7xx_hal_hcd.o)
                              ../../libs/PoliTeKDSP/libs/libDaisy/build\libdaisy.a(usbh_conf.o) (HAL_HCD_HC_Init)
../../libs/PoliTeKDSP/libs/libDaisy/build\libdaisy.a(stm32h7xx_hal_i2c.o)
                              ../../libs/PoliTeKDSP/libs/libDaisy/build\libdaisy.a(i2c.o) (HAL_I2C_Init)
../../libs/PoliTeKDSP/libs/libDaisy/build\libdaisy.a(stm32h7xx_hal_i2c_ex.o)
                              ../../libs/PoliTeKDSP/libs/libDaisy/build\libdaisy.a(i2c.o) (HAL_I2CEx_ConfigAnalogFilter)
../../libs/PoliTeKDSP/libs/libDaisy/build\libdaisy.a(stm32h7xx_hal_pcd.o)
                              ../../libs/PoliTeKDSP/libs/libDaisy/build\libdaisy.a(usbd_conf.o) (HAL_PCD_Init)
../../libs/PoliTeKDSP/libs/libDaisy/build\libdaisy.a(stm32h7xx_hal_pcd_ex.o)
                              ../../libs/PoliTeKDSP/libs/libDaisy/build\libdaisy.a(usbd_conf.o) (HAL_PCDEx_SetTxFiFo)
../../libs/PoliTeKDSP/libs/libDaisy/build\libdaisy.a(stm32h7xx_hal_pwr_ex.o)
                              ../../libs/PoliTeKDSP/libs/libDaisy/build\libdaisy.a(system.o) (HAL_PWREx_ConfigSupply)
../../libs/PoliTeKDSP/libs/libDaisy/build\libdaisy.a(stm32h7xx_hal_qspi.o)
                              ../../libs/PoliTeKDSP/libs/libDaisy/build\libdaisy.a(qspi.o) (HAL_QSPI_Init)
../../libs/PoliTeKDSP/libs/libDaisy/build\libdaisy.a(stm32h7xx_hal_rcc.o)
                              ../../libs/PoliTeKDSP/libs/libDaisy/build\libdaisy.a(system.o) (HAL_RCC_OscConfig)
../../libs/PoliTeKDSP/libs/libDaisy/build\libdaisy.a(stm32h7xx_hal_rcc_ex.o)
[...]
Memory Configuration

Name             Origin             Length             Attributes
FLASH            0x08000000         0x00020000         xr
DTCMRAM          0x20000000         0x00020000         xrw
SRAM             0x24000000         0x00080000         xrw
RAM_D2           0x30000000         0x00048000         xrw
RAM_D3           0x38000000         0x00010000         xrw
BACKUP_SRAM      0x38800000         0x00001000         xrw
ITCMRAM          0x00000000         0x00010000         xrw
SDRAM            0xc0000000         0x04000000         xrw
QSPIFLASH        0x90000000         0x00800000         xr
*default*        0x00000000         0xffffffff

Linker script and memory map

LOAD c:/program files/daisytoolchain/bin/../lib/gcc/arm-none-eabi/10.2.1/thumb/v7e-m+dp/hard/crti.o
LOAD c:/program files/daisytoolchain/bin/../lib/gcc/arm-none-eabi/10.2.1/thumb/v7e-m+dp/hard/crtbegin.o
LOAD c:/program files/daisytoolchain/bin/../lib/gcc/arm-none-eabi/10.2.1/../../../../arm-none-eabi/lib/thumb/v7e-m+dp/hard/crt0.o
LOAD build/startup_stm32h750xx.o
LOAD build/main.o
LOAD build/PlantConditioner.o
LOAD build/AudioEngine.o
LOAD build/iir.o
LOAD build/MF.o
LOAD ../../libs/PoliTeKDSP/libs/libDaisy/build\libdaisy.a
LOAD c:/program files/daisytoolchain/bin/../lib/gcc/arm-none-eabi/10.2.1/../../../../arm-none-eabi/lib/thumb/v7e-m+dp/hard\libnosys.a
LOAD ../../libs/PoliTeKDSP/libs/DaisySP/build\libdaisysp.a
LOAD c:/program files/daisytoolchain/bin/../lib/gcc/arm-none-eabi/10.2.1/../../../../arm-none-eabi/lib/thumb/v7e-m+dp/hard\libstdc++_nano.a
LOAD c:/program files/daisytoolchain/bin/../lib/gcc/arm-none-eabi/10.2.1/../../../../arm-none-eabi/lib/thumb/v7e-m+dp/hard\libm.a
LOAD c:/program files/daisytoolchain/bin/../lib/gcc/arm-none-eabi/10.2.1/../../../../arm-none-eabi/lib/thumb/v7e-m+dp/hard\libc_nano.a
START GROUP
LOAD c:/program files/daisytoolchain/bin/../lib/gcc/arm-none-eabi/10.2.1/thumb/v7e-m+dp/hard\libgcc.a
LOAD c:/program files/daisytoolchain/bin/../lib/gcc/arm-none-eabi/10.2.1/../../../../arm-none-eabi/lib/thumb/v7e-m+dp/hard\libc_nano.a
END GROUP
START GROUP
LOAD c:/program files/daisytoolchain/bin/../lib/gcc/arm-none-eabi/10.2.1/thumb/v7e-m+dp/hard\libgcc.a
LOAD c:/program files/daisytoolchain/bin/../lib/gcc/arm-none-eabi/10.2.1/../../../../arm-none-eabi/lib/thumb/v7e-m+dp/hard\libc_nano.a
LOAD c:/program files/daisytoolchain/bin/../lib/gcc/arm-none-eabi/10.2.1/../../../../arm-none-eabi/lib/thumb/v7e-m+dp/hard\libnosys.a
END GROUP
START GROUP
LOAD c:/program files/daisytoolchain/bin/../lib/gcc/arm-none-eabi/10.2.1/thumb/v7e-m+dp/hard\libgcc.a
LOAD c:/program files/daisytoolchain/bin/../lib/gcc/arm-none-eabi/10.2.1/../../../../arm-none-eabi/lib/thumb/v7e-m+dp/hard\libc_nano.a
LOAD c:/program files/daisytoolchain/bin/../lib/gcc/arm-none-eabi/10.2.1/../../../../arm-none-eabi/lib/thumb/v7e-m+dp/hard\libnosys.a
END GROUP
LOAD c:/program files/daisytoolchain/bin/../lib/gcc/arm-none-eabi/10.2.1/thumb/v7e-m+dp/hard/crtend.o
LOAD c:/program files/daisytoolchain/bin/../lib/gcc/arm-none-eabi/10.2.1/thumb/v7e-m+dp/hard/crtn.o
                0x20020000                _estack = 0x20020000

.isr_vector     0x08000000      0x298
                0x08000000                . = ALIGN (0x4)
 *(.isr_vector)
 .isr_vector    0x08000000      0x298 build/startup_stm32h750xx.o
                0x08000000                g_pfnVectors
                0x08000298                . = ALIGN (0x4)

.text           0x080002a0    0x17214
                0x080002a0                . = ALIGN (0x4)
                0x080002a0                _stext = .
 *(.text)
 .text          0x080002a0       0x40 c:/program files/daisytoolchain/bin/../lib/gcc/arm-none-eabi/10.2.1/thumb/v7e-m+dp/hard/crtbegin.o
 .text          0x080002e0       0x10 c:/program files/daisytoolchain/bin/../lib/gcc/arm-none-eabi/10.2.1/../../../../arm-none-eabi/lib/thumb/v7e-m+dp/hard\libc_nano.a(lib_a-strlen.o)
                0x080002e0                strlen
 .text          0x080002f0       0xa0 c:/program files/daisytoolchain/bin/../lib/gcc/arm-none-eabi/10.2.1/../../../../arm-none-eabi/lib/thumb/v7e-m+dp/hard\libc_nano.a(lib_a-memchr.o)
                0x080002f0                memchr
 .text          0x08000390      0x378 c:/program files/daisytoolchain/bin/../lib/gcc/arm-none-eabi/10.2.1/thumb/v7e-m+dp/hard\libgcc.a(_arm_addsubdf3.o)
                0x08000390                __aeabi_drsub
                0x08000398                __aeabi_dsub
                0x08000398                __subdf3
                0x0800039c                __aeabi_dadd
                0x0800039c                __adddf3
                0x08000614                __floatunsidf
                0x08000614                __aeabi_ui2d
                0x08000634                __floatsidf
                0x08000634                __aeabi_i2d
                0x08000658                __aeabi_f2d
                0x08000658                __extendsfdf2
                0x0800069c                __floatundidf
                0x0800069c                __aeabi_ul2d
                0x080006ac                __floatdidf
                0x080006ac                __aeabi_l2d
 .text          0x08000708       0x30 c:/program files/daisytoolchain/bin/../lib/gcc/arm-none-eabi/10.2.1/thumb/v7e-m+dp/hard\libgcc.a(_aeabi_uldivmod.o)
                0x08000708                __aeabi_uldivmod
 .text          0x08000738      0x2d0 c:/program files/daisytoolchain/bin/../lib/gcc/arm-none-eabi/10.2.1/thumb/v7e-m+dp/hard\libgcc.a(_udivmoddi4.o)
                0x08000738                __udivmoddi4
 .text          0x08000a08        0x4 c:/program files/daisytoolchain/bin/../lib/gcc/arm-none-eabi/10.2.1/thumb/v7e-m+dp/hard\libgcc.a(_dvmd_tls.o)
                0x08000a08                __aeabi_idiv0
                0x08000a08                __aeabi_ldiv0
 *(.text*)
 .text.Default_Handler
                0x08000a0c        0xc build/startup_stm32h750xx.o
                0x08000a0c                RTC_Alarm_IRQHandler
                0x08000a0c                HASH_RNG_IRQHandler
                0x08000a0c                EXTI2_IRQHandler
                0x08000a0c                TIM8_CC_IRQHandler
                0x08000a0c                HRTIM1_Master_IRQHandler
                0x08000a0c                DebugMon_Handler
                0x08000a0c                TIM1_CC_IRQHandler
                0x08000a0c                BDMA_Channel6_IRQHandler
                0x08000a0c                DMA2_Stream5_IRQHandler
                0x08000a0c                HRTIM1_FLT_IRQHandler
                0x08000a0c                JPEG_IRQHandler
                0x08000a0c                BDMA_Channel1_IRQHandler
                0x08000a0c                HRTIM1_TIMD_IRQHandler
                0x08000a0c                TAMP_STAMP_IRQHandler
                0x08000a0c                PendSV_Handler
                0x08000a0c                NMI_Handler
                0x08000a0c                EXTI3_IRQHandler
                0x08000a0c                LPTIM4_IRQHandler
                0x08000a0c                TIM8_TRG_COM_TIM14_IRQHandler
                0x08000a0c                LPTIM2_IRQHandler
                0x08000a0c                DFSDM1_FLT1_IRQHandler
                0x08000a0c                DMAMUX2_OVR_IRQHandler
                0x08000a0c                TIM8_UP_TIM13_IRQHandler
                0x08000a0c                I2C3_ER_IRQHandler
                0x08000a0c                DFSDM1_FLT2_IRQHandler
                0x08000a0c                MDMA_IRQHandler
                0x08000a0c                LPTIM3_IRQHandler
                0x08000a0c                HSEM1_IRQHandler
                0x08000a0c                EXTI0_IRQHandler
                0x08000a0c                DMA1_Stream2_IRQHandler
                0x08000a0c                FPU_IRQHandler
                0x08000a0c                OTG_HS_WKUP_IRQHandler
                0x08000a0c                FDCAN1_IT1_IRQHandler
                0x08000a0c                UsageFault_Handler
                0x08000a0c                LTDC_ER_IRQHandler
                0x08000a0c                HRTIM1_TIME_IRQHandler
                0x08000a0c                TIM6_DAC_IRQHandler
                0x08000a0c                DCMI_IRQHandler
                0x08000a0c                HRTIM1_TIMC_IRQHandler
                0x08000a0c                SAI2_IRQHandler
                0x08000a0c                DFSDM1_FLT3_IRQHandler
                0x08000a0c                TIM17_IRQHandler
                0x08000a0c                CRYP_IRQHandler
                0x08000a0c                BDMA_Channel7_IRQHandler
                0x08000a0c                LPTIM5_IRQHandler
                0x08000a0c                ADC3_IRQHandler
                0x08000a0c                DMA2_Stream0_IRQHandler
                0x08000a0c                BDMA_Channel2_IRQHandler
                0x08000a0c                DMAMUX1_OVR_IRQHandler
                0x08000a0c                TIM16_IRQHandler
                0x08000a0c                BDMA_Channel5_IRQHandler
                0x08000a0c                RCC_IRQHandler
                0x08000a0c                TIM8_BRK_TIM12_IRQHandler
                0x08000a0c                TIM1_TRG_COM_IRQHandler
                0x08000a0c                Default_Handler
                0x08000a0c                ECC_IRQHandler
                0x08000a0c                CEC_IRQHandler
                0x08000a0c                EXTI15_10_IRQHandler
                0x08000a0c                BDMA_Channel0_IRQHandler
                0x08000a0c                ADC_IRQHandler
                0x08000a0c                DMA1_Stream7_IRQHandler
                0x08000a0c                HRTIM1_TIMA_IRQHandler
                0x08000a0c                TIM7_IRQHandler
                0x08000a0c                SDMMC1_IRQHandler
                0x08000a0c                DMA2_Stream7_IRQHandler
                0x08000a0c                TIM15_IRQHandler
                0x08000a0c                PVD_AVD_IRQHandler
                0x08000a0c                EXTI9_5_IRQHandler
                0x08000a0c                RTC_WKUP_IRQHandler
                0x08000a0c                LTDC_IRQHandler
                0x08000a0c                SAI3_IRQHandler
                0x08000a0c                ETH_WKUP_IRQHandler
                0x08000a0c                SPDIF_RX_IRQHandler
                0x08000a0c                MemManage_Handler
                0x08000a0c                SVC_Handler
                0x08000a0c                CRS_IRQHandler
                0x08000a0c                EXTI4_IRQHandler
                0x08000a0c                HRTIM1_TIMB_IRQHandler
                0x08000a0c                FDCAN2_IT1_IRQHandler
                0x08000a0c                ETH_IRQHandler
                0x08000a0c                TIM1_UP_IRQHandler
                0x08000a0c                BDMA_Channel4_IRQHandler
                0x08000a0c                WWDG_IRQHandler
                0x08000a0c                SPI6_IRQHandler
                0x08000a0c                I2C4_EV_IRQHandler
                0x08000a0c                MDIOS_IRQHandler
                0x08000a0c                FDCAN2_IT0_IRQHandler
                0x08000a0c                FDCAN1_IT0_IRQHandler
                0x08000a0c                OTG_FS_WKUP_IRQHandler
                0x08000a0c                DMA2D_IRQHandler
                0x08000a0c                TIM1_BRK_IRQHandler
                0x08000a0c                EXTI1_IRQHandler
                0x08000a0c                SDMMC2_IRQHandler
                0x08000a0c                OTG_FS_EP1_OUT_IRQHandler
                0x08000a0c                BDMA_Channel3_IRQHandler
                0x08000a0c                MDIOS_WKUP_IRQHandler
                0x08000a0c                DFSDM1_FLT0_IRQHandler
                0x08000a0c                SAI4_IRQHandler
                0x08000a0c                I2C2_ER_IRQHandler
                0x08000a0c                DMA2_Stream1_IRQHandler
                0x08000a0c                FLASH_IRQHandler
                0x08000a0c                BusFault_Handler
                0x08000a0c                OTG_FS_IRQHandler
                0x08000a0c                WAKEUP_PIN_IRQHandler
                0x08000a0c                OTG_FS_EP1_IN_IRQHandler
                0x08000a0c                I2C1_ER_IRQHandler
                0x08000a0c                FMC_IRQHandler
                0x08000a0c                FDCAN_CAL_IRQHandler
                0x08000a0c                SWPMI1_IRQHandler
                0x08000a0c                COMP1_IRQHandler
                0x08000a0c                LPTIM1_IRQHandler
                0x08000a0c                I2C4_ER_IRQHandler
                0x08000a0c                DMA2_Stream6_IRQHandler
                0x08000a0c                SAI1_IRQHandler
 .text.Reset_Handler
                0x08000a18       0x44 build/startup_stm32h750xx.o
                0x08000a18                Reset_Handler
 .text._ZN5daisy9DaisySeedD2Ev
                0x08000a5c        0x4 build/main.o
                0x08000a5c                daisy::DaisySeed::~DaisySeed()
                0x08000a5c                daisy::DaisySeed::~DaisySeed()
 .text._Z13AudioCallbackPKPKfPPfj
                0x08000a60       0x40 build/main.o
                0x08000a60                AudioCallback(float const* const*, float**, unsigned int)
 .text.startup.main
                0x08000aa0       0x94 build/main.o
                0x08000aa0                main
 .text.startup._GLOBAL__sub_I_hw
                0x08000b34       0x80 build/main.o
 .text._ZN16PlantConditionerC2Ev
                0x08000bb4      0x15c build/PlantConditioner.o
                0x08000bb4                PlantConditioner::PlantConditioner()
                0x08000bb4                PlantConditioner::PlantConditioner()
 .text._ZN16PlantConditionerD2Ev
                0x08000d10       0x18 build/PlantConditioner.o
                0x08000d10                PlantConditioner::~PlantConditioner()
                0x08000d10                PlantConditioner::~PlantConditioner()
 .text._ZN16PlantConditioner4InitEN3IIR10FilterTypeEPN5daisy9DaisySeedE
                0x08000d28      0xce4 build/PlantConditioner.o
                0x08000d28                PlantConditioner::Init(IIR::FilterType, daisy::DaisySeed*)
 .text._ZN16PlantConditioner8setScaleENS_5NotesENS_9ScaleTypeE
                0x08001a0c      0x250 build/PlantConditioner.o
                0x08001a0c                PlantConditioner::setScale(PlantConditioner::Notes, PlantConditioner::ScaleType)
 .text._ZN16PlantConditioner9setOctaveEh
                0x08001c5c        0x8 build/PlantConditioner.o
                0x08001c5c                PlantConditioner::setOctave(unsigned char)
 .text._ZN16PlantConditioner7ProcessEv
                0x08001c64      0x1f8 build/PlantConditioner.o
                0x08001c64                PlantConditioner::Process()
 .text._ZN16PlantConditioner8setCurveEf
                0x08001e5c       0x58 build/PlantConditioner.o
                0x08001e5c                PlantConditioner::setCurve(float)
 .text._ZN16PlantConditioner8setDeltaEf
                0x08001eb4       0x74 build/PlantConditioner.o
                0x08001eb4                PlantConditioner::setDelta(float)
 .text._ZN11AudioEngineC2Ev
                0x08001f28       0x68 build/AudioEngine.o
                0x08001f28                AudioEngine::AudioEngine()
                0x08001f28                AudioEngine::AudioEngine()
 .text._ZN11AudioEngineD2Ev
                0x08001f90        0x4 build/AudioEngine.o
                0x08001f90                AudioEngine::~AudioEngine()
                0x08001f90                AudioEngine::~AudioEngine()
 .text._ZN11AudioEngine9SetPresetE11SynthPreset
                0x08001f94      0x198 build/AudioEngine.o
                0x08001f94                AudioEngine::SetPreset(SynthPreset)
 .text._ZN11AudioEngine4InitEf
                0x0800212c       0xf8 build/AudioEngine.o
                0x0800212c                AudioEngine::Init(float)
 .text._ZN11AudioEngine6UpdateE14ControlsStruct
                0x08002224       0x34 build/AudioEngine.o
                0x08002224                AudioEngine::Update(ControlsStruct)
 .text._ZN11AudioEngine7ProcessEv
                0x08002258       0xf0 build/AudioEngine.o
                0x08002258                AudioEngine::Process()
 .text._ZN3IIRC2Ev
                0x08002348       0x60 build/iir.o
                0x08002348                IIR::IIR()
                0x08002348                IIR::IIR()
 .text._ZN3IIRD2Ev
                0x080023a8        0x4 build/iir.o
                0x080023a8                IIR::~IIR()
                0x080023a8                IIR::~IIR()
 .text._ZN3IIR4InitENS_10FilterTypeE
                0x080023ac       0x10 build/iir.o
                0x080023ac                IIR::Init(IIR::FilterType)
 .text._ZN3IIR7ProcessEf
                0x080023bc       0x98 build/iir.o
                0x080023bc                IIR::Process(float)
 .text._ZN2MFC2Ev
                0x08002454       0x1c build/MF.o
                0x08002454                MF::MF()
                0x08002454                MF::MF()
 .text._ZN2MFD2Ev
                0x08002470        0x4 build/MF.o
                0x08002470                MF::~MF()
                0x08002470                MF::~MF()
 .text._ZN2MF4InitEv
                0x08002474       0x10 build/MF.o
                0x08002474                MF::Init()
 .text._ZN2MF7ProcessEf
                0x08002484       0x6c build/MF.o
                0x08002484                MF::Process(float)
 .text._ZN5daisy9DaisySeed7DelayMsEj
                0x080024f0        0x8 ../../libs/PoliTeKDSP/libs/libDaisy/build\libdaisy.a(daisy_seed.o)
                0x080024f0                daisy::DaisySeed::DelayMs(unsigned int)
 .text._ZN5daisy9DaisySeed10StartAudioEPFvPKPKfPPfjE
                0x080024f8        0x8 ../../libs/PoliTeKDSP/libs/libDaisy/build\libdaisy.a(daisy_seed.o)
                0x080024f8                daisy::DaisySeed::StartAudio(void (*)(float const* const*, float**, unsigned int))
 .text._ZN5daisy9DaisySeed15AudioSampleRateEv
                0x08002500        0x8 ../../libs/PoliTeKDSP/libs/libDaisy/build\libdaisy.a(daisy_seed.o)
                0x08002500                daisy::DaisySeed::AudioSampleRate()
 .text._ZN5daisy9DaisySeed17SetAudioBlockSizeEj
                0x08002508       0x38 ../../libs/PoliTeKDSP/libs/libDaisy/build\libdaisy.a(daisy_seed.o)
                0x08002508                daisy::DaisySeed::SetAudioBlockSize(unsigned int)
 .text._ZN5daisy9DaisySeed6SetLedEb
                0x08002540        0x8 ../../libs/PoliTeKDSP/libs/libDaisy/build\libdaisy.a(daisy_seed.o)
                0x08002540                daisy::DaisySeed::SetLed(bool)
 .text._ZN5daisy9DaisySeed17CheckBoardVersionEv
                0x08002548       0x6c ../../libs/PoliTeKDSP/libs/libDaisy/build\libdaisy.a(daisy_seed.o)
                0x08002548                daisy::DaisySeed::CheckBoardVersion()
 .text._ZN5daisy9DaisySeed14ConfigureAudioEv
                0x080025b4      0x110 ../../libs/PoliTeKDSP/libs/libDaisy/build\libdaisy.a(daisy_seed.o)
                0x080025b4                daisy::DaisySeed::ConfigureAudio()
 .text._ZN5daisy9DaisySeed4InitEb
                0x080026c4      0x104 ../../libs/PoliTeKDSP/libs/libDaisy/build\libdaisy.a(daisy_seed.o)
                0x080026c4                daisy::DaisySeed::Init(bool)
 .text._ZN5daisy6Ak45564InitENS_3PinE
                0x080027c8       0x44 ../../libs/PoliTeKDSP/libs/libDaisy/build\libdaisy.a(codec_ak4556.o)
                0x080027c8                daisy::Ak4556::Init(daisy::Pin)
 .text._ZN5daisy6Wm873120WriteControlRegisterEht
                0x0800280c       0x3c ../../libs/PoliTeKDSP/libs/libDaisy/build\libdaisy.a(codec_wm8731.o)
                0x0800280c                daisy::Wm8731::WriteControlRegister(unsigned char, unsigned short)
 .text._ZN5daisy6Wm87314InitERKNS0_6ConfigENS_9I2CHandleE
                0x08002848      0x1bc ../../libs/PoliTeKDSP/libs/libDaisy/build\libdaisy.a(codec_wm8731.o)
                0x08002848                daisy::Wm8731::Init(daisy::Wm8731::Config const&, daisy::I2CHandle)
 .text._ZN11SdramHandle10DeviceInitEv
                0x08002a04       0x98 ../../libs/PoliTeKDSP/libs/libDaisy/build\libdaisy.a(sdram.o)
                0x08002a04                SdramHandle::DeviceInit()
 .text._ZN11SdramHandle4InitEv
                0x08002a9c       0x7c ../../libs/PoliTeKDSP/libs/libDaisy/build\libdaisy.a(sdram.o)
                0x08002a9c                SdramHandle::Init()
 .text.HAL_SDRAM_MspInit
                0x08002b18      0x1a8 ../../libs/PoliTeKDSP/libs/libDaisy/build\libdaisy.a(sdram.o)
                0x08002b18                HAL_SDRAM_MspInit
 .text._ZN5daisy11AudioHandle4Impl16InternalCallbackEPlS2_j
                0x08002cc0      0xbbc ../../libs/PoliTeKDSP/libs/libDaisy/build\libdaisy.a(audio.o)
                0x08002cc0                daisy::AudioHandle::Impl::InternalCallback(long*, long*, unsigned int)
 .text._ZN5daisy11AudioHandle4InitERKNS0_6ConfigENS_9SaiHandleE
                0x0800387c       0x70 ../../libs/PoliTeKDSP/libs/libDaisy/build\libdaisy.a(audio.o)
                0x0800387c                daisy::AudioHandle::Init(daisy::AudioHandle::Config const&, daisy::SaiHandle)
 .text._ZNK5daisy11AudioHandle9GetConfigEv
                0x080038ec        0x8 ../../libs/PoliTeKDSP/libs/libDaisy/build\libdaisy.a(audio.o)
                0x080038ec                daisy::AudioHandle::GetConfig() const
 .text._ZN5daisy11AudioHandle12SetBlockSizeEj
                0x080038f4       0x1c ../../libs/PoliTeKDSP/libs/libDaisy/build\libdaisy.a(audio.o)
                0x080038f4                daisy::AudioHandle::SetBlockSize(unsigned int)
 .text._ZN5daisy11AudioHandle13GetSampleRateEv
                0x08003910        0x8 ../../libs/PoliTeKDSP/libs/libDaisy/build\libdaisy.a(audio.o)
                0x08003910                daisy::AudioHandle::GetSampleRate()
 .text._ZN5daisy11AudioHandle5StartEPFvPKPKfPPfjE
                0x08003918       0x44 ../../libs/PoliTeKDSP/libs/libDaisy/build\libdaisy.a(audio.o)
                0x08003918                daisy::AudioHandle::Start(void (*)(float const* const*, float**, unsigned int))
 .text.startup._GLOBAL__sub_I__ZN5daisy11AudioHandle4Impl4InitENS0_6ConfigENS_9SaiHandleE
                0x0800395c       0x24 ../../libs/PoliTeKDSP/libs/libDaisy/build\libdaisy.a(audio.o)
 .text._ZN5daisy4GPIO4InitERKNS0_6ConfigE
                0x08003980      0x1cc ../../libs/PoliTeKDSP/libs/libDaisy/build\libdaisy.a(gpio.o)
                0x08003980                daisy::GPIO::Init(daisy::GPIO::Config const&)
 .text._ZN5daisy4GPIO4InitENS_3PinENS0_4ModeENS0_4PullENS0_5SpeedE
                0x08003b4c      0x1cc ../../libs/PoliTeKDSP/libs/libDaisy/build\libdaisy.a(gpio.o)
                0x08003b4c                daisy::GPIO::Init(daisy::Pin, daisy::GPIO::Mode, daisy::GPIO::Pull, daisy::GPIO::Speed)
 .text._ZN5daisy4GPIO4ReadEv
                0x08003d18       0x18 ../../libs/PoliTeKDSP/libs/libDaisy/build\libdaisy.a(gpio.o)
                0x08003d18                daisy::GPIO::Read()
 .text._ZN5daisy4GPIO5WriteEb
                0x08003d30       0x14 ../../libs/PoliTeKDSP/libs/libDaisy/build\libdaisy.a(gpio.o)
                0x08003d30                daisy::GPIO::Write(bool)
 .text._ZN5daisy9I2CHandle4Impl8InitPinsEv
                0x08003d44       0x70 ../../libs/PoliTeKDSP/libs/libDaisy/build\libdaisy.a(i2c.o)
                0x08003d44                daisy::I2CHandle::Impl::InitPins()
 .text.HAL_I2C_MspInit
                0x08003db4      0x1b4 ../../libs/PoliTeKDSP/libs/libDaisy/build\libdaisy.a(i2c.o)
                0x08003db4                HAL_I2C_MspInit
 .text.dsy_i2c_global_init
                0x08003f68       0x78 ../../libs/PoliTeKDSP/libs/libDaisy/build\libdaisy.a(i2c.o)
                0x08003f68                dsy_i2c_global_init
 .text.DMA1_Stream6_IRQHandler
                0x08003fe0       0x34 ../../libs/PoliTeKDSP/libs/libDaisy/build\libdaisy.a(i2c.o)
                0x08003fe0                DMA1_Stream6_IRQHandler
 .text.I2C1_EV_IRQHandler
                0x08004014        0xc ../../libs/PoliTeKDSP/libs/libDaisy/build\libdaisy.a(i2c.o)
                0x08004014                I2C1_EV_IRQHandler
 .text.I2C2_EV_IRQHandler
                0x08004020        0xc ../../libs/PoliTeKDSP/libs/libDaisy/build\libdaisy.a(i2c.o)
                0x08004020                I2C2_EV_IRQHandler
 .text.I2C3_EV_IRQHandler
                0x0800402c        0xc ../../libs/PoliTeKDSP/libs/libDaisy/build\libdaisy.a(i2c.o)
                0x0800402c                I2C3_EV_IRQHandler
 .text._ZN5daisy9I2CHandle4InitERKNS0_6ConfigE
                0x08004038      0x130 ../../libs/PoliTeKDSP/libs/libDaisy/build\libdaisy.a(i2c.o)
                0x08004038                daisy::I2CHandle::Init(daisy::I2CHandle::Config const&)
 .text._ZN5daisy9I2CHandle16TransmitBlockingEtPhtm
                0x08004168       0x50 ../../libs/PoliTeKDSP/libs/libDaisy/build\libdaisy.a(i2c.o)
                0x08004168                daisy::I2CHandle::TransmitBlocking(unsigned short, unsigned char*, unsigned short, unsigned long)
 .text._ZN5daisy9I2CHandle17ReadDataAtAddressEtttPhtm
                0x080041b8       0x50 ../../libs/PoliTeKDSP/libs/libDaisy/build\libdaisy.a(i2c.o)
                0x080041b8                daisy::I2CHandle::ReadDataAtAddress(unsigned short, unsigned short, unsigned short, unsigned char*, unsigned short, unsigned long)
 .text._ZN5daisy9I2CHandle18WriteDataAtAddressEtttPhtm
                0x08004208       0x50 ../../libs/PoliTeKDSP/libs/libDaisy/build\libdaisy.a(i2c.o)
                0x08004208                daisy::I2CHandle::WriteDataAtAddress(unsigned short, unsigned short, unsigned short, unsigned char*, unsigned short, unsigned long)
 .text.startup._GLOBAL__sub_I__ZN5daisy9I2CHandle4Impl10GlobalInitEv
                0x08004258       0x2c ../../libs/PoliTeKDSP/libs/libDaisy/build\libdaisy.a(i2c.o)
 .text._ZN5daisy10QSPIHandle4Impl11WriteEnableEv
                0x08004284       0x8c ../../libs/PoliTeKDSP/libs/libDaisy/build\libdaisy.a(qspi.o)
                0x08004284                daisy::QSPIHandle::Impl::WriteEnable()
 .text._ZN5daisy10QSPIHandle4Impl17DummyCyclesConfigENS0_6Config6DeviceE
                0x08004310      0x118 ../../libs/PoliTeKDSP/libs/libDaisy/build\libdaisy.a(qspi.o)
                0x08004310                daisy::QSPIHandle::Impl::DummyCyclesConfig(daisy::QSPIHandle::Config::Device)
 .text._ZN5daisy10QSPIHandle4Impl10QuadEnableEv
                0x08004428      0x168 ../../libs/PoliTeKDSP/libs/libDaisy/build\libdaisy.a(qspi.o)
                0x08004428                daisy::QSPIHandle::Impl::QuadEnable()
 .text._ZN5daisy10QSPIHandle4Impl21DefaultStatusRegisterEv
                0x08004590      0x158 ../../libs/PoliTeKDSP/libs/libDaisy/build\libdaisy.a(qspi.o)
                0x08004590                daisy::QSPIHandle::Impl::DefaultStatusRegister()
 .text._ZN5daisy10QSPIHandle4Impl7PreInitEm
                0x080046e8      0x198 ../../libs/PoliTeKDSP/libs/libDaisy/build\libdaisy.a(qspi.o)
                0x080046e8                daisy::QSPIHandle::Impl::PreInit(unsigned long)
 .text._ZN5daisy10QSPIHandle4InitERKNS0_6ConfigE
                0x08004880      0x1b4 ../../libs/PoliTeKDSP/libs/libDaisy/build\libdaisy.a(qspi.o)
                0x08004880                daisy::QSPIHandle::Init(daisy::QSPIHandle::Config const&)
 .text.HAL_QSPI_MspInit
                0x08004a34      0x194 ../../libs/PoliTeKDSP/libs/libDaisy/build\libdaisy.a(qspi.o)
                0x08004a34                HAL_QSPI_MspInit
 .text.HAL_QSPI_MspDeInit
                0x08004bc8       0x7c ../../libs/PoliTeKDSP/libs/libDaisy/build\libdaisy.a(qspi.o)
                0x08004bc8                HAL_QSPI_MspDeInit
 .text.QUADSPI_IRQHandler
                0x08004c44        0xc ../../libs/PoliTeKDSP/libs/libDaisy/build\libdaisy.a(qspi.o)
                0x08004c44                QUADSPI_IRQHandler
 .text.startup._GLOBAL__sub_I__ZN5daisy10QSPIHandle4Impl7PreInitEm
                0x08004c50       0x40 ../../libs/PoliTeKDSP/libs/libDaisy/build\libdaisy.a(qspi.o)
 .text._ZN5daisy9SaiHandle4Impl7InitDmaENS1_15PeripheralBlockE
                0x08004c90       0xa0 ../../libs/PoliTeKDSP/libs/libDaisy/build\libdaisy.a(sai.o)
                0x08004c90                daisy::SaiHandle::Impl::InitDma(daisy::SaiHandle::Impl::PeripheralBlock)
 .text._ZN5daisy9SaiHandle4Impl8InitPinsEv
                0x08004d30       0xbc ../../libs/PoliTeKDSP/libs/libDaisy/build\libdaisy.a(sai.o)
                0x08004d30                daisy::SaiHandle::Impl::InitPins()
 .text.HAL_SAI_MspInit
                0x08004dec      0x164 ../../libs/PoliTeKDSP/libs/libDaisy/build\libdaisy.a(sai.o)
                0x08004dec                HAL_SAI_MspInit
 .text.DMA1_Stream0_IRQHandler
                0x08004f50        0xc ../../libs/PoliTeKDSP/libs/libDaisy/build\libdaisy.a(sai.o)
                0x08004f50                DMA1_Stream0_IRQHandler
 .text.DMA1_Stream1_IRQHandler
                0x08004f5c        0xc ../../libs/PoliTeKDSP/libs/libDaisy/build\libdaisy.a(sai.o)
                0x08004f5c                DMA1_Stream1_IRQHandler
 .text.DMA1_Stream3_IRQHandler
                0x08004f68        0xc ../../libs/PoliTeKDSP/libs/libDaisy/build\libdaisy.a(sai.o)
                0x08004f68                DMA1_Stream3_IRQHandler
 .text.DMA1_Stream4_IRQHandler
                0x08004f74        0xc ../../libs/PoliTeKDSP/libs/libDaisy/build\libdaisy.a(sai.o)
                0x08004f74                DMA1_Stream4_IRQHandler
 .text.HAL_SAI_RxHalfCpltCallback
                0x08004f80       0x78 ../../libs/PoliTeKDSP/libs/libDaisy/build\libdaisy.a(sai.o)
                0x08004f80                HAL_SAI_RxHalfCpltCallback
 .text.HAL_SAI_RxCpltCallback
                0x08004ff8       0x70 ../../libs/PoliTeKDSP/libs/libDaisy/build\libdaisy.a(sai.o)
                0x08004ff8                HAL_SAI_RxCpltCallback
 .text._ZN5daisy9SaiHandle4InitERKNS0_6ConfigE
                0x08005068      0x1f0 ../../libs/PoliTeKDSP/libs/libDaisy/build\libdaisy.a(sai.o)
                0x08005068                daisy::SaiHandle::Init(daisy::SaiHandle::Config const&)
 .text._ZNK5daisy9SaiHandle9GetConfigEv
                0x08005258        0x4 ../../libs/PoliTeKDSP/libs/libDaisy/build\libdaisy.a(sai.o)
                0x08005258                daisy::SaiHandle::GetConfig() const
 .text._ZN5daisy9SaiHandle8StartDmaEPlS1_jPFvS1_S1_jE
                0x0800525c       0xbc ../../libs/PoliTeKDSP/libs/libDaisy/build\libdaisy.a(sai.o)
                0x0800525c                daisy::SaiHandle::StartDma(long*, long*, unsigned int, void (*)(long*, long*, unsigned int))
 .text._ZN5daisy9SaiHandle13GetSampleRateEv
                0x08005318       0x24 ../../libs/PoliTeKDSP/libs/libDaisy/build\libdaisy.a(sai.o)
                0x08005318                daisy::SaiHandle::GetSampleRate()
 .text._ZNK5daisy9SaiHandle9GetOffsetEv
                0x0800533c        0x8 ../../libs/PoliTeKDSP/libs/libDaisy/build\libdaisy.a(sai.o)
                0x0800533c                daisy::SaiHandle::GetOffset() const
 .text.startup._GLOBAL__sub_I__ZN5daisy9SaiHandle4Impl4InitERKNS0_6ConfigE
                0x08005344       0x20 ../../libs/PoliTeKDSP/libs/libDaisy/build\libdaisy.a(sai.o)
 .text._ZN5daisy11TimerHandleD2Ev
                0x08005364        0x4 ../../libs/PoliTeKDSP/libs/libDaisy/build\libdaisy.a(system.o)
                0x08005364                daisy::TimerHandle::~TimerHandle()
                0x08005364                daisy::TimerHandle::~TimerHandle()
 .text.SysTick_Handler
                0x08005368       0x10 ../../libs/PoliTeKDSP/libs/libDaisy/build\libdaisy.a(system.o)
                0x08005368                SysTick_Handler
 .text.OTG_HS_EP1_OUT_IRQHandler
                0x08005378       0x24 ../../libs/PoliTeKDSP/libs/libDaisy/build\libdaisy.a(system.o)
                0x08005378                OTG_HS_EP1_OUT_IRQHandler
 .text.OTG_HS_EP1_IN_IRQHandler
                0x0800539c       0x24 ../../libs/PoliTeKDSP/libs/libDaisy/build\libdaisy.a(system.o)
                0x0800539c                OTG_HS_EP1_IN_IRQHandler
 .text.OTG_HS_IRQHandler
                0x080053c0       0x24 ../../libs/PoliTeKDSP/libs/libDaisy/build\libdaisy.a(system.o)
                0x080053c0                OTG_HS_IRQHandler
 .text.HardFault_Handler
                0x080053e4       0xe0 ../../libs/PoliTeKDSP/libs/libDaisy/build\libdaisy.a(system.o)
                0x080053e4                HardFault_Handler
 .text._ZN5daisy6System5DelayEm
                0x080054c4        0x4 ../../libs/PoliTeKDSP/libs/libDaisy/build\libdaisy.a(system.o)
                0x080054c4                daisy::System::Delay(unsigned long)
 .text._ZN5daisy6System20GetBootloaderVersionEv
                0x080054c8       0x34 ../../libs/PoliTeKDSP/libs/libDaisy/build\libdaisy.a(system.o)
                0x080054c8                daisy::System::GetBootloaderVersion()
 *fill*         0x080054fc        0x4 
 .text._ZN5daisy6System15ConfigureClocksEv
                0x08005500      0x1a4 ../../libs/PoliTeKDSP/libs/libDaisy/build\libdaisy.a(system.o)
                0x08005500                daisy::System::ConfigureClocks()
 .text._ZN5daisy6System12ConfigureMpuEv
                0x080056a4       0x7c ../../libs/PoliTeKDSP/libs/libDaisy/build\libdaisy.a(system.o)
                0x080056a4                daisy::System::ConfigureMpu()
 .text._ZN5daisy6System4InitERKNS0_6ConfigE
                0x08005720       0xf8 ../../libs/PoliTeKDSP/libs/libDaisy/build\libdaisy.a(system.o)
                0x08005720                daisy::System::Init(daisy::System::Config const&)
 .text._ZN5daisy6System12GetPClk1FreqEv
                0x08005818        0x4 ../../libs/PoliTeKDSP/libs/libDaisy/build\libdaisy.a(system.o)
                0x08005818                daisy::System::GetPClk1Freq()
 .text._ZN5daisy6System22GetProgramMemoryRegionEv
                0x0800581c       0x78 ../../libs/PoliTeKDSP/libs/libDaisy/build\libdaisy.a(system.o)
                0x0800581c                daisy::System::GetProgramMemoryRegion()
 .text.startup._GLOBAL__sub_I__ZN5daisy9boot_infoE
                0x08005894       0x1c ../../libs/PoliTeKDSP/libs/libDaisy/build\libdaisy.a(system.o)
 .text.SystemInit
                0x080058b0       0x9c ../../libs/PoliTeKDSP/libs/libDaisy/build\libdaisy.a(system_stm32h7xx.o)
                0x080058b0                SystemInit
 .text.HAL_PCD_SetupStageCallback
                0x0800594c        0xc ../../libs/PoliTeKDSP/libs/libDaisy/build\libdaisy.a(usbd_conf.o)
                0x0800594c                HAL_PCD_SetupStageCallback
 .text.HAL_PCD_DataOutStageCallback
                0x08005958       0x14 ../../libs/PoliTeKDSP/libs/libDaisy/build\libdaisy.a(usbd_conf.o)
                0x08005958                HAL_PCD_DataOutStageCallback
 .text.HAL_PCD_DataInStageCallback
                0x0800596c       0x14 ../../libs/PoliTeKDSP/libs/libDaisy/build\libdaisy.a(usbd_conf.o)
                0x0800596c                HAL_PCD_DataInStageCallback
 .text.HAL_PCD_SOFCallback
                0x08005980        0x8 ../../libs/PoliTeKDSP/libs/libDaisy/build\libdaisy.a(usbd_conf.o)
                0x08005980                HAL_PCD_SOFCallback
 .text.HAL_PCD_ResetCallback
                0x08005988       0x24 ../../libs/PoliTeKDSP/libs/libDaisy/build\libdaisy.a(usbd_conf.o)
                0x08005988                HAL_PCD_ResetCallback
 .text.HAL_PCD_SuspendCallback
                0x080059ac       0x30 ../../libs/PoliTeKDSP/libs/libDaisy/build\libdaisy.a(usbd_conf.o)
                0x080059ac                HAL_PCD_SuspendCallback
 .text.HAL_PCD_ResumeCallback
                0x080059dc        0x8 ../../libs/PoliTeKDSP/libs/libDaisy/build\libdaisy.a(usbd_conf.o)
                0x080059dc                HAL_PCD_ResumeCallback
 .text.HAL_PCD_ISOOUTIncompleteCallback
                0x080059e4        0x8 ../../libs/PoliTeKDSP/libs/libDaisy/build\libdaisy.a(usbd_conf.o)
                0x080059e4                HAL_PCD_ISOOUTIncompleteCallback
 .text.HAL_PCD_ISOINIncompleteCallback
                0x080059ec        0x8 ../../libs/PoliTeKDSP/libs/libDaisy/build\libdaisy.a(usbd_conf.o)
                0x080059ec                HAL_PCD_ISOINIncompleteCallback
 .text.HAL_PCD_ConnectCallback
                0x080059f4        0x8 ../../libs/PoliTeKDSP/libs/libDaisy/build\libdaisy.a(usbd_conf.o)
                0x080059f4                HAL_PCD_ConnectCallback
 .text.HAL_PCD_DisconnectCallback
                0x080059fc        0x8 ../../libs/PoliTeKDSP/libs/libDaisy/build\libdaisy.a(usbd_conf.o)
                0x080059fc                HAL_PCD_DisconnectCallback
 .text.USBD_LL_OpenEP
                0x08005a04       0x24 ../../libs/PoliTeKDSP/libs/libDaisy/build\libdaisy.a(usbd_conf.o)
                0x08005a04                USBD_LL_OpenEP
 .text.USBD_LL_StallEP
                0x08005a28       0x1c ../../libs/PoliTeKDSP/libs/libDaisy/build\libdaisy.a(usbd_conf.o)
                0x08005a28                USBD_LL_StallEP
 .text.USBD_LL_ClearStallEP
                0x08005a44       0x1c ../../libs/PoliTeKDSP/libs/libDaisy/build\libdaisy.a(usbd_conf.o)
                0x08005a44                USBD_LL_ClearStallEP
 .text.USBD_LL_IsStallEP
                0x08005a60       0x28 ../../libs/PoliTeKDSP/libs/libDaisy/build\libdaisy.a(usbd_conf.o)
                0x08005a60                USBD_LL_IsStallEP
 .text.USBD_LL_SetUSBAddress
                0x08005a88       0x1c ../../libs/PoliTeKDSP/libs/libDaisy/build\libdaisy.a(usbd_conf.o)
                0x08005a88                USBD_LL_SetUSBAddress
 .text.USBD_LL_Transmit
                0x08005aa4       0x1c ../../libs/PoliTeKDSP/libs/libDaisy/build\libdaisy.a(usbd_conf.o)
                0x08005aa4                USBD_LL_Transmit
 .text.USBD_LL_PrepareReceive
                0x08005ac0       0x1c ../../libs/PoliTeKDSP/libs/libDaisy/build\libdaisy.a(usbd_conf.o)
                0x08005ac0                USBD_LL_PrepareReceive
 .text.HAL_HCD_SOF_Callback
                0x08005adc        0x8 ../../libs/PoliTeKDSP/libs/libDaisy/build\libdaisy.a(usbh_conf.o)
                0x08005adc                HAL_HCD_SOF_Callback
 .text.HAL_HCD_Connect_Callback
                0x08005ae4        0x8 ../../libs/PoliTeKDSP/libs/libDaisy/build\libdaisy.a(usbh_conf.o)
                0x08005ae4                HAL_HCD_Connect_Callback
 .text.HAL_HCD_Disconnect_Callback
                0x08005aec        0x8 ../../libs/PoliTeKDSP/libs/libDaisy/build\libdaisy.a(usbh_conf.o)
                0x08005aec                HAL_HCD_Disconnect_Callback
 .text.HAL_HCD_HC_NotifyURBChange_Callback
                0x08005af4        0x4 ../../libs/PoliTeKDSP/libs/libDaisy/build\libdaisy.a(usbh_conf.o)
                0x08005af4                HAL_HCD_HC_NotifyURBChange_Callback
 .text.HAL_HCD_PortEnabled_Callback
                0x08005af8        0x8 ../../libs/PoliTeKDSP/libs/libDaisy/build\libdaisy.a(usbh_conf.o)
                0x08005af8                HAL_HCD_PortEnabled_Callback
 .text.HAL_HCD_PortDisabled_Callback
                0x08005b00        0x8 ../../libs/PoliTeKDSP/libs/libDaisy/build\libdaisy.a(usbh_conf.o)
                0x08005b00                HAL_HCD_PortDisabled_Callback
 .text.USBH_LL_Stop
                0x08005b08       0x1c ../../libs/PoliTeKDSP/libs/libDaisy/build\libdaisy.a(usbh_conf.o)
                0x08005b08                USBH_LL_Stop
 .text.HAL_MspInit
                0x08005b24        0x4 ../../libs/PoliTeKDSP/libs/libDaisy/build\libdaisy.a(stm32h7xx_hal.o)
                0x08005b24                HAL_MspInit
 .text.HAL_InitTick
                0x08005b28       0x4c ../../libs/PoliTeKDSP/libs/libDaisy/build\libdaisy.a(stm32h7xx_hal.o)
                0x08005b28                HAL_InitTick
 .text.HAL_Init
                0x08005b74       0x60 ../../libs/PoliTeKDSP/libs/libDaisy/build\libdaisy.a(stm32h7xx_hal.o)
                0x08005b74                HAL_Init
 .text.HAL_IncTick
                0x08005bd4       0x18 ../../libs/PoliTeKDSP/libs/libDaisy/build\libdaisy.a(stm32h7xx_hal.o)
                0x08005bd4                HAL_IncTick
 .text.HAL_GetTick
                0x08005bec        0xc ../../libs/PoliTeKDSP/libs/libDaisy/build\libdaisy.a(stm32h7xx_hal.o)
                0x08005bec                HAL_GetTick
 .text.HAL_Delay
                0x08005bf8       0x24 ../../libs/PoliTeKDSP/libs/libDaisy/build\libdaisy.a(stm32h7xx_hal.o)
                0x08005bf8                HAL_Delay
 .text.HAL_GetREVID
                0x08005c1c        0xc ../../libs/PoliTeKDSP/libs/libDaisy/build\libdaisy.a(stm32h7xx_hal.o)
                0x08005c1c                HAL_GetREVID
 .text.HAL_NVIC_SetPriorityGrouping
                0x08005c28       0x24 ../../libs/PoliTeKDSP/libs/libDaisy/build\libdaisy.a(stm32h7xx_hal_cortex.o)
                0x08005c28                HAL_NVIC_SetPriorityGrouping
 .text.HAL_NVIC_SetPriority
                0x08005c4c       0x7c ../../libs/PoliTeKDSP/libs/libDaisy/build\libdaisy.a(stm32h7xx_hal_cortex.o)
                0x08005c4c                HAL_NVIC_SetPriority
 .text.HAL_NVIC_EnableIRQ
                0x08005cc8       0x1c ../../libs/PoliTeKDSP/libs/libDaisy/build\libdaisy.a(stm32h7xx_hal_cortex.o)
                0x08005cc8                HAL_NVIC_EnableIRQ
 .text.HAL_NVIC_DisableIRQ
                0x08005ce4       0x28 ../../libs/PoliTeKDSP/libs/libDaisy/build\libdaisy.a(stm32h7xx_hal_cortex.o)
                0x08005ce4                HAL_NVIC_DisableIRQ
 .text.HAL_SYSTICK_Config
                0x08005d0c       0x2c ../../libs/PoliTeKDSP/libs/libDaisy/build\libdaisy.a(stm32h7xx_hal_cortex.o)
                0x08005d0c                HAL_SYSTICK_Config
 .text.HAL_MPU_Disable
                0x08005d38       0x1c ../../libs/PoliTeKDSP/libs/libDaisy/build\libdaisy.a(stm32h7xx_hal_cortex.o)
                0x08005d38                HAL_MPU_Disable
 .text.HAL_MPU_Enable
                0x08005d54       0x20 ../../libs/PoliTeKDSP/libs/libDaisy/build\libdaisy.a(stm32h7xx_hal_cortex.o)
                0x08005d54                HAL_MPU_Enable
 .text.HAL_MPU_ConfigRegion
                0x08005d74       0x64 ../../libs/PoliTeKDSP/libs/libDaisy/build\libdaisy.a(stm32h7xx_hal_cortex.o)
                0x08005d74                HAL_MPU_ConfigRegion
 .text.HAL_SYSTICK_Callback
                0x08005dd8        0x4 ../../libs/PoliTeKDSP/libs/libDaisy/build\libdaisy.a(stm32h7xx_hal_cortex.o)
                0x08005dd8                HAL_SYSTICK_Callback
 .text.HAL_SYSTICK_IRQHandler
                0x08005ddc        0x8 ../../libs/PoliTeKDSP/libs/libDaisy/build\libdaisy.a(stm32h7xx_hal_cortex.o)
                0x08005ddc                HAL_SYSTICK_IRQHandler
 .text.DMA_CalcBaseAndBitshift
                0x08005de4       0xf4 ../../libs/PoliTeKDSP/libs/libDaisy/build\libdaisy.a(stm32h7xx_hal_dma.o)
 .text.DMA_CalcDMAMUXChannelBaseAndMask
                0x08005ed8       0xd8 ../../libs/PoliTeKDSP/libs/libDaisy/build\libdaisy.a(stm32h7xx_hal_dma.o)
 .text.HAL_DMA_Init
                0x08005fb0      0x4dc ../../libs/PoliTeKDSP/libs/libDaisy/build\libdaisy.a(stm32h7xx_hal_dma.o)
                0x08005fb0                HAL_DMA_Init
 .text.HAL_DMA_Start_IT
                0x0800648c      0x344 ../../libs/PoliTeKDSP/libs/libDaisy/build\libdaisy.a(stm32h7xx_hal_dma.o)
                0x0800648c                HAL_DMA_Start_IT
 .text.HAL_DMA_Abort
                0x080067d0      0x2f0 ../../libs/PoliTeKDSP/libs/libDaisy/build\libdaisy.a(stm32h7xx_hal_dma.o)
                0x080067d0                HAL_DMA_Abort
 .text.HAL_DMA_Abort_IT
                0x08006ac0      0x194 ../../libs/PoliTeKDSP/libs/libDaisy/build\libdaisy.a(stm32h7xx_hal_dma.o)
                0x08006ac0                HAL_DMA_Abort_IT
 .text.HAL_DMA_IRQHandler
                0x08006c54      0x6a0 ../../libs/PoliTeKDSP/libs/libDaisy/build\libdaisy.a(stm32h7xx_hal_dma.o)
                0x08006c54                HAL_DMA_IRQHandler
 .text.HAL_DMA_GetError
                0x080072f4        0x4 ../../libs/PoliTeKDSP/libs/libDaisy/build\libdaisy.a(stm32h7xx_hal_dma.o)
                0x080072f4                HAL_DMA_GetError
 .text.HAL_GPIO_Init
                0x080072f8      0x274 ../../libs/PoliTeKDSP/libs/libDaisy/build\libdaisy.a(stm32h7xx_hal_gpio.o)
                0x080072f8                HAL_GPIO_Init
 .text.HAL_GPIO_DeInit
                0x0800756c      0x190 ../../libs/PoliTeKDSP/libs/libDaisy/build\libdaisy.a(stm32h7xx_hal_gpio.o)
                0x0800756c                HAL_GPIO_DeInit
 .text.HAL_GPIO_ReadPin
                0x080076fc        0xc ../../libs/PoliTeKDSP/libs/libDaisy/build\libdaisy.a(stm32h7xx_hal_gpio.o)
                0x080076fc                HAL_GPIO_ReadPin
 .text.HAL_GPIO_WritePin
                0x08007708        0x8 ../../libs/PoliTeKDSP/libs/libDaisy/build\libdaisy.a(stm32h7xx_hal_gpio.o)
                0x08007708                HAL_GPIO_WritePin
 .text.HAL_HCD_IRQHandler
                0x08007710      0x8f4 ../../libs/PoliTeKDSP/libs/libDaisy/build\libdaisy.a(stm32h7xx_hal_hcd.o)
                0x08007710                HAL_HCD_IRQHandler
 .text.HAL_HCD_Stop
                0x08008004       0x28 ../../libs/PoliTeKDSP/libs/libDaisy/build\libdaisy.a(stm32h7xx_hal_hcd.o)
                0x08008004                HAL_HCD_Stop
 .text.I2C_WaitOnTXISFlagUntilTimeout
                0x0800802c      0x16c ../../libs/PoliTeKDSP/libs/libDaisy/build\libdaisy.a(stm32h7xx_hal_i2c.o)
 .text.I2C_WaitOnSTOPFlagUntilTimeout
                0x08008198      0x168 ../../libs/PoliTeKDSP/libs/libDaisy/build\libdaisy.a(stm32h7xx_hal_i2c.o)
 .text.HAL_I2C_Init
                0x08008300       0xac ../../libs/PoliTeKDSP/libs/libDaisy/build\libdaisy.a(stm32h7xx_hal_i2c.o)
                0x08008300                HAL_I2C_Init
 .text.HAL_I2C_Master_Transmit
                0x080083ac      0x37c ../../libs/PoliTeKDSP/libs/libDaisy/build\libdaisy.a(stm32h7xx_hal_i2c.o)
                0x080083ac                HAL_I2C_Master_Transmit
 .text.HAL_I2C_Slave_Transmit
                0x08008728      0x254 ../../libs/PoliTeKDSP/libs/libDaisy/build\libdaisy.a(stm32h7xx_hal_i2c.o)
                0x08008728                HAL_I2C_Slave_Transmit
 .text.HAL_I2C_Mem_Write
                0x0800897c      0x268 ../../libs/PoliTeKDSP/libs/libDaisy/build\libdaisy.a(stm32h7xx_hal_i2c.o)
                0x0800897c                HAL_I2C_Mem_Write
 .text.HAL_I2C_Mem_Read
                0x08008be4      0x2cc ../../libs/PoliTeKDSP/libs/libDaisy/build\libdaisy.a(stm32h7xx_hal_i2c.o)
                0x08008be4                HAL_I2C_Mem_Read
 .text.HAL_I2C_EV_IRQHandler
                0x08008eb0       0x10 ../../libs/PoliTeKDSP/libs/libDaisy/build\libdaisy.a(stm32h7xx_hal_i2c.o)
                0x08008eb0                HAL_I2C_EV_IRQHandler
 .text.HAL_I2C_GetState
                0x08008ec0        0x8 ../../libs/PoliTeKDSP/libs/libDaisy/build\libdaisy.a(stm32h7xx_hal_i2c.o)
                0x08008ec0                HAL_I2C_GetState
 .text.HAL_I2CEx_ConfigAnalogFilter
                0x08008ec8       0x54 ../../libs/PoliTeKDSP/libs/libDaisy/build\libdaisy.a(stm32h7xx_hal_i2c_ex.o)
                0x08008ec8                HAL_I2CEx_ConfigAnalogFilter
 .text.HAL_I2CEx_ConfigDigitalFilter
                0x08008f1c       0x58 ../../libs/PoliTeKDSP/libs/libDaisy/build\libdaisy.a(stm32h7xx_hal_i2c_ex.o)
                0x08008f1c                HAL_I2CEx_ConfigDigitalFilter
 .text.HAL_PCD_IRQHandler
                0x08008f74      0xb48 ../../libs/PoliTeKDSP/libs/libDaisy/build\libdaisy.a(stm32h7xx_hal_pcd.o)
                0x08008f74                HAL_PCD_IRQHandler
 .text.HAL_PCD_SetAddress
                0x08009abc       0x2c ../../libs/PoliTeKDSP/libs/libDaisy/build\libdaisy.a(stm32h7xx_hal_pcd.o)
                0x08009abc                HAL_PCD_SetAddress
 .text.HAL_PCD_EP_Open
                0x08009ae8       0x7c ../../libs/PoliTeKDSP/libs/libDaisy/build\libdaisy.a(stm32h7xx_hal_pcd.o)
                0x08009ae8                HAL_PCD_EP_Open
 .text.HAL_PCD_EP_Receive
                0x08009b64       0x44 ../../libs/PoliTeKDSP/libs/libDaisy/build\libdaisy.a(stm32h7xx_hal_pcd.o)
                0x08009b64                HAL_PCD_EP_Receive
 .text.HAL_PCD_EP_Transmit
                0x08009ba8       0x44 ../../libs/PoliTeKDSP/libs/libDaisy/build\libdaisy.a(stm32h7xx_hal_pcd.o)
                0x08009ba8                HAL_PCD_EP_Transmit
 .text.HAL_PCD_EP_SetStall
                0x08009bec       0x88 ../../libs/PoliTeKDSP/libs/libDaisy/build\libdaisy.a(stm32h7xx_hal_pcd.o)
                0x08009bec                HAL_PCD_EP_SetStall
 .text.HAL_PCD_EP_ClrStall
                0x08009c74       0x78 ../../libs/PoliTeKDSP/libs/libDaisy/build\libdaisy.a(stm32h7xx_hal_pcd.o)
                0x08009c74                HAL_PCD_EP_ClrStall
 .text.HAL_PCDEx_LPM_Callback
                0x08009cec        0x4 ../../libs/PoliTeKDSP/libs/libDaisy/build\libdaisy.a(stm32h7xx_hal_pcd_ex.o)
                0x08009cec                HAL_PCDEx_LPM_Callback
 .text.HAL_PWREx_ConfigSupply
                0x08009cf0       0x48 ../../libs/PoliTeKDSP/libs/libDaisy/build\libdaisy.a(stm32h7xx_hal_pwr_ex.o)
                0x08009cf0                HAL_PWREx_ConfigSupply
 .text.HAL_PWREx_EnableUSBVoltageDetector
                0x08009d38       0x10 ../../libs/PoliTeKDSP/libs/libDaisy/build\libdaisy.a(stm32h7xx_hal_pwr_ex.o)
                0x08009d38                HAL_PWREx_EnableUSBVoltageDetector
 .text.QSPI_Config
                0x08009d48      0x174 ../../libs/PoliTeKDSP/libs/libDaisy/build\libdaisy.a(stm32h7xx_hal_qspi.o)
 .text.HAL_QSPI_Init
                0x08009ebc       0xb8 ../../libs/PoliTeKDSP/libs/libDaisy/build\libdaisy.a(stm32h7xx_hal_qspi.o)
                0x08009ebc                HAL_QSPI_Init
 .text.HAL_QSPI_DeInit
                0x08009f74       0x24 ../../libs/PoliTeKDSP/libs/libDaisy/build\libdaisy.a(stm32h7xx_hal_qspi.o)
                0x08009f74                HAL_QSPI_DeInit
 .text.HAL_QSPI_Command
                0x08009f98       0xd4 ../../libs/PoliTeKDSP/libs/libDaisy/build\libdaisy.a(stm32h7xx_hal_qspi.o)
                0x08009f98                HAL_QSPI_Command
 .text.HAL_QSPI_Transmit
                0x0800a06c       0xfc ../../libs/PoliTeKDSP/libs/libDaisy/build\libdaisy.a(stm32h7xx_hal_qspi.o)
                0x0800a06c                HAL_QSPI_Transmit
 .text.HAL_QSPI_Receive
                0x0800a168      0x108 ../../libs/PoliTeKDSP/libs/libDaisy/build\libdaisy.a(stm32h7xx_hal_qspi.o)
                0x0800a168                HAL_QSPI_Receive
 .text.HAL_QSPI_AutoPolling
                0x0800a270       0xf0 ../../libs/PoliTeKDSP/libs/libDaisy/build\libdaisy.a(stm32h7xx_hal_qspi.o)
                0x0800a270                HAL_QSPI_AutoPolling
 .text.HAL_QSPI_MemoryMapped
                0x0800a360       0xc0 ../../libs/PoliTeKDSP/libs/libDaisy/build\libdaisy.a(stm32h7xx_hal_qspi.o)
                0x0800a360                HAL_QSPI_MemoryMapped
 .text.HAL_QSPI_ErrorCallback
                0x0800a420        0x4 ../../libs/PoliTeKDSP/libs/libDaisy/build\libdaisy.a(stm32h7xx_hal_qspi.o)
                0x0800a420                HAL_QSPI_ErrorCallback
 .text.QSPI_DMAAbortCplt
                0x0800a424       0x38 ../../libs/PoliTeKDSP/libs/libDaisy/build\libdaisy.a(stm32h7xx_hal_qspi.o)
 .text.HAL_QSPI_AbortCpltCallback
                0x0800a45c        0x4 ../../libs/PoliTeKDSP/libs/libDaisy/build\libdaisy.a(stm32h7xx_hal_qspi.o)
                0x0800a45c                HAL_QSPI_AbortCpltCallback
 .text.HAL_QSPI_CmdCpltCallback
                0x0800a460        0x4 ../../libs/PoliTeKDSP/libs/libDaisy/build\libdaisy.a(stm32h7xx_hal_qspi.o)
                0x0800a460                HAL_QSPI_CmdCpltCallback
 .text.HAL_QSPI_RxCpltCallback
                0x0800a464        0x4 ../../libs/PoliTeKDSP/libs/libDaisy/build\libdaisy.a(stm32h7xx_hal_qspi.o)
                0x0800a464                HAL_QSPI_RxCpltCallback
 .text.HAL_QSPI_TxCpltCallback
                0x0800a468        0x4 ../../libs/PoliTeKDSP/libs/libDaisy/build\libdaisy.a(stm32h7xx_hal_qspi.o)
                0x0800a468                HAL_QSPI_TxCpltCallback
 .text.HAL_QSPI_FifoThresholdCallback
                0x0800a46c        0x4 ../../libs/PoliTeKDSP/libs/libDaisy/build\libdaisy.a(stm32h7xx_hal_qspi.o)
                0x0800a46c                HAL_QSPI_FifoThresholdCallback
 .text.HAL_QSPI_StatusMatchCallback
                0x0800a470        0x4 ../../libs/PoliTeKDSP/libs/libDaisy/build\libdaisy.a(stm32h7xx_hal_qspi.o)
                0x0800a470                HAL_QSPI_StatusMatchCallback
 .text.HAL_QSPI_TimeOutCallback
                0x0800a474        0x4 ../../libs/PoliTeKDSP/libs/libDaisy/build\libdaisy.a(stm32h7xx_hal_qspi.o)
                0x0800a474                HAL_QSPI_TimeOutCallback
 .text.HAL_QSPI_IRQHandler
                0x0800a478      0x210 ../../libs/PoliTeKDSP/libs/libDaisy/build\libdaisy.a(stm32h7xx_hal_qspi.o)
                0x0800a478                HAL_QSPI_IRQHandler
 .text.HAL_RCC_GetSysClockFreq.part.0
                0x0800a688      0x130 ../../libs/PoliTeKDSP/libs/libDaisy/build\libdaisy.a(stm32h7xx_hal_rcc.o)
 .text.HAL_RCC_OscConfig
                0x0800a7b8      0x5f4 ../../libs/PoliTeKDSP/libs/libDaisy/build\libdaisy.a(stm32h7xx_hal_rcc.o)
                0x0800a7b8                HAL_RCC_OscConfig
 .text.HAL_RCC_GetSysClockFreq
                0x0800adac      0x140 ../../libs/PoliTeKDSP/libs/libDaisy/build\libdaisy.a(stm32h7xx_hal_rcc.o)
                0x0800adac                HAL_RCC_GetSysClockFreq
 .text.HAL_RCC_ClockConfig
                0x0800aeec      0x250 ../../libs/PoliTeKDSP/libs/libDaisy/build\libdaisy.a(stm32h7xx_hal_rcc.o)
                0x0800aeec                HAL_RCC_ClockConfig
 .text.HAL_RCC_GetHCLKFreq
                0x0800b13c       0x80 ../../libs/PoliTeKDSP/libs/libDaisy/build\libdaisy.a(stm32h7xx_hal_rcc.o)
                0x0800b13c                HAL_RCC_GetHCLKFreq
 .text.HAL_RCC_GetPCLK1Freq
                0x0800b1bc       0x90 ../../libs/PoliTeKDSP/libs/libDaisy/build\libdaisy.a(stm32h7xx_hal_rcc.o)
                0x0800b1bc                HAL_RCC_GetPCLK1Freq
 .text.HAL_RCC_GetPCLK2Freq
                0x0800b24c       0x90 ../../libs/PoliTeKDSP/libs/libDaisy/build\libdaisy.a(stm32h7xx_hal_rcc.o)
                0x0800b24c                HAL_RCC_GetPCLK2Freq
 .text.RCCEx_PLL2_Config
                0x0800b2dc       0xf4 ../../libs/PoliTeKDSP/libs/libDaisy/build\libdaisy.a(stm32h7xx_hal_rcc_ex.o)
 .text.RCCEx_PLL3_Config
                0x0800b3d0       0xf4 ../../libs/PoliTeKDSP/libs/libDaisy/build\libdaisy.a(stm32h7xx_hal_rcc_ex.o)
 .text.HAL_RCCEx_PeriphCLKConfig
                0x0800b4c4      0xbf8 ../../libs/PoliTeKDSP/libs/libDaisy/build\libdaisy.a(stm32h7xx_hal_rcc_ex.o)
                0x0800b4c4                HAL_RCCEx_PeriphCLKConfig
 .text.HAL_RCCEx_GetD3PCLK1Freq
                0x0800c0bc       0x24 ../../libs/PoliTeKDSP/libs/libDaisy/build\libdaisy.a(stm32h7xx_hal_rcc_ex.o)
                0x0800c0bc                HAL_RCCEx_GetD3PCLK1Freq
 .text.HAL_RCCEx_GetPLL2ClockFreq
                0x0800c0e0      0x17c ../../libs/PoliTeKDSP/libs/libDaisy/build\libdaisy.a(stm32h7xx_hal_rcc_ex.o)
                0x0800c0e0                HAL_RCCEx_GetPLL2ClockFreq
 .text.HAL_RCCEx_GetPLL3ClockFreq
                0x0800c25c      0x17c ../../libs/PoliTeKDSP/libs/libDaisy/build\libdaisy.a(stm32h7xx_hal_rcc_ex.o)
                0x0800c25c                HAL_RCCEx_GetPLL3ClockFreq
 .text.HAL_RCCEx_GetPLL1ClockFreq
                0x0800c3d8      0x18c ../../libs/PoliTeKDSP/libs/libDaisy/build\libdaisy.a(stm32h7xx_hal_rcc_ex.o)
                0x0800c3d8                HAL_RCCEx_GetPLL1ClockFreq
 .text.HAL_RCCEx_GetPeriphCLKFreq
                0x0800c564      0x390 ../../libs/PoliTeKDSP/libs/libDaisy/build\libdaisy.a(stm32h7xx_hal_rcc_ex.o)
                0x0800c564                HAL_RCCEx_GetPeriphCLKFreq
 .text.HAL_SAI_Init.part.0
                0x0800c8f4      0x390 ../../libs/PoliTeKDSP/libs/libDaisy/build\libdaisy.a(stm32h7xx_hal_sai.o)
 .text.HAL_SAI_InitProtocol
                0x0800cc84      0x174 ../../libs/PoliTeKDSP/libs/libDaisy/build\libdaisy.a(stm32h7xx_hal_sai.o)
                0x0800cc84                HAL_SAI_InitProtocol
 .text.HAL_SAI_Transmit_DMA
                0x0800cdf8      0x124 ../../libs/PoliTeKDSP/libs/libDaisy/build\libdaisy.a(stm32h7xx_hal_sai.o)
                0x0800cdf8                HAL_SAI_Transmit_DMA
 .text.HAL_SAI_Receive_DMA
                0x0800cf1c       0xd0 ../../libs/PoliTeKDSP/libs/libDaisy/build\libdaisy.a(stm32h7xx_hal_sai.o)
                0x0800cf1c                HAL_SAI_Receive_DMA
 .text.HAL_SAI_TxCpltCallback
                0x0800cfec        0x4 ../../libs/PoliTeKDSP/libs/libDaisy/build\libdaisy.a(stm32h7xx_hal_sai.o)
                0x0800cfec                HAL_SAI_TxCpltCallback
 .text.SAI_DMATxCplt
                0x0800cff0       0x64 ../../libs/PoliTeKDSP/libs/libDaisy/build\libdaisy.a(stm32h7xx_hal_sai.o)
 .text.HAL_SAI_TxHalfCpltCallback
                0x0800d054        0x4 ../../libs/PoliTeKDSP/libs/libDaisy/build\libdaisy.a(stm32h7xx_hal_sai.o)
                0x0800d054                HAL_SAI_TxHalfCpltCallback
 .text.SAI_DMATxHalfCplt
                0x0800d058        0xc ../../libs/PoliTeKDSP/libs/libDaisy/build\libdaisy.a(stm32h7xx_hal_sai.o)
 .text.SAI_DMARxCplt
                0x0800d064       0x64 ../../libs/PoliTeKDSP/libs/libDaisy/build\libdaisy.a(stm32h7xx_hal_sai.o)
 .text.SAI_DMARxHalfCplt
                0x0800d0c8        0xc ../../libs/PoliTeKDSP/libs/libDaisy/build\libdaisy.a(stm32h7xx_hal_sai.o)
 .text.HAL_SAI_ErrorCallback
                0x0800d0d4        0x4 ../../libs/PoliTeKDSP/libs/libDaisy/build\libdaisy.a(stm32h7xx_hal_sai.o)
                0x0800d0d4                HAL_SAI_ErrorCallback
 .text.SAI_DMAError
                0x0800d0d8       0x6c ../../libs/PoliTeKDSP/libs/libDaisy/build\libdaisy.a(stm32h7xx_hal_sai.o)
 .text.HAL_SDRAM_Init
                0x0800d144       0x54 ../../libs/PoliTeKDSP/libs/libDaisy/build\libdaisy.a(stm32h7xx_hal_sdram.o)
                0x0800d144                HAL_SDRAM_Init
 .text.HAL_SDRAM_SendCommand
                0x0800d198       0x40 ../../libs/PoliTeKDSP/libs/libDaisy/build\libdaisy.a(stm32h7xx_hal_sdram.o)
                0x0800d198                HAL_SDRAM_SendCommand
 .text.HAL_SDRAM_ProgramRefreshRate
                0x0800d1d8       0x30 ../../libs/PoliTeKDSP/libs/libDaisy/build\libdaisy.a(stm32h7xx_hal_sdram.o)
                0x0800d1d8                HAL_SDRAM_ProgramRefreshRate
 .text.FMC_SDRAM_Init
                0x0800d208       0x7c ../../libs/PoliTeKDSP/libs/libDaisy/build\libdaisy.a(stm32h7xx_ll_fmc.o)
                0x0800d208                FMC_SDRAM_Init
 .text.FMC_SDRAM_Timing_Init
                0x0800d284       0x98 ../../libs/PoliTeKDSP/libs/libDaisy/build\libdaisy.a(stm32h7xx_ll_fmc.o)
                0x0800d284                FMC_SDRAM_Timing_Init
 .text.FMC_SDRAM_SendCommand
                0x0800d31c       0x30 ../../libs/PoliTeKDSP/libs/libDaisy/build\libdaisy.a(stm32h7xx_ll_fmc.o)
                0x0800d31c                FMC_SDRAM_SendCommand
 .text.FMC_SDRAM_ProgramRefreshRate
                0x0800d34c       0x1c ../../libs/PoliTeKDSP/libs/libDaisy/build\libdaisy.a(stm32h7xx_ll_fmc.o)
                0x0800d34c                FMC_SDRAM_ProgramRefreshRate
 .text.USB_SetTurnaroundTime
                0x0800d368       0xf4 ../../libs/PoliTeKDSP/libs/libDaisy/build\libdaisy.a(stm32h7xx_ll_usb.o)
                0x0800d368                USB_SetTurnaroundTime
 .text.USB_FlushTxFifo
                0x0800d45c       0x54 ../../libs/PoliTeKDSP/libs/libDaisy/build\libdaisy.a(stm32h7xx_ll_usb.o)
                0x0800d45c                USB_FlushTxFifo
 .text.USB_FlushRxFifo
                0x0800d4b0       0x50 ../../libs/PoliTeKDSP/libs/libDaisy/build\libdaisy.a(stm32h7xx_ll_usb.o)
                0x0800d4b0                USB_FlushRxFifo
 .text.USB_GetDevSpeed
                0x0800d500       0x18 ../../libs/PoliTeKDSP/libs/libDaisy/build\libdaisy.a(stm32h7xx_ll_usb.o)
                0x0800d500                USB_GetDevSpeed
 .text.USB_ActivateEndpoint
                0x0800d518       0x90 ../../libs/PoliTeKDSP/libs/libDaisy/build\libdaisy.a(stm32h7xx_ll_usb.o)
                0x0800d518                USB_ActivateEndpoint
 .text.USB_EPStartXfer
                0x0800d5a8      0x288 ../../libs/PoliTeKDSP/libs/libDaisy/build\libdaisy.a(stm32h7xx_ll_usb.o)
                0x0800d5a8                USB_EPStartXfer
 .text.USB_EPStopXfer
                0x0800d830       0x88 ../../libs/PoliTeKDSP/libs/libDaisy/build\libdaisy.a(stm32h7xx_ll_usb.o)
                0x0800d830                USB_EPStopXfer
 .text.USB_WritePacket
                0x0800d8b8       0x2c ../../libs/PoliTeKDSP/libs/libDaisy/build\libdaisy.a(stm32h7xx_ll_usb.o)
                0x0800d8b8                USB_WritePacket
 .text.USB_ReadPacket
                0x0800d8e4       0x4c ../../libs/PoliTeKDSP/libs/libDaisy/build\libdaisy.a(stm32h7xx_ll_usb.o)
                0x0800d8e4                USB_ReadPacket
 .text.USB_EPSetStall
                0x0800d930       0x68 ../../libs/PoliTeKDSP/libs/libDaisy/build\libdaisy.a(stm32h7xx_ll_usb.o)
                0x0800d930                USB_EPSetStall
 .text.USB_EPClearStall
                0x0800d998       0x58 ../../libs/PoliTeKDSP/libs/libDaisy/build\libdaisy.a(stm32h7xx_ll_usb.o)
                0x0800d998                USB_EPClearStall
 .text.USB_SetDevAddress
                0x0800d9f0       0x24 ../../libs/PoliTeKDSP/libs/libDaisy/build\libdaisy.a(stm32h7xx_ll_usb.o)
                0x0800d9f0                USB_SetDevAddress
 .text.USB_ReadInterrupts
                0x0800da14        0x8 ../../libs/PoliTeKDSP/libs/libDaisy/build\libdaisy.a(stm32h7xx_ll_usb.o)
                0x0800da14                USB_ReadInterrupts
 .text.USB_ReadChInterrupts
                0x0800da1c       0x10 ../../libs/PoliTeKDSP/libs/libDaisy/build\libdaisy.a(stm32h7xx_ll_usb.o)
                0x0800da1c                USB_ReadChInterrupts
 .text.USB_ReadDevAllOutEpInterrupt
                0x0800da2c       0x10 ../../libs/PoliTeKDSP/libs/libDaisy/build\libdaisy.a(stm32h7xx_ll_usb.o)
                0x0800da2c                USB_ReadDevAllOutEpInterrupt
 .text.USB_ReadDevAllInEpInterrupt
                0x0800da3c       0x10 ../../libs/PoliTeKDSP/libs/libDaisy/build\libdaisy.a(stm32h7xx_ll_usb.o)
                0x0800da3c                USB_ReadDevAllInEpInterrupt
 .text.USB_ReadDevOutEPInterrupt
                0x0800da4c       0x14 ../../libs/PoliTeKDSP/libs/libDaisy/build\libdaisy.a(stm32h7xx_ll_usb.o)
                0x0800da4c                USB_ReadDevOutEPInterrupt
 .text.USB_ReadDevInEPInterrupt
                0x0800da60       0x20 ../../libs/PoliTeKDSP/libs/libDaisy/build\libdaisy.a(stm32h7xx_ll_usb.o)
                0x0800da60                USB_ReadDevInEPInterrupt
 .text.USB_GetMode
                0x0800da80        0x8 ../../libs/PoliTeKDSP/libs/libDaisy/build\libdaisy.a(stm32h7xx_ll_usb.o)
                0x0800da80                USB_GetMode
 .text.USB_ActivateSetup
                0x0800da88       0x2c ../../libs/PoliTeKDSP/libs/libDaisy/build\libdaisy.a(stm32h7xx_ll_usb.o)
                0x0800da88                USB_ActivateSetup
 .text.USB_EP0_OutStart
                0x0800dab4       0x58 ../../libs/PoliTeKDSP/libs/libDaisy/build\libdaisy.a(stm32h7xx_ll_usb.o)
                0x0800dab4                USB_EP0_OutStart
 .text.USB_InitFSLSPClkSel
                0x0800db0c       0x44 ../../libs/PoliTeKDSP/libs/libDaisy/build\libdaisy.a(stm32h7xx_ll_usb.o)
                0x0800db0c                USB_InitFSLSPClkSel
 .text.USB_HC_ReadInterrupt
                0x0800db50        0x8 ../../libs/PoliTeKDSP/libs/libDaisy/build\libdaisy.a(stm32h7xx_ll_usb.o)
                0x0800db50                USB_HC_ReadInterrupt
 .text.USB_HC_Halt
                0x0800db58       0xe4 ../../libs/PoliTeKDSP/libs/libDaisy/build\libdaisy.a(stm32h7xx_ll_usb.o)
                0x0800db58                USB_HC_Halt
 .text.USB_StopHost
                0x0800dc3c      0x1e4 ../../libs/PoliTeKDSP/libs/libDaisy/build\libdaisy.a(stm32h7xx_ll_usb.o)
                0x0800dc3c                USB_StopHost
 .text.USBD_SetClassConfig
                0x0800de20       0x10 ../../libs/PoliTeKDSP/libs/libDaisy/build\libdaisy.a(usbd_core.o)
                0x0800de20                USBD_SetClassConfig
 .text.USBD_ClrClassConfig
                0x0800de30       0x14 ../../libs/PoliTeKDSP/libs/libDaisy/build\libdaisy.a(usbd_core.o)
                0x0800de30                USBD_ClrClassConfig
 .text.USBD_LL_SetupStage
                0x0800de44       0x60 ../../libs/PoliTeKDSP/libs/libDaisy/build\libdaisy.a(usbd_core.o)
                0x0800de44                USBD_LL_SetupStage
 .text.USBD_LL_DataOutStage
                0x0800dea4       0x74 ../../libs/PoliTeKDSP/libs/libDaisy/build\libdaisy.a(usbd_core.o)
                0x0800dea4                USBD_LL_DataOutStage
 .text.USBD_LL_DataInStage
                0x0800df18       0xc0 ../../libs/PoliTeKDSP/libs/libDaisy/build\libdaisy.a(usbd_core.o)
                0x0800df18                USBD_LL_DataInStage
 .text.USBD_LL_Reset
                0x0800dfd8       0x5c ../../libs/PoliTeKDSP/libs/libDaisy/build\libdaisy.a(usbd_core.o)
                0x0800dfd8                USBD_LL_Reset
 .text.USBD_LL_SetSpeed
                0x0800e034        0x8 ../../libs/PoliTeKDSP/libs/libDaisy/build\libdaisy.a(usbd_core.o)
                0x0800e034                USBD_LL_SetSpeed
 .text.USBD_LL_Suspend
                0x0800e03c       0x20 ../../libs/PoliTeKDSP/libs/libDaisy/build\libdaisy.a(usbd_core.o)
                0x0800e03c                USBD_LL_Suspend
 .text.USBD_LL_Resume
                0x0800e05c       0x18 ../../libs/PoliTeKDSP/libs/libDaisy/build\libdaisy.a(usbd_core.o)
                0x0800e05c                USBD_LL_Resume
 .text.USBD_LL_SOF
                0x0800e074       0x20 ../../libs/PoliTeKDSP/libs/libDaisy/build\libdaisy.a(usbd_core.o)
                0x0800e074                USBD_LL_SOF
 .text.USBD_LL_IsoINIncomplete
                0x0800e094       0x2c ../../libs/PoliTeKDSP/libs/libDaisy/build\libdaisy.a(usbd_core.o)
                0x0800e094                USBD_LL_IsoINIncomplete
 .text.USBD_LL_IsoOUTIncomplete
                0x0800e0c0       0x2c ../../libs/PoliTeKDSP/libs/libDaisy/build\libdaisy.a(usbd_core.o)
                0x0800e0c0                USBD_LL_IsoOUTIncomplete
 .text.USBD_LL_DevConnected
                0x0800e0ec        0x4 ../../libs/PoliTeKDSP/libs/libDaisy/build\libdaisy.a(usbd_core.o)
                0x0800e0ec                USBD_LL_DevConnected
 .text.USBD_LL_DevDisconnected
                0x0800e0f0       0x24 ../../libs/PoliTeKDSP/libs/libDaisy/build\libdaisy.a(usbd_core.o)
                0x0800e0f0                USBD_LL_DevDisconnected
 .text.USBD_CoreFindIF
                0x0800e114        0x4 ../../libs/PoliTeKDSP/libs/libDaisy/build\libdaisy.a(usbd_core.o)
                0x0800e114                USBD_CoreFindIF
 .text.USBD_CoreFindEP
                0x0800e118        0x4 ../../libs/PoliTeKDSP/libs/libDaisy/build\libdaisy.a(usbd_core.o)
                0x0800e118                USBD_CoreFindEP
 .text.USBD_StdDevReq
                0x0800e11c      0x360 ../../libs/PoliTeKDSP/libs/libDaisy/build\libdaisy.a(usbd_ctlreq.o)
                0x0800e11c                USBD_StdDevReq
 .text.USBD_StdItfReq
                0x0800e47c       0x84 ../../libs/PoliTeKDSP/libs/libDaisy/build\libdaisy.a(usbd_ctlreq.o)
                0x0800e47c                USBD_StdItfReq
 .text.USBD_StdEPReq
                0x0800e500      0x160 ../../libs/PoliTeKDSP/libs/libDaisy/build\libdaisy.a(usbd_ctlreq.o)
                0x0800e500                USBD_StdEPReq
 .text.USBD_ParseSetupRequest
                0x0800e660       0x18 ../../libs/PoliTeKDSP/libs/libDaisy/build\libdaisy.a(usbd_ctlreq.o)
                0x0800e660                USBD_ParseSetupRequest
 .text.USBD_CtlSendData
                0x0800e678       0x1c ../../libs/PoliTeKDSP/libs/libDaisy/build\libdaisy.a(usbd_ioreq.o)
                0x0800e678                USBD_CtlSendData
 .text.USBD_CtlContinueSendData
                0x0800e694       0x14 ../../libs/PoliTeKDSP/libs/libDaisy/build\libdaisy.a(usbd_ioreq.o)
                0x0800e694                USBD_CtlContinueSendData
 .text.USBD_CtlContinueRx
                0x0800e6a8       0x14 ../../libs/PoliTeKDSP/libs/libDaisy/build\libdaisy.a(usbd_ioreq.o)
                0x0800e6a8                USBD_CtlContinueRx
 .text.USBD_CtlSendStatus
                0x0800e6bc       0x18 ../../libs/PoliTeKDSP/libs/libDaisy/build\libdaisy.a(usbd_ioreq.o)
                0x0800e6bc                USBD_CtlSendStatus
 .text.USBD_CtlReceiveStatus
                0x0800e6d4       0x18 ../../libs/PoliTeKDSP/libs/libDaisy/build\libdaisy.a(usbd_ioreq.o)
                0x0800e6d4                USBD_CtlReceiveStatus
 .text.USBH_LL_IncTimer
                0x0800e6ec       0x20 ../../libs/PoliTeKDSP/libs/libDaisy/build\libdaisy.a(usbh_core.o)
                0x0800e6ec                USBH_LL_IncTimer
 .text.USBH_LL_PortEnabled
                0x0800e70c        0x8 ../../libs/PoliTeKDSP/libs/libDaisy/build\libdaisy.a(usbh_core.o)
                0x0800e70c                USBH_LL_PortEnabled
 .text.USBH_LL_PortDisabled
                0x0800e714        0x8 ../../libs/PoliTeKDSP/libs/libDaisy/build\libdaisy.a(usbh_core.o)
                0x0800e714                USBH_LL_PortDisabled
 .text.USBH_LL_Connect
                0x0800e71c       0x18 ../../libs/PoliTeKDSP/libs/libDaisy/build\libdaisy.a(usbh_core.o)
                0x0800e71c                USBH_LL_Connect
 .text.USBH_LL_Disconnect
                0x0800e734       0x2c ../../libs/PoliTeKDSP/libs/libDaisy/build\libdaisy.a(usbh_core.o)
                0x0800e734                USBH_LL_Disconnect
 .text.USBH_FreePipe
                0x0800e760       0x18 ../../libs/PoliTeKDSP/libs/libDaisy/build\libdaisy.a(usbh_pipes.o)
                0x0800e760                USBH_FreePipe
 .text._ZN5daisy6Random4InitEv
                0x0800e778       0x3c ../../libs/PoliTeKDSP/libs/libDaisy/build\libdaisy.a(rng.o)
                0x0800e778                daisy::Random::Init()
 .text._ZN5daisy9SpiHandle4Impl7InitDmaEv
                0x0800e7b4       0xec ../../libs/PoliTeKDSP/libs/libDaisy/build\libdaisy.a(spi.o)
                0x0800e7b4                daisy::SpiHandle::Impl::InitDma()
 .text._ZN5daisy9SpiHandle4Impl10StartDmaTxEPhjPFvPvEPFvS3_NS0_6ResultEES3_
                0x0800e8a0       0xc8 ../../libs/PoliTeKDSP/libs/libDaisy/build\libdaisy.a(spi.o)
                0x0800e8a0                daisy::SpiHandle::Impl::StartDmaTx(unsigned char*, unsigned int, void (*)(void*), void (*)(void*, daisy::SpiHandle::Result), void*)
 .text._ZN5daisy9SpiHandle4Impl10StartDmaRxEPhjPFvPvEPFvS3_NS0_6ResultEES3_
                0x0800e968       0xc8 ../../libs/PoliTeKDSP/libs/libDaisy/build\libdaisy.a(spi.o)
                0x0800e968                daisy::SpiHandle::Impl::StartDmaRx(unsigned char*, unsigned int, void (*)(void*), void (*)(void*, daisy::SpiHandle::Result), void*)
 .text._ZN5daisy9SpiHandle4Impl12StartDmaRxTxEPhS2_jPFvPvEPFvS3_NS0_6ResultEES3_
                0x0800ea30       0xcc ../../libs/PoliTeKDSP/libs/libDaisy/build\libdaisy.a(spi.o)
                0x0800ea30                daisy::SpiHandle::Impl::StartDmaRxTx(unsigned char*, unsigned char*, unsigned int, void (*)(void*), void (*)(void*, daisy::SpiHandle::Result), void*)
 .text._ZN5daisy9SpiHandle4Impl8InitPinsEv
                0x0800eafc      0x25c ../../libs/PoliTeKDSP/libs/libDaisy/build\libdaisy.a(spi.o)
                0x0800eafc                daisy::SpiHandle::Impl::InitPins()
 .text.HAL_SPI_MspInit
                0x0800ed58      0x6e8 ../../libs/PoliTeKDSP/libs/libDaisy/build\libdaisy.a(spi.o)
                0x0800ed58                HAL_SPI_MspInit
 .text.dsy_spi_global_init
                0x0800f440       0x80 ../../libs/PoliTeKDSP/libs/libDaisy/build\libdaisy.a(spi.o)
                0x0800f440                dsy_spi_global_init
 .text.SPI1_IRQHandler
                0x0800f4c0        0xc ../../libs/PoliTeKDSP/libs/libDaisy/build\libdaisy.a(spi.o)
                0x0800f4c0                SPI1_IRQHandler
 .text.SPI2_IRQHandler
                0x0800f4cc        0xc ../../libs/PoliTeKDSP/libs/libDaisy/build\libdaisy.a(spi.o)
                0x0800f4cc                SPI2_IRQHandler
 .text.SPI3_IRQHandler
                0x0800f4d8        0xc ../../libs/PoliTeKDSP/libs/libDaisy/build\libdaisy.a(spi.o)
                0x0800f4d8                SPI3_IRQHandler
 .text.SPI4_IRQHandler
                0x0800f4e4        0xc ../../libs/PoliTeKDSP/libs/libDaisy/build\libdaisy.a(spi.o)
                0x0800f4e4                SPI4_IRQHandler
 .text.SPI5_IRQHandler
                0x0800f4f0        0xc ../../libs/PoliTeKDSP/libs/libDaisy/build\libdaisy.a(spi.o)
                0x0800f4f0                SPI5_IRQHandler
 .text.DMA2_Stream2_IRQHandler
                0x0800f4fc       0x34 ../../libs/PoliTeKDSP/libs/libDaisy/build\libdaisy.a(spi.o)
                0x0800f4fc                DMA2_Stream2_IRQHandler
 .text.DMA2_Stream3_IRQHandler
                0x0800f530       0x38 ../../libs/PoliTeKDSP/libs/libDaisy/build\libdaisy.a(spi.o)
                0x0800f530                DMA2_Stream3_IRQHandler
 .text.HAL_SPI_TxCpltCallback
                0x0800f568       0xc4 ../../libs/PoliTeKDSP/libs/libDaisy/build\libdaisy.a(spi.o)
                0x0800f568                HAL_SPI_TxCpltCallback
 .text.HAL_SPI_RxCpltCallback
                0x0800f62c       0xc4 ../../libs/PoliTeKDSP/libs/libDaisy/build\libdaisy.a(spi.o)
                0x0800f62c                HAL_SPI_RxCpltCallback
 .text.HAL_SPI_TxRxCpltCallback
                0x0800f6f0       0xc4 ../../libs/PoliTeKDSP/libs/libDaisy/build\libdaisy.a(spi.o)
                0x0800f6f0                HAL_SPI_TxRxCpltCallback
 .text.HAL_SPI_ErrorCallback
                0x0800f7b4       0xc8 ../../libs/PoliTeKDSP/libs/libDaisy/build\libdaisy.a(spi.o)
                0x0800f7b4                HAL_SPI_ErrorCallback
 .text.startup._GLOBAL__sub_I__Z19MapInstanceToHandleP11SPI_TypeDef
                0x0800f87c      0x1d8 ../../libs/PoliTeKDSP/libs/libDaisy/build\libdaisy.a(spi.o)
 .text.HAL_TIM_Base_MspInit
                0x0800fa54      0x1e0 ../../libs/PoliTeKDSP/libs/libDaisy/build\libdaisy.a(tim.o)
                0x0800fa54                HAL_TIM_Base_MspInit
 .text.HAL_TIM_PeriodElapsedCallback
                0x0800fc34       0x44 ../../libs/PoliTeKDSP/libs/libDaisy/build\libdaisy.a(tim.o)
                0x0800fc34                HAL_TIM_PeriodElapsedCallback
 .text.TIM2_IRQHandler
                0x0800fc78        0xc ../../libs/PoliTeKDSP/libs/libDaisy/build\libdaisy.a(tim.o)
                0x0800fc78                TIM2_IRQHandler
 .text.TIM3_IRQHandler
                0x0800fc84        0xc ../../libs/PoliTeKDSP/libs/libDaisy/build\libdaisy.a(tim.o)
                0x0800fc84                TIM3_IRQHandler
 .text.TIM4_IRQHandler
                0x0800fc90        0xc ../../libs/PoliTeKDSP/libs/libDaisy/build\libdaisy.a(tim.o)
                0x0800fc90                TIM4_IRQHandler
 .text.TIM5_IRQHandler
                0x0800fc9c        0xc ../../libs/PoliTeKDSP/libs/libDaisy/build\libdaisy.a(tim.o)
                0x0800fc9c                TIM5_IRQHandler
 .text._ZN5daisy11TimerHandle4InitERKNS0_6ConfigE
                0x0800fca8       0xd0 ../../libs/PoliTeKDSP/libs/libDaisy/build\libdaisy.a(tim.o)
                0x0800fca8                daisy::TimerHandle::Init(daisy::TimerHandle::Config const&)
 .text._ZN5daisy11TimerHandle5StartEv
                0x0800fd78       0x24 ../../libs/PoliTeKDSP/libs/libDaisy/build\libdaisy.a(tim.o)
                0x0800fd78                daisy::TimerHandle::Start()
 .text.startup._GLOBAL__sub_I__ZN5daisy11TimerHandle4Impl4InitERKNS0_6ConfigE
                0x0800fd9c       0x38 ../../libs/PoliTeKDSP/libs/libDaisy/build\libdaisy.a(tim.o)
 .text._ZL20UART_CheckRxListenerPN5daisy11UartHandler4ImplE
                0x0800fdd4       0x84 ../../libs/PoliTeKDSP/libs/libDaisy/build\libdaisy.a(uart.o)
 .text._ZN5daisy11UartHandler4Impl10StartDmaTxEPhjPFvPvEPFvS3_NS0_6ResultEES3_
                0x0800fe58      0x184 ../../libs/PoliTeKDSP/libs/libDaisy/build\libdaisy.a(uart.o)
                0x0800fe58                daisy::UartHandler::Impl::StartDmaTx(unsigned char*, unsigned int, void (*)(void*), void (*)(void*, daisy::UartHandler::Result), void*)
 .text._ZN5daisy11UartHandler4Impl10StartDmaRxEPhjPFvPvEPFvS3_NS0_6ResultEES3_
                0x0800ffdc      0x184 ../../libs/PoliTeKDSP/libs/libDaisy/build\libdaisy.a(uart.o)
                0x0800ffdc                daisy::UartHandler::Impl::StartDmaRx(unsigned char*, unsigned int, void (*)(void*), void (*)(void*, daisy::UartHandler::Result), void*)
 .text._ZN5daisy11UartHandler4Impl19DmaTransferFinishedEP20__UART_HandleTypeDefNS0_6ResultE
                0x08010160       0xc0 ../../libs/PoliTeKDSP/libs/libDaisy/build\libdaisy.a(uart.o)
                0x08010160                daisy::UartHandler::Impl::DmaTransferFinished(__UART_HandleTypeDef*, daisy::UartHandler::Result)
 .text._ZN5daisy11UartHandler4Impl8InitPinsEv
                0x08010220      0x148 ../../libs/PoliTeKDSP/libs/libDaisy/build\libdaisy.a(uart.o)
                0x08010220                daisy::UartHandler::Impl::InitPins()
 .text.HAL_UART_MspInit
                0x08010368      0x4b4 ../../libs/PoliTeKDSP/libs/libDaisy/build\libdaisy.a(uart.o)
                0x08010368                HAL_UART_MspInit
 .text.dsy_uart_global_init
                0x0801081c      0x110 ../../libs/PoliTeKDSP/libs/libDaisy/build\libdaisy.a(uart.o)
                0x0801081c                dsy_uart_global_init
 .text.USART1_IRQHandler
                0x0801092c       0x2c ../../libs/PoliTeKDSP/libs/libDaisy/build\libdaisy.a(uart.o)
                0x0801092c                USART1_IRQHandler
 .text.USART2_IRQHandler
                0x08010958       0x34 ../../libs/PoliTeKDSP/libs/libDaisy/build\libdaisy.a(uart.o)
                0x08010958                USART2_IRQHandler
 .text.USART3_IRQHandler
                0x0801098c       0x34 ../../libs/PoliTeKDSP/libs/libDaisy/build\libdaisy.a(uart.o)
                0x0801098c                USART3_IRQHandler
 .text.UART4_IRQHandler
                0x080109c0       0x34 ../../libs/PoliTeKDSP/libs/libDaisy/build\libdaisy.a(uart.o)
                0x080109c0                UART4_IRQHandler
 .text.UART5_IRQHandler
                0x080109f4       0x34 ../../libs/PoliTeKDSP/libs/libDaisy/build\libdaisy.a(uart.o)
                0x080109f4                UART5_IRQHandler
 .text.USART6_IRQHandler
                0x08010a28       0x34 ../../libs/PoliTeKDSP/libs/libDaisy/build\libdaisy.a(uart.o)
                0x08010a28                USART6_IRQHandler
 .text.UART7_IRQHandler
                0x08010a5c       0x34 ../../libs/PoliTeKDSP/libs/libDaisy/build\libdaisy.a(uart.o)
                0x08010a5c                UART7_IRQHandler
 .text.UART8_IRQHandler
                0x08010a90       0x34 ../../libs/PoliTeKDSP/libs/libDaisy/build\libdaisy.a(uart.o)
                0x08010a90                UART8_IRQHandler
 .text.LPUART1_IRQHandler
                0x08010ac4       0x34 ../../libs/PoliTeKDSP/libs/libDaisy/build\libdaisy.a(uart.o)
                0x08010ac4                LPUART1_IRQHandler
 .text.DMA1_Stream5_IRQHandler
                0x08010af8       0x34 ../../libs/PoliTeKDSP/libs/libDaisy/build\libdaisy.a(uart.o)
                0x08010af8                DMA1_Stream5_IRQHandler
 .text.DMA2_Stream4_IRQHandler
                0x08010b2c       0x38 ../../libs/PoliTeKDSP/libs/libDaisy/build\libdaisy.a(uart.o)
                0x08010b2c                DMA2_Stream4_IRQHandler
 .text.HAL_UART_TxCpltCallback
                0x08010b64        0x8 ../../libs/PoliTeKDSP/libs/libDaisy/build\libdaisy.a(uart.o)
                0x08010b64                HAL_UART_TxCpltCallback
 .text.HAL_UART_RxCpltCallback
                0x08010b6c       0x94 ../../libs/PoliTeKDSP/libs/libDaisy/build\libdaisy.a(uart.o)
                0x08010b6c                HAL_UART_RxCpltCallback
 .text.HAL_UART_RxHalfCpltCallback
                0x08010c00       0x90 ../../libs/PoliTeKDSP/libs/libDaisy/build\libdaisy.a(uart.o)
                0x08010c00                HAL_UART_RxHalfCpltCallback
 .text.HAL_UART_ErrorCallback
                0x08010c90       0x94 ../../libs/PoliTeKDSP/libs/libDaisy/build\libdaisy.a(uart.o)
                0x08010c90                HAL_UART_ErrorCallback
 .text.startup._GLOBAL__sub_I__Z19MapInstanceToHandleP13USART_TypeDef
                0x08010d24      0x1b0 ../../libs/PoliTeKDSP/libs/libDaisy/build\libdaisy.a(uart.o)
 .text.dsy_dma_init
                0x08010ed4      0x100 ../../libs/PoliTeKDSP/libs/libDaisy/build\libdaisy.a(dma.o)
                0x08010ed4                dsy_dma_init
 .text.dsy_dma_invalidate_cache_for_buffer
                0x08010fd4       0x2c ../../libs/PoliTeKDSP/libs/libDaisy/build\libdaisy.a(dma.o)
                0x08010fd4                dsy_dma_invalidate_cache_for_buffer
 .text.HAL_MDMA_Abort_IT
                0x08011000       0x2c ../../libs/PoliTeKDSP/libs/libDaisy/build\libdaisy.a(stm32h7xx_hal_mdma.o)
                0x08011000                HAL_MDMA_Abort_IT
 .text.SPI_CloseTransfer
                0x0801102c       0xb8 ../../libs/PoliTeKDSP/libs/libDaisy/build\libdaisy.a(stm32h7xx_hal_spi.o)
 .text.HAL_SPI_Init
                0x080110e4      0x1a8 ../../libs/PoliTeKDSP/libs/libDaisy/build\libdaisy.a(stm32h7xx_hal_spi.o)
                0x080110e4                HAL_SPI_Init
 .text.HAL_SPI_Transmit_DMA
                0x0801128c      0x180 ../../libs/PoliTeKDSP/libs/libDaisy/build\libdaisy.a(stm32h7xx_hal_spi.o)
                0x0801128c                HAL_SPI_Transmit_DMA
 .text.HAL_SPI_Receive_DMA
                0x0801140c      0x194 ../../libs/PoliTeKDSP/libs/libDaisy/build\libdaisy.a(stm32h7xx_hal_spi.o)
                0x0801140c                HAL_SPI_Receive_DMA
 .text.HAL_SPI_TransmitReceive_DMA
                0x080115a0      0x214 ../../libs/PoliTeKDSP/libs/libDaisy/build\libdaisy.a(stm32h7xx_hal_spi.o)
                0x080115a0                HAL_SPI_TransmitReceive_DMA
 .text.SPI_DMATransmitCplt
                0x080117b4       0x28 ../../libs/PoliTeKDSP/libs/libDaisy/build\libdaisy.a(stm32h7xx_hal_spi.o)
 .text.SPI_DMAReceiveCplt
                0x080117dc       0x28 ../../libs/PoliTeKDSP/libs/libDaisy/build\libdaisy.a(stm32h7xx_hal_spi.o)
 .text.SPI_DMATransmitReceiveCplt
                0x08011804       0x28 ../../libs/PoliTeKDSP/libs/libDaisy/build\libdaisy.a(stm32h7xx_hal_spi.o)
 .text.HAL_SPI_TxHalfCpltCallback
                0x0801182c        0x4 ../../libs/PoliTeKDSP/libs/libDaisy/build\libdaisy.a(stm32h7xx_hal_spi.o)
                0x0801182c                HAL_SPI_TxHalfCpltCallback
 .text.SPI_DMAHalfTransmitCplt
                0x08011830        0xc ../../libs/PoliTeKDSP/libs/libDaisy/build\libdaisy.a(stm32h7xx_hal_spi.o)
 .text.HAL_SPI_RxHalfCpltCallback
                0x0801183c        0x4 ../../libs/PoliTeKDSP/libs/libDaisy/build\libdaisy.a(stm32h7xx_hal_spi.o)
                0x0801183c                HAL_SPI_RxHalfCpltCallback
 .text.SPI_DMAHalfReceiveCplt
                0x08011840        0xc ../../libs/PoliTeKDSP/libs/libDaisy/build\libdaisy.a(stm32h7xx_hal_spi.o)
 .text.HAL_SPI_TxRxHalfCpltCallback
                0x0801184c        0x4 ../../libs/PoliTeKDSP/libs/libDaisy/build\libdaisy.a(stm32h7xx_hal_spi.o)
                0x0801184c                HAL_SPI_TxRxHalfCpltCallback
 .text.SPI_DMAHalfTransmitReceiveCplt
                0x08011850        0xc ../../libs/PoliTeKDSP/libs/libDaisy/build\libdaisy.a(stm32h7xx_hal_spi.o)
 .text.SPI_DMAError
                0x0801185c       0xd8 ../../libs/PoliTeKDSP/libs/libDaisy/build\libdaisy.a(stm32h7xx_hal_spi.o)
 .text.SPI_DMAAbortOnError
                0x08011934       0x1c ../../libs/PoliTeKDSP/libs/libDaisy/build\libdaisy.a(stm32h7xx_hal_spi.o)
 .text.HAL_SPI_SuspendCallback
                0x08011950        0x4 ../../libs/PoliTeKDSP/libs/libDaisy/build\libdaisy.a(stm32h7xx_hal_spi.o)
                0x08011950                HAL_SPI_SuspendCallback
 .text.HAL_SPI_IRQHandler
                0x08011954      0x214 ../../libs/PoliTeKDSP/libs/libDaisy/build\libdaisy.a(stm32h7xx_hal_spi.o)
                0x08011954                HAL_SPI_IRQHandler
 .text.HAL_SPI_GetState
                0x08011b68        0x8 ../../libs/PoliTeKDSP/libs/libDaisy/build\libdaisy.a(stm32h7xx_hal_spi.o)
                0x08011b68                HAL_SPI_GetState
 .text.HAL_TIM_Base_Init
                0x08011b70      0x16c ../../libs/PoliTeKDSP/libs/libDaisy/build\libdaisy.a(stm32h7xx_hal_tim.o)
                0x08011b70                HAL_TIM_Base_Init
 .text.HAL_TIM_Base_Start
                0x08011cdc       0xb0 ../../libs/PoliTeKDSP/libs/libDaisy/build\libdaisy.a(stm32h7xx_hal_tim.o)
                0x08011cdc                HAL_TIM_Base_Start
 .text.HAL_TIM_Base_Start_IT
                0x08011d8c       0xb8 ../../libs/PoliTeKDSP/libs/libDaisy/build\libdaisy.a(stm32h7xx_hal_tim.o)
                0x08011d8c                HAL_TIM_Base_Start_IT
 .text.HAL_TIM_ConfigClockSource
                0x08011e44      0x198 ../../libs/PoliTeKDSP/libs/libDaisy/build\libdaisy.a(stm32h7xx_hal_tim.o)
                0x08011e44                HAL_TIM_ConfigClockSource
 .text.HAL_TIM_OC_DelayElapsedCallback
                0x08011fdc        0x4 ../../libs/PoliTeKDSP/libs/libDaisy/build\libdaisy.a(stm32h7xx_hal_tim.o)
                0x08011fdc                HAL_TIM_OC_DelayElapsedCallback
 .text.HAL_TIM_IC_CaptureCallback
                0x08011fe0        0x4 ../../libs/PoliTeKDSP/libs/libDaisy/build\libdaisy.a(stm32h7xx_hal_tim.o)
                0x08011fe0                HAL_TIM_IC_CaptureCallback
 .text.HAL_TIM_PWM_PulseFinishedCallback
                0x08011fe4        0x4 ../../libs/PoliTeKDSP/libs/libDaisy/build\libdaisy.a(stm32h7xx_hal_tim.o)
                0x08011fe4                HAL_TIM_PWM_PulseFinishedCallback
 .text.HAL_TIM_TriggerCallback
                0x08011fe8        0x4 ../../libs/PoliTeKDSP/libs/libDaisy/build\libdaisy.a(stm32h7xx_hal_tim.o)
                0x08011fe8                HAL_TIM_TriggerCallback
 .text.HAL_TIM_IRQHandler
                0x08011fec      0x154 ../../libs/PoliTeKDSP/libs/libDaisy/build\libdaisy.a(stm32h7xx_hal_tim.o)
                0x08011fec                HAL_TIM_IRQHandler
 .text.HAL_TIMEx_MasterConfigSynchronization
                0x08012140       0xb4 ../../libs/PoliTeKDSP/libs/libDaisy/build\libdaisy.a(stm32h7xx_hal_tim_ex.o)
                0x08012140                HAL_TIMEx_MasterConfigSynchronization
 .text.HAL_TIMEx_CommutCallback
                0x080121f4        0x4 ../../libs/PoliTeKDSP/libs/libDaisy/build\libdaisy.a(stm32h7xx_hal_tim_ex.o)
                0x080121f4                HAL_TIMEx_CommutCallback
 .text.HAL_TIMEx_BreakCallback
                0x080121f8        0x4 ../../libs/PoliTeKDSP/libs/libDaisy/build\libdaisy.a(stm32h7xx_hal_tim_ex.o)
                0x080121f8                HAL_TIMEx_BreakCallback
 .text.HAL_TIMEx_Break2Callback
                0x080121fc        0x4 ../../libs/PoliTeKDSP/libs/libDaisy/build\libdaisy.a(stm32h7xx_hal_tim_ex.o)
                0x080121fc                HAL_TIMEx_Break2Callback
 .text.HAL_UART_Transmit_DMA
                0x08012200       0x8c ../../libs/PoliTeKDSP/libs/libDaisy/build\libdaisy.a(stm32h7xx_hal_uart.o)
                0x08012200                HAL_UART_Transmit_DMA
 .text.UART_DMATransmitCplt
                0x0801228c       0x44 ../../libs/PoliTeKDSP/libs/libDaisy/build\libdaisy.a(stm32h7xx_hal_uart.o)
 .text.HAL_UART_TxHalfCpltCallback
                0x080122d0        0x4 ../../libs/PoliTeKDSP/libs/libDaisy/build\libdaisy.a(stm32h7xx_hal_uart.o)
                0x080122d0                HAL_UART_TxHalfCpltCallback
 .text.UART_DMATxHalfCplt
                0x080122d4        0xc ../../libs/PoliTeKDSP/libs/libDaisy/build\libdaisy.a(stm32h7xx_hal_uart.o)
 .text.UART_DMAError
                0x080122e0       0xd4 ../../libs/PoliTeKDSP/libs/libDaisy/build\libdaisy.a(stm32h7xx_hal_uart.o)
 .text.UART_DMAAbortOnError
                0x080123b4       0x14 ../../libs/PoliTeKDSP/libs/libDaisy/build\libdaisy.a(stm32h7xx_hal_uart.o)
 .text.HAL_UARTEx_RxEventCallback
                0x080123c8        0x4 ../../libs/PoliTeKDSP/libs/libDaisy/build\libdaisy.a(stm32h7xx_hal_uart.o)
                0x080123c8                HAL_UARTEx_RxEventCallback
 .text.HAL_UART_IRQHandler
                0x080123cc      0x380 ../../libs/PoliTeKDSP/libs/libDaisy/build\libdaisy.a(stm32h7xx_hal_uart.o)
                0x080123cc                HAL_UART_IRQHandler
 .text.UART_DMARxHalfCplt
                0x0801274c       0x20 ../../libs/PoliTeKDSP/libs/libDaisy/build\libdaisy.a(stm32h7xx_hal_uart.o)
 .text.UART_DMAReceiveCplt
                0x0801276c       0x9c ../../libs/PoliTeKDSP/libs/libDaisy/build\libdaisy.a(stm32h7xx_hal_uart.o)
 .text.HAL_UART_GetState
                0x08012808        0xc ../../libs/PoliTeKDSP/libs/libDaisy/build\libdaisy.a(stm32h7xx_hal_uart.o)
                0x08012808                HAL_UART_GetState
 .text.UART_SetConfig
                0x08012814      0x534 ../../libs/PoliTeKDSP/libs/libDaisy/build\libdaisy.a(stm32h7xx_hal_uart.o)
                0x08012814                UART_SetConfig
 .text.UART_AdvFeatureConfig
                0x08012d48       0xb0 ../../libs/PoliTeKDSP/libs/libDaisy/build\libdaisy.a(stm32h7xx_hal_uart.o)
                0x08012d48                UART_AdvFeatureConfig
 .text.UART_CheckIdleState
                0x08012df8      0x260 ../../libs/PoliTeKDSP/libs/libDaisy/build\libdaisy.a(stm32h7xx_hal_uart.o)
                0x08012df8                UART_CheckIdleState
 .text.HAL_UART_Init
                0x08013058       0x68 ../../libs/PoliTeKDSP/libs/libDaisy/build\libdaisy.a(stm32h7xx_hal_uart.o)
                0x08013058                HAL_UART_Init
 .text.UART_Start_Receive_DMA
                0x080130c0       0xa4 ../../libs/PoliTeKDSP/libs/libDaisy/build\libdaisy.a(stm32h7xx_hal_uart.o)
                0x080130c0                UART_Start_Receive_DMA
 .text.HAL_UART_Receive_DMA
                0x08013164       0x48 ../../libs/PoliTeKDSP/libs/libDaisy/build\libdaisy.a(stm32h7xx_hal_uart.o)
                0x08013164                HAL_UART_Receive_DMA
 .text.HAL_UARTEx_WakeupCallback
                0x080131ac        0x4 ../../libs/PoliTeKDSP/libs/libDaisy/build\libdaisy.a(stm32h7xx_hal_uart_ex.o)
                0x080131ac                HAL_UARTEx_WakeupCallback
 .text.HAL_UARTEx_RxFifoFullCallback
                0x080131b0        0x4 ../../libs/PoliTeKDSP/libs/libDaisy/build\libdaisy.a(stm32h7xx_hal_uart_ex.o)
                0x080131b0                HAL_UARTEx_RxFifoFullCallback
 .text.HAL_UARTEx_TxFifoEmptyCallback
                0x080131b4        0x4 ../../libs/PoliTeKDSP/libs/libDaisy/build\libdaisy.a(stm32h7xx_hal_uart_ex.o)
                0x080131b4                HAL_UARTEx_TxFifoEmptyCallback
 .text._ZN7daisysp4Adsr4InitEfi
                0x080131b8       0xe0 ../../libs/PoliTeKDSP/libs/DaisySP/build\libdaisysp.a(adsr.o)
                0x080131b8                daisysp::Adsr::Init(float, int)
 .text._ZN7daisysp4Adsr9RetriggerEb
                0x08013298       0x10 ../../libs/PoliTeKDSP/libs/DaisySP/build\libdaisysp.a(adsr.o)
                0x08013298                daisysp::Adsr::Retrigger(bool)
 .text._ZN7daisysp4Adsr7SetTimeEif
                0x080132a8      0x110 ../../libs/PoliTeKDSP/libs/DaisySP/build\libdaisysp.a(adsr.o)
                0x080132a8                daisysp::Adsr::SetTime(int, float)
 .text._ZN7daisysp4Adsr7ProcessEb
                0x080133b8       0xb0 ../../libs/PoliTeKDSP/libs/DaisySP/build\libdaisysp.a(adsr.o)
                0x080133b8                daisysp::Adsr::Process(bool)
 .text._ZN7daisysp3Svf4InitEf
                0x08013468       0x48 ../../libs/PoliTeKDSP/libs/DaisySP/build\libdaisysp.a(svf.o)
                0x08013468                daisysp::Svf::Init(float)
 .text._ZN7daisysp3Svf7ProcessEf
                0x080134b0       0xc8 ../../libs/PoliTeKDSP/libs/DaisySP/build\libdaisysp.a(svf.o)
                0x080134b0                daisysp::Svf::Process(float)
 .text._ZN7daisysp3Svf7SetFreqEf
                0x08013578       0xc8 ../../libs/PoliTeKDSP/libs/DaisySP/build\libdaisysp.a(svf.o)
                0x08013578                daisysp::Svf::SetFreq(float)
 .text._ZN7daisysp3Svf6SetResEf
                0x08013640       0x8c ../../libs/PoliTeKDSP/libs/DaisySP/build\libdaisysp.a(svf.o)
                0x08013640                daisysp::Svf::SetRes(float)
 .text._ZN7daisysp10Oscillator7ProcessEv
                0x080136cc      0x36c ../../libs/PoliTeKDSP/libs/DaisySP/build\libdaisysp.a(oscillator.o)
                0x080136cc                daisysp::Oscillator::Process()
 .text._ZN7daisysp10Oscillator12CalcPhaseIncEf
                0x08013a38        0xc ../../libs/PoliTeKDSP/libs/DaisySP/build\libdaisysp.a(oscillator.o)
                0x08013a38                daisysp::Oscillator::CalcPhaseInc(float)
 .text.__aeabi_atexit
                0x08013a44        0xa c:/program files/daisytoolchain/bin/../lib/gcc/arm-none-eabi/10.2.1/../../../../arm-none-eabi/lib/thumb/v7e-m+dp/hard\libstdc++_nano.a(atexit_arm.o)
                0x08013a44                __aeabi_atexit
 *fill*         0x08013a4e        0x2 
 .text.expf     0x08013a50       0xe4 c:/program files/daisytoolchain/bin/../lib/gcc/arm-none-eabi/10.2.1/../../../../arm-none-eabi/lib/thumb/v7e-m+dp/hard\libm.a(lib_a-sf_exp.o)
                0x08013a50                expf
 *fill*         0x08013b34        0x4 
 .text.powf     0x08013b38      0x328 c:/program files/daisytoolchain/bin/../lib/gcc/arm-none-eabi/10.2.1/../../../../arm-none-eabi/lib/thumb/v7e-m+dp/hard\libm.a(lib_a-sf_pow.o)